2026/07/16 16:19:10 [LB][MAB] event=new_machine_tag_discovered tag=x86-tiny arch=amd64 action=create_ring_and_add_mab_arm
2026/07/16 16:19:10 [LB][MAB] event=new_machine_tag_discovered tag=x86-tiny/gpu/nvidia arch=amd64 action=create_ring_and_add_mab_arm
2026/07/16 16:19:10 [LB][MAB] event=new_machine_tag_discovered tag=arm-tiny arch=amd64 action=create_ring_and_add_mab_arm
2026/07/16 16:19:10 [LB][MAB] event=new_machine_tag_discovered tag=x86-large arch=amd64 action=create_ring_and_add_mab_arm
2026/07/16 16:19:15 [LB][MAB] event=before_select function=mab_cost_aware_1784211544 compatible_tags=[x86-tiny x86-tiny/gpu/nvidia arm-tiny x86-large] has_context=true
2026/07/16 16:19:15 BanditManager GetBandit: policy type: LinUCB
2026/07/16 16:19:15 [MAB] event=arm_added ts=1784211555524 policy=LinUCB function=mab_cost_aware_1784211544 arm=x86-tiny arms=[x86-tiny]
2026/07/16 16:19:15 [MAB] event=arm_added ts=1784211555524 policy=LinUCB function=mab_cost_aware_1784211544 arm=x86-tiny/gpu/nvidia arms=[x86-tiny,x86-tiny/gpu/nvidia]
2026/07/16 16:19:15 [MAB] event=arm_added ts=1784211555524 policy=LinUCB function=mab_cost_aware_1784211544 arm=arm-tiny arms=[arm-tiny,x86-tiny,x86-tiny/gpu/nvidia]
2026/07/16 16:19:15 [MAB] event=arm_added ts=1784211555524 policy=LinUCB function=mab_cost_aware_1784211544 arm=x86-large arms=[arm-tiny,x86-large,x86-tiny,x86-tiny/gpu/nvidia]
2026/07/16 16:19:15 [MAB] event=arm_score ts=1784211555524 policy=LinUCB function=mab_cost_aware_1784211544 arm=x86-tiny score=0.140723 expected_reward=0.000000 confidence=0.140723 mem_usage=0.000000
2026/07/16 16:19:15 [MAB] event=arm_score ts=1784211555524 policy=LinUCB function=mab_cost_aware_1784211544 arm=x86-tiny/gpu/nvidia score=0.140723 expected_reward=0.000000 confidence=0.140723 mem_usage=0.000000
2026/07/16 16:19:15 [MAB] event=arm_score ts=1784211555524 policy=LinUCB function=mab_cost_aware_1784211544 arm=arm-tiny score=0.140723 expected_reward=0.000000 confidence=0.140723 mem_usage=0.000000
2026/07/16 16:19:15 [MAB] event=arm_score ts=1784211555524 policy=LinUCB function=mab_cost_aware_1784211544 arm=x86-large score=0.140723 expected_reward=0.000000 confidence=0.140723 mem_usage=0.000000
2026/07/16 16:19:15 [MAB] event=select_arm ts=1784211555524 policy=LinUCB function=mab_cost_aware_1784211544 selected_arm=x86-tiny reason=linucb_score score=0.140723 arms=[x86-tiny,x86-tiny/gpu/nvidia,arm-tiny,x86-large]
2026/07/16 16:19:15 [LB][MAB] event=after_select function=mab_cost_aware_1784211544 selected_tag=x86-tiny compatible_tags=[x86-tiny x86-tiny/gpu/nvidia arm-tiny x86-large]
2026/07/16 16:19:15 [MAB] event=skip_cold_start ts=1784211555995 policy=LinUCB function=mab_cost_aware_1784211544 arm=x86-tiny duration_ms=7.386816 reason=cold_start
2026/07/16 16:19:16 [LB][MAB] event=before_select function=mab_cost_aware_1784211544 compatible_tags=[x86-tiny x86-tiny/gpu/nvidia arm-tiny x86-large] has_context=true
2026/07/16 16:19:16 [MAB] event=arm_score ts=1784211556219 policy=LinUCB function=mab_cost_aware_1784211544 arm=x86-tiny score=0.140723 expected_reward=0.000000 confidence=0.140723 mem_usage=0.000000
2026/07/16 16:19:16 [MAB] event=arm_score ts=1784211556219 policy=LinUCB function=mab_cost_aware_1784211544 arm=x86-tiny/gpu/nvidia score=0.140723 expected_reward=0.000000 confidence=0.140723 mem_usage=0.000000
2026/07/16 16:19:16 [MAB] event=arm_score ts=1784211556219 policy=LinUCB function=mab_cost_aware_1784211544 arm=arm-tiny score=0.140723 expected_reward=0.000000 confidence=0.140723 mem_usage=0.000000
2026/07/16 16:19:16 [MAB] event=arm_score ts=1784211556220 policy=LinUCB function=mab_cost_aware_1784211544 arm=x86-large score=0.140723 expected_reward=0.000000 confidence=0.140723 mem_usage=0.000000
2026/07/16 16:19:16 [MAB] event=select_arm ts=1784211556220 policy=LinUCB function=mab_cost_aware_1784211544 selected_arm=x86-tiny reason=linucb_score score=0.140723 arms=[x86-tiny,x86-tiny/gpu/nvidia,arm-tiny,x86-large]
2026/07/16 16:19:16 [LB][MAB] event=after_select function=mab_cost_aware_1784211544 selected_tag=x86-tiny compatible_tags=[x86-tiny x86-tiny/gpu/nvidia arm-tiny x86-large]
2026/07/16 16:19:16 [MAB] event=reward_breakdown ts=1784211556224 policy=LinUCB function=mab_cost_aware_1784211544 arm=x86-tiny base_tag=x86-tiny architecture=x86 specialization=tiny capabilities=[] duration_ms=3.406783 latency_reward=-1.225768 cost_weight=0.000000 cost_factor=0.400000 cost_term=0.000000 energy_weight=0.000000 energy_factor=1.000000 energy_term=0.000000 memory_weight=0.700000 memory_penalty=0.000000 memory_term=0.000000 final_reward=-1.225768
2026/07/16 16:19:16 [MAB] event=update_reward ts=1784211556224 policy=LinUCB function=mab_cost_aware_1784211544 arm=x86-tiny duration_ms=3.406783 warm_start=true mem_usage=0.000000 lambda=0.700000 reward=-1.225768
2026/07/16 16:19:16 [LB][MAB] event=before_select function=mab_cost_aware_1784211544 compatible_tags=[x86-tiny x86-tiny/gpu/nvidia arm-tiny x86-large] has_context=true
2026/07/16 16:19:16 [MAB] event=arm_score ts=1784211556447 policy=LinUCB function=mab_cost_aware_1784211544 arm=x86-tiny score=-0.732963 expected_reward=-0.814478 confidence=0.081515 mem_usage=0.000000
2026/07/16 16:19:16 [MAB] event=arm_score ts=1784211556447 policy=LinUCB function=mab_cost_aware_1784211544 arm=x86-tiny/gpu/nvidia score=0.140723 expected_reward=0.000000 confidence=0.140723 mem_usage=0.000000
2026/07/16 16:19:16 [MAB] event=arm_score ts=1784211556447 policy=LinUCB function=mab_cost_aware_1784211544 arm=arm-tiny score=0.140723 expected_reward=0.000000 confidence=0.140723 mem_usage=0.000000
2026/07/16 16:19:16 [MAB] event=arm_score ts=1784211556447 policy=LinUCB function=mab_cost_aware_1784211544 arm=x86-large score=0.140723 expected_reward=0.000000 confidence=0.140723 mem_usage=0.000000
2026/07/16 16:19:16 [MAB] event=select_arm ts=1784211556447 policy=LinUCB function=mab_cost_aware_1784211544 selected_arm=x86-tiny/gpu/nvidia reason=linucb_score score=0.140723 arms=[x86-tiny,x86-tiny/gpu/nvidia,arm-tiny,x86-large]
2026/07/16 16:19:16 [LB][MAB] event=after_select function=mab_cost_aware_1784211544 selected_tag=x86-tiny/gpu/nvidia compatible_tags=[x86-tiny x86-tiny/gpu/nvidia arm-tiny x86-large]
2026/07/16 16:19:16 [MAB] event=skip_cold_start ts=1784211556930 policy=LinUCB function=mab_cost_aware_1784211544 arm=x86-tiny/gpu/nvidia duration_ms=6.532084 reason=cold_start
2026/07/16 16:19:17 [LB][MAB] event=before_select function=mab_cost_aware_1784211544 compatible_tags=[x86-tiny x86-tiny/gpu/nvidia arm-tiny x86-large] has_context=true
2026/07/16 16:19:17 [MAB] event=arm_score ts=1784211557153 policy=LinUCB function=mab_cost_aware_1784211544 arm=x86-tiny score=-0.732963 expected_reward=-0.814478 confidence=0.081515 mem_usage=0.000000
2026/07/16 16:19:17 [MAB] event=arm_score ts=1784211557153 policy=LinUCB function=mab_cost_aware_1784211544 arm=x86-tiny/gpu/nvidia score=0.140723 expected_reward=0.000000 confidence=0.140723 mem_usage=0.000000
2026/07/16 16:19:17 [MAB] event=arm_score ts=1784211557153 policy=LinUCB function=mab_cost_aware_1784211544 arm=arm-tiny score=0.140723 expected_reward=0.000000 confidence=0.140723 mem_usage=0.000000
2026/07/16 16:19:17 [MAB] event=arm_score ts=1784211557153 policy=LinUCB function=mab_cost_aware_1784211544 arm=x86-large score=0.140723 expected_reward=0.000000 confidence=0.140723 mem_usage=0.000000
2026/07/16 16:19:17 [MAB] event=select_arm ts=1784211557153 policy=LinUCB function=mab_cost_aware_1784211544 selected_arm=x86-tiny/gpu/nvidia reason=linucb_score score=0.140723 arms=[x86-tiny,x86-tiny/gpu/nvidia,arm-tiny,x86-large]
2026/07/16 16:19:17 [LB][MAB] event=after_select function=mab_cost_aware_1784211544 selected_tag=x86-tiny/gpu/nvidia compatible_tags=[x86-tiny x86-tiny/gpu/nvidia arm-tiny x86-large]
2026/07/16 16:19:17 [MAB] event=reward_breakdown ts=1784211557157 policy=LinUCB function=mab_cost_aware_1784211544 arm=x86-tiny/gpu/nvidia base_tag=x86-tiny architecture=x86 specialization=tiny capabilities=[gpu,nvidia] duration_ms=2.955850 latency_reward=-1.083786 cost_weight=0.000000 cost_factor=1.600000 cost_term=0.000000 energy_weight=0.000000 energy_factor=1.800000 energy_term=0.000000 memory_weight=0.700000 memory_penalty=0.000000 memory_term=0.000000 final_reward=-1.083786
2026/07/16 16:19:17 [MAB] event=update_reward ts=1784211557157 policy=LinUCB function=mab_cost_aware_1784211544 arm=x86-tiny/gpu/nvidia duration_ms=2.955850 warm_start=true mem_usage=0.000000 lambda=0.700000 reward=-1.083786
2026/07/16 16:19:17 [LB][MAB] event=before_select function=mab_cost_aware_1784211544 compatible_tags=[x86-tiny x86-tiny/gpu/nvidia arm-tiny x86-large] has_context=true
2026/07/16 16:19:17 [MAB] event=arm_score ts=1784211557378 policy=LinUCB function=mab_cost_aware_1784211544 arm=x86-tiny score=-0.732963 expected_reward=-0.814478 confidence=0.081515 mem_usage=0.000000
2026/07/16 16:19:17 [MAB] event=arm_score ts=1784211557378 policy=LinUCB function=mab_cost_aware_1784211544 arm=x86-tiny/gpu/nvidia score=-0.638621 expected_reward=-0.720136 confidence=0.081515 mem_usage=0.000000
2026/07/16 16:19:17 [MAB] event=arm_score ts=1784211557378 policy=LinUCB function=mab_cost_aware_1784211544 arm=arm-tiny score=0.140723 expected_reward=0.000000 confidence=0.140723 mem_usage=0.000000
2026/07/16 16:19:17 [MAB] event=arm_score ts=1784211557378 policy=LinUCB function=mab_cost_aware_1784211544 arm=x86-large score=0.140723 expected_reward=0.000000 confidence=0.140723 mem_usage=0.000000
2026/07/16 16:19:17 [MAB] event=select_arm ts=1784211557378 policy=LinUCB function=mab_cost_aware_1784211544 selected_arm=arm-tiny reason=linucb_score score=0.140723 arms=[x86-tiny,x86-tiny/gpu/nvidia,arm-tiny,x86-large]
2026/07/16 16:19:17 [LB][MAB] event=after_select function=mab_cost_aware_1784211544 selected_tag=arm-tiny compatible_tags=[x86-tiny x86-tiny/gpu/nvidia arm-tiny x86-large]
2026/07/16 16:19:17 [MAB] event=skip_cold_start ts=1784211557871 policy=LinUCB function=mab_cost_aware_1784211544 arm=arm-tiny duration_ms=7.838117 reason=cold_start
2026/07/16 16:19:18 [LB][MAB] event=before_select function=mab_cost_aware_1784211544 compatible_tags=[x86-tiny x86-tiny/gpu/nvidia arm-tiny x86-large] has_context=true
2026/07/16 16:19:18 [MAB] event=arm_score ts=1784211558088 policy=LinUCB function=mab_cost_aware_1784211544 arm=x86-tiny score=-0.732963 expected_reward=-0.814478 confidence=0.081515 mem_usage=0.000000
2026/07/16 16:19:18 [MAB] event=arm_score ts=1784211558088 policy=LinUCB function=mab_cost_aware_1784211544 arm=x86-tiny/gpu/nvidia score=-0.638621 expected_reward=-0.720136 confidence=0.081515 mem_usage=0.000000
2026/07/16 16:19:18 [MAB] event=arm_score ts=1784211558088 policy=LinUCB function=mab_cost_aware_1784211544 arm=arm-tiny score=0.140723 expected_reward=0.000000 confidence=0.140723 mem_usage=0.000000
2026/07/16 16:19:18 [MAB] event=arm_score ts=1784211558088 policy=LinUCB function=mab_cost_aware_1784211544 arm=x86-large score=0.140723 expected_reward=0.000000 confidence=0.140723 mem_usage=0.000000
2026/07/16 16:19:18 [MAB] event=select_arm ts=1784211558088 policy=LinUCB function=mab_cost_aware_1784211544 selected_arm=arm-tiny reason=linucb_score score=0.140723 arms=[x86-tiny,x86-tiny/gpu/nvidia,arm-tiny,x86-large]
2026/07/16 16:19:18 [LB][MAB] event=after_select function=mab_cost_aware_1784211544 selected_tag=arm-tiny compatible_tags=[x86-tiny x86-tiny/gpu/nvidia arm-tiny x86-large]
2026/07/16 16:19:18 [MAB] event=reward_breakdown ts=1784211558091 policy=LinUCB function=mab_cost_aware_1784211544 arm=arm-tiny base_tag=arm-tiny architecture=arm specialization=tiny capabilities=[] duration_ms=2.368836 latency_reward=-0.862399 cost_weight=0.000000 cost_factor=0.400000 cost_term=0.000000 energy_weight=0.000000 energy_factor=0.600000 energy_term=0.000000 memory_weight=0.700000 memory_penalty=0.000000 memory_term=0.000000 final_reward=-0.862399
2026/07/16 16:19:18 [MAB] event=update_reward ts=1784211558091 policy=LinUCB function=mab_cost_aware_1784211544 arm=arm-tiny duration_ms=2.368836 warm_start=true mem_usage=0.000000 lambda=0.700000 reward=-0.862399
2026/07/16 16:19:18 [LB][MAB] event=before_select function=mab_cost_aware_1784211544 compatible_tags=[x86-tiny x86-tiny/gpu/nvidia arm-tiny x86-large] has_context=true
2026/07/16 16:19:18 [MAB] event=arm_score ts=1784211558314 policy=LinUCB function=mab_cost_aware_1784211544 arm=x86-tiny score=-0.732963 expected_reward=-0.814478 confidence=0.081515 mem_usage=0.000000
2026/07/16 16:19:18 [MAB] event=arm_score ts=1784211558314 policy=LinUCB function=mab_cost_aware_1784211544 arm=x86-tiny/gpu/nvidia score=-0.638621 expected_reward=-0.720136 confidence=0.081515 mem_usage=0.000000
2026/07/16 16:19:18 [MAB] event=arm_score ts=1784211558314 policy=LinUCB function=mab_cost_aware_1784211544 arm=arm-tiny score=-0.491517 expected_reward=-0.573032 confidence=0.081515 mem_usage=0.000000
2026/07/16 16:19:18 [MAB] event=arm_score ts=1784211558314 policy=LinUCB function=mab_cost_aware_1784211544 arm=x86-large score=0.140723 expected_reward=0.000000 confidence=0.140723 mem_usage=0.000000
2026/07/16 16:19:18 [MAB] event=select_arm ts=1784211558314 policy=LinUCB function=mab_cost_aware_1784211544 selected_arm=x86-large reason=linucb_score score=0.140723 arms=[x86-tiny,x86-tiny/gpu/nvidia,arm-tiny,x86-large]
2026/07/16 16:19:18 [LB][MAB] event=after_select function=mab_cost_aware_1784211544 selected_tag=x86-large compatible_tags=[x86-tiny x86-tiny/gpu/nvidia arm-tiny x86-large]
2026/07/16 16:19:18 [MAB] event=skip_cold_start ts=1784211558788 policy=LinUCB function=mab_cost_aware_1784211544 arm=x86-large duration_ms=7.388814 reason=cold_start
2026/07/16 16:19:19 [LB][MAB] event=before_select function=mab_cost_aware_1784211544 compatible_tags=[x86-tiny x86-tiny/gpu/nvidia arm-tiny x86-large] has_context=true
2026/07/16 16:19:19 [MAB] event=arm_score ts=1784211559010 policy=LinUCB function=mab_cost_aware_1784211544 arm=x86-tiny score=-0.732963 expected_reward=-0.814478 confidence=0.081515 mem_usage=0.000000
2026/07/16 16:19:19 [MAB] event=arm_score ts=1784211559010 policy=LinUCB function=mab_cost_aware_1784211544 arm=x86-tiny/gpu/nvidia score=-0.638621 expected_reward=-0.720136 confidence=0.081515 mem_usage=0.000000
2026/07/16 16:19:19 [MAB] event=arm_score ts=1784211559010 policy=LinUCB function=mab_cost_aware_1784211544 arm=arm-tiny score=-0.491517 expected_reward=-0.573032 confidence=0.081515 mem_usage=0.000000
2026/07/16 16:19:19 [MAB] event=arm_score ts=1784211559010 policy=LinUCB function=mab_cost_aware_1784211544 arm=x86-large score=0.140723 expected_reward=0.000000 confidence=0.140723 mem_usage=0.000000
2026/07/16 16:19:19 [MAB] event=select_arm ts=1784211559010 policy=LinUCB function=mab_cost_aware_1784211544 selected_arm=x86-large reason=linucb_score score=0.140723 arms=[x86-tiny,x86-tiny/gpu/nvidia,arm-tiny,x86-large]
2026/07/16 16:19:19 [LB][MAB] event=after_select function=mab_cost_aware_1784211544 selected_tag=x86-large compatible_tags=[x86-tiny x86-tiny/gpu/nvidia arm-tiny x86-large]
2026/07/16 16:19:19 [MAB] event=reward_breakdown ts=1784211559014 policy=LinUCB function=mab_cost_aware_1784211544 arm=x86-large base_tag=x86-large architecture=x86 specialization=large capabilities=[] duration_ms=2.849724 latency_reward=-1.047222 cost_weight=0.000000 cost_factor=1.200000 cost_term=0.000000 energy_weight=0.000000 energy_factor=1.200000 energy_term=0.000000 memory_weight=0.700000 memory_penalty=0.000000 memory_term=0.000000 final_reward=-1.047222
2026/07/16 16:19:19 [MAB] event=update_reward ts=1784211559014 policy=LinUCB function=mab_cost_aware_1784211544 arm=x86-large duration_ms=2.849724 warm_start=true mem_usage=0.000000 lambda=0.700000 reward=-1.047222
2026/07/16 16:19:19 [LB][MAB] event=before_select function=mab_cost_aware_1784211544 compatible_tags=[x86-tiny x86-tiny/gpu/nvidia arm-tiny x86-large] has_context=true
2026/07/16 16:19:19 [MAB] event=arm_score ts=1784211559235 policy=LinUCB function=mab_cost_aware_1784211544 arm=x86-tiny score=-0.732963 expected_reward=-0.814478 confidence=0.081515 mem_usage=0.000000
2026/07/16 16:19:19 [MAB] event=arm_score ts=1784211559235 policy=LinUCB function=mab_cost_aware_1784211544 arm=x86-tiny/gpu/nvidia score=-0.638621 expected_reward=-0.720136 confidence=0.081515 mem_usage=0.000000
2026/07/16 16:19:19 [MAB] event=arm_score ts=1784211559235 policy=LinUCB function=mab_cost_aware_1784211544 arm=arm-tiny score=-0.491517 expected_reward=-0.573032 confidence=0.081515 mem_usage=0.000000
2026/07/16 16:19:19 [MAB] event=arm_score ts=1784211559235 policy=LinUCB function=mab_cost_aware_1784211544 arm=x86-large score=-0.614326 expected_reward=-0.695840 confidence=0.081515 mem_usage=0.000000
2026/07/16 16:19:19 [MAB] event=select_arm ts=1784211559235 policy=LinUCB function=mab_cost_aware_1784211544 selected_arm=arm-tiny reason=linucb_score score=-0.491517 arms=[x86-tiny,x86-tiny/gpu/nvidia,arm-tiny,x86-large]
2026/07/16 16:19:19 [LB][MAB] event=after_select function=mab_cost_aware_1784211544 selected_tag=arm-tiny compatible_tags=[x86-tiny x86-tiny/gpu/nvidia arm-tiny x86-large]
2026/07/16 16:19:19 [MAB] event=reward_breakdown ts=1784211559239 policy=LinUCB function=mab_cost_aware_1784211544 arm=arm-tiny base_tag=arm-tiny architecture=arm specialization=tiny capabilities=[] duration_ms=3.340455 latency_reward=-1.206107 cost_weight=0.000000 cost_factor=0.400000 cost_term=0.000000 energy_weight=0.000000 energy_factor=0.600000 energy_term=0.000000 memory_weight=0.700000 memory_penalty=0.000000 memory_term=0.000000 final_reward=-1.206107
2026/07/16 16:19:19 [MAB] event=update_reward ts=1784211559239 policy=LinUCB function=mab_cost_aware_1784211544 arm=arm-tiny duration_ms=3.340455 warm_start=true mem_usage=0.000000 lambda=0.700000 reward=-1.206107
2026/07/16 16:19:19 [LB][MAB] event=before_select function=mab_cost_aware_1784211544 compatible_tags=[x86-tiny x86-tiny/gpu/nvidia arm-tiny x86-large] has_context=true
2026/07/16 16:19:19 [MAB] event=arm_score ts=1784211559456 policy=LinUCB function=mab_cost_aware_1784211544 arm=x86-tiny score=-0.732963 expected_reward=-0.814478 confidence=0.081515 mem_usage=0.000000
2026/07/16 16:19:19 [MAB] event=arm_score ts=1784211559456 policy=LinUCB function=mab_cost_aware_1784211544 arm=x86-tiny/gpu/nvidia score=-0.638621 expected_reward=-0.720136 confidence=0.081515 mem_usage=0.000000
2026/07/16 16:19:19 [MAB] event=arm_score ts=1784211559456 policy=LinUCB function=mab_cost_aware_1784211544 arm=arm-tiny score=-0.762576 expected_reward=-0.825759 confidence=0.063183 mem_usage=0.000000
2026/07/16 16:19:19 [MAB] event=arm_score ts=1784211559456 policy=LinUCB function=mab_cost_aware_1784211544 arm=x86-large score=-0.614326 expected_reward=-0.695840 confidence=0.081515 mem_usage=0.000000
2026/07/16 16:19:19 [MAB] event=select_arm ts=1784211559456 policy=LinUCB function=mab_cost_aware_1784211544 selected_arm=x86-large reason=linucb_score score=-0.614326 arms=[x86-tiny,x86-tiny/gpu/nvidia,arm-tiny,x86-large]
2026/07/16 16:19:19 [LB][MAB] event=after_select function=mab_cost_aware_1784211544 selected_tag=x86-large compatible_tags=[x86-tiny x86-tiny/gpu/nvidia arm-tiny x86-large]
2026/07/16 16:19:19 [MAB] event=reward_breakdown ts=1784211559459 policy=LinUCB function=mab_cost_aware_1784211544 arm=x86-large base_tag=x86-large architecture=x86 specialization=large capabilities=[] duration_ms=2.532447 latency_reward=-0.929186 cost_weight=0.000000 cost_factor=1.200000 cost_term=0.000000 energy_weight=0.000000 energy_factor=1.200000 energy_term=0.000000 memory_weight=0.700000 memory_penalty=0.000000 memory_term=0.000000 final_reward=-0.929186
2026/07/16 16:19:19 [MAB] event=update_reward ts=1784211559459 policy=LinUCB function=mab_cost_aware_1784211544 arm=x86-large duration_ms=2.532447 warm_start=true mem_usage=0.000000 lambda=0.700000 reward=-0.929186
2026/07/16 16:19:19 [LB][MAB] event=before_select function=mab_cost_aware_1784211544 compatible_tags=[x86-tiny x86-tiny/gpu/nvidia arm-tiny x86-large] has_context=true
2026/07/16 16:19:19 [MAB] event=arm_score ts=1784211559681 policy=LinUCB function=mab_cost_aware_1784211544 arm=x86-tiny score=-0.732963 expected_reward=-0.814478 confidence=0.081515 mem_usage=0.000000
2026/07/16 16:19:19 [MAB] event=arm_score ts=1784211559681 policy=LinUCB function=mab_cost_aware_1784211544 arm=x86-tiny/gpu/nvidia score=-0.638621 expected_reward=-0.720136 confidence=0.081515 mem_usage=0.000000
2026/07/16 16:19:19 [MAB] event=arm_score ts=1784211559681 policy=LinUCB function=mab_cost_aware_1784211544 arm=arm-tiny score=-0.762576 expected_reward=-0.825759 confidence=0.063183 mem_usage=0.000000
2026/07/16 16:19:19 [MAB] event=arm_score ts=1784211559681 policy=LinUCB function=mab_cost_aware_1784211544 arm=x86-large score=-0.725810 expected_reward=-0.788993 confidence=0.063183 mem_usage=0.000000
2026/07/16 16:19:19 [MAB] event=select_arm ts=1784211559681 policy=LinUCB function=mab_cost_aware_1784211544 selected_arm=x86-tiny/gpu/nvidia reason=linucb_score score=-0.638621 arms=[x86-tiny,x86-tiny/gpu/nvidia,arm-tiny,x86-large]
2026/07/16 16:19:19 [LB][MAB] event=after_select function=mab_cost_aware_1784211544 selected_tag=x86-tiny/gpu/nvidia compatible_tags=[x86-tiny x86-tiny/gpu/nvidia arm-tiny x86-large]
2026/07/16 16:19:19 [MAB] event=reward_breakdown ts=1784211559685 policy=LinUCB function=mab_cost_aware_1784211544 arm=x86-tiny/gpu/nvidia base_tag=x86-tiny architecture=x86 specialization=tiny capabilities=[gpu,nvidia] duration_ms=3.171128 latency_reward=-1.154087 cost_weight=0.000000 cost_factor=1.600000 cost_term=0.000000 energy_weight=0.000000 energy_factor=1.800000 energy_term=0.000000 memory_weight=0.700000 memory_penalty=0.000000 memory_term=0.000000 final_reward=-1.154087
2026/07/16 16:19:19 [MAB] event=update_reward ts=1784211559685 policy=LinUCB function=mab_cost_aware_1784211544 arm=x86-tiny/gpu/nvidia duration_ms=3.171128 warm_start=true mem_usage=0.000000 lambda=0.700000 reward=-1.154087
2026/07/16 16:19:19 [LB][MAB] event=before_select function=mab_cost_aware_1784211544 compatible_tags=[x86-tiny x86-tiny/gpu/nvidia arm-tiny x86-large] has_context=true
2026/07/16 16:19:19 [MAB] event=arm_score ts=1784211559904 policy=LinUCB function=mab_cost_aware_1784211544 arm=x86-tiny score=-0.732963 expected_reward=-0.814478 confidence=0.081515 mem_usage=0.000000
2026/07/16 16:19:19 [MAB] event=arm_score ts=1784211559904 policy=LinUCB function=mab_cost_aware_1784211544 arm=x86-tiny/gpu/nvidia score=-0.830189 expected_reward=-0.893372 confidence=0.063183 mem_usage=0.000000
2026/07/16 16:19:19 [MAB] event=arm_score ts=1784211559904 policy=LinUCB function=mab_cost_aware_1784211544 arm=arm-tiny score=-0.762576 expected_reward=-0.825759 confidence=0.063183 mem_usage=0.000000
2026/07/16 16:19:19 [MAB] event=arm_score ts=1784211559904 policy=LinUCB function=mab_cost_aware_1784211544 arm=x86-large score=-0.725810 expected_reward=-0.788993 confidence=0.063183 mem_usage=0.000000
2026/07/16 16:19:19 [MAB] event=select_arm ts=1784211559904 policy=LinUCB function=mab_cost_aware_1784211544 selected_arm=x86-large reason=linucb_score score=-0.725810 arms=[x86-tiny,x86-tiny/gpu/nvidia,arm-tiny,x86-large]
2026/07/16 16:19:19 [LB][MAB] event=after_select function=mab_cost_aware_1784211544 selected_tag=x86-large compatible_tags=[x86-tiny x86-tiny/gpu/nvidia arm-tiny x86-large]
2026/07/16 16:19:19 [MAB] event=reward_breakdown ts=1784211559908 policy=LinUCB function=mab_cost_aware_1784211544 arm=x86-large base_tag=x86-large architecture=x86 specialization=large capabilities=[] duration_ms=3.233599 latency_reward=-1.173596 cost_weight=0.000000 cost_factor=1.200000 cost_term=0.000000 energy_weight=0.000000 energy_factor=1.200000 energy_term=0.000000 memory_weight=0.700000 memory_penalty=0.000000 memory_term=0.000000 final_reward=-1.173596
2026/07/16 16:19:19 [MAB] event=update_reward ts=1784211559908 policy=LinUCB function=mab_cost_aware_1784211544 arm=x86-large duration_ms=3.233599 warm_start=true mem_usage=0.000000 lambda=0.700000 reward=-1.173596
2026/07/16 16:19:20 [LB][MAB] event=before_select function=mab_cost_aware_1784211544 compatible_tags=[x86-tiny x86-tiny/gpu/nvidia arm-tiny x86-large] has_context=true
2026/07/16 16:19:20 [MAB] event=arm_score ts=1784211560134 policy=LinUCB function=mab_cost_aware_1784211544 arm=x86-tiny score=-0.732963 expected_reward=-0.814478 confidence=0.081515 mem_usage=0.000000
2026/07/16 16:19:20 [MAB] event=arm_score ts=1784211560134 policy=LinUCB function=mab_cost_aware_1784211544 arm=x86-tiny/gpu/nvidia score=-0.830189 expected_reward=-0.893372 confidence=0.063183 mem_usage=0.000000
2026/07/16 16:19:20 [MAB] event=arm_score ts=1784211560134 policy=LinUCB function=mab_cost_aware_1784211544 arm=arm-tiny score=-0.762576 expected_reward=-0.825759 confidence=0.063183 mem_usage=0.000000
2026/07/16 16:19:20 [MAB] event=arm_score ts=1784211560134 policy=LinUCB function=mab_cost_aware_1784211544 arm=x86-large score=-0.845309 expected_reward=-0.898724 confidence=0.053414 mem_usage=0.000000
2026/07/16 16:19:20 [MAB] event=select_arm ts=1784211560134 policy=LinUCB function=mab_cost_aware_1784211544 selected_arm=x86-tiny reason=linucb_score score=-0.732963 arms=[x86-tiny,x86-tiny/gpu/nvidia,arm-tiny,x86-large]
2026/07/16 16:19:20 [LB][MAB] event=after_select function=mab_cost_aware_1784211544 selected_tag=x86-tiny compatible_tags=[x86-tiny x86-tiny/gpu/nvidia arm-tiny x86-large]
2026/07/16 16:19:20 [MAB] event=reward_breakdown ts=1784211560138 policy=LinUCB function=mab_cost_aware_1784211544 arm=x86-tiny base_tag=x86-tiny architecture=x86 specialization=tiny capabilities=[] duration_ms=3.372139 latency_reward=-1.215547 cost_weight=0.000000 cost_factor=0.400000 cost_term=0.000000 energy_weight=0.000000 energy_factor=1.000000 energy_term=0.000000 memory_weight=0.700000 memory_penalty=0.000000 memory_term=0.000000 final_reward=-1.215547
2026/07/16 16:19:20 [MAB] event=update_reward ts=1784211560138 policy=LinUCB function=mab_cost_aware_1784211544 arm=x86-tiny duration_ms=3.372139 warm_start=true mem_usage=0.000000 lambda=0.700000 reward=-1.215547
2026/07/16 16:19:20 [LB][MAB] event=before_select function=mab_cost_aware_1784211544 compatible_tags=[x86-tiny x86-tiny/gpu/nvidia arm-tiny x86-large] has_context=true
2026/07/16 16:19:20 [MAB] event=arm_score ts=1784211560352 policy=LinUCB function=mab_cost_aware_1784211544 arm=x86-tiny score=-0.911404 expected_reward=-0.974587 confidence=0.063183 mem_usage=0.000000
2026/07/16 16:19:20 [MAB] event=arm_score ts=1784211560352 policy=LinUCB function=mab_cost_aware_1784211544 arm=x86-tiny/gpu/nvidia score=-0.830189 expected_reward=-0.893372 confidence=0.063183 mem_usage=0.000000
2026/07/16 16:19:20 [MAB] event=arm_score ts=1784211560352 policy=LinUCB function=mab_cost_aware_1784211544 arm=arm-tiny score=-0.762576 expected_reward=-0.825759 confidence=0.063183 mem_usage=0.000000
2026/07/16 16:19:20 [MAB] event=arm_score ts=1784211560352 policy=LinUCB function=mab_cost_aware_1784211544 arm=x86-large score=-0.845309 expected_reward=-0.898724 confidence=0.053414 mem_usage=0.000000
2026/07/16 16:19:20 [MAB] event=select_arm ts=1784211560352 policy=LinUCB function=mab_cost_aware_1784211544 selected_arm=arm-tiny reason=linucb_score score=-0.762576 arms=[x86-tiny,x86-tiny/gpu/nvidia,arm-tiny,x86-large]
2026/07/16 16:19:20 [LB][MAB] event=after_select function=mab_cost_aware_1784211544 selected_tag=arm-tiny compatible_tags=[x86-tiny x86-tiny/gpu/nvidia arm-tiny x86-large]
2026/07/16 16:19:20 [MAB] event=reward_breakdown ts=1784211560355 policy=LinUCB function=mab_cost_aware_1784211544 arm=arm-tiny base_tag=arm-tiny architecture=arm specialization=tiny capabilities=[] duration_ms=1.918991 latency_reward=-0.651800 cost_weight=0.000000 cost_factor=0.400000 cost_term=0.000000 energy_weight=0.000000 energy_factor=0.600000 energy_term=0.000000 memory_weight=0.700000 memory_penalty=0.000000 memory_term=0.000000 final_reward=-0.651800
2026/07/16 16:19:20 [MAB] event=update_reward ts=1784211560355 policy=LinUCB function=mab_cost_aware_1784211544 arm=arm-tiny duration_ms=1.918991 warm_start=true mem_usage=0.000000 lambda=0.700000 reward=-0.651800
2026/07/16 16:19:20 [LB][MAB] event=before_select function=mab_cost_aware_1784211544 compatible_tags=[x86-tiny x86-tiny/gpu/nvidia arm-tiny x86-large] has_context=true
2026/07/16 16:19:20 [MAB] event=arm_score ts=1784211560575 policy=LinUCB function=mab_cost_aware_1784211544 arm=x86-tiny score=-0.911404 expected_reward=-0.974587 confidence=0.063183 mem_usage=0.000000
2026/07/16 16:19:20 [MAB] event=arm_score ts=1784211560575 policy=LinUCB function=mab_cost_aware_1784211544 arm=x86-tiny/gpu/nvidia score=-0.830189 expected_reward=-0.893372 confidence=0.063183 mem_usage=0.000000
2026/07/16 16:19:20 [MAB] event=arm_score ts=1784211560575 policy=LinUCB function=mab_cost_aware_1784211544 arm=arm-tiny score=-0.722713 expected_reward=-0.776127 confidence=0.053414 mem_usage=0.000000
2026/07/16 16:19:20 [MAB] event=arm_score ts=1784211560575 policy=LinUCB function=mab_cost_aware_1784211544 arm=x86-large score=-0.845309 expected_reward=-0.898724 confidence=0.053414 mem_usage=0.000000
2026/07/16 16:19:20 [MAB] event=select_arm ts=1784211560575 policy=LinUCB function=mab_cost_aware_1784211544 selected_arm=arm-tiny reason=linucb_score score=-0.722713 arms=[x86-tiny,x86-tiny/gpu/nvidia,arm-tiny,x86-large]
2026/07/16 16:19:20 [LB][MAB] event=after_select function=mab_cost_aware_1784211544 selected_tag=arm-tiny compatible_tags=[x86-tiny x86-tiny/gpu/nvidia arm-tiny x86-large]
2026/07/16 16:19:20 [MAB] event=reward_breakdown ts=1784211560580 policy=LinUCB function=mab_cost_aware_1784211544 arm=arm-tiny base_tag=arm-tiny architecture=arm specialization=tiny capabilities=[] duration_ms=3.384192 latency_reward=-1.219115 cost_weight=0.000000 cost_factor=0.400000 cost_term=0.000000 energy_weight=0.000000 energy_factor=0.600000 energy_term=0.000000 memory_weight=0.700000 memory_penalty=0.000000 memory_term=0.000000 final_reward=-1.219115
2026/07/16 16:19:20 [MAB] event=update_reward ts=1784211560580 policy=LinUCB function=mab_cost_aware_1784211544 arm=arm-tiny duration_ms=3.384192 warm_start=true mem_usage=0.000000 lambda=0.700000 reward=-1.219115
2026/07/16 16:19:20 [LB][MAB] event=before_select function=mab_cost_aware_1784211544 compatible_tags=[x86-tiny x86-tiny/gpu/nvidia arm-tiny x86-large] has_context=true
2026/07/16 16:19:20 [MAB] event=arm_score ts=1784211560791 policy=LinUCB function=mab_cost_aware_1784211544 arm=x86-tiny score=-0.911404 expected_reward=-0.974587 confidence=0.063183 mem_usage=0.000000
2026/07/16 16:19:20 [MAB] event=arm_score ts=1784211560791 policy=LinUCB function=mab_cost_aware_1784211544 arm=x86-tiny/gpu/nvidia score=-0.830189 expected_reward=-0.893372 confidence=0.063183 mem_usage=0.000000
2026/07/16 16:19:20 [MAB] event=arm_score ts=1784211560792 policy=LinUCB function=mab_cost_aware_1784211544 arm=arm-tiny score=-0.827346 expected_reward=-0.874460 confidence=0.047114 mem_usage=0.000000
2026/07/16 16:19:20 [MAB] event=arm_score ts=1784211560792 policy=LinUCB function=mab_cost_aware_1784211544 arm=x86-large score=-0.845309 expected_reward=-0.898724 confidence=0.053414 mem_usage=0.000000
2026/07/16 16:19:20 [MAB] event=select_arm ts=1784211560792 policy=LinUCB function=mab_cost_aware_1784211544 selected_arm=arm-tiny reason=linucb_score score=-0.827346 arms=[x86-tiny,x86-tiny/gpu/nvidia,arm-tiny,x86-large]
2026/07/16 16:19:20 [LB][MAB] event=after_select function=mab_cost_aware_1784211544 selected_tag=arm-tiny compatible_tags=[x86-tiny x86-tiny/gpu/nvidia arm-tiny x86-large]
2026/07/16 16:19:20 [MAB] event=reward_breakdown ts=1784211560794 policy=LinUCB function=mab_cost_aware_1784211544 arm=arm-tiny base_tag=arm-tiny architecture=arm specialization=tiny capabilities=[] duration_ms=1.925373 latency_reward=-0.655120 cost_weight=0.000000 cost_factor=0.400000 cost_term=0.000000 energy_weight=0.000000 energy_factor=0.600000 energy_term=0.000000 memory_weight=0.700000 memory_penalty=0.000000 memory_term=0.000000 final_reward=-0.655120
2026/07/16 16:19:20 [MAB] event=update_reward ts=1784211560794 policy=LinUCB function=mab_cost_aware_1784211544 arm=arm-tiny duration_ms=1.925373 warm_start=true mem_usage=0.000000 lambda=0.700000 reward=-0.655120
2026/07/16 16:19:21 [LB][MAB] event=before_select function=mab_cost_aware_1784211544 compatible_tags=[x86-tiny x86-tiny/gpu/nvidia arm-tiny x86-large] has_context=true
2026/07/16 16:19:21 [MAB] event=arm_score ts=1784211561015 policy=LinUCB function=mab_cost_aware_1784211544 arm=x86-tiny score=-0.911404 expected_reward=-0.974587 confidence=0.063183 mem_usage=0.000000
2026/07/16 16:19:21 [MAB] event=arm_score ts=1784211561015 policy=LinUCB function=mab_cost_aware_1784211544 arm=x86-tiny/gpu/nvidia score=-0.830189 expected_reward=-0.893372 confidence=0.063183 mem_usage=0.000000
2026/07/16 16:19:21 [MAB] event=arm_score ts=1784211561015 policy=LinUCB function=mab_cost_aware_1784211544 arm=arm-tiny score=-0.791995 expected_reward=-0.834616 confidence=0.042621 mem_usage=0.000000
2026/07/16 16:19:21 [MAB] event=arm_score ts=1784211561015 policy=LinUCB function=mab_cost_aware_1784211544 arm=x86-large score=-0.845309 expected_reward=-0.898724 confidence=0.053414 mem_usage=0.000000
2026/07/16 16:19:21 [MAB] event=select_arm ts=1784211561015 policy=LinUCB function=mab_cost_aware_1784211544 selected_arm=arm-tiny reason=linucb_score score=-0.791995 arms=[x86-tiny,x86-tiny/gpu/nvidia,arm-tiny,x86-large]
2026/07/16 16:19:21 [LB][MAB] event=after_select function=mab_cost_aware_1784211544 selected_tag=arm-tiny compatible_tags=[x86-tiny x86-tiny/gpu/nvidia arm-tiny x86-large]
2026/07/16 16:19:21 [MAB] event=reward_breakdown ts=1784211561019 policy=LinUCB function=mab_cost_aware_1784211544 arm=arm-tiny base_tag=arm-tiny architecture=arm specialization=tiny capabilities=[] duration_ms=3.119028 latency_reward=-1.137521 cost_weight=0.000000 cost_factor=0.400000 cost_term=0.000000 energy_weight=0.000000 energy_factor=0.600000 energy_term=0.000000 memory_weight=0.700000 memory_penalty=0.000000 memory_term=0.000000 final_reward=-1.137521
2026/07/16 16:19:21 [MAB] event=update_reward ts=1784211561019 policy=LinUCB function=mab_cost_aware_1784211544 arm=arm-tiny duration_ms=3.119028 warm_start=true mem_usage=0.000000 lambda=0.700000 reward=-1.137521
2026/07/16 16:19:21 [LB][MAB] event=before_select function=mab_cost_aware_1784211544 compatible_tags=[x86-tiny x86-tiny/gpu/nvidia arm-tiny x86-large] has_context=true
2026/07/16 16:19:21 [MAB] event=arm_score ts=1784211561239 policy=LinUCB function=mab_cost_aware_1784211544 arm=x86-tiny score=-0.911404 expected_reward=-0.974587 confidence=0.063183 mem_usage=0.000000
2026/07/16 16:19:21 [MAB] event=arm_score ts=1784211561239 policy=LinUCB function=mab_cost_aware_1784211544 arm=x86-tiny/gpu/nvidia score=-0.830189 expected_reward=-0.893372 confidence=0.063183 mem_usage=0.000000
2026/07/16 16:19:21 [MAB] event=arm_score ts=1784211561239 policy=LinUCB function=mab_cost_aware_1784211544 arm=arm-tiny score=-0.841973 expected_reward=-0.881181 confidence=0.039208 mem_usage=0.000000
2026/07/16 16:19:21 [MAB] event=arm_score ts=1784211561239 policy=LinUCB function=mab_cost_aware_1784211544 arm=x86-large score=-0.845309 expected_reward=-0.898724 confidence=0.053414 mem_usage=0.000000
2026/07/16 16:19:21 [MAB] event=select_arm ts=1784211561239 policy=LinUCB function=mab_cost_aware_1784211544 selected_arm=x86-tiny/gpu/nvidia reason=linucb_score score=-0.830189 arms=[x86-tiny,x86-tiny/gpu/nvidia,arm-tiny,x86-large]
2026/07/16 16:19:21 [LB][MAB] event=after_select function=mab_cost_aware_1784211544 selected_tag=x86-tiny/gpu/nvidia compatible_tags=[x86-tiny x86-tiny/gpu/nvidia arm-tiny x86-large]
2026/07/16 16:19:21 [MAB] event=reward_breakdown ts=1784211561242 policy=LinUCB function=mab_cost_aware_1784211544 arm=x86-tiny/gpu/nvidia base_tag=x86-tiny architecture=x86 specialization=tiny capabilities=[gpu,nvidia] duration_ms=2.741959 latency_reward=-1.008673 cost_weight=0.000000 cost_factor=1.600000 cost_term=0.000000 energy_weight=0.000000 energy_factor=1.800000 energy_term=0.000000 memory_weight=0.700000 memory_penalty=0.000000 memory_term=0.000000 final_reward=-1.008673
2026/07/16 16:19:21 [MAB] event=update_reward ts=1784211561242 policy=LinUCB function=mab_cost_aware_1784211544 arm=x86-tiny/gpu/nvidia duration_ms=2.741959 warm_start=true mem_usage=0.000000 lambda=0.700000 reward=-1.008673
2026/07/16 16:19:21 [LB][MAB] event=before_select function=mab_cost_aware_1784211544 compatible_tags=[x86-tiny x86-tiny/gpu/nvidia arm-tiny x86-large] has_context=true
2026/07/16 16:19:21 [MAB] event=arm_score ts=1784211561465 policy=LinUCB function=mab_cost_aware_1784211544 arm=x86-tiny score=-0.911404 expected_reward=-0.974587 confidence=0.063183 mem_usage=0.000000
2026/07/16 16:19:21 [MAB] event=arm_score ts=1784211561465 policy=LinUCB function=mab_cost_aware_1784211544 arm=x86-tiny/gpu/nvidia score=-0.872854 expected_reward=-0.926268 confidence=0.053414 mem_usage=0.000000
2026/07/16 16:19:21 [MAB] event=arm_score ts=1784211561465 policy=LinUCB function=mab_cost_aware_1784211544 arm=arm-tiny score=-0.841973 expected_reward=-0.881181 confidence=0.039208 mem_usage=0.000000
2026/07/16 16:19:21 [MAB] event=arm_score ts=1784211561465 policy=LinUCB function=mab_cost_aware_1784211544 arm=x86-large score=-0.845309 expected_reward=-0.898724 confidence=0.053414 mem_usage=0.000000
2026/07/16 16:19:21 [MAB] event=select_arm ts=1784211561465 policy=LinUCB function=mab_cost_aware_1784211544 selected_arm=arm-tiny reason=linucb_score score=-0.841973 arms=[x86-tiny,x86-tiny/gpu/nvidia,arm-tiny,x86-large]
2026/07/16 16:19:21 [LB][MAB] event=after_select function=mab_cost_aware_1784211544 selected_tag=arm-tiny compatible_tags=[x86-tiny x86-tiny/gpu/nvidia arm-tiny x86-large]
2026/07/16 16:19:21 [MAB] event=reward_breakdown ts=1784211561469 policy=LinUCB function=mab_cost_aware_1784211544 arm=arm-tiny base_tag=arm-tiny architecture=arm specialization=tiny capabilities=[] duration_ms=3.030995 latency_reward=-1.108891 cost_weight=0.000000 cost_factor=0.400000 cost_term=0.000000 energy_weight=0.000000 energy_factor=0.600000 energy_term=0.000000 memory_weight=0.700000 memory_penalty=0.000000 memory_term=0.000000 final_reward=-1.108891
2026/07/16 16:19:21 [MAB] event=update_reward ts=1784211561469 policy=LinUCB function=mab_cost_aware_1784211544 arm=arm-tiny duration_ms=3.030995 warm_start=true mem_usage=0.000000 lambda=0.700000 reward=-1.108891
2026/07/16 16:19:21 [LB][MAB] event=before_select function=mab_cost_aware_1784211544 compatible_tags=[x86-tiny x86-tiny/gpu/nvidia arm-tiny x86-large] has_context=true
2026/07/16 16:19:21 [MAB] event=arm_score ts=1784211561689 policy=LinUCB function=mab_cost_aware_1784211544 arm=x86-tiny score=-0.911404 expected_reward=-0.974587 confidence=0.063183 mem_usage=0.000000
2026/07/16 16:19:21 [MAB] event=arm_score ts=1784211561689 policy=LinUCB function=mab_cost_aware_1784211544 arm=x86-tiny/gpu/nvidia score=-0.872854 expected_reward=-0.926268 confidence=0.053414 mem_usage=0.000000
2026/07/16 16:19:21 [MAB] event=arm_score ts=1784211561690 policy=LinUCB function=mab_cost_aware_1784211544 arm=arm-tiny score=-0.875020 expected_reward=-0.911522 confidence=0.036503 mem_usage=0.000000
2026/07/16 16:19:21 [MAB] event=arm_score ts=1784211561690 policy=LinUCB function=mab_cost_aware_1784211544 arm=x86-large score=-0.845309 expected_reward=-0.898724 confidence=0.053414 mem_usage=0.000000
2026/07/16 16:19:21 [MAB] event=select_arm ts=1784211561690 policy=LinUCB function=mab_cost_aware_1784211544 selected_arm=x86-large reason=linucb_score score=-0.845309 arms=[x86-tiny,x86-tiny/gpu/nvidia,arm-tiny,x86-large]
2026/07/16 16:19:21 [LB][MAB] event=after_select function=mab_cost_aware_1784211544 selected_tag=x86-large compatible_tags=[x86-tiny x86-tiny/gpu/nvidia arm-tiny x86-large]
2026/07/16 16:19:21 [MAB] event=reward_breakdown ts=1784211561694 policy=LinUCB function=mab_cost_aware_1784211544 arm=x86-large base_tag=x86-large architecture=x86 specialization=large capabilities=[] duration_ms=3.115003 latency_reward=-1.136230 cost_weight=0.000000 cost_factor=1.200000 cost_term=0.000000 energy_weight=0.000000 energy_factor=1.200000 energy_term=0.000000 memory_weight=0.700000 memory_penalty=0.000000 memory_term=0.000000 final_reward=-1.136230
2026/07/16 16:19:21 [MAB] event=update_reward ts=1784211561694 policy=LinUCB function=mab_cost_aware_1784211544 arm=x86-large duration_ms=3.115003 warm_start=true mem_usage=0.000000 lambda=0.700000 reward=-1.136230
2026/07/16 16:19:21 [LB][MAB] event=before_select function=mab_cost_aware_1784211544 compatible_tags=[x86-tiny x86-tiny/gpu/nvidia arm-tiny x86-large] has_context=true
2026/07/16 16:19:21 [MAB] event=arm_score ts=1784211561915 policy=LinUCB function=mab_cost_aware_1784211544 arm=x86-tiny score=-0.911404 expected_reward=-0.974587 confidence=0.063183 mem_usage=0.000000
2026/07/16 16:19:21 [MAB] event=arm_score ts=1784211561915 policy=LinUCB function=mab_cost_aware_1784211544 arm=x86-tiny/gpu/nvidia score=-0.872854 expected_reward=-0.926268 confidence=0.053414 mem_usage=0.000000
2026/07/16 16:19:21 [MAB] event=arm_score ts=1784211561915 policy=LinUCB function=mab_cost_aware_1784211544 arm=arm-tiny score=-0.875020 expected_reward=-0.911522 confidence=0.036503 mem_usage=0.000000
2026/07/16 16:19:21 [MAB] event=arm_score ts=1784211561915 policy=LinUCB function=mab_cost_aware_1784211544 arm=x86-large score=-0.904330 expected_reward=-0.951445 confidence=0.047114 mem_usage=0.000000
2026/07/16 16:19:21 [MAB] event=select_arm ts=1784211561915 policy=LinUCB function=mab_cost_aware_1784211544 selected_arm=x86-tiny/gpu/nvidia reason=linucb_score score=-0.872854 arms=[x86-tiny,x86-tiny/gpu/nvidia,arm-tiny,x86-large]
2026/07/16 16:19:21 [LB][MAB] event=after_select function=mab_cost_aware_1784211544 selected_tag=x86-tiny/gpu/nvidia compatible_tags=[x86-tiny x86-tiny/gpu/nvidia arm-tiny x86-large]
2026/07/16 16:19:21 [MAB] event=reward_breakdown ts=1784211561919 policy=LinUCB function=mab_cost_aware_1784211544 arm=x86-tiny/gpu/nvidia base_tag=x86-tiny architecture=x86 specialization=tiny capabilities=[gpu,nvidia] duration_ms=3.071115 latency_reward=-1.122041 cost_weight=0.000000 cost_factor=1.600000 cost_term=0.000000 energy_weight=0.000000 energy_factor=1.800000 energy_term=0.000000 memory_weight=0.700000 memory_penalty=0.000000 memory_term=0.000000 final_reward=-1.122041
2026/07/16 16:19:21 [MAB] event=update_reward ts=1784211561919 policy=LinUCB function=mab_cost_aware_1784211544 arm=x86-tiny/gpu/nvidia duration_ms=3.071115 warm_start=true mem_usage=0.000000 lambda=0.700000 reward=-1.122041
2026/07/16 16:19:22 [LB][MAB] event=before_select function=mab_cost_aware_1784211544 compatible_tags=[x86-tiny x86-tiny/gpu/nvidia arm-tiny x86-large] has_context=true
2026/07/16 16:19:22 [MAB] event=arm_score ts=1784211562140 policy=LinUCB function=mab_cost_aware_1784211544 arm=x86-tiny score=-0.911404 expected_reward=-0.974587 confidence=0.063183 mem_usage=0.000000
2026/07/16 16:19:22 [MAB] event=arm_score ts=1784211562140 policy=LinUCB function=mab_cost_aware_1784211544 arm=x86-tiny/gpu/nvidia score=-0.922611 expected_reward=-0.969725 confidence=0.047114 mem_usage=0.000000
2026/07/16 16:19:22 [MAB] event=arm_score ts=1784211562140 policy=LinUCB function=mab_cost_aware_1784211544 arm=arm-tiny score=-0.875020 expected_reward=-0.911522 confidence=0.036503 mem_usage=0.000000
2026/07/16 16:19:22 [MAB] event=arm_score ts=1784211562140 policy=LinUCB function=mab_cost_aware_1784211544 arm=x86-large score=-0.904330 expected_reward=-0.951445 confidence=0.047114 mem_usage=0.000000
2026/07/16 16:19:22 [MAB] event=select_arm ts=1784211562140 policy=LinUCB function=mab_cost_aware_1784211544 selected_arm=arm-tiny reason=linucb_score score=-0.875020 arms=[x86-tiny,x86-tiny/gpu/nvidia,arm-tiny,x86-large]
2026/07/16 16:19:22 [LB][MAB] event=after_select function=mab_cost_aware_1784211544 selected_tag=arm-tiny compatible_tags=[x86-tiny x86-tiny/gpu/nvidia arm-tiny x86-large]
2026/07/16 16:19:22 [MAB] event=reward_breakdown ts=1784211562144 policy=LinUCB function=mab_cost_aware_1784211544 arm=arm-tiny base_tag=arm-tiny architecture=arm specialization=tiny capabilities=[] duration_ms=3.009907 latency_reward=-1.101909 cost_weight=0.000000 cost_factor=0.400000 cost_term=0.000000 energy_weight=0.000000 energy_factor=0.600000 energy_term=0.000000 memory_weight=0.700000 memory_penalty=0.000000 memory_term=0.000000 final_reward=-1.101909
2026/07/16 16:19:22 [MAB] event=update_reward ts=1784211562144 policy=LinUCB function=mab_cost_aware_1784211544 arm=arm-tiny duration_ms=3.009907 warm_start=true mem_usage=0.000000 lambda=0.700000 reward=-1.101909
2026/07/16 16:19:22 [LB][MAB] event=before_select function=mab_cost_aware_1784211544 compatible_tags=[x86-tiny x86-tiny/gpu/nvidia arm-tiny x86-large] has_context=true
2026/07/16 16:19:22 [MAB] event=arm_score ts=1784211562366 policy=LinUCB function=mab_cost_aware_1784211544 arm=x86-tiny score=-0.911404 expected_reward=-0.974587 confidence=0.063183 mem_usage=0.000000
2026/07/16 16:19:22 [MAB] event=arm_score ts=1784211562366 policy=LinUCB function=mab_cost_aware_1784211544 arm=x86-tiny/gpu/nvidia score=-0.922611 expected_reward=-0.969725 confidence=0.047114 mem_usage=0.000000
2026/07/16 16:19:22 [MAB] event=arm_score ts=1784211562366 policy=LinUCB function=mab_cost_aware_1784211544 arm=arm-tiny score=-0.899618 expected_reward=-0.933908 confidence=0.034290 mem_usage=0.000000
2026/07/16 16:19:22 [MAB] event=arm_score ts=1784211562366 policy=LinUCB function=mab_cost_aware_1784211544 arm=x86-large score=-0.904330 expected_reward=-0.951445 confidence=0.047114 mem_usage=0.000000
2026/07/16 16:19:22 [MAB] event=select_arm ts=1784211562366 policy=LinUCB function=mab_cost_aware_1784211544 selected_arm=arm-tiny reason=linucb_score score=-0.899618 arms=[x86-tiny,x86-tiny/gpu/nvidia,arm-tiny,x86-large]
2026/07/16 16:19:22 [LB][MAB] event=after_select function=mab_cost_aware_1784211544 selected_tag=arm-tiny compatible_tags=[x86-tiny x86-tiny/gpu/nvidia arm-tiny x86-large]
2026/07/16 16:19:22 [MAB] event=reward_breakdown ts=1784211562370 policy=LinUCB function=mab_cost_aware_1784211544 arm=arm-tiny base_tag=arm-tiny architecture=arm specialization=tiny capabilities=[] duration_ms=3.431200 latency_reward=-1.232910 cost_weight=0.000000 cost_factor=0.400000 cost_term=0.000000 energy_weight=0.000000 energy_factor=0.600000 energy_term=0.000000 memory_weight=0.700000 memory_penalty=0.000000 memory_term=0.000000 final_reward=-1.232910
2026/07/16 16:19:22 [MAB] event=update_reward ts=1784211562370 policy=LinUCB function=mab_cost_aware_1784211544 arm=arm-tiny duration_ms=3.431200 warm_start=true mem_usage=0.000000 lambda=0.700000 reward=-1.232910
2026/07/16 16:19:22 [LB][MAB] event=before_select function=mab_cost_aware_1784211544 compatible_tags=[x86-tiny x86-tiny/gpu/nvidia arm-tiny x86-large] has_context=true
2026/07/16 16:19:22 [MAB] event=arm_score ts=1784211562591 policy=LinUCB function=mab_cost_aware_1784211544 arm=x86-tiny score=-0.911404 expected_reward=-0.974587 confidence=0.063183 mem_usage=0.000000
2026/07/16 16:19:22 [MAB] event=arm_score ts=1784211562591 policy=LinUCB function=mab_cost_aware_1784211544 arm=x86-tiny/gpu/nvidia score=-0.922611 expected_reward=-0.969725 confidence=0.047114 mem_usage=0.000000
2026/07/16 16:19:22 [MAB] event=arm_score ts=1784211562591 policy=LinUCB function=mab_cost_aware_1784211544 arm=arm-tiny score=-0.932929 expected_reward=-0.965365 confidence=0.032436 mem_usage=0.000000
2026/07/16 16:19:22 [MAB] event=arm_score ts=1784211562591 policy=LinUCB function=mab_cost_aware_1784211544 arm=x86-large score=-0.904330 expected_reward=-0.951445 confidence=0.047114 mem_usage=0.000000
2026/07/16 16:19:22 [MAB] event=select_arm ts=1784211562591 policy=LinUCB function=mab_cost_aware_1784211544 selected_arm=x86-large reason=linucb_score score=-0.904330 arms=[x86-tiny,x86-tiny/gpu/nvidia,arm-tiny,x86-large]
2026/07/16 16:19:22 [LB][MAB] event=after_select function=mab_cost_aware_1784211544 selected_tag=x86-large compatible_tags=[x86-tiny x86-tiny/gpu/nvidia arm-tiny x86-large]
2026/07/16 16:19:22 [MAB] event=reward_breakdown ts=1784211562596 policy=LinUCB function=mab_cost_aware_1784211544 arm=x86-large base_tag=x86-large architecture=x86 specialization=large capabilities=[] duration_ms=3.762714 latency_reward=-1.325141 cost_weight=0.000000 cost_factor=1.200000 cost_term=0.000000 energy_weight=0.000000 energy_factor=1.200000 energy_term=0.000000 memory_weight=0.700000 memory_penalty=0.000000 memory_term=0.000000 final_reward=-1.325141
2026/07/16 16:19:22 [MAB] event=update_reward ts=1784211562596 policy=LinUCB function=mab_cost_aware_1784211544 arm=x86-large duration_ms=3.762714 warm_start=true mem_usage=0.000000 lambda=0.700000 reward=-1.325141
2026/07/16 16:19:22 [LB][MAB] event=before_select function=mab_cost_aware_1784211544 compatible_tags=[x86-tiny x86-tiny/gpu/nvidia arm-tiny x86-large] has_context=true
2026/07/16 16:19:22 [MAB] event=arm_score ts=1784211562816 policy=LinUCB function=mab_cost_aware_1784211544 arm=x86-tiny score=-0.911404 expected_reward=-0.974587 confidence=0.063183 mem_usage=0.000000
2026/07/16 16:19:22 [MAB] event=arm_score ts=1784211562816 policy=LinUCB function=mab_cost_aware_1784211544 arm=x86-tiny/gpu/nvidia score=-0.922611 expected_reward=-0.969725 confidence=0.047114 mem_usage=0.000000
2026/07/16 16:19:22 [MAB] event=arm_score ts=1784211562816 policy=LinUCB function=mab_cost_aware_1784211544 arm=arm-tiny score=-0.932929 expected_reward=-0.965365 confidence=0.032436 mem_usage=0.000000
2026/07/16 16:19:22 [MAB] event=arm_score ts=1784211562816 policy=LinUCB function=mab_cost_aware_1784211544 arm=x86-large score=-0.976707 expected_reward=-1.019328 confidence=0.042621 mem_usage=0.000000
2026/07/16 16:19:22 [MAB] event=select_arm ts=1784211562816 policy=LinUCB function=mab_cost_aware_1784211544 selected_arm=x86-tiny reason=linucb_score score=-0.911404 arms=[x86-tiny,x86-tiny/gpu/nvidia,arm-tiny,x86-large]
2026/07/16 16:19:22 [LB][MAB] event=after_select function=mab_cost_aware_1784211544 selected_tag=x86-tiny compatible_tags=[x86-tiny x86-tiny/gpu/nvidia arm-tiny x86-large]
2026/07/16 16:19:22 [MAB] event=reward_breakdown ts=1784211562820 policy=LinUCB function=mab_cost_aware_1784211544 arm=x86-tiny base_tag=x86-tiny architecture=x86 specialization=tiny capabilities=[] duration_ms=3.416148 latency_reward=-1.228514 cost_weight=0.000000 cost_factor=0.400000 cost_term=0.000000 energy_weight=0.000000 energy_factor=1.000000 energy_term=0.000000 memory_weight=0.700000 memory_penalty=0.000000 memory_term=0.000000 final_reward=-1.228514
2026/07/16 16:19:22 [MAB] event=update_reward ts=1784211562820 policy=LinUCB function=mab_cost_aware_1784211544 arm=x86-tiny duration_ms=3.416148 warm_start=true mem_usage=0.000000 lambda=0.700000 reward=-1.228514
2026/07/16 16:19:23 [LB][MAB] event=before_select function=mab_cost_aware_1784211544 compatible_tags=[x86-tiny x86-tiny/gpu/nvidia arm-tiny x86-large] has_context=true
2026/07/16 16:19:23 [MAB] event=arm_score ts=1784211563041 policy=LinUCB function=mab_cost_aware_1784211544 arm=x86-tiny score=-0.993620 expected_reward=-1.047034 confidence=0.053414 mem_usage=0.000000
2026/07/16 16:19:23 [MAB] event=arm_score ts=1784211563041 policy=LinUCB function=mab_cost_aware_1784211544 arm=x86-tiny/gpu/nvidia score=-0.922611 expected_reward=-0.969725 confidence=0.047114 mem_usage=0.000000
2026/07/16 16:19:23 [MAB] event=arm_score ts=1784211563041 policy=LinUCB function=mab_cost_aware_1784211544 arm=arm-tiny score=-0.932929 expected_reward=-0.965365 confidence=0.032436 mem_usage=0.000000
2026/07/16 16:19:23 [MAB] event=arm_score ts=1784211563041 policy=LinUCB function=mab_cost_aware_1784211544 arm=x86-large score=-0.976707 expected_reward=-1.019328 confidence=0.042621 mem_usage=0.000000
2026/07/16 16:19:23 [MAB] event=select_arm ts=1784211563041 policy=LinUCB function=mab_cost_aware_1784211544 selected_arm=x86-tiny/gpu/nvidia reason=linucb_score score=-0.922611 arms=[x86-tiny,x86-tiny/gpu/nvidia,arm-tiny,x86-large]
2026/07/16 16:19:23 [LB][MAB] event=after_select function=mab_cost_aware_1784211544 selected_tag=x86-tiny/gpu/nvidia compatible_tags=[x86-tiny x86-tiny/gpu/nvidia arm-tiny x86-large]
2026/07/16 16:19:23 [MAB] event=reward_breakdown ts=1784211563045 policy=LinUCB function=mab_cost_aware_1784211544 arm=x86-tiny/gpu/nvidia base_tag=x86-tiny architecture=x86 specialization=tiny capabilities=[gpu,nvidia] duration_ms=3.374237 latency_reward=-1.216169 cost_weight=0.000000 cost_factor=1.600000 cost_term=0.000000 energy_weight=0.000000 energy_factor=1.800000 energy_term=0.000000 memory_weight=0.700000 memory_penalty=0.000000 memory_term=0.000000 final_reward=-1.216169
2026/07/16 16:19:23 [MAB] event=update_reward ts=1784211563045 policy=LinUCB function=mab_cost_aware_1784211544 arm=x86-tiny/gpu/nvidia duration_ms=3.374237 warm_start=true mem_usage=0.000000 lambda=0.700000 reward=-1.216169
2026/07/16 16:19:23 [LB][MAB] event=before_select function=mab_cost_aware_1784211544 compatible_tags=[x86-tiny x86-tiny/gpu/nvidia arm-tiny x86-large] has_context=true
2026/07/16 16:19:23 [MAB] event=arm_score ts=1784211563267 policy=LinUCB function=mab_cost_aware_1784211544 arm=x86-tiny score=-0.993620 expected_reward=-1.047034 confidence=0.053414 mem_usage=0.000000
2026/07/16 16:19:23 [MAB] event=arm_score ts=1784211563267 policy=LinUCB function=mab_cost_aware_1784211544 arm=x86-tiny/gpu/nvidia score=-0.971872 expected_reward=-1.014493 confidence=0.042621 mem_usage=0.000000
2026/07/16 16:19:23 [MAB] event=arm_score ts=1784211563267 policy=LinUCB function=mab_cost_aware_1784211544 arm=arm-tiny score=-0.932929 expected_reward=-0.965365 confidence=0.032436 mem_usage=0.000000
2026/07/16 16:19:23 [MAB] event=arm_score ts=1784211563267 policy=LinUCB function=mab_cost_aware_1784211544 arm=x86-large score=-0.976707 expected_reward=-1.019328 confidence=0.042621 mem_usage=0.000000
2026/07/16 16:19:23 [MAB] event=select_arm ts=1784211563267 policy=LinUCB function=mab_cost_aware_1784211544 selected_arm=arm-tiny reason=linucb_score score=-0.932929 arms=[x86-tiny,x86-tiny/gpu/nvidia,arm-tiny,x86-large]
2026/07/16 16:19:23 [LB][MAB] event=after_select function=mab_cost_aware_1784211544 selected_tag=arm-tiny compatible_tags=[x86-tiny x86-tiny/gpu/nvidia arm-tiny x86-large]
2026/07/16 16:19:23 [MAB] event=reward_breakdown ts=1784211563271 policy=LinUCB function=mab_cost_aware_1784211544 arm=arm-tiny base_tag=arm-tiny architecture=arm specialization=tiny capabilities=[] duration_ms=3.132704 latency_reward=-1.141897 cost_weight=0.000000 cost_factor=0.400000 cost_term=0.000000 energy_weight=0.000000 energy_factor=0.600000 energy_term=0.000000 memory_weight=0.700000 memory_penalty=0.000000 memory_term=0.000000 final_reward=-1.141897
2026/07/16 16:19:23 [MAB] event=update_reward ts=1784211563272 policy=LinUCB function=mab_cost_aware_1784211544 arm=arm-tiny duration_ms=3.132704 warm_start=true mem_usage=0.000000 lambda=0.700000 reward=-1.141897
2026/07/16 16:19:23 [LB][MAB] event=before_select function=mab_cost_aware_1784211544 compatible_tags=[x86-tiny x86-tiny/gpu/nvidia arm-tiny x86-large] has_context=true
2026/07/16 16:19:23 [MAB] event=arm_score ts=1784211563491 policy=LinUCB function=mab_cost_aware_1784211544 arm=x86-tiny score=-0.993620 expected_reward=-1.047034 confidence=0.053414 mem_usage=0.000000
2026/07/16 16:19:23 [MAB] event=arm_score ts=1784211563491 policy=LinUCB function=mab_cost_aware_1784211544 arm=x86-tiny/gpu/nvidia score=-0.971872 expected_reward=-1.014493 confidence=0.042621 mem_usage=0.000000
2026/07/16 16:19:23 [MAB] event=arm_score ts=1784211563491 policy=LinUCB function=mab_cost_aware_1784211544 arm=arm-tiny score=-0.951316 expected_reward=-0.982170 confidence=0.030853 mem_usage=0.000000
2026/07/16 16:19:23 [MAB] event=arm_score ts=1784211563491 policy=LinUCB function=mab_cost_aware_1784211544 arm=x86-large score=-0.976707 expected_reward=-1.019328 confidence=0.042621 mem_usage=0.000000
2026/07/16 16:19:23 [MAB] event=select_arm ts=1784211563491 policy=LinUCB function=mab_cost_aware_1784211544 selected_arm=arm-tiny reason=linucb_score score=-0.951316 arms=[x86-tiny,x86-tiny/gpu/nvidia,arm-tiny,x86-large]
2026/07/16 16:19:23 [LB][MAB] event=after_select function=mab_cost_aware_1784211544 selected_tag=arm-tiny compatible_tags=[x86-tiny x86-tiny/gpu/nvidia arm-tiny x86-large]
2026/07/16 16:19:23 [MAB] event=reward_breakdown ts=1784211563495 policy=LinUCB function=mab_cost_aware_1784211544 arm=arm-tiny base_tag=arm-tiny architecture=arm specialization=tiny capabilities=[] duration_ms=2.820361 latency_reward=-1.036865 cost_weight=0.000000 cost_factor=0.400000 cost_term=0.000000 energy_weight=0.000000 energy_factor=0.600000 energy_term=0.000000 memory_weight=0.700000 memory_penalty=0.000000 memory_term=0.000000 final_reward=-1.036865
2026/07/16 16:19:23 [MAB] event=update_reward ts=1784211563495 policy=LinUCB function=mab_cost_aware_1784211544 arm=arm-tiny duration_ms=2.820361 warm_start=true mem_usage=0.000000 lambda=0.700000 reward=-1.036865
2026/07/16 16:19:23 [LB][MAB] event=before_select function=mab_cost_aware_1784211544 compatible_tags=[x86-tiny x86-tiny/gpu/nvidia arm-tiny x86-large] has_context=true
2026/07/16 16:19:23 [MAB] event=arm_score ts=1784211563717 policy=LinUCB function=mab_cost_aware_1784211544 arm=x86-tiny score=-0.993620 expected_reward=-1.047034 confidence=0.053414 mem_usage=0.000000
2026/07/16 16:19:23 [MAB] event=arm_score ts=1784211563717 policy=LinUCB function=mab_cost_aware_1784211544 arm=x86-tiny/gpu/nvidia score=-0.971872 expected_reward=-1.014493 confidence=0.042621 mem_usage=0.000000
2026/07/16 16:19:23 [MAB] event=arm_score ts=1784211563717 policy=LinUCB function=mab_cost_aware_1784211544 arm=arm-tiny score=-0.957442 expected_reward=-0.986924 confidence=0.029482 mem_usage=0.000000
2026/07/16 16:19:23 [MAB] event=arm_score ts=1784211563717 policy=LinUCB function=mab_cost_aware_1784211544 arm=x86-large score=-0.976707 expected_reward=-1.019328 confidence=0.042621 mem_usage=0.000000
2026/07/16 16:19:23 [MAB] event=select_arm ts=1784211563717 policy=LinUCB function=mab_cost_aware_1784211544 selected_arm=arm-tiny reason=linucb_score score=-0.957442 arms=[x86-tiny,x86-tiny/gpu/nvidia,arm-tiny,x86-large]
2026/07/16 16:19:23 [LB][MAB] event=after_select function=mab_cost_aware_1784211544 selected_tag=arm-tiny compatible_tags=[x86-tiny x86-tiny/gpu/nvidia arm-tiny x86-large]
2026/07/16 16:19:23 [MAB] event=reward_breakdown ts=1784211563721 policy=LinUCB function=mab_cost_aware_1784211544 arm=arm-tiny base_tag=arm-tiny architecture=arm specialization=tiny capabilities=[] duration_ms=2.565735 latency_reward=-0.942245 cost_weight=0.000000 cost_factor=0.400000 cost_term=0.000000 energy_weight=0.000000 energy_factor=0.600000 energy_term=0.000000 memory_weight=0.700000 memory_penalty=0.000000 memory_term=0.000000 final_reward=-0.942245
2026/07/16 16:19:23 [MAB] event=update_reward ts=1784211563722 policy=LinUCB function=mab_cost_aware_1784211544 arm=arm-tiny duration_ms=2.565735 warm_start=true mem_usage=0.000000 lambda=0.700000 reward=-0.942245
2026/07/16 16:19:23 [LB][MAB] event=before_select function=mab_cost_aware_1784211544 compatible_tags=[x86-tiny x86-tiny/gpu/nvidia arm-tiny x86-large] has_context=true
2026/07/16 16:19:23 [MAB] event=arm_score ts=1784211563942 policy=LinUCB function=mab_cost_aware_1784211544 arm=x86-tiny score=-0.993620 expected_reward=-1.047034 confidence=0.053414 mem_usage=0.000000
2026/07/16 16:19:23 [MAB] event=arm_score ts=1784211563942 policy=LinUCB function=mab_cost_aware_1784211544 arm=x86-tiny/gpu/nvidia score=-0.971872 expected_reward=-1.014493 confidence=0.042621 mem_usage=0.000000
2026/07/16 16:19:23 [MAB] event=arm_score ts=1784211563942 policy=LinUCB function=mab_cost_aware_1784211544 arm=arm-tiny score=-0.955072 expected_reward=-0.983351 confidence=0.028279 mem_usage=0.000000
2026/07/16 16:19:23 [MAB] event=arm_score ts=1784211563942 policy=LinUCB function=mab_cost_aware_1784211544 arm=x86-large score=-0.976707 expected_reward=-1.019328 confidence=0.042621 mem_usage=0.000000
2026/07/16 16:19:23 [MAB] event=select_arm ts=1784211563942 policy=LinUCB function=mab_cost_aware_1784211544 selected_arm=arm-tiny reason=linucb_score score=-0.955072 arms=[x86-tiny,x86-tiny/gpu/nvidia,arm-tiny,x86-large]
2026/07/16 16:19:23 [LB][MAB] event=after_select function=mab_cost_aware_1784211544 selected_tag=arm-tiny compatible_tags=[x86-tiny x86-tiny/gpu/nvidia arm-tiny x86-large]
2026/07/16 16:19:23 [MAB] event=reward_breakdown ts=1784211563946 policy=LinUCB function=mab_cost_aware_1784211544 arm=arm-tiny base_tag=arm-tiny architecture=arm specialization=tiny capabilities=[] duration_ms=2.690678 latency_reward=-0.989793 cost_weight=0.000000 cost_factor=0.400000 cost_term=0.000000 energy_weight=0.000000 energy_factor=0.600000 energy_term=0.000000 memory_weight=0.700000 memory_penalty=0.000000 memory_term=0.000000 final_reward=-0.989793
2026/07/16 16:19:23 [MAB] event=update_reward ts=1784211563946 policy=LinUCB function=mab_cost_aware_1784211544 arm=arm-tiny duration_ms=2.690678 warm_start=true mem_usage=0.000000 lambda=0.700000 reward=-0.989793
2026/07/16 16:19:24 [LB][MAB] event=before_select function=mab_cost_aware_1784211544 compatible_tags=[x86-tiny x86-tiny/gpu/nvidia arm-tiny x86-large] has_context=true
2026/07/16 16:19:24 [MAB] event=arm_score ts=1784211564165 policy=LinUCB function=mab_cost_aware_1784211544 arm=x86-tiny score=-0.993620 expected_reward=-1.047034 confidence=0.053414 mem_usage=0.000000
2026/07/16 16:19:24 [MAB] event=arm_score ts=1784211564165 policy=LinUCB function=mab_cost_aware_1784211544 arm=x86-tiny/gpu/nvidia score=-0.971872 expected_reward=-1.014493 confidence=0.042621 mem_usage=0.000000
2026/07/16 16:19:24 [MAB] event=arm_score ts=1784211564165 policy=LinUCB function=mab_cost_aware_1784211544 arm=arm-tiny score=-0.956616 expected_reward=-0.983828 confidence=0.027212 mem_usage=0.000000
2026/07/16 16:19:24 [MAB] event=arm_score ts=1784211564165 policy=LinUCB function=mab_cost_aware_1784211544 arm=x86-large score=-0.976707 expected_reward=-1.019328 confidence=0.042621 mem_usage=0.000000
2026/07/16 16:19:24 [MAB] event=select_arm ts=1784211564165 policy=LinUCB function=mab_cost_aware_1784211544 selected_arm=arm-tiny reason=linucb_score score=-0.956616 arms=[x86-tiny,x86-tiny/gpu/nvidia,arm-tiny,x86-large]
2026/07/16 16:19:24 [LB][MAB] event=after_select function=mab_cost_aware_1784211544 selected_tag=arm-tiny compatible_tags=[x86-tiny x86-tiny/gpu/nvidia arm-tiny x86-large]
2026/07/16 16:19:24 [MAB] event=reward_breakdown ts=1784211564168 policy=LinUCB function=mab_cost_aware_1784211544 arm=arm-tiny base_tag=arm-tiny architecture=arm specialization=tiny capabilities=[] duration_ms=2.162754 latency_reward=-0.771382 cost_weight=0.000000 cost_factor=0.400000 cost_term=0.000000 energy_weight=0.000000 energy_factor=0.600000 energy_term=0.000000 memory_weight=0.700000 memory_penalty=0.000000 memory_term=0.000000 final_reward=-0.771382
2026/07/16 16:19:24 [MAB] event=update_reward ts=1784211564168 policy=LinUCB function=mab_cost_aware_1784211544 arm=arm-tiny duration_ms=2.162754 warm_start=true mem_usage=0.000000 lambda=0.700000 reward=-0.771382
2026/07/16 16:19:24 [LB][MAB] event=before_select function=mab_cost_aware_1784211544 compatible_tags=[x86-tiny x86-tiny/gpu/nvidia arm-tiny x86-large] has_context=true
2026/07/16 16:19:24 [MAB] event=arm_score ts=1784211564389 policy=LinUCB function=mab_cost_aware_1784211544 arm=x86-tiny score=-0.993620 expected_reward=-1.047034 confidence=0.053414 mem_usage=0.000000
2026/07/16 16:19:24 [MAB] event=arm_score ts=1784211564389 policy=LinUCB function=mab_cost_aware_1784211544 arm=x86-tiny/gpu/nvidia score=-0.971872 expected_reward=-1.014493 confidence=0.042621 mem_usage=0.000000
2026/07/16 16:19:24 [MAB] event=arm_score ts=1784211564389 policy=LinUCB function=mab_cost_aware_1784211544 arm=arm-tiny score=-0.942925 expected_reward=-0.969182 confidence=0.026257 mem_usage=0.000000
2026/07/16 16:19:24 [MAB] event=arm_score ts=1784211564389 policy=LinUCB function=mab_cost_aware_1784211544 arm=x86-large score=-0.976707 expected_reward=-1.019328 confidence=0.042621 mem_usage=0.000000
2026/07/16 16:19:24 [MAB] event=select_arm ts=1784211564389 policy=LinUCB function=mab_cost_aware_1784211544 selected_arm=arm-tiny reason=linucb_score score=-0.942925 arms=[x86-tiny,x86-tiny/gpu/nvidia,arm-tiny,x86-large]
2026/07/16 16:19:24 [LB][MAB] event=after_select function=mab_cost_aware_1784211544 selected_tag=arm-tiny compatible_tags=[x86-tiny x86-tiny/gpu/nvidia arm-tiny x86-large]
2026/07/16 16:19:24 [MAB] event=reward_breakdown ts=1784211564393 policy=LinUCB function=mab_cost_aware_1784211544 arm=arm-tiny base_tag=arm-tiny architecture=arm specialization=tiny capabilities=[] duration_ms=3.258617 latency_reward=-1.181303 cost_weight=0.000000 cost_factor=0.400000 cost_term=0.000000 energy_weight=0.000000 energy_factor=0.600000 energy_term=0.000000 memory_weight=0.700000 memory_penalty=0.000000 memory_term=0.000000 final_reward=-1.181303
2026/07/16 16:19:24 [MAB] event=update_reward ts=1784211564393 policy=LinUCB function=mab_cost_aware_1784211544 arm=arm-tiny duration_ms=3.258617 warm_start=true mem_usage=0.000000 lambda=0.700000 reward=-1.181303
2026/07/16 16:19:24 [LB][MAB] event=before_select function=mab_cost_aware_1784211544 compatible_tags=[x86-tiny x86-tiny/gpu/nvidia arm-tiny x86-large] has_context=true
2026/07/16 16:19:24 [MAB] event=arm_score ts=1784211564612 policy=LinUCB function=mab_cost_aware_1784211544 arm=x86-tiny score=-0.993620 expected_reward=-1.047034 confidence=0.053414 mem_usage=0.000000
2026/07/16 16:19:24 [MAB] event=arm_score ts=1784211564612 policy=LinUCB function=mab_cost_aware_1784211544 arm=x86-tiny/gpu/nvidia score=-0.971872 expected_reward=-1.014493 confidence=0.042621 mem_usage=0.000000
2026/07/16 16:19:24 [MAB] event=arm_score ts=1784211564612 policy=LinUCB function=mab_cost_aware_1784211544 arm=arm-tiny score=-0.957466 expected_reward=-0.982862 confidence=0.025396 mem_usage=0.000000
2026/07/16 16:19:24 [MAB] event=arm_score ts=1784211564612 policy=LinUCB function=mab_cost_aware_1784211544 arm=x86-large score=-0.976707 expected_reward=-1.019328 confidence=0.042621 mem_usage=0.000000
2026/07/16 16:19:24 [MAB] event=select_arm ts=1784211564612 policy=LinUCB function=mab_cost_aware_1784211544 selected_arm=arm-tiny reason=linucb_score score=-0.957466 arms=[x86-tiny,x86-tiny/gpu/nvidia,arm-tiny,x86-large]
2026/07/16 16:19:24 [LB][MAB] event=after_select function=mab_cost_aware_1784211544 selected_tag=arm-tiny compatible_tags=[x86-tiny x86-tiny/gpu/nvidia arm-tiny x86-large]
2026/07/16 16:19:24 [MAB] event=reward_breakdown ts=1784211564616 policy=LinUCB function=mab_cost_aware_1784211544 arm=arm-tiny base_tag=arm-tiny architecture=arm specialization=tiny capabilities=[] duration_ms=2.978093 latency_reward=-1.091283 cost_weight=0.000000 cost_factor=0.400000 cost_term=0.000000 energy_weight=0.000000 energy_factor=0.600000 energy_term=0.000000 memory_weight=0.700000 memory_penalty=0.000000 memory_term=0.000000 final_reward=-1.091283
2026/07/16 16:19:24 [MAB] event=update_reward ts=1784211564616 policy=LinUCB function=mab_cost_aware_1784211544 arm=arm-tiny duration_ms=2.978093 warm_start=true mem_usage=0.000000 lambda=0.700000 reward=-1.091283
2026/07/16 16:19:24 [LB][MAB] event=before_select function=mab_cost_aware_1784211544 compatible_tags=[x86-tiny x86-tiny/gpu/nvidia arm-tiny x86-large] has_context=true
2026/07/16 16:19:24 [MAB] event=arm_score ts=1784211564836 policy=LinUCB function=mab_cost_aware_1784211544 arm=x86-tiny score=-0.993620 expected_reward=-1.047034 confidence=0.053414 mem_usage=0.000000
2026/07/16 16:19:24 [MAB] event=arm_score ts=1784211564836 policy=LinUCB function=mab_cost_aware_1784211544 arm=x86-tiny/gpu/nvidia score=-0.971872 expected_reward=-1.014493 confidence=0.042621 mem_usage=0.000000
2026/07/16 16:19:24 [MAB] event=arm_score ts=1784211564836 policy=LinUCB function=mab_cost_aware_1784211544 arm=arm-tiny score=-0.964817 expected_reward=-0.989431 confidence=0.024615 mem_usage=0.000000
2026/07/16 16:19:24 [MAB] event=arm_score ts=1784211564836 policy=LinUCB function=mab_cost_aware_1784211544 arm=x86-large score=-0.976707 expected_reward=-1.019328 confidence=0.042621 mem_usage=0.000000
2026/07/16 16:19:24 [MAB] event=select_arm ts=1784211564836 policy=LinUCB function=mab_cost_aware_1784211544 selected_arm=arm-tiny reason=linucb_score score=-0.964817 arms=[x86-tiny,x86-tiny/gpu/nvidia,arm-tiny,x86-large]
2026/07/16 16:19:24 [LB][MAB] event=after_select function=mab_cost_aware_1784211544 selected_tag=arm-tiny compatible_tags=[x86-tiny x86-tiny/gpu/nvidia arm-tiny x86-large]
2026/07/16 16:19:24 [MAB] event=reward_breakdown ts=1784211564840 policy=LinUCB function=mab_cost_aware_1784211544 arm=arm-tiny base_tag=arm-tiny architecture=arm specialization=tiny capabilities=[] duration_ms=2.817825 latency_reward=-1.035965 cost_weight=0.000000 cost_factor=0.400000 cost_term=0.000000 energy_weight=0.000000 energy_factor=0.600000 energy_term=0.000000 memory_weight=0.700000 memory_penalty=0.000000 memory_term=0.000000 final_reward=-1.035965
2026/07/16 16:19:24 [MAB] event=update_reward ts=1784211564840 policy=LinUCB function=mab_cost_aware_1784211544 arm=arm-tiny duration_ms=2.817825 warm_start=true mem_usage=0.000000 lambda=0.700000 reward=-1.035965
2026/07/16 16:19:25 [LB][MAB] event=before_select function=mab_cost_aware_1784211544 compatible_tags=[x86-tiny x86-tiny/gpu/nvidia arm-tiny x86-large] has_context=true
2026/07/16 16:19:25 [MAB] event=arm_score ts=1784211565061 policy=LinUCB function=mab_cost_aware_1784211544 arm=x86-tiny score=-0.993620 expected_reward=-1.047034 confidence=0.053414 mem_usage=0.000000
2026/07/16 16:19:25 [MAB] event=arm_score ts=1784211565061 policy=LinUCB function=mab_cost_aware_1784211544 arm=x86-tiny/gpu/nvidia score=-0.971872 expected_reward=-1.014493 confidence=0.042621 mem_usage=0.000000
2026/07/16 16:19:25 [MAB] event=arm_score ts=1784211565061 policy=LinUCB function=mab_cost_aware_1784211544 arm=arm-tiny score=-0.968189 expected_reward=-0.992090 confidence=0.023901 mem_usage=0.000000
2026/07/16 16:19:25 [MAB] event=arm_score ts=1784211565061 policy=LinUCB function=mab_cost_aware_1784211544 arm=x86-large score=-0.976707 expected_reward=-1.019328 confidence=0.042621 mem_usage=0.000000
2026/07/16 16:19:25 [MAB] event=select_arm ts=1784211565061 policy=LinUCB function=mab_cost_aware_1784211544 selected_arm=arm-tiny reason=linucb_score score=-0.968189 arms=[x86-tiny,x86-tiny/gpu/nvidia,arm-tiny,x86-large]
2026/07/16 16:19:25 [LB][MAB] event=after_select function=mab_cost_aware_1784211544 selected_tag=arm-tiny compatible_tags=[x86-tiny x86-tiny/gpu/nvidia arm-tiny x86-large]
2026/07/16 16:19:25 [MAB] event=reward_breakdown ts=1784211565065 policy=LinUCB function=mab_cost_aware_1784211544 arm=arm-tiny base_tag=arm-tiny architecture=arm specialization=tiny capabilities=[] duration_ms=3.514372 latency_reward=-1.256861 cost_weight=0.000000 cost_factor=0.400000 cost_term=0.000000 energy_weight=0.000000 energy_factor=0.600000 energy_term=0.000000 memory_weight=0.700000 memory_penalty=0.000000 memory_term=0.000000 final_reward=-1.256861
2026/07/16 16:19:25 [MAB] event=update_reward ts=1784211565065 policy=LinUCB function=mab_cost_aware_1784211544 arm=arm-tiny duration_ms=3.514372 warm_start=true mem_usage=0.000000 lambda=0.700000 reward=-1.256861
2026/07/16 16:19:25 [LB][MAB] event=before_select function=mab_cost_aware_1784211544 compatible_tags=[x86-tiny x86-tiny/gpu/nvidia arm-tiny x86-large] has_context=true
2026/07/16 16:19:25 [MAB] event=arm_score ts=1784211565285 policy=LinUCB function=mab_cost_aware_1784211544 arm=x86-tiny score=-0.993620 expected_reward=-1.047034 confidence=0.053414 mem_usage=0.000000
2026/07/16 16:19:25 [MAB] event=arm_score ts=1784211565285 policy=LinUCB function=mab_cost_aware_1784211544 arm=x86-tiny/gpu/nvidia score=-0.971872 expected_reward=-1.014493 confidence=0.042621 mem_usage=0.000000
2026/07/16 16:19:25 [MAB] event=arm_score ts=1784211565285 policy=LinUCB function=mab_cost_aware_1784211544 arm=arm-tiny score=-0.983151 expected_reward=-1.006398 confidence=0.023246 mem_usage=0.000000
2026/07/16 16:19:25 [MAB] event=arm_score ts=1784211565285 policy=LinUCB function=mab_cost_aware_1784211544 arm=x86-large score=-0.976707 expected_reward=-1.019328 confidence=0.042621 mem_usage=0.000000
2026/07/16 16:19:25 [MAB] event=select_arm ts=1784211565285 policy=LinUCB function=mab_cost_aware_1784211544 selected_arm=x86-tiny/gpu/nvidia reason=linucb_score score=-0.971872 arms=[x86-tiny,x86-tiny/gpu/nvidia,arm-tiny,x86-large]
2026/07/16 16:19:25 [LB][MAB] event=after_select function=mab_cost_aware_1784211544 selected_tag=x86-tiny/gpu/nvidia compatible_tags=[x86-tiny x86-tiny/gpu/nvidia arm-tiny x86-large]
2026/07/16 16:19:25 [MAB] event=reward_breakdown ts=1784211565289 policy=LinUCB function=mab_cost_aware_1784211544 arm=x86-tiny/gpu/nvidia base_tag=x86-tiny architecture=x86 specialization=tiny capabilities=[gpu,nvidia] duration_ms=2.786890 latency_reward=-1.024926 cost_weight=0.000000 cost_factor=1.600000 cost_term=0.000000 energy_weight=0.000000 energy_factor=1.800000 energy_term=0.000000 memory_weight=0.700000 memory_penalty=0.000000 memory_term=0.000000 final_reward=-1.024926
2026/07/16 16:19:25 [MAB] event=update_reward ts=1784211565289 policy=LinUCB function=mab_cost_aware_1784211544 arm=x86-tiny/gpu/nvidia duration_ms=2.786890 warm_start=true mem_usage=0.000000 lambda=0.700000 reward=-1.024926
2026/07/16 16:19:25 [LB][MAB] event=before_select function=mab_cost_aware_1784211544 compatible_tags=[x86-tiny x86-tiny/gpu/nvidia arm-tiny x86-large] has_context=true
2026/07/16 16:19:25 [MAB] event=arm_score ts=1784211565509 policy=LinUCB function=mab_cost_aware_1784211544 arm=x86-tiny score=-0.993620 expected_reward=-1.047034 confidence=0.053414 mem_usage=0.000000
2026/07/16 16:19:25 [MAB] event=arm_score ts=1784211565509 policy=LinUCB function=mab_cost_aware_1784211544 arm=x86-tiny/gpu/nvidia score=-0.976888 expected_reward=-1.016097 confidence=0.039208 mem_usage=0.000000
2026/07/16 16:19:25 [MAB] event=arm_score ts=1784211565509 policy=LinUCB function=mab_cost_aware_1784211544 arm=arm-tiny score=-0.983151 expected_reward=-1.006398 confidence=0.023246 mem_usage=0.000000
2026/07/16 16:19:25 [MAB] event=arm_score ts=1784211565509 policy=LinUCB function=mab_cost_aware_1784211544 arm=x86-large score=-0.976707 expected_reward=-1.019328 confidence=0.042621 mem_usage=0.000000
2026/07/16 16:19:25 [MAB] event=select_arm ts=1784211565510 policy=LinUCB function=mab_cost_aware_1784211544 selected_arm=x86-large reason=linucb_score score=-0.976707 arms=[x86-tiny,x86-tiny/gpu/nvidia,arm-tiny,x86-large]
2026/07/16 16:19:25 [LB][MAB] event=after_select function=mab_cost_aware_1784211544 selected_tag=x86-large compatible_tags=[x86-tiny x86-tiny/gpu/nvidia arm-tiny x86-large]
2026/07/16 16:19:25 [MAB] event=reward_breakdown ts=1784211565514 policy=LinUCB function=mab_cost_aware_1784211544 arm=x86-large base_tag=x86-large architecture=x86 specialization=large capabilities=[] duration_ms=3.253970 latency_reward=-1.179876 cost_weight=0.000000 cost_factor=1.200000 cost_term=0.000000 energy_weight=0.000000 energy_factor=1.200000 energy_term=0.000000 memory_weight=0.700000 memory_penalty=0.000000 memory_term=0.000000 final_reward=-1.179876
2026/07/16 16:19:25 [MAB] event=update_reward ts=1784211565514 policy=LinUCB function=mab_cost_aware_1784211544 arm=x86-large duration_ms=3.253970 warm_start=true mem_usage=0.000000 lambda=0.700000 reward=-1.179876
2026/07/16 16:19:25 [LB][MAB] event=before_select function=mab_cost_aware_1784211544 compatible_tags=[x86-tiny x86-tiny/gpu/nvidia arm-tiny x86-large] has_context=true
2026/07/16 16:19:25 [MAB] event=arm_score ts=1784211565732 policy=LinUCB function=mab_cost_aware_1784211544 arm=x86-tiny score=-0.993620 expected_reward=-1.047034 confidence=0.053414 mem_usage=0.000000
2026/07/16 16:19:25 [MAB] event=arm_score ts=1784211565732 policy=LinUCB function=mab_cost_aware_1784211544 arm=x86-tiny/gpu/nvidia score=-0.976888 expected_reward=-1.016097 confidence=0.039208 mem_usage=0.000000
2026/07/16 16:19:25 [MAB] event=arm_score ts=1784211565732 policy=LinUCB function=mab_cost_aware_1784211544 arm=arm-tiny score=-0.983151 expected_reward=-1.006398 confidence=0.023246 mem_usage=0.000000
2026/07/16 16:19:25 [MAB] event=arm_score ts=1784211565732 policy=LinUCB function=mab_cost_aware_1784211544 arm=x86-large score=-1.004800 expected_reward=-1.044009 confidence=0.039208 mem_usage=0.000000
2026/07/16 16:19:25 [MAB] event=select_arm ts=1784211565732 policy=LinUCB function=mab_cost_aware_1784211544 selected_arm=x86-tiny/gpu/nvidia reason=linucb_score score=-0.976888 arms=[x86-tiny,x86-tiny/gpu/nvidia,arm-tiny,x86-large]
2026/07/16 16:19:25 [LB][MAB] event=after_select function=mab_cost_aware_1784211544 selected_tag=x86-tiny/gpu/nvidia compatible_tags=[x86-tiny x86-tiny/gpu/nvidia arm-tiny x86-large]
2026/07/16 16:19:25 [MAB] event=reward_breakdown ts=1784211565736 policy=LinUCB function=mab_cost_aware_1784211544 arm=x86-tiny/gpu/nvidia base_tag=x86-tiny architecture=x86 specialization=tiny capabilities=[gpu,nvidia] duration_ms=2.965792 latency_reward=-1.087144 cost_weight=0.000000 cost_factor=1.600000 cost_term=0.000000 energy_weight=0.000000 energy_factor=1.800000 energy_term=0.000000 memory_weight=0.700000 memory_penalty=0.000000 memory_term=0.000000 final_reward=-1.087144
2026/07/16 16:19:25 [MAB] event=update_reward ts=1784211565736 policy=LinUCB function=mab_cost_aware_1784211544 arm=x86-tiny/gpu/nvidia duration_ms=2.965792 warm_start=true mem_usage=0.000000 lambda=0.700000 reward=-1.087144
2026/07/16 16:19:25 [LB][MAB] event=before_select function=mab_cost_aware_1784211544 compatible_tags=[x86-tiny x86-tiny/gpu/nvidia arm-tiny x86-large] has_context=true
2026/07/16 16:19:25 [MAB] event=arm_score ts=1784211565955 policy=LinUCB function=mab_cost_aware_1784211544 arm=x86-tiny score=-0.993620 expected_reward=-1.047034 confidence=0.053414 mem_usage=0.000000
2026/07/16 16:19:25 [MAB] event=arm_score ts=1784211565955 policy=LinUCB function=mab_cost_aware_1784211544 arm=x86-tiny/gpu/nvidia score=-0.989061 expected_reward=-1.025563 confidence=0.036503 mem_usage=0.000000
2026/07/16 16:19:25 [MAB] event=arm_score ts=1784211565955 policy=LinUCB function=mab_cost_aware_1784211544 arm=arm-tiny score=-0.983151 expected_reward=-1.006398 confidence=0.023246 mem_usage=0.000000
2026/07/16 16:19:25 [MAB] event=arm_score ts=1784211565955 policy=LinUCB function=mab_cost_aware_1784211544 arm=x86-large score=-1.004800 expected_reward=-1.044009 confidence=0.039208 mem_usage=0.000000
2026/07/16 16:19:25 [MAB] event=select_arm ts=1784211565955 policy=LinUCB function=mab_cost_aware_1784211544 selected_arm=arm-tiny reason=linucb_score score=-0.983151 arms=[x86-tiny,x86-tiny/gpu/nvidia,arm-tiny,x86-large]
2026/07/16 16:19:25 [LB][MAB] event=after_select function=mab_cost_aware_1784211544 selected_tag=arm-tiny compatible_tags=[x86-tiny x86-tiny/gpu/nvidia arm-tiny x86-large]
2026/07/16 16:19:25 [MAB] event=reward_breakdown ts=1784211565959 policy=LinUCB function=mab_cost_aware_1784211544 arm=arm-tiny base_tag=arm-tiny architecture=arm specialization=tiny capabilities=[] duration_ms=3.077966 latency_reward=-1.124269 cost_weight=0.000000 cost_factor=0.400000 cost_term=0.000000 energy_weight=0.000000 energy_factor=0.600000 energy_term=0.000000 memory_weight=0.700000 memory_penalty=0.000000 memory_term=0.000000 final_reward=-1.124269
2026/07/16 16:19:25 [MAB] event=update_reward ts=1784211565959 policy=LinUCB function=mab_cost_aware_1784211544 arm=arm-tiny duration_ms=3.077966 warm_start=true mem_usage=0.000000 lambda=0.700000 reward=-1.124269
2026/07/16 16:19:26 [LB][MAB] event=before_select function=mab_cost_aware_1784211544 compatible_tags=[x86-tiny x86-tiny/gpu/nvidia arm-tiny x86-large] has_context=true
2026/07/16 16:19:26 [MAB] event=arm_score ts=1784211566176 policy=LinUCB function=mab_cost_aware_1784211544 arm=x86-tiny score=-0.993620 expected_reward=-1.047034 confidence=0.053414 mem_usage=0.000000
2026/07/16 16:19:26 [MAB] event=arm_score ts=1784211566176 policy=LinUCB function=mab_cost_aware_1784211544 arm=x86-tiny/gpu/nvidia score=-0.989061 expected_reward=-1.025563 confidence=0.036503 mem_usage=0.000000
2026/07/16 16:19:26 [MAB] event=arm_score ts=1784211566176 policy=LinUCB function=mab_cost_aware_1784211544 arm=arm-tiny score=-0.989798 expected_reward=-1.012441 confidence=0.022643 mem_usage=0.000000
2026/07/16 16:19:26 [MAB] event=arm_score ts=1784211566176 policy=LinUCB function=mab_cost_aware_1784211544 arm=x86-large score=-1.004800 expected_reward=-1.044009 confidence=0.039208 mem_usage=0.000000
2026/07/16 16:19:26 [MAB] event=select_arm ts=1784211566176 policy=LinUCB function=mab_cost_aware_1784211544 selected_arm=x86-tiny/gpu/nvidia reason=linucb_score score=-0.989061 arms=[x86-tiny,x86-tiny/gpu/nvidia,arm-tiny,x86-large]
2026/07/16 16:19:26 [LB][MAB] event=after_select function=mab_cost_aware_1784211544 selected_tag=x86-tiny/gpu/nvidia compatible_tags=[x86-tiny x86-tiny/gpu/nvidia arm-tiny x86-large]
2026/07/16 16:19:26 [MAB] event=reward_breakdown ts=1784211566180 policy=LinUCB function=mab_cost_aware_1784211544 arm=x86-tiny/gpu/nvidia base_tag=x86-tiny architecture=x86 specialization=tiny capabilities=[gpu,nvidia] duration_ms=2.801976 latency_reward=-1.030325 cost_weight=0.000000 cost_factor=1.600000 cost_term=0.000000 energy_weight=0.000000 energy_factor=1.800000 energy_term=0.000000 memory_weight=0.700000 memory_penalty=0.000000 memory_term=0.000000 final_reward=-1.030325
2026/07/16 16:19:26 [MAB] event=update_reward ts=1784211566180 policy=LinUCB function=mab_cost_aware_1784211544 arm=x86-tiny/gpu/nvidia duration_ms=2.801976 warm_start=true mem_usage=0.000000 lambda=0.700000 reward=-1.030325
