2026/07/16 16:19:05 Local node id: (ROME)AoxCdXfm7uBaGrnZDUXB71784211545496523475 - x86-tiny/gpu/nvidia (arch: amd64)
2026/07/16 16:19:05 Registration for node: (ROME)AoxCdXfm7uBaGrnZDUXB71784211545496523475 - x86-tiny/gpu/nvidia
2026/07/16 16:19:05 Connecting to etcd
2026/07/16 16:19:05 Connected to etcd
2026/07/16 16:19:06 etcd connection state: READY
2026/07/16 16:19:06 etcd: connected and ready
2026/07/16 16:19:06 Registering to etcd: registry/ROME/x86-tiny/gpu/nvidia/AoxCdXfm7uBaGrnZDUXB71784211545496523475
2026/07/16 16:19:06 Configured scheduling policy: default
2026/07/16 16:19:06 Configured offloading policy: disable
2026/07/16 16:19:06 Current resources: [CPUs: 0.000000/32.000000 - Mem: 0(+0 warm)/512]
2026/07/16 16:19:06 Scheduler started.
2026/07/16 16:19:06 No remote area is configured; vertical offloading disabled
2026/07/16 16:19:06 UDP server up and listening on port 9879
⇨ http server started on [::]:1326
2026/07/16 16:19:16 Container a2f8d2e948aab339ff1ebecbdbdd0078bfcdf842ce7fa18447d58c0ed67197ac has name /ecstatic_johnson
2026/07/16 16:19:16 [mab_cost_aware_1784211544] Executing on container: a2f8d2e948aab339ff1ebecbdbdd0078bfcdf842ce7fa18447d58c0ed67197ac
2026/07/16 16:19:17 Using warm a2f8d2e948aab339ff1ebecbdbdd0078bfcdf842ce7fa18447d58c0ed67197ac for mab_cost_aware_1784211544. Now: [CPUs: 0.000000/32.000000 - Mem: 128(+0 warm)/512]
2026/07/16 16:19:17 [mab_cost_aware_1784211544] Executing on container: a2f8d2e948aab339ff1ebecbdbdd0078bfcdf842ce7fa18447d58c0ed67197ac
2026/07/16 16:19:19 Using warm a2f8d2e948aab339ff1ebecbdbdd0078bfcdf842ce7fa18447d58c0ed67197ac for mab_cost_aware_1784211544. Now: [CPUs: 0.000000/32.000000 - Mem: 128(+0 warm)/512]
2026/07/16 16:19:19 [mab_cost_aware_1784211544] Executing on container: a2f8d2e948aab339ff1ebecbdbdd0078bfcdf842ce7fa18447d58c0ed67197ac
2026/07/16 16:19:21 Using warm a2f8d2e948aab339ff1ebecbdbdd0078bfcdf842ce7fa18447d58c0ed67197ac for mab_cost_aware_1784211544. Now: [CPUs: 0.000000/32.000000 - Mem: 128(+0 warm)/512]
2026/07/16 16:19:21 [mab_cost_aware_1784211544] Executing on container: a2f8d2e948aab339ff1ebecbdbdd0078bfcdf842ce7fa18447d58c0ed67197ac
2026/07/16 16:19:21 Using warm a2f8d2e948aab339ff1ebecbdbdd0078bfcdf842ce7fa18447d58c0ed67197ac for mab_cost_aware_1784211544. Now: [CPUs: 0.000000/32.000000 - Mem: 128(+0 warm)/512]
2026/07/16 16:19:21 [mab_cost_aware_1784211544] Executing on container: a2f8d2e948aab339ff1ebecbdbdd0078bfcdf842ce7fa18447d58c0ed67197ac
2026/07/16 16:19:23 Using warm a2f8d2e948aab339ff1ebecbdbdd0078bfcdf842ce7fa18447d58c0ed67197ac for mab_cost_aware_1784211544. Now: [CPUs: 0.000000/32.000000 - Mem: 128(+0 warm)/512]
2026/07/16 16:19:23 [mab_cost_aware_1784211544] Executing on container: a2f8d2e948aab339ff1ebecbdbdd0078bfcdf842ce7fa18447d58c0ed67197ac
2026/07/16 16:19:25 Using warm a2f8d2e948aab339ff1ebecbdbdd0078bfcdf842ce7fa18447d58c0ed67197ac for mab_cost_aware_1784211544. Now: [CPUs: 0.000000/32.000000 - Mem: 128(+0 warm)/512]
2026/07/16 16:19:25 [mab_cost_aware_1784211544] Executing on container: a2f8d2e948aab339ff1ebecbdbdd0078bfcdf842ce7fa18447d58c0ed67197ac
2026/07/16 16:19:25 Using warm a2f8d2e948aab339ff1ebecbdbdd0078bfcdf842ce7fa18447d58c0ed67197ac for mab_cost_aware_1784211544. Now: [CPUs: 0.000000/32.000000 - Mem: 128(+0 warm)/512]
2026/07/16 16:19:25 [mab_cost_aware_1784211544] Executing on container: a2f8d2e948aab339ff1ebecbdbdd0078bfcdf842ce7fa18447d58c0ed67197ac
2026/07/16 16:19:26 Using warm a2f8d2e948aab339ff1ebecbdbdd0078bfcdf842ce7fa18447d58c0ed67197ac for mab_cost_aware_1784211544. Now: [CPUs: 0.000000/32.000000 - Mem: 128(+0 warm)/512]
2026/07/16 16:19:26 [mab_cost_aware_1784211544] Executing on container: a2f8d2e948aab339ff1ebecbdbdd0078bfcdf842ce7fa18447d58c0ed67197ac
