2026/07/16 16:19:05 Local node id: (ROME)UDvoTkMwCTBUDT9FmQFLQk1784211545495255558 - x86-tiny (arch: amd64)
2026/07/16 16:19:05 Registration for node: (ROME)UDvoTkMwCTBUDT9FmQFLQk1784211545495255558 - x86-tiny
2026/07/16 16:19:05 Connecting to etcd
2026/07/16 16:19:05 Connected to etcd
2026/07/16 16:19:06 etcd connection state: READY
2026/07/16 16:19:06 etcd: connected and ready
2026/07/16 16:19:06 Registering to etcd: registry/ROME/x86-tiny/UDvoTkMwCTBUDT9FmQFLQk1784211545495255558
2026/07/16 16:19:06 Configured scheduling policy: default
2026/07/16 16:19:06 Configured offloading policy: disable
2026/07/16 16:19:06 Current resources: [CPUs: 0.000000/32.000000 - Mem: 0(+0 warm)/512]
2026/07/16 16:19:06 Scheduler started.
2026/07/16 16:19:06 No remote area is configured; vertical offloading disabled
2026/07/16 16:19:06 UDP server up and listening on port 9877
⇨ http server started on [::]:1324
2026/07/16 16:19:15 New request: creation of mab_cost_aware_1784211544
2026/07/16 16:19:15 Container 331bd894d97255d016dad85749f0c9f385888a2d27dba848b0445edbc7c906bd has name /vigilant_leavitt
2026/07/16 16:19:15 [mab_cost_aware_1784211544] Executing on container: 331bd894d97255d016dad85749f0c9f385888a2d27dba848b0445edbc7c906bd
2026/07/16 16:19:16 Using warm 331bd894d97255d016dad85749f0c9f385888a2d27dba848b0445edbc7c906bd for mab_cost_aware_1784211544. Now: [CPUs: 0.000000/32.000000 - Mem: 128(+0 warm)/512]
2026/07/16 16:19:16 [mab_cost_aware_1784211544] Executing on container: 331bd894d97255d016dad85749f0c9f385888a2d27dba848b0445edbc7c906bd
2026/07/16 16:19:20 Using warm 331bd894d97255d016dad85749f0c9f385888a2d27dba848b0445edbc7c906bd for mab_cost_aware_1784211544. Now: [CPUs: 0.000000/32.000000 - Mem: 128(+0 warm)/512]
2026/07/16 16:19:20 [mab_cost_aware_1784211544] Executing on container: 331bd894d97255d016dad85749f0c9f385888a2d27dba848b0445edbc7c906bd
2026/07/16 16:19:22 Using warm 331bd894d97255d016dad85749f0c9f385888a2d27dba848b0445edbc7c906bd for mab_cost_aware_1784211544. Now: [CPUs: 0.000000/32.000000 - Mem: 128(+0 warm)/512]
2026/07/16 16:19:22 [mab_cost_aware_1784211544] Executing on container: 331bd894d97255d016dad85749f0c9f385888a2d27dba848b0445edbc7c906bd
