2026/07/16 16:19:05 Local node id: (ROME)kRmRfMfqybNY7sydsyeh9Z1784211545496506618 - x86-large (arch: amd64)
2026/07/16 16:19:05 Registration for node: (ROME)kRmRfMfqybNY7sydsyeh9Z1784211545496506618 - x86-large
2026/07/16 16:19:05 Connecting to etcd
2026/07/16 16:19:05 Connected to etcd
2026/07/16 16:19:06 etcd connection state: READY
2026/07/16 16:19:06 etcd: connected and ready
2026/07/16 16:19:06 Registering to etcd: registry/ROME/x86-large/kRmRfMfqybNY7sydsyeh9Z1784211545496506618
2026/07/16 16:19:06 Configured scheduling policy: default
2026/07/16 16:19:06 Configured offloading policy: disable
2026/07/16 16:19:06 Current resources: [CPUs: 0.000000/32.000000 - Mem: 0(+0 warm)/512]
2026/07/16 16:19:06 Scheduler started.
2026/07/16 16:19:06 No remote area is configured; vertical offloading disabled
2026/07/16 16:19:06 UDP server up and listening on port 9878
⇨ http server started on [::]:1325
2026/07/16 16:19:18 Container 667f29a81e26d53dccd38c5f77aa7fe60b3569b4518f81707d9d40676811f991 has name /loving_lalande
2026/07/16 16:19:18 [mab_cost_aware_1784211544] Executing on container: 667f29a81e26d53dccd38c5f77aa7fe60b3569b4518f81707d9d40676811f991
2026/07/16 16:19:19 Using warm 667f29a81e26d53dccd38c5f77aa7fe60b3569b4518f81707d9d40676811f991 for mab_cost_aware_1784211544. Now: [CPUs: 0.000000/32.000000 - Mem: 128(+0 warm)/512]
2026/07/16 16:19:19 [mab_cost_aware_1784211544] Executing on container: 667f29a81e26d53dccd38c5f77aa7fe60b3569b4518f81707d9d40676811f991
2026/07/16 16:19:19 Using warm 667f29a81e26d53dccd38c5f77aa7fe60b3569b4518f81707d9d40676811f991 for mab_cost_aware_1784211544. Now: [CPUs: 0.000000/32.000000 - Mem: 128(+0 warm)/512]
2026/07/16 16:19:19 [mab_cost_aware_1784211544] Executing on container: 667f29a81e26d53dccd38c5f77aa7fe60b3569b4518f81707d9d40676811f991
2026/07/16 16:19:19 Using warm 667f29a81e26d53dccd38c5f77aa7fe60b3569b4518f81707d9d40676811f991 for mab_cost_aware_1784211544. Now: [CPUs: 0.000000/32.000000 - Mem: 128(+0 warm)/512]
2026/07/16 16:19:19 [mab_cost_aware_1784211544] Executing on container: 667f29a81e26d53dccd38c5f77aa7fe60b3569b4518f81707d9d40676811f991
2026/07/16 16:19:21 Using warm 667f29a81e26d53dccd38c5f77aa7fe60b3569b4518f81707d9d40676811f991 for mab_cost_aware_1784211544. Now: [CPUs: 0.000000/32.000000 - Mem: 128(+0 warm)/512]
2026/07/16 16:19:21 [mab_cost_aware_1784211544] Executing on container: 667f29a81e26d53dccd38c5f77aa7fe60b3569b4518f81707d9d40676811f991
2026/07/16 16:19:22 Using warm 667f29a81e26d53dccd38c5f77aa7fe60b3569b4518f81707d9d40676811f991 for mab_cost_aware_1784211544. Now: [CPUs: 0.000000/32.000000 - Mem: 128(+0 warm)/512]
2026/07/16 16:19:22 [mab_cost_aware_1784211544] Executing on container: 667f29a81e26d53dccd38c5f77aa7fe60b3569b4518f81707d9d40676811f991
2026/07/16 16:19:25 Using warm 667f29a81e26d53dccd38c5f77aa7fe60b3569b4518f81707d9d40676811f991 for mab_cost_aware_1784211544. Now: [CPUs: 0.000000/32.000000 - Mem: 128(+0 warm)/512]
2026/07/16 16:19:25 [mab_cost_aware_1784211544] Executing on container: 667f29a81e26d53dccd38c5f77aa7fe60b3569b4518f81707d9d40676811f991
