2026/07/16 16:19:05 Local node id: (ROME)yZFYreZ2VaYmo55TWwGQed1784211545501023593 - arm-tiny (arch: amd64)
2026/07/16 16:19:05 Registration for node: (ROME)yZFYreZ2VaYmo55TWwGQed1784211545501023593 - arm-tiny
2026/07/16 16:19:05 Connecting to etcd
2026/07/16 16:19:05 Connected to etcd
2026/07/16 16:19:06 etcd connection state: READY
2026/07/16 16:19:06 etcd: connected and ready
2026/07/16 16:19:06 Registering to etcd: registry/ROME/arm-tiny/yZFYreZ2VaYmo55TWwGQed1784211545501023593
2026/07/16 16:19:06 Configured scheduling policy: default
2026/07/16 16:19:06 Configured offloading policy: disable
2026/07/16 16:19:06 Current resources: [CPUs: 0.000000/32.000000 - Mem: 0(+0 warm)/512]
2026/07/16 16:19:06 Scheduler started.
2026/07/16 16:19:06 No remote area is configured; vertical offloading disabled
2026/07/16 16:19:06 UDP server up and listening on port 9880
⇨ http server started on [::]:1327
2026/07/16 16:19:17 Container 0d35ab61d52d4d3fb6ef5127e7d962f7b40a4cdc940e8d0ecabc8f7af05b7679 has name /upbeat_mcclintock
2026/07/16 16:19:17 [mab_cost_aware_1784211544] Executing on container: 0d35ab61d52d4d3fb6ef5127e7d962f7b40a4cdc940e8d0ecabc8f7af05b7679
2026/07/16 16:19:18 Using warm 0d35ab61d52d4d3fb6ef5127e7d962f7b40a4cdc940e8d0ecabc8f7af05b7679 for mab_cost_aware_1784211544. Now: [CPUs: 0.000000/32.000000 - Mem: 128(+0 warm)/512]
2026/07/16 16:19:18 [mab_cost_aware_1784211544] Executing on container: 0d35ab61d52d4d3fb6ef5127e7d962f7b40a4cdc940e8d0ecabc8f7af05b7679
2026/07/16 16:19:19 Using warm 0d35ab61d52d4d3fb6ef5127e7d962f7b40a4cdc940e8d0ecabc8f7af05b7679 for mab_cost_aware_1784211544. Now: [CPUs: 0.000000/32.000000 - Mem: 128(+0 warm)/512]
2026/07/16 16:19:19 [mab_cost_aware_1784211544] Executing on container: 0d35ab61d52d4d3fb6ef5127e7d962f7b40a4cdc940e8d0ecabc8f7af05b7679
2026/07/16 16:19:20 Using warm 0d35ab61d52d4d3fb6ef5127e7d962f7b40a4cdc940e8d0ecabc8f7af05b7679 for mab_cost_aware_1784211544. Now: [CPUs: 0.000000/32.000000 - Mem: 128(+0 warm)/512]
2026/07/16 16:19:20 [mab_cost_aware_1784211544] Executing on container: 0d35ab61d52d4d3fb6ef5127e7d962f7b40a4cdc940e8d0ecabc8f7af05b7679
2026/07/16 16:19:20 Using warm 0d35ab61d52d4d3fb6ef5127e7d962f7b40a4cdc940e8d0ecabc8f7af05b7679 for mab_cost_aware_1784211544. Now: [CPUs: 0.000000/32.000000 - Mem: 128(+0 warm)/512]
2026/07/16 16:19:20 [mab_cost_aware_1784211544] Executing on container: 0d35ab61d52d4d3fb6ef5127e7d962f7b40a4cdc940e8d0ecabc8f7af05b7679
2026/07/16 16:19:20 Using warm 0d35ab61d52d4d3fb6ef5127e7d962f7b40a4cdc940e8d0ecabc8f7af05b7679 for mab_cost_aware_1784211544. Now: [CPUs: 0.000000/32.000000 - Mem: 128(+0 warm)/512]
2026/07/16 16:19:20 [mab_cost_aware_1784211544] Executing on container: 0d35ab61d52d4d3fb6ef5127e7d962f7b40a4cdc940e8d0ecabc8f7af05b7679
2026/07/16 16:19:21 Using warm 0d35ab61d52d4d3fb6ef5127e7d962f7b40a4cdc940e8d0ecabc8f7af05b7679 for mab_cost_aware_1784211544. Now: [CPUs: 0.000000/32.000000 - Mem: 128(+0 warm)/512]
2026/07/16 16:19:21 [mab_cost_aware_1784211544] Executing on container: 0d35ab61d52d4d3fb6ef5127e7d962f7b40a4cdc940e8d0ecabc8f7af05b7679
2026/07/16 16:19:21 Using warm 0d35ab61d52d4d3fb6ef5127e7d962f7b40a4cdc940e8d0ecabc8f7af05b7679 for mab_cost_aware_1784211544. Now: [CPUs: 0.000000/32.000000 - Mem: 128(+0 warm)/512]
2026/07/16 16:19:21 [mab_cost_aware_1784211544] Executing on container: 0d35ab61d52d4d3fb6ef5127e7d962f7b40a4cdc940e8d0ecabc8f7af05b7679
2026/07/16 16:19:22 Using warm 0d35ab61d52d4d3fb6ef5127e7d962f7b40a4cdc940e8d0ecabc8f7af05b7679 for mab_cost_aware_1784211544. Now: [CPUs: 0.000000/32.000000 - Mem: 128(+0 warm)/512]
2026/07/16 16:19:22 [mab_cost_aware_1784211544] Executing on container: 0d35ab61d52d4d3fb6ef5127e7d962f7b40a4cdc940e8d0ecabc8f7af05b7679
2026/07/16 16:19:22 Using warm 0d35ab61d52d4d3fb6ef5127e7d962f7b40a4cdc940e8d0ecabc8f7af05b7679 for mab_cost_aware_1784211544. Now: [CPUs: 0.000000/32.000000 - Mem: 128(+0 warm)/512]
2026/07/16 16:19:22 [mab_cost_aware_1784211544] Executing on container: 0d35ab61d52d4d3fb6ef5127e7d962f7b40a4cdc940e8d0ecabc8f7af05b7679
2026/07/16 16:19:23 Using warm 0d35ab61d52d4d3fb6ef5127e7d962f7b40a4cdc940e8d0ecabc8f7af05b7679 for mab_cost_aware_1784211544. Now: [CPUs: 0.000000/32.000000 - Mem: 128(+0 warm)/512]
2026/07/16 16:19:23 [mab_cost_aware_1784211544] Executing on container: 0d35ab61d52d4d3fb6ef5127e7d962f7b40a4cdc940e8d0ecabc8f7af05b7679
2026/07/16 16:19:23 Using warm 0d35ab61d52d4d3fb6ef5127e7d962f7b40a4cdc940e8d0ecabc8f7af05b7679 for mab_cost_aware_1784211544. Now: [CPUs: 0.000000/32.000000 - Mem: 128(+0 warm)/512]
2026/07/16 16:19:23 [mab_cost_aware_1784211544] Executing on container: 0d35ab61d52d4d3fb6ef5127e7d962f7b40a4cdc940e8d0ecabc8f7af05b7679
2026/07/16 16:19:23 Using warm 0d35ab61d52d4d3fb6ef5127e7d962f7b40a4cdc940e8d0ecabc8f7af05b7679 for mab_cost_aware_1784211544. Now: [CPUs: 0.000000/32.000000 - Mem: 128(+0 warm)/512]
2026/07/16 16:19:23 [mab_cost_aware_1784211544] Executing on container: 0d35ab61d52d4d3fb6ef5127e7d962f7b40a4cdc940e8d0ecabc8f7af05b7679
2026/07/16 16:19:23 Using warm 0d35ab61d52d4d3fb6ef5127e7d962f7b40a4cdc940e8d0ecabc8f7af05b7679 for mab_cost_aware_1784211544. Now: [CPUs: 0.000000/32.000000 - Mem: 128(+0 warm)/512]
2026/07/16 16:19:23 [mab_cost_aware_1784211544] Executing on container: 0d35ab61d52d4d3fb6ef5127e7d962f7b40a4cdc940e8d0ecabc8f7af05b7679
2026/07/16 16:19:24 Using warm 0d35ab61d52d4d3fb6ef5127e7d962f7b40a4cdc940e8d0ecabc8f7af05b7679 for mab_cost_aware_1784211544. Now: [CPUs: 0.000000/32.000000 - Mem: 128(+0 warm)/512]
2026/07/16 16:19:24 [mab_cost_aware_1784211544] Executing on container: 0d35ab61d52d4d3fb6ef5127e7d962f7b40a4cdc940e8d0ecabc8f7af05b7679
2026/07/16 16:19:24 Using warm 0d35ab61d52d4d3fb6ef5127e7d962f7b40a4cdc940e8d0ecabc8f7af05b7679 for mab_cost_aware_1784211544. Now: [CPUs: 0.000000/32.000000 - Mem: 128(+0 warm)/512]
2026/07/16 16:19:24 [mab_cost_aware_1784211544] Executing on container: 0d35ab61d52d4d3fb6ef5127e7d962f7b40a4cdc940e8d0ecabc8f7af05b7679
2026/07/16 16:19:24 Using warm 0d35ab61d52d4d3fb6ef5127e7d962f7b40a4cdc940e8d0ecabc8f7af05b7679 for mab_cost_aware_1784211544. Now: [CPUs: 0.000000/32.000000 - Mem: 128(+0 warm)/512]
2026/07/16 16:19:24 [mab_cost_aware_1784211544] Executing on container: 0d35ab61d52d4d3fb6ef5127e7d962f7b40a4cdc940e8d0ecabc8f7af05b7679
2026/07/16 16:19:24 Using warm 0d35ab61d52d4d3fb6ef5127e7d962f7b40a4cdc940e8d0ecabc8f7af05b7679 for mab_cost_aware_1784211544. Now: [CPUs: 0.000000/32.000000 - Mem: 128(+0 warm)/512]
2026/07/16 16:19:24 [mab_cost_aware_1784211544] Executing on container: 0d35ab61d52d4d3fb6ef5127e7d962f7b40a4cdc940e8d0ecabc8f7af05b7679
2026/07/16 16:19:25 Using warm 0d35ab61d52d4d3fb6ef5127e7d962f7b40a4cdc940e8d0ecabc8f7af05b7679 for mab_cost_aware_1784211544. Now: [CPUs: 0.000000/32.000000 - Mem: 128(+0 warm)/512]
2026/07/16 16:19:25 [mab_cost_aware_1784211544] Executing on container: 0d35ab61d52d4d3fb6ef5127e7d962f7b40a4cdc940e8d0ecabc8f7af05b7679
2026/07/16 16:19:25 Using warm 0d35ab61d52d4d3fb6ef5127e7d962f7b40a4cdc940e8d0ecabc8f7af05b7679 for mab_cost_aware_1784211544. Now: [CPUs: 0.000000/32.000000 - Mem: 128(+0 warm)/512]
2026/07/16 16:19:25 [mab_cost_aware_1784211544] Executing on container: 0d35ab61d52d4d3fb6ef5127e7d962f7b40a4cdc940e8d0ecabc8f7af05b7679
