2026/07/16 16:39:36 Local node id: (ROME)6rHEgVAqQqwe4LoCgnNLXg1784212776406631102 - x86-large/gpu/amd (arch: amd64)
2026/07/16 16:39:36 Registration for node: (ROME)6rHEgVAqQqwe4LoCgnNLXg1784212776406631102 - x86-large/gpu/amd
2026/07/16 16:39:36 Connecting to etcd
2026/07/16 16:39:36 Connected to etcd
2026/07/16 16:39:36 etcd connection state: READY
2026/07/16 16:39:36 etcd: connected and ready
2026/07/16 16:39:36 Registering to etcd: registry/ROME/x86-large/gpu/amd/6rHEgVAqQqwe4LoCgnNLXg1784212776406631102
2026/07/16 16:39:36 Configured scheduling policy: default
2026/07/16 16:39:36 Configured offloading policy: disable
2026/07/16 16:39:36 Current resources: [CPUs: 0.000000/32.000000 - Mem: 0(+0 warm)/512]
2026/07/16 16:39:36 Scheduler started.
2026/07/16 16:39:36 No remote area is configured; vertical offloading disabled
2026/07/16 16:39:36 UDP server up and listening on port 9878
⇨ http server started on [::]:1325
2026/07/16 16:39:47 Container fcd8d717d41b4bc0200e9a4d80c1b26d57b892cf14954781ec4f464d88149b00 has name /hungry_jang
2026/07/16 16:39:47 [mab_cost_aware_1784212775] Executing on container: fcd8d717d41b4bc0200e9a4d80c1b26d57b892cf14954781ec4f464d88149b00
2026/07/16 16:39:48 Using warm fcd8d717d41b4bc0200e9a4d80c1b26d57b892cf14954781ec4f464d88149b00 for mab_cost_aware_1784212775. Now: [CPUs: 0.000000/32.000000 - Mem: 128(+0 warm)/512]
2026/07/16 16:39:48 [mab_cost_aware_1784212775] Executing on container: fcd8d717d41b4bc0200e9a4d80c1b26d57b892cf14954781ec4f464d88149b00
2026/07/16 16:39:48 Using warm fcd8d717d41b4bc0200e9a4d80c1b26d57b892cf14954781ec4f464d88149b00 for mab_cost_aware_1784212775. Now: [CPUs: 0.000000/32.000000 - Mem: 128(+0 warm)/512]
2026/07/16 16:39:48 [mab_cost_aware_1784212775] Executing on container: fcd8d717d41b4bc0200e9a4d80c1b26d57b892cf14954781ec4f464d88149b00
2026/07/16 16:39:48 Using warm fcd8d717d41b4bc0200e9a4d80c1b26d57b892cf14954781ec4f464d88149b00 for mab_cost_aware_1784212775. Now: [CPUs: 0.000000/32.000000 - Mem: 128(+0 warm)/512]
2026/07/16 16:39:48 [mab_cost_aware_1784212775] Executing on container: fcd8d717d41b4bc0200e9a4d80c1b26d57b892cf14954781ec4f464d88149b00
2026/07/16 16:39:48 Using warm fcd8d717d41b4bc0200e9a4d80c1b26d57b892cf14954781ec4f464d88149b00 for mab_cost_aware_1784212775. Now: [CPUs: 0.000000/32.000000 - Mem: 128(+0 warm)/512]
2026/07/16 16:39:48 [mab_cost_aware_1784212775] Executing on container: fcd8d717d41b4bc0200e9a4d80c1b26d57b892cf14954781ec4f464d88149b00
2026/07/16 16:39:49 Using warm fcd8d717d41b4bc0200e9a4d80c1b26d57b892cf14954781ec4f464d88149b00 for mab_cost_aware_1784212775. Now: [CPUs: 0.000000/32.000000 - Mem: 128(+0 warm)/512]
2026/07/16 16:39:49 [mab_cost_aware_1784212775] Executing on container: fcd8d717d41b4bc0200e9a4d80c1b26d57b892cf14954781ec4f464d88149b00
2026/07/16 16:39:49 Using warm fcd8d717d41b4bc0200e9a4d80c1b26d57b892cf14954781ec4f464d88149b00 for mab_cost_aware_1784212775. Now: [CPUs: 0.000000/32.000000 - Mem: 128(+0 warm)/512]
2026/07/16 16:39:49 [mab_cost_aware_1784212775] Executing on container: fcd8d717d41b4bc0200e9a4d80c1b26d57b892cf14954781ec4f464d88149b00
2026/07/16 16:39:49 Using warm fcd8d717d41b4bc0200e9a4d80c1b26d57b892cf14954781ec4f464d88149b00 for mab_cost_aware_1784212775. Now: [CPUs: 0.000000/32.000000 - Mem: 128(+0 warm)/512]
2026/07/16 16:39:49 [mab_cost_aware_1784212775] Executing on container: fcd8d717d41b4bc0200e9a4d80c1b26d57b892cf14954781ec4f464d88149b00
2026/07/16 16:39:50 Using warm fcd8d717d41b4bc0200e9a4d80c1b26d57b892cf14954781ec4f464d88149b00 for mab_cost_aware_1784212775. Now: [CPUs: 0.000000/32.000000 - Mem: 128(+0 warm)/512]
2026/07/16 16:39:50 [mab_cost_aware_1784212775] Executing on container: fcd8d717d41b4bc0200e9a4d80c1b26d57b892cf14954781ec4f464d88149b00
2026/07/16 16:39:50 Using warm fcd8d717d41b4bc0200e9a4d80c1b26d57b892cf14954781ec4f464d88149b00 for mab_cost_aware_1784212775. Now: [CPUs: 0.000000/32.000000 - Mem: 128(+0 warm)/512]
2026/07/16 16:39:50 [mab_cost_aware_1784212775] Executing on container: fcd8d717d41b4bc0200e9a4d80c1b26d57b892cf14954781ec4f464d88149b00
2026/07/16 16:39:51 Using warm fcd8d717d41b4bc0200e9a4d80c1b26d57b892cf14954781ec4f464d88149b00 for mab_cost_aware_1784212775. Now: [CPUs: 0.000000/32.000000 - Mem: 128(+0 warm)/512]
2026/07/16 16:39:51 [mab_cost_aware_1784212775] Executing on container: fcd8d717d41b4bc0200e9a4d80c1b26d57b892cf14954781ec4f464d88149b00
2026/07/16 16:39:51 Using warm fcd8d717d41b4bc0200e9a4d80c1b26d57b892cf14954781ec4f464d88149b00 for mab_cost_aware_1784212775. Now: [CPUs: 0.000000/32.000000 - Mem: 128(+0 warm)/512]
2026/07/16 16:39:51 [mab_cost_aware_1784212775] Executing on container: fcd8d717d41b4bc0200e9a4d80c1b26d57b892cf14954781ec4f464d88149b00
2026/07/16 16:39:51 Using warm fcd8d717d41b4bc0200e9a4d80c1b26d57b892cf14954781ec4f464d88149b00 for mab_cost_aware_1784212775. Now: [CPUs: 0.000000/32.000000 - Mem: 128(+0 warm)/512]
2026/07/16 16:39:51 [mab_cost_aware_1784212775] Executing on container: fcd8d717d41b4bc0200e9a4d80c1b26d57b892cf14954781ec4f464d88149b00
2026/07/16 16:39:53 Using warm fcd8d717d41b4bc0200e9a4d80c1b26d57b892cf14954781ec4f464d88149b00 for mab_cost_aware_1784212775. Now: [CPUs: 0.000000/32.000000 - Mem: 128(+0 warm)/512]
2026/07/16 16:39:53 [mab_cost_aware_1784212775] Executing on container: fcd8d717d41b4bc0200e9a4d80c1b26d57b892cf14954781ec4f464d88149b00
2026/07/16 16:39:53 Using warm fcd8d717d41b4bc0200e9a4d80c1b26d57b892cf14954781ec4f464d88149b00 for mab_cost_aware_1784212775. Now: [CPUs: 0.000000/32.000000 - Mem: 128(+0 warm)/512]
2026/07/16 16:39:53 [mab_cost_aware_1784212775] Executing on container: fcd8d717d41b4bc0200e9a4d80c1b26d57b892cf14954781ec4f464d88149b00
2026/07/16 16:39:53 Using warm fcd8d717d41b4bc0200e9a4d80c1b26d57b892cf14954781ec4f464d88149b00 for mab_cost_aware_1784212775. Now: [CPUs: 0.000000/32.000000 - Mem: 128(+0 warm)/512]
2026/07/16 16:39:53 [mab_cost_aware_1784212775] Executing on container: fcd8d717d41b4bc0200e9a4d80c1b26d57b892cf14954781ec4f464d88149b00
2026/07/16 16:39:54 Using warm fcd8d717d41b4bc0200e9a4d80c1b26d57b892cf14954781ec4f464d88149b00 for mab_cost_aware_1784212775. Now: [CPUs: 0.000000/32.000000 - Mem: 128(+0 warm)/512]
2026/07/16 16:39:54 [mab_cost_aware_1784212775] Executing on container: fcd8d717d41b4bc0200e9a4d80c1b26d57b892cf14954781ec4f464d88149b00
2026/07/16 16:39:54 Using warm fcd8d717d41b4bc0200e9a4d80c1b26d57b892cf14954781ec4f464d88149b00 for mab_cost_aware_1784212775. Now: [CPUs: 0.000000/32.000000 - Mem: 128(+0 warm)/512]
2026/07/16 16:39:54 [mab_cost_aware_1784212775] Executing on container: fcd8d717d41b4bc0200e9a4d80c1b26d57b892cf14954781ec4f464d88149b00
2026/07/16 16:39:54 Using warm fcd8d717d41b4bc0200e9a4d80c1b26d57b892cf14954781ec4f464d88149b00 for mab_cost_aware_1784212775. Now: [CPUs: 0.000000/32.000000 - Mem: 128(+0 warm)/512]
2026/07/16 16:39:54 [mab_cost_aware_1784212775] Executing on container: fcd8d717d41b4bc0200e9a4d80c1b26d57b892cf14954781ec4f464d88149b00
2026/07/16 16:39:54 Using warm fcd8d717d41b4bc0200e9a4d80c1b26d57b892cf14954781ec4f464d88149b00 for mab_cost_aware_1784212775. Now: [CPUs: 0.000000/32.000000 - Mem: 128(+0 warm)/512]
2026/07/16 16:39:54 [mab_cost_aware_1784212775] Executing on container: fcd8d717d41b4bc0200e9a4d80c1b26d57b892cf14954781ec4f464d88149b00
2026/07/16 16:39:55 Using warm fcd8d717d41b4bc0200e9a4d80c1b26d57b892cf14954781ec4f464d88149b00 for mab_cost_aware_1784212775. Now: [CPUs: 0.000000/32.000000 - Mem: 128(+0 warm)/512]
2026/07/16 16:39:55 [mab_cost_aware_1784212775] Executing on container: fcd8d717d41b4bc0200e9a4d80c1b26d57b892cf14954781ec4f464d88149b00
2026/07/16 16:39:55 Using warm fcd8d717d41b4bc0200e9a4d80c1b26d57b892cf14954781ec4f464d88149b00 for mab_cost_aware_1784212775. Now: [CPUs: 0.000000/32.000000 - Mem: 128(+0 warm)/512]
2026/07/16 16:39:55 [mab_cost_aware_1784212775] Executing on container: fcd8d717d41b4bc0200e9a4d80c1b26d57b892cf14954781ec4f464d88149b00
2026/07/16 16:39:55 Using warm fcd8d717d41b4bc0200e9a4d80c1b26d57b892cf14954781ec4f464d88149b00 for mab_cost_aware_1784212775. Now: [CPUs: 0.000000/32.000000 - Mem: 128(+0 warm)/512]
2026/07/16 16:39:55 [mab_cost_aware_1784212775] Executing on container: fcd8d717d41b4bc0200e9a4d80c1b26d57b892cf14954781ec4f464d88149b00
2026/07/16 16:39:55 Using warm fcd8d717d41b4bc0200e9a4d80c1b26d57b892cf14954781ec4f464d88149b00 for mab_cost_aware_1784212775. Now: [CPUs: 0.000000/32.000000 - Mem: 128(+0 warm)/512]
2026/07/16 16:39:55 [mab_cost_aware_1784212775] Executing on container: fcd8d717d41b4bc0200e9a4d80c1b26d57b892cf14954781ec4f464d88149b00
2026/07/16 16:39:55 Using warm fcd8d717d41b4bc0200e9a4d80c1b26d57b892cf14954781ec4f464d88149b00 for mab_cost_aware_1784212775. Now: [CPUs: 0.000000/32.000000 - Mem: 128(+0 warm)/512]
2026/07/16 16:39:55 [mab_cost_aware_1784212775] Executing on container: fcd8d717d41b4bc0200e9a4d80c1b26d57b892cf14954781ec4f464d88149b00
2026/07/16 16:39:56 Using warm fcd8d717d41b4bc0200e9a4d80c1b26d57b892cf14954781ec4f464d88149b00 for mab_cost_aware_1784212775. Now: [CPUs: 0.000000/32.000000 - Mem: 128(+0 warm)/512]
2026/07/16 16:39:56 [mab_cost_aware_1784212775] Executing on container: fcd8d717d41b4bc0200e9a4d80c1b26d57b892cf14954781ec4f464d88149b00
