2026/07/16 16:39:36 Local node id: (ROME)fL8hSEQbVS9m4dxEdThTyM1784212776407587309 - x86-tiny/gpu/nvidia (arch: amd64)
2026/07/16 16:39:36 Registration for node: (ROME)fL8hSEQbVS9m4dxEdThTyM1784212776407587309 - x86-tiny/gpu/nvidia
2026/07/16 16:39:36 Connecting to etcd
2026/07/16 16:39:36 Connected to etcd
2026/07/16 16:39:36 etcd connection state: READY
2026/07/16 16:39:36 etcd: connected and ready
2026/07/16 16:39:36 Registering to etcd: registry/ROME/x86-tiny/gpu/nvidia/fL8hSEQbVS9m4dxEdThTyM1784212776407587309
2026/07/16 16:39:36 Configured scheduling policy: default
2026/07/16 16:39:36 Configured offloading policy: disable
2026/07/16 16:39:36 Current resources: [CPUs: 0.000000/32.000000 - Mem: 0(+0 warm)/512]
2026/07/16 16:39:36 Scheduler started.
2026/07/16 16:39:36 No remote area is configured; vertical offloading disabled
2026/07/16 16:39:36 UDP server up and listening on port 9879
⇨ http server started on [::]:1326
2026/07/16 16:39:46 Container 2772fa8a01f48662e3c5abe4737e7417b2680e9eaba3482b759899ae7fcb1ac1 has name /charming_bohr
2026/07/16 16:39:46 [mab_cost_aware_1784212775] Executing on container: 2772fa8a01f48662e3c5abe4737e7417b2680e9eaba3482b759899ae7fcb1ac1
2026/07/16 16:39:47 Using warm 2772fa8a01f48662e3c5abe4737e7417b2680e9eaba3482b759899ae7fcb1ac1 for mab_cost_aware_1784212775. Now: [CPUs: 0.000000/32.000000 - Mem: 128(+0 warm)/512]
2026/07/16 16:39:47 [mab_cost_aware_1784212775] Executing on container: 2772fa8a01f48662e3c5abe4737e7417b2680e9eaba3482b759899ae7fcb1ac1
2026/07/16 16:39:48 Using warm 2772fa8a01f48662e3c5abe4737e7417b2680e9eaba3482b759899ae7fcb1ac1 for mab_cost_aware_1784212775. Now: [CPUs: 0.000000/32.000000 - Mem: 128(+0 warm)/512]
2026/07/16 16:39:48 [mab_cost_aware_1784212775] Executing on container: 2772fa8a01f48662e3c5abe4737e7417b2680e9eaba3482b759899ae7fcb1ac1
2026/07/16 16:39:49 Using warm 2772fa8a01f48662e3c5abe4737e7417b2680e9eaba3482b759899ae7fcb1ac1 for mab_cost_aware_1784212775. Now: [CPUs: 0.000000/32.000000 - Mem: 128(+0 warm)/512]
2026/07/16 16:39:49 [mab_cost_aware_1784212775] Executing on container: 2772fa8a01f48662e3c5abe4737e7417b2680e9eaba3482b759899ae7fcb1ac1
2026/07/16 16:39:50 Using warm 2772fa8a01f48662e3c5abe4737e7417b2680e9eaba3482b759899ae7fcb1ac1 for mab_cost_aware_1784212775. Now: [CPUs: 0.000000/32.000000 - Mem: 128(+0 warm)/512]
2026/07/16 16:39:50 [mab_cost_aware_1784212775] Executing on container: 2772fa8a01f48662e3c5abe4737e7417b2680e9eaba3482b759899ae7fcb1ac1
2026/07/16 16:39:50 Using warm 2772fa8a01f48662e3c5abe4737e7417b2680e9eaba3482b759899ae7fcb1ac1 for mab_cost_aware_1784212775. Now: [CPUs: 0.000000/32.000000 - Mem: 128(+0 warm)/512]
2026/07/16 16:39:50 [mab_cost_aware_1784212775] Executing on container: 2772fa8a01f48662e3c5abe4737e7417b2680e9eaba3482b759899ae7fcb1ac1
2026/07/16 16:39:50 Using warm 2772fa8a01f48662e3c5abe4737e7417b2680e9eaba3482b759899ae7fcb1ac1 for mab_cost_aware_1784212775. Now: [CPUs: 0.000000/32.000000 - Mem: 128(+0 warm)/512]
2026/07/16 16:39:50 [mab_cost_aware_1784212775] Executing on container: 2772fa8a01f48662e3c5abe4737e7417b2680e9eaba3482b759899ae7fcb1ac1
2026/07/16 16:39:51 Using warm 2772fa8a01f48662e3c5abe4737e7417b2680e9eaba3482b759899ae7fcb1ac1 for mab_cost_aware_1784212775. Now: [CPUs: 0.000000/32.000000 - Mem: 128(+0 warm)/512]
2026/07/16 16:39:51 [mab_cost_aware_1784212775] Executing on container: 2772fa8a01f48662e3c5abe4737e7417b2680e9eaba3482b759899ae7fcb1ac1
2026/07/16 16:39:52 Using warm 2772fa8a01f48662e3c5abe4737e7417b2680e9eaba3482b759899ae7fcb1ac1 for mab_cost_aware_1784212775. Now: [CPUs: 0.000000/32.000000 - Mem: 128(+0 warm)/512]
2026/07/16 16:39:52 [mab_cost_aware_1784212775] Executing on container: 2772fa8a01f48662e3c5abe4737e7417b2680e9eaba3482b759899ae7fcb1ac1
2026/07/16 16:39:52 Using warm 2772fa8a01f48662e3c5abe4737e7417b2680e9eaba3482b759899ae7fcb1ac1 for mab_cost_aware_1784212775. Now: [CPUs: 0.000000/32.000000 - Mem: 128(+0 warm)/512]
2026/07/16 16:39:52 [mab_cost_aware_1784212775] Executing on container: 2772fa8a01f48662e3c5abe4737e7417b2680e9eaba3482b759899ae7fcb1ac1
2026/07/16 16:39:52 Using warm 2772fa8a01f48662e3c5abe4737e7417b2680e9eaba3482b759899ae7fcb1ac1 for mab_cost_aware_1784212775. Now: [CPUs: 0.000000/32.000000 - Mem: 128(+0 warm)/512]
2026/07/16 16:39:52 [mab_cost_aware_1784212775] Executing on container: 2772fa8a01f48662e3c5abe4737e7417b2680e9eaba3482b759899ae7fcb1ac1
2026/07/16 16:39:52 Using warm 2772fa8a01f48662e3c5abe4737e7417b2680e9eaba3482b759899ae7fcb1ac1 for mab_cost_aware_1784212775. Now: [CPUs: 0.000000/32.000000 - Mem: 128(+0 warm)/512]
2026/07/16 16:39:52 [mab_cost_aware_1784212775] Executing on container: 2772fa8a01f48662e3c5abe4737e7417b2680e9eaba3482b759899ae7fcb1ac1
2026/07/16 16:39:53 Using warm 2772fa8a01f48662e3c5abe4737e7417b2680e9eaba3482b759899ae7fcb1ac1 for mab_cost_aware_1784212775. Now: [CPUs: 0.000000/32.000000 - Mem: 128(+0 warm)/512]
2026/07/16 16:39:53 [mab_cost_aware_1784212775] Executing on container: 2772fa8a01f48662e3c5abe4737e7417b2680e9eaba3482b759899ae7fcb1ac1
2026/07/16 16:39:53 Using warm 2772fa8a01f48662e3c5abe4737e7417b2680e9eaba3482b759899ae7fcb1ac1 for mab_cost_aware_1784212775. Now: [CPUs: 0.000000/32.000000 - Mem: 128(+0 warm)/512]
2026/07/16 16:39:53 [mab_cost_aware_1784212775] Executing on container: 2772fa8a01f48662e3c5abe4737e7417b2680e9eaba3482b759899ae7fcb1ac1
