{
	"Success": true,
	"Result": "\"\"",
	"ResponseTime": 1.014806868,
	"IsWarmStart": true,
	"InitTime": 0.000077045,
	"QueueingTime": 0,
	"OffloadLatency": 0,
	"Duration": 1.0033557850000001,
	"Output": "\n",
	"ExecutionArea": "PROFILE_EXPORT_TEST",
	"ExecutionNode": "profiling-export-node-20260804_123259",
	"ResourceProfile": {
		"Enabled": true,
		"Collected": true,
		"Valid": true,
		"InvalidReason": "",
		"ContainerID": "6b099533762b8a37dacdf3c80868f9d698972bc1df6f4ee526780986ee713bc0",
		"ExclusiveContainer": true,
		"MaxConcurrency": 1,
		"ProfilingLockWaitMs": 0.000277,
		"CPUUsageTotalDeltaNs": 2425000,
		"CPUUsageUserDeltaNs": 1362000,
		"CPUUsageKernelDeltaNs": 1062000,
		"CPUThrottledTimeDeltaNs": 0,
		"CPUThrottledPeriodsDelta": 0,
		"OnlineCPUs": 32,
		"UtilizedCPUs": 0.0024168894386750357,
		"MemoryUsageBeforeBytes": 16424960,
		"MemoryUsageAfterBytes": 17190912,
		"MemoryUsageDeltaBytes": 765952,
		"MemoryLimitBytes": 134217728,
		"PageFaultsDelta": 6,
		"MajorPageFaultsDelta": 0,
		"PageFaultsAvailable": true,
		"MajorPageFaultsAvailable": true,
		"BlockReadBytesDelta": 0,
		"BlockWriteBytesDelta": 0,
		"BlockReadOpsDelta": 0,
		"BlockWriteOpsDelta": 0,
		"BlockIOAvailable": false,
		"BlockIOBytesAvailable": false,
		"BlockIOOpsAvailable": false,
		"NetworkRxBytesDelta": 2208,
		"NetworkTxBytesDelta": 555,
		"NetworkAvailable": true,
		"PIDsBefore": 1,
		"PIDsAfter": 1,
		"ExecutionWallTimeMs": 1003.355785,
		"ProfilingStartOverheadMs": 4.430987,
		"ProfilingEndOverheadMs": 5.192391,
		"ProfilingTotalOverheadMs": 9.623378
	}
}
