2026/08/01 12:22:27 [MAB] event=decision_created ts=1785579747899 request_id=Z3W6eCznfBNBhnkqKUCTSX function=mab_decision_1785579737 selected_arm=arm
2026/08/01 12:22:27 [MAB] event=decision_planned ts=1785579747899 request_id=Z3W6eCznfBNBhnkqKUCTSX function=mab_decision_1785579737 selected_arm=arm execution_arm=arm fallback=false fallback_reason=
2026/08/01 12:22:29 [MAB] event=decision_resolved ts=1785579749380 request_id=Z3W6eCznfBNBhnkqKUCTSX function=mab_decision_1785579737 selected_arm=arm execution_arm=arm fallback=false fallback_reason= direct_executions=1 fallback_executions=0 cancelled_decisions=0
2026/08/01 12:22:30 [MAB] event=decision_created ts=1785579750396 request_id=weLHMfPRQobseKsFB46e4R function=mab_decision_1785579737 selected_arm=arm
2026/08/01 12:22:30 [MAB] event=decision_planned ts=1785579750396 request_id=weLHMfPRQobseKsFB46e4R function=mab_decision_1785579737 selected_arm=arm execution_arm=arm fallback=false fallback_reason=
2026/08/01 12:22:31 [MAB] event=decision_resolved ts=1785579751401 request_id=weLHMfPRQobseKsFB46e4R function=mab_decision_1785579737 selected_arm=arm execution_arm=arm fallback=false fallback_reason= direct_executions=2 fallback_executions=0 cancelled_decisions=0
2026/08/01 12:22:32 [MAB] event=decision_created ts=1785579752423 request_id=uPhRmVvcaKfAtxxXEv5izd function=mab_decision_1785579737 selected_arm=x86
2026/08/01 12:22:32 [MAB] event=decision_planned ts=1785579752423 request_id=uPhRmVvcaKfAtxxXEv5izd function=mab_decision_1785579737 selected_arm=x86 execution_arm=x86 fallback=false fallback_reason=
2026/08/01 12:22:33 [MAB] event=decision_resolved ts=1785579753932 request_id=uPhRmVvcaKfAtxxXEv5izd function=mab_decision_1785579737 selected_arm=x86 execution_arm=x86 fallback=false fallback_reason= direct_executions=3 fallback_executions=0 cancelled_decisions=0
2026/08/01 12:22:34 [MAB] event=decision_created ts=1785579754952 request_id=redfMnx48JGCwT8rBZJNCC function=mab_decision_1785579737 selected_arm=x86
2026/08/01 12:22:34 [MAB] event=decision_planned ts=1785579754952 request_id=redfMnx48JGCwT8rBZJNCC function=mab_decision_1785579737 selected_arm=x86 execution_arm=x86 fallback=false fallback_reason=
2026/08/01 12:22:35 [MAB] event=decision_resolved ts=1785579755956 request_id=redfMnx48JGCwT8rBZJNCC function=mab_decision_1785579737 selected_arm=x86 execution_arm=x86 fallback=false fallback_reason= direct_executions=4 fallback_executions=0 cancelled_decisions=0
2026/08/01 12:22:36 [MAB] event=decision_created ts=1785579756981 request_id=RxTuDKeEgBwsEsHSpZimeB function=mab_decision_1785579737 selected_arm=x86
2026/08/01 12:22:36 [MAB] event=decision_planned ts=1785579756981 request_id=RxTuDKeEgBwsEsHSpZimeB function=mab_decision_1785579737 selected_arm=x86 execution_arm=x86 fallback=false fallback_reason=
2026/08/01 12:22:36 [MAB] event=decision_created ts=1785579756981 request_id=kdoLsXaoBrqmqbtmfPCUWP function=mab_decision_1785579737 selected_arm=arm
2026/08/01 12:22:36 [MAB] event=decision_planned ts=1785579756982 request_id=kdoLsXaoBrqmqbtmfPCUWP function=mab_decision_1785579737 selected_arm=arm execution_arm=arm fallback=false fallback_reason=
2026/08/01 12:22:36 [MAB] event=decision_created ts=1785579756982 request_id=U8R6Dj5oSNZKX5arMiiBBY function=mab_decision_1785579737 selected_arm=x86
2026/08/01 12:22:36 [MAB] event=decision_planned ts=1785579756982 request_id=U8R6Dj5oSNZKX5arMiiBBY function=mab_decision_1785579737 selected_arm=x86 execution_arm=x86 fallback=false fallback_reason=
2026/08/01 12:22:36 [MAB] event=decision_created ts=1785579756982 request_id=TFDPrWUQ7Gjv3EyMqewfAY function=mab_decision_1785579737 selected_arm=arm
2026/08/01 12:22:36 [MAB] event=decision_planned ts=1785579756982 request_id=TFDPrWUQ7Gjv3EyMqewfAY function=mab_decision_1785579737 selected_arm=arm execution_arm=arm fallback=false fallback_reason=
2026/08/01 12:22:36 [MAB] event=decision_created ts=1785579756982 request_id=3eJ8UxwQ5cejezn7rPVhqi function=mab_decision_1785579737 selected_arm=x86
2026/08/01 12:22:36 [MAB] event=decision_planned ts=1785579756982 request_id=3eJ8UxwQ5cejezn7rPVhqi function=mab_decision_1785579737 selected_arm=x86 execution_arm=x86 fallback=false fallback_reason=
2026/08/01 12:22:36 [MAB] event=decision_created ts=1785579756982 request_id=8Bkgmy2gm75pdMcU55Rdp7 function=mab_decision_1785579737 selected_arm=arm
2026/08/01 12:22:36 [MAB] event=decision_planned ts=1785579756982 request_id=8Bkgmy2gm75pdMcU55Rdp7 function=mab_decision_1785579737 selected_arm=arm execution_arm=arm fallback=false fallback_reason=
2026/08/01 12:22:36 [MAB] event=decision_created ts=1785579756983 request_id=cWtdGJULGRUjXuRVmuJNag function=mab_decision_1785579737 selected_arm=x86
2026/08/01 12:22:36 [MAB] event=decision_planned ts=1785579756983 request_id=cWtdGJULGRUjXuRVmuJNag function=mab_decision_1785579737 selected_arm=x86 execution_arm=arm fallback=true fallback_reason=selected_arm_no_candidate
2026/08/01 12:22:36 [MAB] event=decision_created ts=1785579756983 request_id=J2kCKwNUkqEyXrt3Qg9sUM function=mab_decision_1785579737 selected_arm=arm
2026/08/01 12:22:36 [MAB] event=decision_cancelled ts=1785579756983 request_id=J2kCKwNUkqEyXrt3Qg9sUM function=mab_decision_1785579737 selected_arm=arm execution_arm= fallback=false fallback_reason= reason=no_candidate_after_fallback direct_executions=4 fallback_executions=0 cancelled_decisions=1 bandit_manager_available=true
2026/08/01 12:22:36 [MAB] event=decision_created ts=1785579756983 request_id=gAjw5B3wRVMFMtbpWDraHa function=mab_decision_1785579737 selected_arm=x86
2026/08/01 12:22:36 [MAB] event=decision_cancelled ts=1785579756983 request_id=gAjw5B3wRVMFMtbpWDraHa function=mab_decision_1785579737 selected_arm=x86 execution_arm= fallback=false fallback_reason= reason=no_candidate_after_fallback direct_executions=4 fallback_executions=0 cancelled_decisions=2 bandit_manager_available=true
2026/08/01 12:22:36 [MAB] event=decision_created ts=1785579756984 request_id=V7c8U2dHX9reTZJ7BHyoqR function=mab_decision_1785579737 selected_arm=arm
2026/08/01 12:22:36 [MAB] event=decision_cancelled ts=1785579756984 request_id=V7c8U2dHX9reTZJ7BHyoqR function=mab_decision_1785579737 selected_arm=arm execution_arm= fallback=false fallback_reason= reason=no_candidate_after_fallback direct_executions=4 fallback_executions=0 cancelled_decisions=3 bandit_manager_available=true
2026/08/01 12:22:36 [MAB] event=decision_created ts=1785579756984 request_id=mQjEWW6tBHCEcxEZAafbZ function=mab_decision_1785579737 selected_arm=x86
2026/08/01 12:22:36 [MAB] event=decision_cancelled ts=1785579756984 request_id=mQjEWW6tBHCEcxEZAafbZ function=mab_decision_1785579737 selected_arm=x86 execution_arm= fallback=false fallback_reason= reason=no_candidate_after_fallback direct_executions=4 fallback_executions=0 cancelled_decisions=4 bandit_manager_available=true
2026/08/01 12:22:36 [MAB] event=decision_created ts=1785579756984 request_id=j65wDjSQ5fKP2QquARhnPA function=mab_decision_1785579737 selected_arm=arm
2026/08/01 12:22:36 [MAB] event=decision_cancelled ts=1785579756984 request_id=j65wDjSQ5fKP2QquARhnPA function=mab_decision_1785579737 selected_arm=arm execution_arm= fallback=false fallback_reason= reason=no_candidate_after_fallback direct_executions=4 fallback_executions=0 cancelled_decisions=5 bandit_manager_available=true
2026/08/01 12:22:36 [MAB] event=decision_created ts=1785579756984 request_id=ks3E5m4V9fQVNCvjETkkgU function=mab_decision_1785579737 selected_arm=x86
2026/08/01 12:22:36 [MAB] event=decision_cancelled ts=1785579756984 request_id=ks3E5m4V9fQVNCvjETkkgU function=mab_decision_1785579737 selected_arm=x86 execution_arm= fallback=false fallback_reason= reason=no_candidate_after_fallback direct_executions=4 fallback_executions=0 cancelled_decisions=6 bandit_manager_available=true
2026/08/01 12:22:36 [MAB] event=decision_created ts=1785579756985 request_id=qJQCtwSMNWdkpxZmQ2Ap6e function=mab_decision_1785579737 selected_arm=arm
2026/08/01 12:22:36 [MAB] event=decision_cancelled ts=1785579756985 request_id=qJQCtwSMNWdkpxZmQ2Ap6e function=mab_decision_1785579737 selected_arm=arm execution_arm= fallback=false fallback_reason= reason=no_candidate_after_fallback direct_executions=4 fallback_executions=0 cancelled_decisions=7 bandit_manager_available=true
2026/08/01 12:22:36 [MAB] event=decision_created ts=1785579756985 request_id=r5mJtNANbo4zp6rsQ4eKDk function=mab_decision_1785579737 selected_arm=x86
2026/08/01 12:22:36 [MAB] event=decision_cancelled ts=1785579756985 request_id=r5mJtNANbo4zp6rsQ4eKDk function=mab_decision_1785579737 selected_arm=x86 execution_arm= fallback=false fallback_reason= reason=no_candidate_after_fallback direct_executions=4 fallback_executions=0 cancelled_decisions=8 bandit_manager_available=true
2026/08/01 12:22:36 [MAB] event=decision_created ts=1785579756986 request_id=dw7x7GndbzumWYYi9hG8nX function=mab_decision_1785579737 selected_arm=arm
2026/08/01 12:22:36 [MAB] event=decision_cancelled ts=1785579756986 request_id=dw7x7GndbzumWYYi9hG8nX function=mab_decision_1785579737 selected_arm=arm execution_arm= fallback=false fallback_reason= reason=no_candidate_after_fallback direct_executions=4 fallback_executions=0 cancelled_decisions=9 bandit_manager_available=true
2026/08/01 12:22:40 [MAB] event=decision_resolved ts=1785579760986 request_id=RxTuDKeEgBwsEsHSpZimeB function=mab_decision_1785579737 selected_arm=x86 execution_arm=x86 fallback=false fallback_reason= direct_executions=5 fallback_executions=0 cancelled_decisions=9
2026/08/01 12:22:40 [MAB] event=decision_resolved ts=1785579760988 request_id=kdoLsXaoBrqmqbtmfPCUWP function=mab_decision_1785579737 selected_arm=arm execution_arm=arm fallback=false fallback_reason= direct_executions=6 fallback_executions=0 cancelled_decisions=9
2026/08/01 12:22:41 [MAB] event=decision_resolved ts=1785579761469 request_id=U8R6Dj5oSNZKX5arMiiBBY function=mab_decision_1785579737 selected_arm=x86 execution_arm=x86 fallback=false fallback_reason= direct_executions=7 fallback_executions=0 cancelled_decisions=9
2026/08/01 12:22:41 [MAB] event=decision_resolved ts=1785579761480 request_id=cWtdGJULGRUjXuRVmuJNag function=mab_decision_1785579737 selected_arm=x86 execution_arm=arm fallback=true fallback_reason=selected_arm_no_candidate direct_executions=7 fallback_executions=1 cancelled_decisions=9
2026/08/01 12:22:41 [MAB] event=decision_resolved ts=1785579761490 request_id=8Bkgmy2gm75pdMcU55Rdp7 function=mab_decision_1785579737 selected_arm=arm execution_arm=arm fallback=false fallback_reason= direct_executions=8 fallback_executions=1 cancelled_decisions=9
2026/08/01 12:22:41 [MAB] event=decision_resolved ts=1785579761502 request_id=TFDPrWUQ7Gjv3EyMqewfAY function=mab_decision_1785579737 selected_arm=arm execution_arm=arm fallback=false fallback_reason= direct_executions=9 fallback_executions=1 cancelled_decisions=9
2026/08/01 12:22:41 [MAB] event=decision_resolved ts=1785579761504 request_id=3eJ8UxwQ5cejezn7rPVhqi function=mab_decision_1785579737 selected_arm=x86 execution_arm=x86 fallback=false fallback_reason= direct_executions=10 fallback_executions=1 cancelled_decisions=9
