2026/08/01 12:22:22 Registration for node: (ROME)ACZWcZQ3FvDvshYQaLT8YF1785579742862787519 - amd64
2026/08/01 12:22:22 Connecting to etcd
2026/08/01 12:22:22 Connected to etcd
2026/08/01 12:22:22 etcd connection state: READY
2026/08/01 12:22:22 etcd: connected and ready
2026/08/01 12:22:22 Registering to etcd: registry/ROME/__lb/amd64/ACZWcZQ3FvDvshYQaLT8YF1785579742862787519
2026/08/01 12:22:22 Found target: EVEs79bMmJBZxDnNTFEZWV1785579737864105888
2026/08/01 12:22:22 Found target: XmDUtVTWFwAXEQ39pPiiS61785579737867667810
2026/08/01 12:22:22 Found 2 targets
2026/08/01 12:22:22 Initializing with 2 targets.
2026/08/01 12:22:22 Running ArchitectureAwareLB with 128 replicas per node in the hash rings
2026/08/01 12:22:22 LB mode set to MAB
2026/08/01 12:22:22 [LB][MAB] event=new_machine_tag_discovered tag=arm arch=amd64 action=create_ring_and_add_mab_arm
2026/08/01 12:22:22 [LB] Adding target arm
2026/08/01 12:22:22 [LB][MAB] event=new_machine_tag_discovered tag=x86 arch=amd64 action=create_ring_and_add_mab_arm
2026/08/01 12:22:22 [LB] Adding target x86
⇨ http server started on [::]:8080
2026/08/01 12:22:25 [LB]: Periodic targets update
2026/08/01 12:22:25 Found target: EVEs79bMmJBZxDnNTFEZWV1785579737864105888
2026/08/01 12:22:25 Found target: XmDUtVTWFwAXEQ39pPiiS61785579737867667810
2026/08/01 12:22:25 Found 2 targets
2026/08/01 12:22:27 [LB] Compatible tag found: function=mab_decision_1785579737 tag=arm arch=amd64 pattern="" ring_size=1
2026/08/01 12:22:27 [LB] Compatible tag found: function=mab_decision_1785579737 tag=x86 arch=amd64 pattern="" ring_size=1
2026/08/01 12:22:27 [LB] Compatible tags for function 'mab_decision_1785579737': [arm x86]
2026/08/01 12:22:27 [LB][MAB] event=before_select function=mab_decision_1785579737 compatible_tags=[arm x86] has_context=true
2026/08/01 12:22:27 BanditManager GetBandit: policy type: UCB1
2026/08/01 12:22:27 [MAB] event=arm_added ts=1785579747899 policy=UCB1 function=mab_decision_1785579737 arm=arm arms=[arm]
2026/08/01 12:22:27 [MAB] event=arm_added ts=1785579747899 policy=UCB1 function=mab_decision_1785579737 arm=x86 arms=[arm,x86]
2026/08/01 12:22:27 [MAB] event=in_flight_changed ts=1785579747899 policy=UCB1 function=mab_decision_1785579737 arm=arm action=started in_flight=1 total_in_flight=1
2026/08/01 12:22:27 [MAB] event=select_arm ts=1785579747899 policy=UCB1 function=mab_decision_1785579737 selected_arm=arm reason=least_tried score=0.000000 total_counts=0 total_in_flight=1 effective_total_counts=1 arms=[arm,x86]
2026/08/01 12:22:27 [LB][MAB] event=after_select function=mab_decision_1785579737 selected_tag=arm compatible_tags=[arm x86]
2026/08/01 12:22:27 [MAB] event=decision_created ts=1785579747899 request_id=Z3W6eCznfBNBhnkqKUCTSX function=mab_decision_1785579737 selected_arm=arm
2026/08/01 12:22:27 Candidate has: 512 MB free memory. Function needs: 128 MB
2026/08/01 12:22:27 [MAB] event=decision_planned ts=1785579747899 request_id=Z3W6eCznfBNBhnkqKUCTSX function=mab_decision_1785579737 selected_arm=arm execution_arm=arm fallback=false fallback_reason=
2026/08/01 12:22:27 [LB] Selected target for function 'mab_decision_1785579737': selected_arm=arm execution_arm=arm fallback=false fallback_reason= candidate=EVEs79bMmJBZxDnNTFEZWV1785579737864105888
2026/08/01 12:22:28 [LB]: Periodic targets update
2026/08/01 12:22:28 Found target: EVEs79bMmJBZxDnNTFEZWV1785579737864105888
2026/08/01 12:22:28 Found target: XmDUtVTWFwAXEQ39pPiiS61785579737867667810
2026/08/01 12:22:28 Found 2 targets
2026/08/01 12:22:29 [LB-Update] Node EVEs79bMmJBZxDnNTFEZWV1785579737864105888 reported 384 MB free
2026/08/01 12:22:29 [MAB] event=execution_timing ts=1785579749379 policy=UCB1 function=mab_decision_1785579737 arm=arm node_name=EVEs79bMmJBZxDnNTFEZWV1785579737864105888 execution_node=EVEs79bMmJBZxDnNTFEZWV1785579737864105888 warm_start=false response_time_ms=1477.632607 duration_ms=1007.105398 init_time_ms=470.513904 queueing_time_ms=0.000000 offload_latency_ms=0.000000 response_minus_duration_ms=470.527209
2026/08/01 12:22:29 [MAB] event=in_flight_changed ts=1785579749379 policy=UCB1 function=mab_decision_1785579737 arm=arm action=resolved in_flight=0 total_in_flight=0
2026/08/01 12:22:29 [MAB] event=skip_cold_start ts=1785579749380 policy=UCB1 function=mab_decision_1785579737 arm=arm duration_ms=1007.105398 reason=cold_start
2026/08/01 12:22:29 [MAB] event=cold_start_stats ts=1785579749380 policy=UCB1 function=mab_decision_1785579737 arm=arm total_invocations=1 cold_observed=1 warm_observed=0 cold_accepted=0 cold_skipped=1 invalid_feedback=0 cold_duration_samples=1 warm_duration_samples=0 cold_init_time_samples=1 avg_cold_duration_ms=1007.105398 avg_warm_duration_ms=0.000000 avg_cold_init_time_ms=470.513904
2026/08/01 12:22:29 [MAB] event=decision_resolved ts=1785579749380 request_id=Z3W6eCznfBNBhnkqKUCTSX function=mab_decision_1785579737 selected_arm=arm execution_arm=arm fallback=false fallback_reason= direct_executions=1 fallback_executions=0 cancelled_decisions=0
2026/08/01 12:22:30 [LB] Compatible tag found: function=mab_decision_1785579737 tag=arm arch=amd64 pattern="" ring_size=1
2026/08/01 12:22:30 [LB] Compatible tag found: function=mab_decision_1785579737 tag=x86 arch=amd64 pattern="" ring_size=1
2026/08/01 12:22:30 [LB] Compatible tags for function 'mab_decision_1785579737': [arm x86]
2026/08/01 12:22:30 [LB][MAB] event=before_select function=mab_decision_1785579737 compatible_tags=[arm x86] has_context=true
2026/08/01 12:22:30 [MAB] event=in_flight_changed ts=1785579750396 policy=UCB1 function=mab_decision_1785579737 arm=arm action=started in_flight=1 total_in_flight=1
2026/08/01 12:22:30 [MAB] event=select_arm ts=1785579750396 policy=UCB1 function=mab_decision_1785579737 selected_arm=arm reason=least_tried score=0.000000 total_counts=0 total_in_flight=1 effective_total_counts=1 arms=[arm,x86]
2026/08/01 12:22:30 [LB][MAB] event=after_select function=mab_decision_1785579737 selected_tag=arm compatible_tags=[arm x86]
2026/08/01 12:22:30 [MAB] event=decision_created ts=1785579750396 request_id=weLHMfPRQobseKsFB46e4R function=mab_decision_1785579737 selected_arm=arm
2026/08/01 12:22:30 Candidate has: 384 MB free memory. Function needs: 128 MB
2026/08/01 12:22:30 [MAB] event=decision_planned ts=1785579750396 request_id=weLHMfPRQobseKsFB46e4R function=mab_decision_1785579737 selected_arm=arm execution_arm=arm fallback=false fallback_reason=
2026/08/01 12:22:30 [LB] Selected target for function 'mab_decision_1785579737': selected_arm=arm execution_arm=arm fallback=false fallback_reason= candidate=EVEs79bMmJBZxDnNTFEZWV1785579737864105888
2026/08/01 12:22:31 [LB-Update] Node EVEs79bMmJBZxDnNTFEZWV1785579737864105888 reported 384 MB free
2026/08/01 12:22:31 [MAB] event=execution_timing ts=1785579751400 policy=UCB1 function=mab_decision_1785579737 arm=arm node_name=EVEs79bMmJBZxDnNTFEZWV1785579737864105888 execution_node=EVEs79bMmJBZxDnNTFEZWV1785579737864105888 warm_start=true response_time_ms=1003.564398 duration_ms=1003.457809 init_time_ms=0.091900 queueing_time_ms=0.000000 offload_latency_ms=0.000000 response_minus_duration_ms=0.106589
2026/08/01 12:22:31 [MAB] event=in_flight_changed ts=1785579751400 policy=UCB1 function=mab_decision_1785579737 arm=arm action=resolved in_flight=0 total_in_flight=0
2026/08/01 12:22:31 [MAB] event=reward_breakdown ts=1785579751401 policy=UCB1 function=mab_decision_1785579737 arm=arm base_tag=arm architecture=arm specialization=default capabilities=[] duration_ms=1003.457809 latency_reward=-6.911207 cost_weight=0.000000 cost_factor=1.000000 cost_term=0.000000 energy_weight=0.000000 energy_factor=1.000000 energy_term=0.000000 final_reward=-6.911207
2026/08/01 12:22:31 [MAB] event=cold_start_stats ts=1785579751401 policy=UCB1 function=mab_decision_1785579737 arm=arm total_invocations=2 cold_observed=1 warm_observed=1 cold_accepted=0 cold_skipped=1 invalid_feedback=0 cold_duration_samples=1 warm_duration_samples=1 cold_init_time_samples=1 avg_cold_duration_ms=1007.105398 avg_warm_duration_ms=1003.457809 avg_cold_init_time_ms=470.513904
2026/08/01 12:22:31 [MAB] event=update_reward ts=1785579751401 policy=UCB1 function=mab_decision_1785579737 arm=arm duration_ms=1003.457809 warm_start=true reward=-6.911207 count=1 avg_reward=-6.911207 total_counts=1
2026/08/01 12:22:31 [MAB] event=decision_resolved ts=1785579751401 request_id=weLHMfPRQobseKsFB46e4R function=mab_decision_1785579737 selected_arm=arm execution_arm=arm fallback=false fallback_reason= direct_executions=2 fallback_executions=0 cancelled_decisions=0
2026/08/01 12:22:31 [LB]: Periodic targets update
2026/08/01 12:22:31 Found target: EVEs79bMmJBZxDnNTFEZWV1785579737864105888
2026/08/01 12:22:31 Found target: XmDUtVTWFwAXEQ39pPiiS61785579737867667810
2026/08/01 12:22:31 Found 2 targets
2026/08/01 12:22:32 [LB] Compatible tag found: function=mab_decision_1785579737 tag=arm arch=amd64 pattern="" ring_size=1
2026/08/01 12:22:32 [LB] Compatible tag found: function=mab_decision_1785579737 tag=x86 arch=amd64 pattern="" ring_size=1
2026/08/01 12:22:32 [LB] Compatible tags for function 'mab_decision_1785579737': [arm x86]
2026/08/01 12:22:32 [LB][MAB] event=before_select function=mab_decision_1785579737 compatible_tags=[arm x86] has_context=true
2026/08/01 12:22:32 [MAB] event=in_flight_changed ts=1785579752423 policy=UCB1 function=mab_decision_1785579737 arm=x86 action=started in_flight=1 total_in_flight=1
2026/08/01 12:22:32 [MAB] event=select_arm ts=1785579752423 policy=UCB1 function=mab_decision_1785579737 selected_arm=x86 reason=least_tried score=0.000000 total_counts=1 total_in_flight=1 effective_total_counts=2 arms=[arm,x86]
2026/08/01 12:22:32 [LB][MAB] event=after_select function=mab_decision_1785579737 selected_tag=x86 compatible_tags=[arm x86]
2026/08/01 12:22:32 [MAB] event=decision_created ts=1785579752423 request_id=uPhRmVvcaKfAtxxXEv5izd function=mab_decision_1785579737 selected_arm=x86
2026/08/01 12:22:32 Candidate has: 512 MB free memory. Function needs: 128 MB
2026/08/01 12:22:32 [MAB] event=decision_planned ts=1785579752423 request_id=uPhRmVvcaKfAtxxXEv5izd function=mab_decision_1785579737 selected_arm=x86 execution_arm=x86 fallback=false fallback_reason=
2026/08/01 12:22:32 [LB] Selected target for function 'mab_decision_1785579737': selected_arm=x86 execution_arm=x86 fallback=false fallback_reason= candidate=XmDUtVTWFwAXEQ39pPiiS61785579737867667810
2026/08/01 12:22:33 [LB-Update] Node XmDUtVTWFwAXEQ39pPiiS61785579737867667810 reported 384 MB free
2026/08/01 12:22:33 [MAB] event=execution_timing ts=1785579753932 policy=UCB1 function=mab_decision_1785579737 arm=x86 node_name=XmDUtVTWFwAXEQ39pPiiS61785579737867667810 execution_node=XmDUtVTWFwAXEQ39pPiiS61785579737867667810 warm_start=false response_time_ms=1506.220708 duration_ms=1006.386343 init_time_ms=499.809171 queueing_time_ms=0.000000 offload_latency_ms=0.000000 response_minus_duration_ms=499.834365
2026/08/01 12:22:33 [MAB] event=in_flight_changed ts=1785579753932 policy=UCB1 function=mab_decision_1785579737 arm=x86 action=resolved in_flight=0 total_in_flight=0
2026/08/01 12:22:33 [MAB] event=skip_cold_start ts=1785579753932 policy=UCB1 function=mab_decision_1785579737 arm=x86 duration_ms=1006.386343 reason=cold_start
2026/08/01 12:22:33 [MAB] event=cold_start_stats ts=1785579753932 policy=UCB1 function=mab_decision_1785579737 arm=x86 total_invocations=1 cold_observed=1 warm_observed=0 cold_accepted=0 cold_skipped=1 invalid_feedback=0 cold_duration_samples=1 warm_duration_samples=0 cold_init_time_samples=1 avg_cold_duration_ms=1006.386343 avg_warm_duration_ms=0.000000 avg_cold_init_time_ms=499.809171
2026/08/01 12:22:33 [MAB] event=decision_resolved ts=1785579753932 request_id=uPhRmVvcaKfAtxxXEv5izd function=mab_decision_1785579737 selected_arm=x86 execution_arm=x86 fallback=false fallback_reason= direct_executions=3 fallback_executions=0 cancelled_decisions=0
2026/08/01 12:22:34 [LB]: Periodic targets update
2026/08/01 12:22:34 Found target: EVEs79bMmJBZxDnNTFEZWV1785579737864105888
2026/08/01 12:22:34 Found target: XmDUtVTWFwAXEQ39pPiiS61785579737867667810
2026/08/01 12:22:34 Found 2 targets
2026/08/01 12:22:34 [LB] Compatible tag found: function=mab_decision_1785579737 tag=arm arch=amd64 pattern="" ring_size=1
2026/08/01 12:22:34 [LB] Compatible tag found: function=mab_decision_1785579737 tag=x86 arch=amd64 pattern="" ring_size=1
2026/08/01 12:22:34 [LB] Compatible tags for function 'mab_decision_1785579737': [arm x86]
2026/08/01 12:22:34 [LB][MAB] event=before_select function=mab_decision_1785579737 compatible_tags=[arm x86] has_context=true
2026/08/01 12:22:34 [MAB] event=in_flight_changed ts=1785579754952 policy=UCB1 function=mab_decision_1785579737 arm=x86 action=started in_flight=1 total_in_flight=1
2026/08/01 12:22:34 [MAB] event=select_arm ts=1785579754952 policy=UCB1 function=mab_decision_1785579737 selected_arm=x86 reason=least_tried score=0.000000 total_counts=1 total_in_flight=1 effective_total_counts=2 arms=[arm,x86]
2026/08/01 12:22:34 [LB][MAB] event=after_select function=mab_decision_1785579737 selected_tag=x86 compatible_tags=[arm x86]
2026/08/01 12:22:34 [MAB] event=decision_created ts=1785579754952 request_id=redfMnx48JGCwT8rBZJNCC function=mab_decision_1785579737 selected_arm=x86
2026/08/01 12:22:34 Candidate has: 512 MB free memory. Function needs: 128 MB
2026/08/01 12:22:34 [MAB] event=decision_planned ts=1785579754952 request_id=redfMnx48JGCwT8rBZJNCC function=mab_decision_1785579737 selected_arm=x86 execution_arm=x86 fallback=false fallback_reason=
2026/08/01 12:22:34 [LB] Selected target for function 'mab_decision_1785579737': selected_arm=x86 execution_arm=x86 fallback=false fallback_reason= candidate=XmDUtVTWFwAXEQ39pPiiS61785579737867667810
2026/08/01 12:22:35 [LB-Update] Node XmDUtVTWFwAXEQ39pPiiS61785579737867667810 reported 384 MB free
2026/08/01 12:22:35 [MAB] event=execution_timing ts=1785579755956 policy=UCB1 function=mab_decision_1785579737 arm=x86 node_name=XmDUtVTWFwAXEQ39pPiiS61785579737867667810 execution_node=XmDUtVTWFwAXEQ39pPiiS61785579737867667810 warm_start=true response_time_ms=1003.410056 duration_ms=1003.302273 init_time_ms=0.093910 queueing_time_ms=0.000000 offload_latency_ms=0.000000 response_minus_duration_ms=0.107783
2026/08/01 12:22:35 [MAB] event=in_flight_changed ts=1785579755956 policy=UCB1 function=mab_decision_1785579737 arm=x86 action=resolved in_flight=0 total_in_flight=0
2026/08/01 12:22:35 [MAB] event=reward_breakdown ts=1785579755956 policy=UCB1 function=mab_decision_1785579737 arm=x86 base_tag=x86 architecture=x86 specialization=default capabilities=[] duration_ms=1003.302273 latency_reward=-6.911052 cost_weight=0.000000 cost_factor=1.000000 cost_term=0.000000 energy_weight=0.000000 energy_factor=1.000000 energy_term=0.000000 final_reward=-6.911052
2026/08/01 12:22:35 [MAB] event=cold_start_stats ts=1785579755956 policy=UCB1 function=mab_decision_1785579737 arm=x86 total_invocations=2 cold_observed=1 warm_observed=1 cold_accepted=0 cold_skipped=1 invalid_feedback=0 cold_duration_samples=1 warm_duration_samples=1 cold_init_time_samples=1 avg_cold_duration_ms=1006.386343 avg_warm_duration_ms=1003.302273 avg_cold_init_time_ms=499.809171
2026/08/01 12:22:35 [MAB] event=update_reward ts=1785579755956 policy=UCB1 function=mab_decision_1785579737 arm=x86 duration_ms=1003.302273 warm_start=true reward=-6.911052 count=1 avg_reward=-6.911052 total_counts=2
2026/08/01 12:22:35 [MAB] event=decision_resolved ts=1785579755956 request_id=redfMnx48JGCwT8rBZJNCC function=mab_decision_1785579737 selected_arm=x86 execution_arm=x86 fallback=false fallback_reason= direct_executions=4 fallback_executions=0 cancelled_decisions=0
2026/08/01 12:22:36 [LB] Compatible tag found: function=mab_decision_1785579737 tag=arm arch=amd64 pattern="" ring_size=1
2026/08/01 12:22:36 [LB] Compatible tag found: function=mab_decision_1785579737 tag=x86 arch=amd64 pattern="" ring_size=1
2026/08/01 12:22:36 [LB] Compatible tags for function 'mab_decision_1785579737': [arm x86]
2026/08/01 12:22:36 [LB][MAB] event=before_select function=mab_decision_1785579737 compatible_tags=[arm x86] has_context=true
2026/08/01 12:22:36 [MAB] event=arm_score ts=1785579756981 policy=UCB1 function=mab_decision_1785579737 arm=arm score=-6.245163 count=1 in_flight=0 effective_count=1 avg_reward=-6.911207 exploration_bonus=0.666044 total_counts=2 total_in_flight=0 effective_total_counts=2 contextual=false
2026/08/01 12:22:36 [MAB] event=arm_score ts=1785579756981 policy=UCB1 function=mab_decision_1785579737 arm=x86 score=-6.245008 count=1 in_flight=0 effective_count=1 avg_reward=-6.911052 exploration_bonus=0.666044 total_counts=2 total_in_flight=0 effective_total_counts=2 contextual=false
2026/08/01 12:22:36 [MAB] event=in_flight_changed ts=1785579756981 policy=UCB1 function=mab_decision_1785579737 arm=x86 action=started in_flight=1 total_in_flight=1
2026/08/01 12:22:36 [MAB] event=select_arm ts=1785579756981 policy=UCB1 function=mab_decision_1785579737 selected_arm=x86 reason=ucb_score score=-6.245008 total_counts=2 total_in_flight=1 effective_total_counts=3 arms=[arm,x86]
2026/08/01 12:22:36 [LB][MAB] event=after_select function=mab_decision_1785579737 selected_tag=x86 compatible_tags=[arm x86]
2026/08/01 12:22:36 [MAB] event=decision_created ts=1785579756981 request_id=RxTuDKeEgBwsEsHSpZimeB function=mab_decision_1785579737 selected_arm=x86
2026/08/01 12:22:36 Candidate has: 384 MB free memory. Function needs: 128 MB
2026/08/01 12:22:36 [MAB] event=decision_planned ts=1785579756981 request_id=RxTuDKeEgBwsEsHSpZimeB function=mab_decision_1785579737 selected_arm=x86 execution_arm=x86 fallback=false fallback_reason=
2026/08/01 12:22:36 [LB] Selected target for function 'mab_decision_1785579737': selected_arm=x86 execution_arm=x86 fallback=false fallback_reason= candidate=XmDUtVTWFwAXEQ39pPiiS61785579737867667810
2026/08/01 12:22:36 [LB] Compatible tag found: function=mab_decision_1785579737 tag=arm arch=amd64 pattern="" ring_size=1
2026/08/01 12:22:36 [LB] Compatible tag found: function=mab_decision_1785579737 tag=x86 arch=amd64 pattern="" ring_size=1
2026/08/01 12:22:36 [LB] Compatible tags for function 'mab_decision_1785579737': [arm x86]
2026/08/01 12:22:36 [LB][MAB] event=before_select function=mab_decision_1785579737 compatible_tags=[arm x86] has_context=true
2026/08/01 12:22:36 [MAB] event=arm_score ts=1785579756981 policy=UCB1 function=mab_decision_1785579737 arm=arm score=-6.072689 count=1 in_flight=0 effective_count=1 avg_reward=-6.911207 exploration_bonus=0.838518 total_counts=2 total_in_flight=1 effective_total_counts=3 contextual=false
2026/08/01 12:22:36 [MAB] event=arm_score ts=1785579756981 policy=UCB1 function=mab_decision_1785579737 arm=x86 score=-6.318131 count=1 in_flight=1 effective_count=2 avg_reward=-6.911052 exploration_bonus=0.592922 total_counts=2 total_in_flight=1 effective_total_counts=3 contextual=false
2026/08/01 12:22:36 [MAB] event=in_flight_changed ts=1785579756981 policy=UCB1 function=mab_decision_1785579737 arm=arm action=started in_flight=1 total_in_flight=2
2026/08/01 12:22:36 [MAB] event=select_arm ts=1785579756981 policy=UCB1 function=mab_decision_1785579737 selected_arm=arm reason=ucb_score score=-6.072689 total_counts=2 total_in_flight=2 effective_total_counts=4 arms=[arm,x86]
2026/08/01 12:22:36 [LB][MAB] event=after_select function=mab_decision_1785579737 selected_tag=arm compatible_tags=[arm x86]
2026/08/01 12:22:36 [MAB] event=decision_created ts=1785579756981 request_id=kdoLsXaoBrqmqbtmfPCUWP function=mab_decision_1785579737 selected_arm=arm
2026/08/01 12:22:36 Candidate has: 512 MB free memory. Function needs: 128 MB
2026/08/01 12:22:36 [MAB] event=decision_planned ts=1785579756982 request_id=kdoLsXaoBrqmqbtmfPCUWP function=mab_decision_1785579737 selected_arm=arm execution_arm=arm fallback=false fallback_reason=
2026/08/01 12:22:36 [LB] Selected target for function 'mab_decision_1785579737': selected_arm=arm execution_arm=arm fallback=false fallback_reason= candidate=EVEs79bMmJBZxDnNTFEZWV1785579737864105888
2026/08/01 12:22:36 [LB] Compatible tag found: function=mab_decision_1785579737 tag=arm arch=amd64 pattern="" ring_size=1
2026/08/01 12:22:36 [LB] Compatible tag found: function=mab_decision_1785579737 tag=x86 arch=amd64 pattern="" ring_size=1
2026/08/01 12:22:36 [LB] Compatible tags for function 'mab_decision_1785579737': [arm x86]
2026/08/01 12:22:36 [LB][MAB] event=before_select function=mab_decision_1785579737 compatible_tags=[arm x86] has_context=true
2026/08/01 12:22:36 [MAB] event=arm_score ts=1785579756982 policy=UCB1 function=mab_decision_1785579737 arm=arm score=-6.245163 count=1 in_flight=1 effective_count=2 avg_reward=-6.911207 exploration_bonus=0.666044 total_counts=2 total_in_flight=2 effective_total_counts=4 contextual=false
2026/08/01 12:22:36 [MAB] event=arm_score ts=1785579756982 policy=UCB1 function=mab_decision_1785579737 arm=x86 score=-6.245008 count=1 in_flight=1 effective_count=2 avg_reward=-6.911052 exploration_bonus=0.666044 total_counts=2 total_in_flight=2 effective_total_counts=4 contextual=false
2026/08/01 12:22:36 [MAB] event=in_flight_changed ts=1785579756982 policy=UCB1 function=mab_decision_1785579737 arm=x86 action=started in_flight=2 total_in_flight=3
2026/08/01 12:22:36 [MAB] event=select_arm ts=1785579756982 policy=UCB1 function=mab_decision_1785579737 selected_arm=x86 reason=ucb_score score=-6.245008 total_counts=2 total_in_flight=3 effective_total_counts=5 arms=[arm,x86]
2026/08/01 12:22:36 [LB][MAB] event=after_select function=mab_decision_1785579737 selected_tag=x86 compatible_tags=[arm x86]
2026/08/01 12:22:36 [MAB] event=decision_created ts=1785579756982 request_id=U8R6Dj5oSNZKX5arMiiBBY function=mab_decision_1785579737 selected_arm=x86
2026/08/01 12:22:36 Candidate has: 256 MB free memory. Function needs: 128 MB
2026/08/01 12:22:36 [MAB] event=decision_planned ts=1785579756982 request_id=U8R6Dj5oSNZKX5arMiiBBY function=mab_decision_1785579737 selected_arm=x86 execution_arm=x86 fallback=false fallback_reason=
2026/08/01 12:22:36 [LB] Selected target for function 'mab_decision_1785579737': selected_arm=x86 execution_arm=x86 fallback=false fallback_reason= candidate=XmDUtVTWFwAXEQ39pPiiS61785579737867667810
2026/08/01 12:22:36 [LB] Compatible tag found: function=mab_decision_1785579737 tag=arm arch=amd64 pattern="" ring_size=1
2026/08/01 12:22:36 [LB] Compatible tag found: function=mab_decision_1785579737 tag=x86 arch=amd64 pattern="" ring_size=1
2026/08/01 12:22:36 [LB] Compatible tags for function 'mab_decision_1785579737': [arm x86]
2026/08/01 12:22:36 [LB][MAB] event=before_select function=mab_decision_1785579737 compatible_tags=[arm x86] has_context=true
2026/08/01 12:22:36 [MAB] event=arm_score ts=1785579756982 policy=UCB1 function=mab_decision_1785579737 arm=arm score=-6.193558 count=1 in_flight=1 effective_count=2 avg_reward=-6.911207 exploration_bonus=0.717649 total_counts=2 total_in_flight=3 effective_total_counts=5 contextual=false
2026/08/01 12:22:36 [MAB] event=arm_score ts=1785579756982 policy=UCB1 function=mab_decision_1785579737 arm=x86 score=-6.325094 count=1 in_flight=2 effective_count=3 avg_reward=-6.911052 exploration_bonus=0.585958 total_counts=2 total_in_flight=3 effective_total_counts=5 contextual=false
2026/08/01 12:22:36 [MAB] event=in_flight_changed ts=1785579756982 policy=UCB1 function=mab_decision_1785579737 arm=arm action=started in_flight=2 total_in_flight=4
2026/08/01 12:22:36 [MAB] event=select_arm ts=1785579756982 policy=UCB1 function=mab_decision_1785579737 selected_arm=arm reason=ucb_score score=-6.193558 total_counts=2 total_in_flight=4 effective_total_counts=6 arms=[arm,x86]
2026/08/01 12:22:36 [LB][MAB] event=after_select function=mab_decision_1785579737 selected_tag=arm compatible_tags=[arm x86]
2026/08/01 12:22:36 [MAB] event=decision_created ts=1785579756982 request_id=TFDPrWUQ7Gjv3EyMqewfAY function=mab_decision_1785579737 selected_arm=arm
2026/08/01 12:22:36 Candidate has: 384 MB free memory. Function needs: 128 MB
2026/08/01 12:22:36 [MAB] event=decision_planned ts=1785579756982 request_id=TFDPrWUQ7Gjv3EyMqewfAY function=mab_decision_1785579737 selected_arm=arm execution_arm=arm fallback=false fallback_reason=
2026/08/01 12:22:36 [LB] Selected target for function 'mab_decision_1785579737': selected_arm=arm execution_arm=arm fallback=false fallback_reason= candidate=EVEs79bMmJBZxDnNTFEZWV1785579737864105888
2026/08/01 12:22:36 [LB] Compatible tag found: function=mab_decision_1785579737 tag=arm arch=amd64 pattern="" ring_size=1
2026/08/01 12:22:36 [LB] Compatible tag found: function=mab_decision_1785579737 tag=x86 arch=amd64 pattern="" ring_size=1
2026/08/01 12:22:36 [LB] Compatible tags for function 'mab_decision_1785579737': [arm x86]
2026/08/01 12:22:36 [LB][MAB] event=before_select function=mab_decision_1785579737 compatible_tags=[arm x86] has_context=true
2026/08/01 12:22:36 [MAB] event=arm_score ts=1785579756982 policy=UCB1 function=mab_decision_1785579737 arm=arm score=-6.292950 count=1 in_flight=2 effective_count=3 avg_reward=-6.911207 exploration_bonus=0.618257 total_counts=2 total_in_flight=4 effective_total_counts=6 contextual=false
2026/08/01 12:22:36 [MAB] event=arm_score ts=1785579756982 policy=UCB1 function=mab_decision_1785579737 arm=x86 score=-6.292795 count=1 in_flight=2 effective_count=3 avg_reward=-6.911052 exploration_bonus=0.618257 total_counts=2 total_in_flight=4 effective_total_counts=6 contextual=false
2026/08/01 12:22:36 [MAB] event=in_flight_changed ts=1785579756982 policy=UCB1 function=mab_decision_1785579737 arm=x86 action=started in_flight=3 total_in_flight=5
2026/08/01 12:22:36 [MAB] event=select_arm ts=1785579756982 policy=UCB1 function=mab_decision_1785579737 selected_arm=x86 reason=ucb_score score=-6.292795 total_counts=2 total_in_flight=5 effective_total_counts=7 arms=[arm,x86]
2026/08/01 12:22:36 [LB][MAB] event=after_select function=mab_decision_1785579737 selected_tag=x86 compatible_tags=[arm x86]
2026/08/01 12:22:36 [MAB] event=decision_created ts=1785579756982 request_id=3eJ8UxwQ5cejezn7rPVhqi function=mab_decision_1785579737 selected_arm=x86
2026/08/01 12:22:36 Candidate has: 128 MB free memory. Function needs: 128 MB
2026/08/01 12:22:36 [MAB] event=decision_planned ts=1785579756982 request_id=3eJ8UxwQ5cejezn7rPVhqi function=mab_decision_1785579737 selected_arm=x86 execution_arm=x86 fallback=false fallback_reason=
2026/08/01 12:22:36 [LB] Selected target for function 'mab_decision_1785579737': selected_arm=x86 execution_arm=x86 fallback=false fallback_reason= candidate=XmDUtVTWFwAXEQ39pPiiS61785579737867667810
2026/08/01 12:22:36 [LB] Compatible tag found: function=mab_decision_1785579737 tag=arm arch=amd64 pattern="" ring_size=1
2026/08/01 12:22:36 [LB] Compatible tag found: function=mab_decision_1785579737 tag=x86 arch=amd64 pattern="" ring_size=1
2026/08/01 12:22:36 [LB] Compatible tags for function 'mab_decision_1785579737': [arm x86]
2026/08/01 12:22:36 [LB][MAB] event=before_select function=mab_decision_1785579737 compatible_tags=[arm x86] has_context=true
2026/08/01 12:22:36 [MAB] event=arm_score ts=1785579756982 policy=UCB1 function=mab_decision_1785579737 arm=arm score=-6.266903 count=1 in_flight=2 effective_count=3 avg_reward=-6.911207 exploration_bonus=0.644304 total_counts=2 total_in_flight=5 effective_total_counts=7 contextual=false
2026/08/01 12:22:36 [MAB] event=arm_score ts=1785579756982 policy=UCB1 function=mab_decision_1785579737 arm=x86 score=-6.353069 count=1 in_flight=3 effective_count=4 avg_reward=-6.911052 exploration_bonus=0.557984 total_counts=2 total_in_flight=5 effective_total_counts=7 contextual=false
2026/08/01 12:22:36 [MAB] event=in_flight_changed ts=1785579756982 policy=UCB1 function=mab_decision_1785579737 arm=arm action=started in_flight=3 total_in_flight=6
2026/08/01 12:22:36 [MAB] event=select_arm ts=1785579756982 policy=UCB1 function=mab_decision_1785579737 selected_arm=arm reason=ucb_score score=-6.266903 total_counts=2 total_in_flight=6 effective_total_counts=8 arms=[arm,x86]
2026/08/01 12:22:36 [LB][MAB] event=after_select function=mab_decision_1785579737 selected_tag=arm compatible_tags=[arm x86]
2026/08/01 12:22:36 [MAB] event=decision_created ts=1785579756982 request_id=8Bkgmy2gm75pdMcU55Rdp7 function=mab_decision_1785579737 selected_arm=arm
2026/08/01 12:22:36 Candidate has: 256 MB free memory. Function needs: 128 MB
2026/08/01 12:22:36 [MAB] event=decision_planned ts=1785579756982 request_id=8Bkgmy2gm75pdMcU55Rdp7 function=mab_decision_1785579737 selected_arm=arm execution_arm=arm fallback=false fallback_reason=
2026/08/01 12:22:36 [LB] Selected target for function 'mab_decision_1785579737': selected_arm=arm execution_arm=arm fallback=false fallback_reason= candidate=EVEs79bMmJBZxDnNTFEZWV1785579737864105888
2026/08/01 12:22:36 [LB] Compatible tag found: function=mab_decision_1785579737 tag=arm arch=amd64 pattern="" ring_size=1
2026/08/01 12:22:36 [LB] Compatible tag found: function=mab_decision_1785579737 tag=x86 arch=amd64 pattern="" ring_size=1
2026/08/01 12:22:36 [LB] Compatible tags for function 'mab_decision_1785579737': [arm x86]
2026/08/01 12:22:36 [LB][MAB] event=before_select function=mab_decision_1785579737 compatible_tags=[arm x86] has_context=true
2026/08/01 12:22:36 [MAB] event=arm_score ts=1785579756983 policy=UCB1 function=mab_decision_1785579737 arm=arm score=-6.334396 count=1 in_flight=3 effective_count=4 avg_reward=-6.911207 exploration_bonus=0.576811 total_counts=2 total_in_flight=6 effective_total_counts=8 contextual=false
2026/08/01 12:22:36 [MAB] event=arm_score ts=1785579756983 policy=UCB1 function=mab_decision_1785579737 arm=x86 score=-6.334241 count=1 in_flight=3 effective_count=4 avg_reward=-6.911052 exploration_bonus=0.576811 total_counts=2 total_in_flight=6 effective_total_counts=8 contextual=false
2026/08/01 12:22:36 [MAB] event=in_flight_changed ts=1785579756983 policy=UCB1 function=mab_decision_1785579737 arm=x86 action=started in_flight=4 total_in_flight=7
2026/08/01 12:22:36 [MAB] event=select_arm ts=1785579756983 policy=UCB1 function=mab_decision_1785579737 selected_arm=x86 reason=ucb_score score=-6.334241 total_counts=2 total_in_flight=7 effective_total_counts=9 arms=[arm,x86]
2026/08/01 12:22:36 [LB][MAB] event=after_select function=mab_decision_1785579737 selected_tag=x86 compatible_tags=[arm x86]
2026/08/01 12:22:36 [MAB] event=decision_created ts=1785579756983 request_id=cWtdGJULGRUjXuRVmuJNag function=mab_decision_1785579737 selected_arm=x86
2026/08/01 12:22:36 Candidate has: 0 MB free memory. Function needs: 128 MB
2026/08/01 12:22:36 Candidate has: 128 MB free memory. Function needs: 128 MB
2026/08/01 12:22:36 [LB] Fallback: using ring 'arm'
2026/08/01 12:22:36 [MAB] event=decision_planned ts=1785579756983 request_id=cWtdGJULGRUjXuRVmuJNag function=mab_decision_1785579737 selected_arm=x86 execution_arm=arm fallback=true fallback_reason=selected_arm_no_candidate
2026/08/01 12:22:36 [LB] Selected target for function 'mab_decision_1785579737': selected_arm=x86 execution_arm=arm fallback=true fallback_reason=selected_arm_no_candidate candidate=EVEs79bMmJBZxDnNTFEZWV1785579737864105888
2026/08/01 12:22:36 [LB] Compatible tag found: function=mab_decision_1785579737 tag=arm arch=amd64 pattern="" ring_size=1
2026/08/01 12:22:36 [LB] Compatible tag found: function=mab_decision_1785579737 tag=x86 arch=amd64 pattern="" ring_size=1
2026/08/01 12:22:36 [LB] Compatible tags for function 'mab_decision_1785579737': [arm x86]
2026/08/01 12:22:36 [LB][MAB] event=before_select function=mab_decision_1785579737 compatible_tags=[arm x86] has_context=true
2026/08/01 12:22:36 [MAB] event=arm_score ts=1785579756983 policy=UCB1 function=mab_decision_1785579737 arm=arm score=-6.318286 count=1 in_flight=3 effective_count=4 avg_reward=-6.911207 exploration_bonus=0.592922 total_counts=2 total_in_flight=7 effective_total_counts=9 contextual=false
2026/08/01 12:22:36 [MAB] event=arm_score ts=1785579756983 policy=UCB1 function=mab_decision_1785579737 arm=x86 score=-6.380727 count=1 in_flight=4 effective_count=5 avg_reward=-6.911052 exploration_bonus=0.530325 total_counts=2 total_in_flight=7 effective_total_counts=9 contextual=false
2026/08/01 12:22:36 [MAB] event=in_flight_changed ts=1785579756983 policy=UCB1 function=mab_decision_1785579737 arm=arm action=started in_flight=4 total_in_flight=8
2026/08/01 12:22:36 [MAB] event=select_arm ts=1785579756983 policy=UCB1 function=mab_decision_1785579737 selected_arm=arm reason=ucb_score score=-6.318286 total_counts=2 total_in_flight=8 effective_total_counts=10 arms=[arm,x86]
2026/08/01 12:22:36 [LB][MAB] event=after_select function=mab_decision_1785579737 selected_tag=arm compatible_tags=[arm x86]
2026/08/01 12:22:36 [MAB] event=decision_created ts=1785579756983 request_id=J2kCKwNUkqEyXrt3Qg9sUM function=mab_decision_1785579737 selected_arm=arm
2026/08/01 12:22:36 Candidate has: 0 MB free memory. Function needs: 128 MB
2026/08/01 12:22:36 Candidate has: 0 MB free memory. Function needs: 128 MB
2026/08/01 12:22:36 [MAB] event=in_flight_changed ts=1785579756983 policy=UCB1 function=mab_decision_1785579737 arm=arm action=resolved in_flight=3 total_in_flight=7
2026/08/01 12:22:36 [MAB] event=synthetic_reward ts=1785579756983 request_id=J2kCKwNUkqEyXrt3Qg9sUM policy=UCB1 function=mab_decision_1785579737 arm=arm reward=-12.000000 reason=no_candidate_after_fallback utilization=0.000000 count=2 avg_reward=-9.455604 total_counts=3
2026/08/01 12:22:36 [MAB] event=decision_cancelled ts=1785579756983 request_id=J2kCKwNUkqEyXrt3Qg9sUM function=mab_decision_1785579737 selected_arm=arm execution_arm= fallback=false fallback_reason= reason=no_candidate_after_fallback direct_executions=4 fallback_executions=0 cancelled_decisions=1 bandit_manager_available=true
2026/08/01 12:22:36 [LB] No candidate available for function 'mab_decision_1785579737' after fallback
2026/08/01 12:22:36 [LB] Compatible tag found: function=mab_decision_1785579737 tag=arm arch=amd64 pattern="" ring_size=1
2026/08/01 12:22:36 [LB] Compatible tag found: function=mab_decision_1785579737 tag=x86 arch=amd64 pattern="" ring_size=1
2026/08/01 12:22:36 [LB] Compatible tags for function 'mab_decision_1785579737': [arm x86]
2026/08/01 12:22:36 [LB][MAB] event=before_select function=mab_decision_1785579737 compatible_tags=[arm x86] has_context=true
2026/08/01 12:22:36 [MAB] event=arm_score ts=1785579756983 policy=UCB1 function=mab_decision_1785579737 arm=arm score=-8.912712 count=2 in_flight=3 effective_count=5 avg_reward=-9.455604 exploration_bonus=0.542891 total_counts=3 total_in_flight=7 effective_total_counts=10 contextual=false
2026/08/01 12:22:36 [MAB] event=arm_score ts=1785579756983 policy=UCB1 function=mab_decision_1785579737 arm=x86 score=-6.368161 count=1 in_flight=4 effective_count=5 avg_reward=-6.911052 exploration_bonus=0.542891 total_counts=3 total_in_flight=7 effective_total_counts=10 contextual=false
2026/08/01 12:22:36 [MAB] event=in_flight_changed ts=1785579756983 policy=UCB1 function=mab_decision_1785579737 arm=x86 action=started in_flight=5 total_in_flight=8
2026/08/01 12:22:36 [MAB] event=select_arm ts=1785579756983 policy=UCB1 function=mab_decision_1785579737 selected_arm=x86 reason=ucb_score score=-6.368161 total_counts=3 total_in_flight=8 effective_total_counts=11 arms=[arm,x86]
2026/08/01 12:22:36 [LB][MAB] event=after_select function=mab_decision_1785579737 selected_tag=x86 compatible_tags=[arm x86]
2026/08/01 12:22:36 [MAB] event=decision_created ts=1785579756983 request_id=gAjw5B3wRVMFMtbpWDraHa function=mab_decision_1785579737 selected_arm=x86
2026/08/01 12:22:36 Candidate has: 0 MB free memory. Function needs: 128 MB
2026/08/01 12:22:36 Candidate has: 0 MB free memory. Function needs: 128 MB
2026/08/01 12:22:36 [MAB] event=in_flight_changed ts=1785579756983 policy=UCB1 function=mab_decision_1785579737 arm=x86 action=resolved in_flight=4 total_in_flight=7
2026/08/01 12:22:36 [MAB] event=synthetic_reward ts=1785579756983 request_id=gAjw5B3wRVMFMtbpWDraHa policy=UCB1 function=mab_decision_1785579737 arm=x86 reward=-12.000000 reason=no_candidate_after_fallback utilization=0.000000 count=2 avg_reward=-9.455526 total_counts=4
2026/08/01 12:22:36 [MAB] event=decision_cancelled ts=1785579756983 request_id=gAjw5B3wRVMFMtbpWDraHa function=mab_decision_1785579737 selected_arm=x86 execution_arm= fallback=false fallback_reason= reason=no_candidate_after_fallback direct_executions=4 fallback_executions=0 cancelled_decisions=2 bandit_manager_available=true
2026/08/01 12:22:36 [LB] No candidate available for function 'mab_decision_1785579737' after fallback
2026/08/01 12:22:36 [LB] Compatible tag found: function=mab_decision_1785579737 tag=arm arch=amd64 pattern="" ring_size=1
2026/08/01 12:22:36 [LB] Compatible tag found: function=mab_decision_1785579737 tag=x86 arch=amd64 pattern="" ring_size=1
2026/08/01 12:22:36 [LB] Compatible tags for function 'mab_decision_1785579737': [arm x86]
2026/08/01 12:22:36 [LB][MAB] event=before_select function=mab_decision_1785579737 compatible_tags=[arm x86] has_context=true
2026/08/01 12:22:36 [MAB] event=arm_score ts=1785579756984 policy=UCB1 function=mab_decision_1785579737 arm=arm score=-8.901590 count=2 in_flight=3 effective_count=5 avg_reward=-9.455604 exploration_bonus=0.554013 total_counts=4 total_in_flight=7 effective_total_counts=11 contextual=false
2026/08/01 12:22:36 [MAB] event=arm_score ts=1785579756984 policy=UCB1 function=mab_decision_1785579737 arm=x86 score=-8.949784 count=2 in_flight=4 effective_count=6 avg_reward=-9.455526 exploration_bonus=0.505743 total_counts=4 total_in_flight=7 effective_total_counts=11 contextual=false
2026/08/01 12:22:36 [MAB] event=in_flight_changed ts=1785579756984 policy=UCB1 function=mab_decision_1785579737 arm=arm action=started in_flight=4 total_in_flight=8
2026/08/01 12:22:36 [MAB] event=select_arm ts=1785579756984 policy=UCB1 function=mab_decision_1785579737 selected_arm=arm reason=ucb_score score=-8.901590 total_counts=4 total_in_flight=8 effective_total_counts=12 arms=[arm,x86]
2026/08/01 12:22:36 [LB][MAB] event=after_select function=mab_decision_1785579737 selected_tag=arm compatible_tags=[arm x86]
2026/08/01 12:22:36 [MAB] event=decision_created ts=1785579756984 request_id=V7c8U2dHX9reTZJ7BHyoqR function=mab_decision_1785579737 selected_arm=arm
2026/08/01 12:22:36 Candidate has: 0 MB free memory. Function needs: 128 MB
2026/08/01 12:22:36 Candidate has: 0 MB free memory. Function needs: 128 MB
2026/08/01 12:22:36 [MAB] event=in_flight_changed ts=1785579756984 policy=UCB1 function=mab_decision_1785579737 arm=arm action=resolved in_flight=3 total_in_flight=7
2026/08/01 12:22:36 [MAB] event=synthetic_reward ts=1785579756984 request_id=V7c8U2dHX9reTZJ7BHyoqR policy=UCB1 function=mab_decision_1785579737 arm=arm reward=-12.000000 reason=no_candidate_after_fallback utilization=0.000000 count=3 avg_reward=-10.303736 total_counts=5
2026/08/01 12:22:36 [MAB] event=decision_cancelled ts=1785579756984 request_id=V7c8U2dHX9reTZJ7BHyoqR function=mab_decision_1785579737 selected_arm=arm execution_arm= fallback=false fallback_reason= reason=no_candidate_after_fallback direct_executions=4 fallback_executions=0 cancelled_decisions=3 bandit_manager_available=true
2026/08/01 12:22:36 [LB] No candidate available for function 'mab_decision_1785579737' after fallback
2026/08/01 12:22:36 [LB] Compatible tag found: function=mab_decision_1785579737 tag=arm arch=amd64 pattern="" ring_size=1
2026/08/01 12:22:36 [LB] Compatible tag found: function=mab_decision_1785579737 tag=x86 arch=amd64 pattern="" ring_size=1
2026/08/01 12:22:36 [LB] Compatible tags for function 'mab_decision_1785579737': [arm x86]
2026/08/01 12:22:36 [LB][MAB] event=before_select function=mab_decision_1785579737 compatible_tags=[arm x86] has_context=true
2026/08/01 12:22:36 [MAB] event=arm_score ts=1785579756984 policy=UCB1 function=mab_decision_1785579737 arm=arm score=-9.788899 count=3 in_flight=3 effective_count=6 avg_reward=-10.303736 exploration_bonus=0.514837 total_counts=5 total_in_flight=7 effective_total_counts=12 contextual=false
2026/08/01 12:22:36 [MAB] event=arm_score ts=1785579756984 policy=UCB1 function=mab_decision_1785579737 arm=x86 score=-8.940689 count=2 in_flight=4 effective_count=6 avg_reward=-9.455526 exploration_bonus=0.514837 total_counts=5 total_in_flight=7 effective_total_counts=12 contextual=false
2026/08/01 12:22:36 [MAB] event=in_flight_changed ts=1785579756984 policy=UCB1 function=mab_decision_1785579737 arm=x86 action=started in_flight=5 total_in_flight=8
2026/08/01 12:22:36 [MAB] event=select_arm ts=1785579756984 policy=UCB1 function=mab_decision_1785579737 selected_arm=x86 reason=ucb_score score=-8.940689 total_counts=5 total_in_flight=8 effective_total_counts=13 arms=[arm,x86]
2026/08/01 12:22:36 [LB][MAB] event=after_select function=mab_decision_1785579737 selected_tag=x86 compatible_tags=[arm x86]
2026/08/01 12:22:36 [MAB] event=decision_created ts=1785579756984 request_id=mQjEWW6tBHCEcxEZAafbZ function=mab_decision_1785579737 selected_arm=x86
2026/08/01 12:22:36 Candidate has: 0 MB free memory. Function needs: 128 MB
2026/08/01 12:22:36 Candidate has: 0 MB free memory. Function needs: 128 MB
2026/08/01 12:22:36 [MAB] event=in_flight_changed ts=1785579756984 policy=UCB1 function=mab_decision_1785579737 arm=x86 action=resolved in_flight=4 total_in_flight=7
2026/08/01 12:22:36 [MAB] event=synthetic_reward ts=1785579756984 request_id=mQjEWW6tBHCEcxEZAafbZ policy=UCB1 function=mab_decision_1785579737 arm=x86 reward=-12.000000 reason=no_candidate_after_fallback utilization=0.000000 count=3 avg_reward=-10.303684 total_counts=6
2026/08/01 12:22:36 [MAB] event=decision_cancelled ts=1785579756984 request_id=mQjEWW6tBHCEcxEZAafbZ function=mab_decision_1785579737 selected_arm=x86 execution_arm= fallback=false fallback_reason= reason=no_candidate_after_fallback direct_executions=4 fallback_executions=0 cancelled_decisions=4 bandit_manager_available=true
2026/08/01 12:22:36 [LB] No candidate available for function 'mab_decision_1785579737' after fallback
2026/08/01 12:22:36 [LB] Compatible tag found: function=mab_decision_1785579737 tag=arm arch=amd64 pattern="" ring_size=1
2026/08/01 12:22:36 [LB] Compatible tag found: function=mab_decision_1785579737 tag=x86 arch=amd64 pattern="" ring_size=1
2026/08/01 12:22:36 [LB] Compatible tags for function 'mab_decision_1785579737': [arm x86]
2026/08/01 12:22:36 [LB][MAB] event=before_select function=mab_decision_1785579737 compatible_tags=[arm x86] has_context=true
2026/08/01 12:22:36 [MAB] event=arm_score ts=1785579756984 policy=UCB1 function=mab_decision_1785579737 arm=arm score=-9.780673 count=3 in_flight=3 effective_count=6 avg_reward=-10.303736 exploration_bonus=0.523063 total_counts=6 total_in_flight=7 effective_total_counts=13 contextual=false
2026/08/01 12:22:36 [MAB] event=arm_score ts=1785579756984 policy=UCB1 function=mab_decision_1785579737 arm=x86 score=-9.819422 count=3 in_flight=4 effective_count=7 avg_reward=-10.303684 exploration_bonus=0.484262 total_counts=6 total_in_flight=7 effective_total_counts=13 contextual=false
2026/08/01 12:22:36 [MAB] event=in_flight_changed ts=1785579756984 policy=UCB1 function=mab_decision_1785579737 arm=arm action=started in_flight=4 total_in_flight=8
2026/08/01 12:22:36 [MAB] event=select_arm ts=1785579756984 policy=UCB1 function=mab_decision_1785579737 selected_arm=arm reason=ucb_score score=-9.780673 total_counts=6 total_in_flight=8 effective_total_counts=14 arms=[arm,x86]
2026/08/01 12:22:36 [LB][MAB] event=after_select function=mab_decision_1785579737 selected_tag=arm compatible_tags=[arm x86]
2026/08/01 12:22:36 [MAB] event=decision_created ts=1785579756984 request_id=j65wDjSQ5fKP2QquARhnPA function=mab_decision_1785579737 selected_arm=arm
2026/08/01 12:22:36 Candidate has: 0 MB free memory. Function needs: 128 MB
2026/08/01 12:22:36 Candidate has: 0 MB free memory. Function needs: 128 MB
2026/08/01 12:22:36 [MAB] event=in_flight_changed ts=1785579756984 policy=UCB1 function=mab_decision_1785579737 arm=arm action=resolved in_flight=3 total_in_flight=7
2026/08/01 12:22:36 [MAB] event=synthetic_reward ts=1785579756984 request_id=j65wDjSQ5fKP2QquARhnPA policy=UCB1 function=mab_decision_1785579737 arm=arm reward=-12.000000 reason=no_candidate_after_fallback utilization=0.000000 count=4 avg_reward=-10.727802 total_counts=7
2026/08/01 12:22:36 [MAB] event=decision_cancelled ts=1785579756984 request_id=j65wDjSQ5fKP2QquARhnPA function=mab_decision_1785579737 selected_arm=arm execution_arm= fallback=false fallback_reason= reason=no_candidate_after_fallback direct_executions=4 fallback_executions=0 cancelled_decisions=5 bandit_manager_available=true
2026/08/01 12:22:36 [LB] No candidate available for function 'mab_decision_1785579737' after fallback
2026/08/01 12:22:36 [LB] Compatible tag found: function=mab_decision_1785579737 tag=arm arch=amd64 pattern="" ring_size=1
2026/08/01 12:22:36 [LB] Compatible tag found: function=mab_decision_1785579737 tag=x86 arch=amd64 pattern="" ring_size=1
2026/08/01 12:22:36 [LB] Compatible tags for function 'mab_decision_1785579737': [arm x86]
2026/08/01 12:22:36 [LB][MAB] event=before_select function=mab_decision_1785579737 compatible_tags=[arm x86] has_context=true
2026/08/01 12:22:36 [MAB] event=arm_score ts=1785579756984 policy=UCB1 function=mab_decision_1785579737 arm=arm score=-10.236594 count=4 in_flight=3 effective_count=7 avg_reward=-10.727802 exploration_bonus=0.491208 total_counts=7 total_in_flight=7 effective_total_counts=14 contextual=false
2026/08/01 12:22:36 [MAB] event=arm_score ts=1785579756984 policy=UCB1 function=mab_decision_1785579737 arm=x86 score=-9.812476 count=3 in_flight=4 effective_count=7 avg_reward=-10.303684 exploration_bonus=0.491208 total_counts=7 total_in_flight=7 effective_total_counts=14 contextual=false
2026/08/01 12:22:36 [MAB] event=in_flight_changed ts=1785579756984 policy=UCB1 function=mab_decision_1785579737 arm=x86 action=started in_flight=5 total_in_flight=8
2026/08/01 12:22:36 [MAB] event=select_arm ts=1785579756984 policy=UCB1 function=mab_decision_1785579737 selected_arm=x86 reason=ucb_score score=-9.812476 total_counts=7 total_in_flight=8 effective_total_counts=15 arms=[arm,x86]
2026/08/01 12:22:36 [LB][MAB] event=after_select function=mab_decision_1785579737 selected_tag=x86 compatible_tags=[arm x86]
2026/08/01 12:22:36 [MAB] event=decision_created ts=1785579756984 request_id=ks3E5m4V9fQVNCvjETkkgU function=mab_decision_1785579737 selected_arm=x86
2026/08/01 12:22:36 Candidate has: 0 MB free memory. Function needs: 128 MB
2026/08/01 12:22:36 Candidate has: 0 MB free memory. Function needs: 128 MB
2026/08/01 12:22:36 [MAB] event=in_flight_changed ts=1785579756984 policy=UCB1 function=mab_decision_1785579737 arm=x86 action=resolved in_flight=4 total_in_flight=7
2026/08/01 12:22:36 [MAB] event=synthetic_reward ts=1785579756984 request_id=ks3E5m4V9fQVNCvjETkkgU policy=UCB1 function=mab_decision_1785579737 arm=x86 reward=-12.000000 reason=no_candidate_after_fallback utilization=0.000000 count=4 avg_reward=-10.727763 total_counts=8
2026/08/01 12:22:36 [MAB] event=decision_cancelled ts=1785579756984 request_id=ks3E5m4V9fQVNCvjETkkgU function=mab_decision_1785579737 selected_arm=x86 execution_arm= fallback=false fallback_reason= reason=no_candidate_after_fallback direct_executions=4 fallback_executions=0 cancelled_decisions=6 bandit_manager_available=true
2026/08/01 12:22:36 [LB] No candidate available for function 'mab_decision_1785579737' after fallback
2026/08/01 12:22:36 [LB] Compatible tag found: function=mab_decision_1785579737 tag=arm arch=amd64 pattern="" ring_size=1
2026/08/01 12:22:36 [LB] Compatible tag found: function=mab_decision_1785579737 tag=x86 arch=amd64 pattern="" ring_size=1
2026/08/01 12:22:36 [LB] Compatible tags for function 'mab_decision_1785579737': [arm x86]
2026/08/01 12:22:36 [LB][MAB] event=before_select function=mab_decision_1785579737 compatible_tags=[arm x86] has_context=true
2026/08/01 12:22:36 [MAB] event=arm_score ts=1785579756985 policy=UCB1 function=mab_decision_1785579737 arm=arm score=-10.230214 count=4 in_flight=3 effective_count=7 avg_reward=-10.727802 exploration_bonus=0.497587 total_counts=8 total_in_flight=7 effective_total_counts=15 contextual=false
2026/08/01 12:22:36 [MAB] event=arm_score ts=1785579756985 policy=UCB1 function=mab_decision_1785579737 arm=x86 score=-10.262313 count=4 in_flight=4 effective_count=8 avg_reward=-10.727763 exploration_bonus=0.465450 total_counts=8 total_in_flight=7 effective_total_counts=15 contextual=false
2026/08/01 12:22:36 [MAB] event=in_flight_changed ts=1785579756985 policy=UCB1 function=mab_decision_1785579737 arm=arm action=started in_flight=4 total_in_flight=8
2026/08/01 12:22:36 [MAB] event=select_arm ts=1785579756985 policy=UCB1 function=mab_decision_1785579737 selected_arm=arm reason=ucb_score score=-10.230214 total_counts=8 total_in_flight=8 effective_total_counts=16 arms=[arm,x86]
2026/08/01 12:22:36 [LB][MAB] event=after_select function=mab_decision_1785579737 selected_tag=arm compatible_tags=[arm x86]
2026/08/01 12:22:36 [MAB] event=decision_created ts=1785579756985 request_id=qJQCtwSMNWdkpxZmQ2Ap6e function=mab_decision_1785579737 selected_arm=arm
2026/08/01 12:22:36 Candidate has: 0 MB free memory. Function needs: 128 MB
2026/08/01 12:22:36 Candidate has: 0 MB free memory. Function needs: 128 MB
2026/08/01 12:22:36 [MAB] event=in_flight_changed ts=1785579756985 policy=UCB1 function=mab_decision_1785579737 arm=arm action=resolved in_flight=3 total_in_flight=7
2026/08/01 12:22:36 [MAB] event=synthetic_reward ts=1785579756985 request_id=qJQCtwSMNWdkpxZmQ2Ap6e policy=UCB1 function=mab_decision_1785579737 arm=arm reward=-12.000000 reason=no_candidate_after_fallback utilization=0.000000 count=5 avg_reward=-10.982241 total_counts=9
2026/08/01 12:22:36 [MAB] event=decision_cancelled ts=1785579756985 request_id=qJQCtwSMNWdkpxZmQ2Ap6e function=mab_decision_1785579737 selected_arm=arm execution_arm= fallback=false fallback_reason= reason=no_candidate_after_fallback direct_executions=4 fallback_executions=0 cancelled_decisions=7 bandit_manager_available=true
2026/08/01 12:22:36 [LB] No candidate available for function 'mab_decision_1785579737' after fallback
2026/08/01 12:22:36 [LB] Compatible tag found: function=mab_decision_1785579737 tag=arm arch=amd64 pattern="" ring_size=1
2026/08/01 12:22:36 [LB] Compatible tag found: function=mab_decision_1785579737 tag=x86 arch=amd64 pattern="" ring_size=1
2026/08/01 12:22:36 [LB] Compatible tags for function 'mab_decision_1785579737': [arm x86]
2026/08/01 12:22:36 [LB][MAB] event=before_select function=mab_decision_1785579737 compatible_tags=[arm x86] has_context=true
2026/08/01 12:22:36 [MAB] event=arm_score ts=1785579756985 policy=UCB1 function=mab_decision_1785579737 arm=arm score=-10.511277 count=5 in_flight=3 effective_count=8 avg_reward=-10.982241 exploration_bonus=0.470964 total_counts=9 total_in_flight=7 effective_total_counts=16 contextual=false
2026/08/01 12:22:36 [MAB] event=arm_score ts=1785579756985 policy=UCB1 function=mab_decision_1785579737 arm=x86 score=-10.256799 count=4 in_flight=4 effective_count=8 avg_reward=-10.727763 exploration_bonus=0.470964 total_counts=9 total_in_flight=7 effective_total_counts=16 contextual=false
2026/08/01 12:22:36 [MAB] event=in_flight_changed ts=1785579756985 policy=UCB1 function=mab_decision_1785579737 arm=x86 action=started in_flight=5 total_in_flight=8
2026/08/01 12:22:36 [MAB] event=select_arm ts=1785579756985 policy=UCB1 function=mab_decision_1785579737 selected_arm=x86 reason=ucb_score score=-10.256799 total_counts=9 total_in_flight=8 effective_total_counts=17 arms=[arm,x86]
2026/08/01 12:22:36 [LB][MAB] event=after_select function=mab_decision_1785579737 selected_tag=x86 compatible_tags=[arm x86]
2026/08/01 12:22:36 [MAB] event=decision_created ts=1785579756985 request_id=r5mJtNANbo4zp6rsQ4eKDk function=mab_decision_1785579737 selected_arm=x86
2026/08/01 12:22:36 Candidate has: 0 MB free memory. Function needs: 128 MB
2026/08/01 12:22:36 Candidate has: 0 MB free memory. Function needs: 128 MB
2026/08/01 12:22:36 [MAB] event=in_flight_changed ts=1785579756985 policy=UCB1 function=mab_decision_1785579737 arm=x86 action=resolved in_flight=4 total_in_flight=7
2026/08/01 12:22:36 [MAB] event=synthetic_reward ts=1785579756985 request_id=r5mJtNANbo4zp6rsQ4eKDk policy=UCB1 function=mab_decision_1785579737 arm=x86 reward=-12.000000 reason=no_candidate_after_fallback utilization=0.000000 count=5 avg_reward=-10.982210 total_counts=10
2026/08/01 12:22:36 [MAB] event=decision_cancelled ts=1785579756985 request_id=r5mJtNANbo4zp6rsQ4eKDk function=mab_decision_1785579737 selected_arm=x86 execution_arm= fallback=false fallback_reason= reason=no_candidate_after_fallback direct_executions=4 fallback_executions=0 cancelled_decisions=8 bandit_manager_available=true
2026/08/01 12:22:36 [LB] No candidate available for function 'mab_decision_1785579737' after fallback
2026/08/01 12:22:36 [LB] Compatible tag found: function=mab_decision_1785579737 tag=arm arch=amd64 pattern="" ring_size=1
2026/08/01 12:22:36 [LB] Compatible tag found: function=mab_decision_1785579737 tag=x86 arch=amd64 pattern="" ring_size=1
2026/08/01 12:22:36 [LB] Compatible tags for function 'mab_decision_1785579737': [arm x86]
2026/08/01 12:22:36 [LB][MAB] event=before_select function=mab_decision_1785579737 compatible_tags=[arm x86] has_context=true
2026/08/01 12:22:36 [MAB] event=arm_score ts=1785579756986 policy=UCB1 function=mab_decision_1785579737 arm=arm score=-10.506156 count=5 in_flight=3 effective_count=8 avg_reward=-10.982241 exploration_bonus=0.476085 total_counts=10 total_in_flight=7 effective_total_counts=17 contextual=false
2026/08/01 12:22:36 [MAB] event=arm_score ts=1785579756986 policy=UCB1 function=mab_decision_1785579737 arm=x86 score=-10.533353 count=5 in_flight=4 effective_count=9 avg_reward=-10.982210 exploration_bonus=0.448857 total_counts=10 total_in_flight=7 effective_total_counts=17 contextual=false
2026/08/01 12:22:36 [MAB] event=in_flight_changed ts=1785579756986 policy=UCB1 function=mab_decision_1785579737 arm=arm action=started in_flight=4 total_in_flight=8
2026/08/01 12:22:36 [MAB] event=select_arm ts=1785579756986 policy=UCB1 function=mab_decision_1785579737 selected_arm=arm reason=ucb_score score=-10.506156 total_counts=10 total_in_flight=8 effective_total_counts=18 arms=[arm,x86]
2026/08/01 12:22:36 [LB][MAB] event=after_select function=mab_decision_1785579737 selected_tag=arm compatible_tags=[arm x86]
2026/08/01 12:22:36 [MAB] event=decision_created ts=1785579756986 request_id=dw7x7GndbzumWYYi9hG8nX function=mab_decision_1785579737 selected_arm=arm
2026/08/01 12:22:36 Candidate has: 0 MB free memory. Function needs: 128 MB
2026/08/01 12:22:36 Candidate has: 0 MB free memory. Function needs: 128 MB
2026/08/01 12:22:36 [MAB] event=in_flight_changed ts=1785579756986 policy=UCB1 function=mab_decision_1785579737 arm=arm action=resolved in_flight=3 total_in_flight=7
2026/08/01 12:22:36 [MAB] event=synthetic_reward ts=1785579756986 request_id=dw7x7GndbzumWYYi9hG8nX policy=UCB1 function=mab_decision_1785579737 arm=arm reward=-12.000000 reason=no_candidate_after_fallback utilization=0.000000 count=6 avg_reward=-11.151868 total_counts=11
2026/08/01 12:22:36 [MAB] event=decision_cancelled ts=1785579756986 request_id=dw7x7GndbzumWYYi9hG8nX function=mab_decision_1785579737 selected_arm=arm execution_arm= fallback=false fallback_reason= reason=no_candidate_after_fallback direct_executions=4 fallback_executions=0 cancelled_decisions=9 bandit_manager_available=true
2026/08/01 12:22:36 [LB] No candidate available for function 'mab_decision_1785579737' after fallback
2026/08/01 12:22:37 [LB]: Periodic targets update
2026/08/01 12:22:37 Found target: EVEs79bMmJBZxDnNTFEZWV1785579737864105888
2026/08/01 12:22:37 Found target: XmDUtVTWFwAXEQ39pPiiS61785579737867667810
2026/08/01 12:22:37 Found 2 targets
2026/08/01 12:22:40 [LB]: Periodic targets update
2026/08/01 12:22:40 Found target: EVEs79bMmJBZxDnNTFEZWV1785579737864105888
2026/08/01 12:22:40 Found target: XmDUtVTWFwAXEQ39pPiiS61785579737867667810
2026/08/01 12:22:40 Found 2 targets
2026/08/01 12:22:40 [LB-Update] Node XmDUtVTWFwAXEQ39pPiiS61785579737867667810 reported 128 MB free
2026/08/01 12:22:40 [MAB] event=execution_timing ts=1785579760986 policy=UCB1 function=mab_decision_1785579737 arm=x86 node_name=XmDUtVTWFwAXEQ39pPiiS61785579737867667810 execution_node=XmDUtVTWFwAXEQ39pPiiS61785579737867667810 warm_start=true response_time_ms=4003.865254 duration_ms=4003.712813 init_time_ms=0.131463 queueing_time_ms=0.000000 offload_latency_ms=0.000000 response_minus_duration_ms=0.152441
2026/08/01 12:22:40 [MAB] event=in_flight_changed ts=1785579760986 policy=UCB1 function=mab_decision_1785579737 arm=x86 action=resolved in_flight=3 total_in_flight=6
2026/08/01 12:22:40 [MAB] event=reward_breakdown ts=1785579760986 policy=UCB1 function=mab_decision_1785579737 arm=x86 base_tag=x86 architecture=x86 specialization=default capabilities=[] duration_ms=4003.712813 latency_reward=-8.294977 cost_weight=0.000000 cost_factor=1.000000 cost_term=0.000000 energy_weight=0.000000 energy_factor=1.000000 energy_term=0.000000 final_reward=-8.294977
2026/08/01 12:22:40 [MAB] event=cold_start_stats ts=1785579760986 policy=UCB1 function=mab_decision_1785579737 arm=x86 total_invocations=3 cold_observed=1 warm_observed=2 cold_accepted=0 cold_skipped=1 invalid_feedback=0 cold_duration_samples=1 warm_duration_samples=2 cold_init_time_samples=1 avg_cold_duration_ms=1006.386343 avg_warm_duration_ms=2503.507543 avg_cold_init_time_ms=499.809171
2026/08/01 12:22:40 [MAB] event=update_reward ts=1785579760986 policy=UCB1 function=mab_decision_1785579737 arm=x86 duration_ms=4003.712813 warm_start=true reward=-8.294977 count=6 avg_reward=-10.534338 total_counts=12
2026/08/01 12:22:40 [MAB] event=decision_resolved ts=1785579760986 request_id=RxTuDKeEgBwsEsHSpZimeB function=mab_decision_1785579737 selected_arm=x86 execution_arm=x86 fallback=false fallback_reason= direct_executions=5 fallback_executions=0 cancelled_decisions=9
2026/08/01 12:22:40 [LB-Update] Node EVEs79bMmJBZxDnNTFEZWV1785579737864105888 reported 0 MB free
2026/08/01 12:22:40 [MAB] event=execution_timing ts=1785579760988 policy=UCB1 function=mab_decision_1785579737 arm=arm node_name=EVEs79bMmJBZxDnNTFEZWV1785579737864105888 execution_node=EVEs79bMmJBZxDnNTFEZWV1785579737864105888 warm_start=true response_time_ms=4005.262845 duration_ms=4005.132779 init_time_ms=0.114049 queueing_time_ms=0.000000 offload_latency_ms=0.000000 response_minus_duration_ms=0.130066
2026/08/01 12:22:40 [MAB] event=in_flight_changed ts=1785579760988 policy=UCB1 function=mab_decision_1785579737 arm=arm action=resolved in_flight=2 total_in_flight=5
2026/08/01 12:22:40 [MAB] event=reward_breakdown ts=1785579760988 policy=UCB1 function=mab_decision_1785579737 arm=arm base_tag=arm architecture=arm specialization=default capabilities=[] duration_ms=4005.132779 latency_reward=-8.295332 cost_weight=0.000000 cost_factor=1.000000 cost_term=0.000000 energy_weight=0.000000 energy_factor=1.000000 energy_term=0.000000 final_reward=-8.295332
2026/08/01 12:22:40 [MAB] event=cold_start_stats ts=1785579760988 policy=UCB1 function=mab_decision_1785579737 arm=arm total_invocations=3 cold_observed=1 warm_observed=2 cold_accepted=0 cold_skipped=1 invalid_feedback=0 cold_duration_samples=1 warm_duration_samples=2 cold_init_time_samples=1 avg_cold_duration_ms=1007.105398 avg_warm_duration_ms=2504.295294 avg_cold_init_time_ms=470.513904
2026/08/01 12:22:40 [MAB] event=update_reward ts=1785579760988 policy=UCB1 function=mab_decision_1785579737 arm=arm duration_ms=4005.132779 warm_start=true reward=-8.295332 count=7 avg_reward=-10.743791 total_counts=13
2026/08/01 12:22:40 [MAB] event=decision_resolved ts=1785579760988 request_id=kdoLsXaoBrqmqbtmfPCUWP function=mab_decision_1785579737 selected_arm=arm execution_arm=arm fallback=false fallback_reason= direct_executions=6 fallback_executions=0 cancelled_decisions=9
2026/08/01 12:22:41 [LB-Update] Node XmDUtVTWFwAXEQ39pPiiS61785579737867667810 reported 256 MB free
2026/08/01 12:22:41 [MAB] event=execution_timing ts=1785579761469 policy=UCB1 function=mab_decision_1785579737 arm=x86 node_name=XmDUtVTWFwAXEQ39pPiiS61785579737867667810 execution_node=XmDUtVTWFwAXEQ39pPiiS61785579737867667810 warm_start=false response_time_ms=4485.810066 duration_ms=4009.032351 init_time_ms=476.762230 queueing_time_ms=0.000000 offload_latency_ms=0.000000 response_minus_duration_ms=476.777715
2026/08/01 12:22:41 [MAB] event=in_flight_changed ts=1785579761469 policy=UCB1 function=mab_decision_1785579737 arm=x86 action=resolved in_flight=2 total_in_flight=4
2026/08/01 12:22:41 [MAB] event=skip_cold_start ts=1785579761469 policy=UCB1 function=mab_decision_1785579737 arm=x86 duration_ms=4009.032351 reason=cold_start
2026/08/01 12:22:41 [MAB] event=cold_start_stats ts=1785579761469 policy=UCB1 function=mab_decision_1785579737 arm=x86 total_invocations=4 cold_observed=2 warm_observed=2 cold_accepted=0 cold_skipped=2 invalid_feedback=0 cold_duration_samples=2 warm_duration_samples=2 cold_init_time_samples=2 avg_cold_duration_ms=2507.709347 avg_warm_duration_ms=2503.507543 avg_cold_init_time_ms=488.285700
2026/08/01 12:22:41 [MAB] event=decision_resolved ts=1785579761469 request_id=U8R6Dj5oSNZKX5arMiiBBY function=mab_decision_1785579737 selected_arm=x86 execution_arm=x86 fallback=false fallback_reason= direct_executions=7 fallback_executions=0 cancelled_decisions=9
2026/08/01 12:22:41 [LB-Update] Node EVEs79bMmJBZxDnNTFEZWV1785579737864105888 reported 128 MB free
2026/08/01 12:22:41 [MAB] event=execution_timing ts=1785579761480 policy=UCB1 function=mab_decision_1785579737 arm=arm node_name=EVEs79bMmJBZxDnNTFEZWV1785579737864105888 execution_node=EVEs79bMmJBZxDnNTFEZWV1785579737864105888 warm_start=false response_time_ms=4494.953134 duration_ms=4007.149355 init_time_ms=487.788684 queueing_time_ms=0.000000 offload_latency_ms=0.000000 response_minus_duration_ms=487.803779
2026/08/01 12:22:41 [MAB] event=in_flight_changed ts=1785579761480 policy=UCB1 function=mab_decision_1785579737 arm=x86 action=resolved in_flight=1 total_in_flight=3
2026/08/01 12:22:41 [MAB] event=synthetic_reward ts=1785579761480 request_id=cWtdGJULGRUjXuRVmuJNag policy=UCB1 function=mab_decision_1785579737 arm=x86 reward=-12.000000 reason=selected_arm_no_candidate utilization=0.000000 count=7 avg_reward=-10.743719 total_counts=14
2026/08/01 12:22:41 [MAB] event=skip_cold_start ts=1785579761480 policy=UCB1 function=mab_decision_1785579737 arm=arm duration_ms=4007.149355 reason=cold_start
2026/08/01 12:22:41 [MAB] event=cold_start_stats ts=1785579761480 policy=UCB1 function=mab_decision_1785579737 arm=arm total_invocations=4 cold_observed=2 warm_observed=2 cold_accepted=0 cold_skipped=2 invalid_feedback=0 cold_duration_samples=2 warm_duration_samples=2 cold_init_time_samples=2 avg_cold_duration_ms=2507.127377 avg_warm_duration_ms=2504.295294 avg_cold_init_time_ms=479.151294
2026/08/01 12:22:41 [MAB] event=decision_resolved ts=1785579761480 request_id=cWtdGJULGRUjXuRVmuJNag function=mab_decision_1785579737 selected_arm=x86 execution_arm=arm fallback=true fallback_reason=selected_arm_no_candidate direct_executions=7 fallback_executions=1 cancelled_decisions=9
2026/08/01 12:22:41 [LB-Update] Node EVEs79bMmJBZxDnNTFEZWV1785579737864105888 reported 256 MB free
2026/08/01 12:22:41 [MAB] event=execution_timing ts=1785579761490 policy=UCB1 function=mab_decision_1785579737 arm=arm node_name=EVEs79bMmJBZxDnNTFEZWV1785579737864105888 execution_node=EVEs79bMmJBZxDnNTFEZWV1785579737864105888 warm_start=false response_time_ms=4506.224549 duration_ms=4008.373503 init_time_ms=497.835305 queueing_time_ms=0.000000 offload_latency_ms=0.000000 response_minus_duration_ms=497.851046
2026/08/01 12:22:41 [MAB] event=in_flight_changed ts=1785579761490 policy=UCB1 function=mab_decision_1785579737 arm=arm action=resolved in_flight=1 total_in_flight=2
2026/08/01 12:22:41 [MAB] event=skip_cold_start ts=1785579761490 policy=UCB1 function=mab_decision_1785579737 arm=arm duration_ms=4008.373503 reason=cold_start
2026/08/01 12:22:41 [MAB] event=cold_start_stats ts=1785579761490 policy=UCB1 function=mab_decision_1785579737 arm=arm total_invocations=5 cold_observed=3 warm_observed=2 cold_accepted=0 cold_skipped=3 invalid_feedback=0 cold_duration_samples=3 warm_duration_samples=2 cold_init_time_samples=3 avg_cold_duration_ms=3007.542752 avg_warm_duration_ms=2504.295294 avg_cold_init_time_ms=485.379298
2026/08/01 12:22:41 [MAB] event=decision_resolved ts=1785579761490 request_id=8Bkgmy2gm75pdMcU55Rdp7 function=mab_decision_1785579737 selected_arm=arm execution_arm=arm fallback=false fallback_reason= direct_executions=8 fallback_executions=1 cancelled_decisions=9
2026/08/01 12:22:41 [LB-Update] Node EVEs79bMmJBZxDnNTFEZWV1785579737864105888 reported 384 MB free
2026/08/01 12:22:41 [MAB] event=execution_timing ts=1785579761502 policy=UCB1 function=mab_decision_1785579737 arm=arm node_name=EVEs79bMmJBZxDnNTFEZWV1785579737864105888 execution_node=EVEs79bMmJBZxDnNTFEZWV1785579737864105888 warm_start=false response_time_ms=4518.695550 duration_ms=4006.519831 init_time_ms=512.162425 queueing_time_ms=0.000000 offload_latency_ms=0.000000 response_minus_duration_ms=512.175719
2026/08/01 12:22:41 [MAB] event=in_flight_changed ts=1785579761502 policy=UCB1 function=mab_decision_1785579737 arm=arm action=resolved in_flight=0 total_in_flight=1
2026/08/01 12:22:41 [MAB] event=skip_cold_start ts=1785579761502 policy=UCB1 function=mab_decision_1785579737 arm=arm duration_ms=4006.519831 reason=cold_start
2026/08/01 12:22:41 [MAB] event=cold_start_stats ts=1785579761502 policy=UCB1 function=mab_decision_1785579737 arm=arm total_invocations=6 cold_observed=4 warm_observed=2 cold_accepted=0 cold_skipped=4 invalid_feedback=0 cold_duration_samples=4 warm_duration_samples=2 cold_init_time_samples=4 avg_cold_duration_ms=3257.287022 avg_warm_duration_ms=2504.295294 avg_cold_init_time_ms=492.075080
2026/08/01 12:22:41 [MAB] event=decision_resolved ts=1785579761502 request_id=TFDPrWUQ7Gjv3EyMqewfAY function=mab_decision_1785579737 selected_arm=arm execution_arm=arm fallback=false fallback_reason= direct_executions=9 fallback_executions=1 cancelled_decisions=9
2026/08/01 12:22:41 [LB-Update] Node XmDUtVTWFwAXEQ39pPiiS61785579737867667810 reported 384 MB free
2026/08/01 12:22:41 [MAB] event=execution_timing ts=1785579761504 policy=UCB1 function=mab_decision_1785579737 arm=x86 node_name=XmDUtVTWFwAXEQ39pPiiS61785579737867667810 execution_node=XmDUtVTWFwAXEQ39pPiiS61785579737867667810 warm_start=false response_time_ms=4520.913616 duration_ms=4006.278757 init_time_ms=514.625412 queueing_time_ms=0.000000 offload_latency_ms=0.000000 response_minus_duration_ms=514.634859
2026/08/01 12:22:41 [MAB] event=in_flight_changed ts=1785579761504 policy=UCB1 function=mab_decision_1785579737 arm=x86 action=resolved in_flight=0 total_in_flight=0
2026/08/01 12:22:41 [MAB] event=skip_cold_start ts=1785579761504 policy=UCB1 function=mab_decision_1785579737 arm=x86 duration_ms=4006.278757 reason=cold_start
2026/08/01 12:22:41 [MAB] event=cold_start_stats ts=1785579761504 policy=UCB1 function=mab_decision_1785579737 arm=x86 total_invocations=5 cold_observed=3 warm_observed=2 cold_accepted=0 cold_skipped=3 invalid_feedback=0 cold_duration_samples=3 warm_duration_samples=2 cold_init_time_samples=3 avg_cold_duration_ms=3007.232484 avg_warm_duration_ms=2503.507543 avg_cold_init_time_ms=497.065604
2026/08/01 12:22:41 [MAB] event=decision_resolved ts=1785579761504 request_id=3eJ8UxwQ5cejezn7rPVhqi function=mab_decision_1785579737 selected_arm=x86 execution_arm=x86 fallback=false fallback_reason= direct_executions=10 fallback_executions=1 cancelled_decisions=9
2026/08/01 12:22:43 [LB]: Periodic targets update
2026/08/01 12:22:43 Found target: EVEs79bMmJBZxDnNTFEZWV1785579737864105888
2026/08/01 12:22:43 Found target: XmDUtVTWFwAXEQ39pPiiS61785579737867667810
2026/08/01 12:22:43 Found 2 targets
