2026/08/01 12:22:17 Local node id: (ROME)EVEs79bMmJBZxDnNTFEZWV1785579737864105888 - arm (arch: amd64)
2026/08/01 12:22:17 Registration for node: (ROME)EVEs79bMmJBZxDnNTFEZWV1785579737864105888 - arm
2026/08/01 12:22:17 Connecting to etcd
2026/08/01 12:22:17 Connected to etcd
2026/08/01 12:22:18 etcd connection state: READY
2026/08/01 12:22:18 etcd: connected and ready
2026/08/01 12:22:18 Registering to etcd: registry/ROME/arm/EVEs79bMmJBZxDnNTFEZWV1785579737864105888
2026/08/01 12:22:18 Configured scheduling policy: default
2026/08/01 12:22:18 Configured offloading policy: disable
2026/08/01 12:22:18 Current resources: [CPUs: 0.000000/32.000000 - Mem: 0(+0 warm)/512]
2026/08/01 12:22:18 Scheduler started.
2026/08/01 12:22:18 No remote area is configured; vertical offloading disabled
2026/08/01 12:22:18 UDP server up and listening on port 9876
⇨ http server started on [::]:1323
2026/08/01 12:22:27 Container 7ba793f6bc732f4d4ae6dbb8cc0a57b76ece02e024384c3650b1147594e28465 has name /jolly_blackburn
2026/08/01 12:22:28 [mab_decision_1785579737] Executing on container: 7ba793f6bc732f4d4ae6dbb8cc0a57b76ece02e024384c3650b1147594e28465
2026/08/01 12:22:30 Using warm 7ba793f6bc732f4d4ae6dbb8cc0a57b76ece02e024384c3650b1147594e28465 for mab_decision_1785579737. Now: [CPUs: 0.000000/32.000000 - Mem: 128(+0 warm)/512]
2026/08/01 12:22:30 [mab_decision_1785579737] Executing on container: 7ba793f6bc732f4d4ae6dbb8cc0a57b76ece02e024384c3650b1147594e28465
2026/08/01 12:22:36 Using warm 7ba793f6bc732f4d4ae6dbb8cc0a57b76ece02e024384c3650b1147594e28465 for mab_decision_1785579737. Now: [CPUs: 0.000000/32.000000 - Mem: 128(+0 warm)/512]
2026/08/01 12:22:36 [mab_decision_1785579737] Executing on container: 7ba793f6bc732f4d4ae6dbb8cc0a57b76ece02e024384c3650b1147594e28465
2026/08/01 12:22:37 Container 3b65c69a42ec65020186e797ce38c1fb19a8d9a93c4478beab64e3a50a84adfb has name /elegant_brown
2026/08/01 12:22:37 Container 4d6c48c86bd187ad7053f4fec8aaa05611772aad163cdf2bd6d5f7876c3decba has name /brave_sanderson
2026/08/01 12:22:37 Container b691f9349c545a17d7e063f2048b0ace17f7c347d54b135b9d36518d17580117 has name /condescending_hertz
2026/08/01 12:22:37 [mab_decision_1785579737] Executing on container: b691f9349c545a17d7e063f2048b0ace17f7c347d54b135b9d36518d17580117
2026/08/01 12:22:37 [mab_decision_1785579737] Executing on container: 4d6c48c86bd187ad7053f4fec8aaa05611772aad163cdf2bd6d5f7876c3decba
2026/08/01 12:22:37 [mab_decision_1785579737] Executing on container: 3b65c69a42ec65020186e797ce38c1fb19a8d9a93c4478beab64e3a50a84adfb
2026/08/01 12:22:38 Periodic nearby Monitoring
2026/08/01 12:22:38 Requesting status information for 192.168.0.46:9877
