2026/06/17 17:37:45 Registration for node: (ROME)AfcjLehBkFRasLtpjGernk1781710665293866120 - amd64
2026/06/17 17:37:45 Connecting to etcd
2026/06/17 17:37:45 Connected to etcd
2026/06/17 17:37:45 etcd connection state: READY
2026/06/17 17:37:45 etcd: connected and ready
2026/06/17 17:37:45 Registering to etcd: registry/ROME/__lb/amd64/AfcjLehBkFRasLtpjGernk1781710665293866120
2026/06/17 17:37:45 Found target: 9Dvg7icadU7gJACPjUfcLL1781710660292304272
2026/06/17 17:37:45 Found target: iHCUiheWj7iR4vFHtettz91781710660290093898
2026/06/17 17:37:45 Found 2 targets
2026/06/17 17:37:45 Initializing with 2 targets.
2026/06/17 17:37:45 Running ArchitectureAwareLB with 128 replicas per node in the hash rings
2026/06/17 17:37:45 LB mode set to MAB
2026/06/17 17:37:45 [LB] Adding target x86
2026/06/17 17:37:45 [LB] Adding target x86
⇨ http server started on [::]:8080
2026/06/17 17:37:48 [LB]: Periodic targets update
2026/06/17 17:37:48 Found target: 9Dvg7icadU7gJACPjUfcLL1781710660292304272
2026/06/17 17:37:48 Found target: iHCUiheWj7iR4vFHtettz91781710660290093898
2026/06/17 17:37:48 Found 2 targets
2026/06/17 17:37:50 [LB] Compatible tag found: function=mab_dynamic_1781710654 tag=x86 arch=amd64 pattern="" ring_size=2
2026/06/17 17:37:50 [LB] Compatible tags for function 'mab_dynamic_1781710654': [x86]
2026/06/17 17:37:50 Candidate has: 512 MB free memory. Function needs: 128 MB
2026/06/17 17:37:50 [LB] Selected target for function 'mab_dynamic_1781710654': target_tag=x86 candidate=9Dvg7icadU7gJACPjUfcLL1781710660292304272 candidate_tag=x86
2026/06/17 17:37:50 [LB-Update] Node 9Dvg7icadU7gJACPjUfcLL1781710660292304272 reported 512 MB free
2026/06/17 17:37:50 BanditManager GetBandit: policy type: UCB1
2026/06/17 17:37:50 Initialized UCB1 bandit for mab_dynamic_1781710654
2026/06/17 17:37:51 [LB] Compatible tag found: function=mab_dynamic_1781710654 tag=x86 arch=amd64 pattern="" ring_size=2
2026/06/17 17:37:51 [LB] Compatible tags for function 'mab_dynamic_1781710654': [x86]
2026/06/17 17:37:51 Candidate has: 512 MB free memory. Function needs: 128 MB
2026/06/17 17:37:51 [LB] Selected target for function 'mab_dynamic_1781710654': target_tag=x86 candidate=9Dvg7icadU7gJACPjUfcLL1781710660292304272 candidate_tag=x86
2026/06/17 17:37:51 [LB-Update] Node 9Dvg7icadU7gJACPjUfcLL1781710660292304272 reported 512 MB free
2026/06/17 17:37:51 [LB] Compatible tag found: function=mab_dynamic_1781710654 tag=x86 arch=amd64 pattern="" ring_size=2
2026/06/17 17:37:51 [LB] Compatible tags for function 'mab_dynamic_1781710654': [x86]
2026/06/17 17:37:51 Candidate has: 512 MB free memory. Function needs: 128 MB
2026/06/17 17:37:51 [LB] Selected target for function 'mab_dynamic_1781710654': target_tag=x86 candidate=9Dvg7icadU7gJACPjUfcLL1781710660292304272 candidate_tag=x86
2026/06/17 17:37:51 [LB-Update] Node 9Dvg7icadU7gJACPjUfcLL1781710660292304272 reported 512 MB free
2026/06/17 17:37:51 [LB]: Periodic targets update
2026/06/17 17:37:51 Found target: 9Dvg7icadU7gJACPjUfcLL1781710660292304272
2026/06/17 17:37:51 Found target: iHCUiheWj7iR4vFHtettz91781710660290093898
2026/06/17 17:37:51 Found 2 targets
2026/06/17 17:37:51 [LB] Compatible tag found: function=mab_dynamic_1781710654 tag=x86 arch=amd64 pattern="" ring_size=2
2026/06/17 17:37:51 [LB] Compatible tags for function 'mab_dynamic_1781710654': [x86]
2026/06/17 17:37:51 Candidate has: 512 MB free memory. Function needs: 128 MB
2026/06/17 17:37:51 [LB] Selected target for function 'mab_dynamic_1781710654': target_tag=x86 candidate=9Dvg7icadU7gJACPjUfcLL1781710660292304272 candidate_tag=x86
2026/06/17 17:37:51 [LB-Update] Node 9Dvg7icadU7gJACPjUfcLL1781710660292304272 reported 512 MB free
2026/06/17 17:37:51 [LB] Compatible tag found: function=mab_dynamic_1781710654 tag=x86 arch=amd64 pattern="" ring_size=2
2026/06/17 17:37:51 [LB] Compatible tags for function 'mab_dynamic_1781710654': [x86]
2026/06/17 17:37:51 Candidate has: 512 MB free memory. Function needs: 128 MB
2026/06/17 17:37:51 [LB] Selected target for function 'mab_dynamic_1781710654': target_tag=x86 candidate=9Dvg7icadU7gJACPjUfcLL1781710660292304272 candidate_tag=x86
2026/06/17 17:37:51 [LB-Update] Node 9Dvg7icadU7gJACPjUfcLL1781710660292304272 reported 512 MB free
2026/06/17 17:37:51 [LB] Compatible tag found: function=mab_dynamic_1781710654 tag=x86 arch=amd64 pattern="" ring_size=2
2026/06/17 17:37:51 [LB] Compatible tags for function 'mab_dynamic_1781710654': [x86]
2026/06/17 17:37:51 Candidate has: 512 MB free memory. Function needs: 128 MB
2026/06/17 17:37:51 [LB] Selected target for function 'mab_dynamic_1781710654': target_tag=x86 candidate=9Dvg7icadU7gJACPjUfcLL1781710660292304272 candidate_tag=x86
2026/06/17 17:37:51 [LB-Update] Node 9Dvg7icadU7gJACPjUfcLL1781710660292304272 reported 512 MB free
2026/06/17 17:37:52 [LB] Compatible tag found: function=mab_dynamic_1781710654 tag=x86 arch=amd64 pattern="" ring_size=2
2026/06/17 17:37:52 [LB] Compatible tags for function 'mab_dynamic_1781710654': [x86]
2026/06/17 17:37:52 Candidate has: 512 MB free memory. Function needs: 128 MB
2026/06/17 17:37:52 [LB] Selected target for function 'mab_dynamic_1781710654': target_tag=x86 candidate=9Dvg7icadU7gJACPjUfcLL1781710660292304272 candidate_tag=x86
2026/06/17 17:37:52 [LB-Update] Node 9Dvg7icadU7gJACPjUfcLL1781710660292304272 reported 512 MB free
2026/06/17 17:37:52 [LB] Compatible tag found: function=mab_dynamic_1781710654 tag=x86 arch=amd64 pattern="" ring_size=2
2026/06/17 17:37:52 [LB] Compatible tags for function 'mab_dynamic_1781710654': [x86]
2026/06/17 17:37:52 Candidate has: 512 MB free memory. Function needs: 128 MB
2026/06/17 17:37:52 [LB] Selected target for function 'mab_dynamic_1781710654': target_tag=x86 candidate=9Dvg7icadU7gJACPjUfcLL1781710660292304272 candidate_tag=x86
2026/06/17 17:37:52 [LB-Update] Node 9Dvg7icadU7gJACPjUfcLL1781710660292304272 reported 512 MB free
2026/06/17 17:37:52 [LB] Compatible tag found: function=mab_dynamic_1781710654 tag=x86 arch=amd64 pattern="" ring_size=2
2026/06/17 17:37:52 [LB] Compatible tags for function 'mab_dynamic_1781710654': [x86]
2026/06/17 17:37:52 Candidate has: 512 MB free memory. Function needs: 128 MB
2026/06/17 17:37:52 [LB] Selected target for function 'mab_dynamic_1781710654': target_tag=x86 candidate=9Dvg7icadU7gJACPjUfcLL1781710660292304272 candidate_tag=x86
2026/06/17 17:37:52 [LB-Update] Node 9Dvg7icadU7gJACPjUfcLL1781710660292304272 reported 512 MB free
2026/06/17 17:37:52 [LB] Compatible tag found: function=mab_dynamic_1781710654 tag=x86 arch=amd64 pattern="" ring_size=2
2026/06/17 17:37:52 [LB] Compatible tags for function 'mab_dynamic_1781710654': [x86]
2026/06/17 17:37:52 Candidate has: 512 MB free memory. Function needs: 128 MB
2026/06/17 17:37:52 [LB] Selected target for function 'mab_dynamic_1781710654': target_tag=x86 candidate=9Dvg7icadU7gJACPjUfcLL1781710660292304272 candidate_tag=x86
2026/06/17 17:37:52 [LB-Update] Node 9Dvg7icadU7gJACPjUfcLL1781710660292304272 reported 512 MB free
2026/06/17 17:37:53 [LB] Compatible tag found: function=mab_dynamic_1781710654 tag=x86 arch=amd64 pattern="" ring_size=2
2026/06/17 17:37:53 [LB] Compatible tags for function 'mab_dynamic_1781710654': [x86]
2026/06/17 17:37:53 Candidate has: 512 MB free memory. Function needs: 128 MB
2026/06/17 17:37:53 [LB] Selected target for function 'mab_dynamic_1781710654': target_tag=x86 candidate=9Dvg7icadU7gJACPjUfcLL1781710660292304272 candidate_tag=x86
2026/06/17 17:37:53 [LB-Update] Node 9Dvg7icadU7gJACPjUfcLL1781710660292304272 reported 512 MB free
2026/06/17 17:37:53 [LB] Compatible tag found: function=mab_dynamic_1781710654 tag=x86 arch=amd64 pattern="" ring_size=2
2026/06/17 17:37:53 [LB] Compatible tags for function 'mab_dynamic_1781710654': [x86]
2026/06/17 17:37:53 Candidate has: 512 MB free memory. Function needs: 128 MB
2026/06/17 17:37:53 [LB] Selected target for function 'mab_dynamic_1781710654': target_tag=x86 candidate=9Dvg7icadU7gJACPjUfcLL1781710660292304272 candidate_tag=x86
2026/06/17 17:37:53 [LB-Update] Node 9Dvg7icadU7gJACPjUfcLL1781710660292304272 reported 512 MB free
2026/06/17 17:37:53 [LB] Compatible tag found: function=mab_dynamic_1781710654 tag=x86 arch=amd64 pattern="" ring_size=2
2026/06/17 17:37:53 [LB] Compatible tags for function 'mab_dynamic_1781710654': [x86]
2026/06/17 17:37:53 Candidate has: 512 MB free memory. Function needs: 128 MB
2026/06/17 17:37:53 [LB] Selected target for function 'mab_dynamic_1781710654': target_tag=x86 candidate=9Dvg7icadU7gJACPjUfcLL1781710660292304272 candidate_tag=x86
2026/06/17 17:37:53 [LB-Update] Node 9Dvg7icadU7gJACPjUfcLL1781710660292304272 reported 512 MB free
2026/06/17 17:37:53 [LB] Compatible tag found: function=mab_dynamic_1781710654 tag=x86 arch=amd64 pattern="" ring_size=2
2026/06/17 17:37:53 [LB] Compatible tags for function 'mab_dynamic_1781710654': [x86]
2026/06/17 17:37:53 Candidate has: 512 MB free memory. Function needs: 128 MB
2026/06/17 17:37:53 [LB] Selected target for function 'mab_dynamic_1781710654': target_tag=x86 candidate=9Dvg7icadU7gJACPjUfcLL1781710660292304272 candidate_tag=x86
2026/06/17 17:37:53 [LB-Update] Node 9Dvg7icadU7gJACPjUfcLL1781710660292304272 reported 512 MB free
2026/06/17 17:37:53 [LB] Compatible tag found: function=mab_dynamic_1781710654 tag=x86 arch=amd64 pattern="" ring_size=2
2026/06/17 17:37:53 [LB] Compatible tags for function 'mab_dynamic_1781710654': [x86]
2026/06/17 17:37:53 Candidate has: 512 MB free memory. Function needs: 128 MB
2026/06/17 17:37:53 [LB] Selected target for function 'mab_dynamic_1781710654': target_tag=x86 candidate=9Dvg7icadU7gJACPjUfcLL1781710660292304272 candidate_tag=x86
2026/06/17 17:37:53 [LB-Update] Node 9Dvg7icadU7gJACPjUfcLL1781710660292304272 reported 512 MB free
2026/06/17 17:37:54 [LB]: Periodic targets update
2026/06/17 17:37:54 Found target: 9Dvg7icadU7gJACPjUfcLL1781710660292304272
2026/06/17 17:37:54 Found target: iHCUiheWj7iR4vFHtettz91781710660290093898
2026/06/17 17:37:54 Found target: ACFRZFmhoeT9M4THxBqs9g1781710674135324385
2026/06/17 17:37:54 Found 3 targets
2026/06/17 17:37:54 Adding ACFRZFmhoeT9M4THxBqs9g1781710674135324385
2026/06/17 17:37:54 [LB] Adding target arm
2026/06/17 17:37:57 [LB]: Periodic targets update
2026/06/17 17:37:57 Found target: ACFRZFmhoeT9M4THxBqs9g1781710674135324385
2026/06/17 17:37:57 Found target: 9Dvg7icadU7gJACPjUfcLL1781710660292304272
2026/06/17 17:37:57 Found target: iHCUiheWj7iR4vFHtettz91781710660290093898
2026/06/17 17:37:57 Found 3 targets
2026/06/17 17:38:00 [LB]: Periodic targets update
2026/06/17 17:38:00 Found target: ACFRZFmhoeT9M4THxBqs9g1781710674135324385
2026/06/17 17:38:00 Found target: 9Dvg7icadU7gJACPjUfcLL1781710660292304272
2026/06/17 17:38:00 Found target: iHCUiheWj7iR4vFHtettz91781710660290093898
2026/06/17 17:38:00 Found 3 targets
2026/06/17 17:38:02 [LB] Compatible tag found: function=mab_dynamic_1781710654 tag=x86 arch=amd64 pattern="" ring_size=2
2026/06/17 17:38:02 [LB] Compatible tag found: function=mab_dynamic_1781710654 tag=arm arch=amd64 pattern="" ring_size=1
2026/06/17 17:38:02 [LB] Compatible tags for function 'mab_dynamic_1781710654': [x86 arm]
2026/06/17 17:38:02 Using (forced) least tried arch: x86
2026/06/17 17:38:02 Candidate has: 512 MB free memory. Function needs: 128 MB
2026/06/17 17:38:02 [LB] Selected target for function 'mab_dynamic_1781710654': target_tag=x86 candidate=9Dvg7icadU7gJACPjUfcLL1781710660292304272 candidate_tag=x86
2026/06/17 17:38:02 [LB-Update] Node 9Dvg7icadU7gJACPjUfcLL1781710660292304272 reported 512 MB free
2026/06/17 17:38:02 [LB] Compatible tag found: function=mab_dynamic_1781710654 tag=x86 arch=amd64 pattern="" ring_size=2
2026/06/17 17:38:02 [LB] Compatible tag found: function=mab_dynamic_1781710654 tag=arm arch=amd64 pattern="" ring_size=1
2026/06/17 17:38:02 [LB] Compatible tags for function 'mab_dynamic_1781710654': [x86 arm]
2026/06/17 17:38:02 Using (forced) least tried arch: x86
2026/06/17 17:38:02 Candidate has: 512 MB free memory. Function needs: 128 MB
2026/06/17 17:38:02 [LB] Selected target for function 'mab_dynamic_1781710654': target_tag=x86 candidate=9Dvg7icadU7gJACPjUfcLL1781710660292304272 candidate_tag=x86
2026/06/17 17:38:02 [LB-Update] Node 9Dvg7icadU7gJACPjUfcLL1781710660292304272 reported 512 MB free
2026/06/17 17:38:02 [LB] Compatible tag found: function=mab_dynamic_1781710654 tag=x86 arch=amd64 pattern="" ring_size=2
2026/06/17 17:38:02 [LB] Compatible tag found: function=mab_dynamic_1781710654 tag=arm arch=amd64 pattern="" ring_size=1
2026/06/17 17:38:02 [LB] Compatible tags for function 'mab_dynamic_1781710654': [x86 arm]
2026/06/17 17:38:02 Using (forced) least tried arch: arm
2026/06/17 17:38:02 Candidate has: 512 MB free memory. Function needs: 128 MB
2026/06/17 17:38:02 [LB] Selected target for function 'mab_dynamic_1781710654': target_tag=arm candidate=ACFRZFmhoeT9M4THxBqs9g1781710674135324385 candidate_tag=arm
2026/06/17 17:38:03 [LB-Update] Node ACFRZFmhoeT9M4THxBqs9g1781710674135324385 reported 512 MB free
2026/06/17 17:38:03 [LB] Compatible tag found: function=mab_dynamic_1781710654 tag=x86 arch=amd64 pattern="" ring_size=2
2026/06/17 17:38:03 [LB] Compatible tag found: function=mab_dynamic_1781710654 tag=arm arch=amd64 pattern="" ring_size=1
2026/06/17 17:38:03 [LB] Compatible tags for function 'mab_dynamic_1781710654': [x86 arm]
2026/06/17 17:38:03 Using (forced) least tried arch: arm
2026/06/17 17:38:03 Candidate has: 512 MB free memory. Function needs: 128 MB
2026/06/17 17:38:03 [LB] Selected target for function 'mab_dynamic_1781710654': target_tag=arm candidate=ACFRZFmhoeT9M4THxBqs9g1781710674135324385 candidate_tag=arm
2026/06/17 17:38:03 [LB-Update] Node ACFRZFmhoeT9M4THxBqs9g1781710674135324385 reported 512 MB free
2026/06/17 17:38:03 [LB]: Periodic targets update
2026/06/17 17:38:03 Found target: 9Dvg7icadU7gJACPjUfcLL1781710660292304272
2026/06/17 17:38:03 Found target: iHCUiheWj7iR4vFHtettz91781710660290093898
2026/06/17 17:38:03 Found target: ACFRZFmhoeT9M4THxBqs9g1781710674135324385
2026/06/17 17:38:03 Found 3 targets
2026/06/17 17:38:03 [LB] Compatible tag found: function=mab_dynamic_1781710654 tag=x86 arch=amd64 pattern="" ring_size=2
2026/06/17 17:38:03 [LB] Compatible tag found: function=mab_dynamic_1781710654 tag=arm arch=amd64 pattern="" ring_size=1
2026/06/17 17:38:03 [LB] Compatible tags for function 'mab_dynamic_1781710654': [x86 arm]
2026/06/17 17:38:03 Score for x86: -15.694239
2026/06/17 17:38:03 Score for arm: -0.406736
2026/06/17 17:38:03 Candidate has: 512 MB free memory. Function needs: 128 MB
2026/06/17 17:38:03 [LB] Selected target for function 'mab_dynamic_1781710654': target_tag=arm candidate=ACFRZFmhoeT9M4THxBqs9g1781710674135324385 candidate_tag=arm
2026/06/17 17:38:03 [LB-Update] Node ACFRZFmhoeT9M4THxBqs9g1781710674135324385 reported 512 MB free
2026/06/17 17:38:03 [LB] Compatible tag found: function=mab_dynamic_1781710654 tag=x86 arch=amd64 pattern="" ring_size=2
2026/06/17 17:38:03 [LB] Compatible tag found: function=mab_dynamic_1781710654 tag=arm arch=amd64 pattern="" ring_size=1
2026/06/17 17:38:03 [LB] Compatible tags for function 'mab_dynamic_1781710654': [x86 arm]
2026/06/17 17:38:03 Score for x86: -15.521765
2026/06/17 17:38:03 Score for arm: -0.551176
2026/06/17 17:38:03 Candidate has: 512 MB free memory. Function needs: 128 MB
2026/06/17 17:38:03 [LB] Selected target for function 'mab_dynamic_1781710654': target_tag=arm candidate=ACFRZFmhoeT9M4THxBqs9g1781710674135324385 candidate_tag=arm
2026/06/17 17:38:03 [LB-Update] Node ACFRZFmhoeT9M4THxBqs9g1781710674135324385 reported 512 MB free
2026/06/17 17:38:03 [LB] Compatible tag found: function=mab_dynamic_1781710654 tag=x86 arch=amd64 pattern="" ring_size=2
2026/06/17 17:38:03 [LB] Compatible tag found: function=mab_dynamic_1781710654 tag=arm arch=amd64 pattern="" ring_size=1
2026/06/17 17:38:03 [LB] Compatible tags for function 'mab_dynamic_1781710654': [x86 arm]
2026/06/17 17:38:03 Score for x86: -15.418355
2026/06/17 17:38:03 Score for arm: -0.577342
2026/06/17 17:38:03 Candidate has: 512 MB free memory. Function needs: 128 MB
2026/06/17 17:38:03 [LB] Selected target for function 'mab_dynamic_1781710654': target_tag=arm candidate=ACFRZFmhoeT9M4THxBqs9g1781710674135324385 candidate_tag=arm
2026/06/17 17:38:03 [LB-Update] Node ACFRZFmhoeT9M4THxBqs9g1781710674135324385 reported 512 MB free
2026/06/17 17:38:04 [LB] Compatible tag found: function=mab_dynamic_1781710654 tag=x86 arch=amd64 pattern="" ring_size=2
2026/06/17 17:38:04 [LB] Compatible tag found: function=mab_dynamic_1781710654 tag=arm arch=amd64 pattern="" ring_size=1
2026/06/17 17:38:04 [LB] Compatible tags for function 'mab_dynamic_1781710654': [x86 arm]
2026/06/17 17:38:04 Score for x86: -15.345374
2026/06/17 17:38:04 Score for arm: -0.637839
2026/06/17 17:38:04 Candidate has: 512 MB free memory. Function needs: 128 MB
2026/06/17 17:38:04 [LB] Selected target for function 'mab_dynamic_1781710654': target_tag=arm candidate=ACFRZFmhoeT9M4THxBqs9g1781710674135324385 candidate_tag=arm
2026/06/17 17:38:04 [LB-Update] Node ACFRZFmhoeT9M4THxBqs9g1781710674135324385 reported 512 MB free
2026/06/17 17:38:04 [LB] Compatible tag found: function=mab_dynamic_1781710654 tag=x86 arch=amd64 pattern="" ring_size=2
2026/06/17 17:38:04 [LB] Compatible tag found: function=mab_dynamic_1781710654 tag=arm arch=amd64 pattern="" ring_size=1
2026/06/17 17:38:04 [LB] Compatible tags for function 'mab_dynamic_1781710654': [x86 arm]
2026/06/17 17:38:04 Score for x86: -15.289430
2026/06/17 17:38:04 Score for arm: -0.660897
2026/06/17 17:38:04 Candidate has: 512 MB free memory. Function needs: 128 MB
2026/06/17 17:38:04 [LB] Selected target for function 'mab_dynamic_1781710654': target_tag=arm candidate=ACFRZFmhoeT9M4THxBqs9g1781710674135324385 candidate_tag=arm
2026/06/17 17:38:04 [LB-Update] Node ACFRZFmhoeT9M4THxBqs9g1781710674135324385 reported 512 MB free
2026/06/17 17:38:04 [LB] Compatible tag found: function=mab_dynamic_1781710654 tag=x86 arch=amd64 pattern="" ring_size=2
2026/06/17 17:38:04 [LB] Compatible tag found: function=mab_dynamic_1781710654 tag=arm arch=amd64 pattern="" ring_size=1
2026/06/17 17:38:04 [LB] Compatible tags for function 'mab_dynamic_1781710654': [x86 arm]
2026/06/17 17:38:04 Score for arm: -0.688448
2026/06/17 17:38:04 Score for x86: -15.244316
2026/06/17 17:38:04 Candidate has: 512 MB free memory. Function needs: 128 MB
2026/06/17 17:38:04 [LB] Selected target for function 'mab_dynamic_1781710654': target_tag=arm candidate=ACFRZFmhoeT9M4THxBqs9g1781710674135324385 candidate_tag=arm
2026/06/17 17:38:04 [LB-Update] Node ACFRZFmhoeT9M4THxBqs9g1781710674135324385 reported 512 MB free
2026/06/17 17:38:04 [LB] Compatible tag found: function=mab_dynamic_1781710654 tag=x86 arch=amd64 pattern="" ring_size=2
2026/06/17 17:38:04 [LB] Compatible tag found: function=mab_dynamic_1781710654 tag=arm arch=amd64 pattern="" ring_size=1
2026/06/17 17:38:04 [LB] Compatible tags for function 'mab_dynamic_1781710654': [x86 arm]
2026/06/17 17:38:04 Score for x86: -15.206662
2026/06/17 17:38:04 Score for arm: -0.707462
2026/06/17 17:38:04 Candidate has: 512 MB free memory. Function needs: 128 MB
2026/06/17 17:38:04 [LB] Selected target for function 'mab_dynamic_1781710654': target_tag=arm candidate=ACFRZFmhoeT9M4THxBqs9g1781710674135324385 candidate_tag=arm
2026/06/17 17:38:04 [LB-Update] Node ACFRZFmhoeT9M4THxBqs9g1781710674135324385 reported 512 MB free
2026/06/17 17:38:05 [LB] Compatible tag found: function=mab_dynamic_1781710654 tag=x86 arch=amd64 pattern="" ring_size=2
2026/06/17 17:38:05 [LB] Compatible tag found: function=mab_dynamic_1781710654 tag=arm arch=amd64 pattern="" ring_size=1
2026/06/17 17:38:05 [LB] Compatible tags for function 'mab_dynamic_1781710654': [x86 arm]
2026/06/17 17:38:05 Score for x86: -15.174440
2026/06/17 17:38:05 Score for arm: -0.736578
2026/06/17 17:38:05 Candidate has: 512 MB free memory. Function needs: 128 MB
2026/06/17 17:38:05 [LB] Selected target for function 'mab_dynamic_1781710654': target_tag=arm candidate=ACFRZFmhoeT9M4THxBqs9g1781710674135324385 candidate_tag=arm
2026/06/17 17:38:05 [LB-Update] Node ACFRZFmhoeT9M4THxBqs9g1781710674135324385 reported 512 MB free
2026/06/17 17:38:05 [LB] Compatible tag found: function=mab_dynamic_1781710654 tag=x86 arch=amd64 pattern="" ring_size=2
2026/06/17 17:38:05 [LB] Compatible tag found: function=mab_dynamic_1781710654 tag=arm arch=amd64 pattern="" ring_size=1
2026/06/17 17:38:05 [LB] Compatible tags for function 'mab_dynamic_1781710654': [x86 arm]
2026/06/17 17:38:05 Score for x86: -15.146341
2026/06/17 17:38:05 Score for arm: -0.742082
2026/06/17 17:38:05 Candidate has: 512 MB free memory. Function needs: 128 MB
2026/06/17 17:38:05 [LB] Selected target for function 'mab_dynamic_1781710654': target_tag=arm candidate=ACFRZFmhoeT9M4THxBqs9g1781710674135324385 candidate_tag=arm
2026/06/17 17:38:05 [LB-Update] Node ACFRZFmhoeT9M4THxBqs9g1781710674135324385 reported 512 MB free
2026/06/17 17:38:05 [LB] Compatible tag found: function=mab_dynamic_1781710654 tag=x86 arch=amd64 pattern="" ring_size=2
2026/06/17 17:38:05 [LB] Compatible tag found: function=mab_dynamic_1781710654 tag=arm arch=amd64 pattern="" ring_size=1
2026/06/17 17:38:05 [LB] Compatible tags for function 'mab_dynamic_1781710654': [x86 arm]
2026/06/17 17:38:05 Score for arm: -0.729420
2026/06/17 17:38:05 Score for x86: -15.121472
2026/06/17 17:38:05 Candidate has: 512 MB free memory. Function needs: 128 MB
2026/06/17 17:38:05 [LB] Selected target for function 'mab_dynamic_1781710654': target_tag=arm candidate=ACFRZFmhoeT9M4THxBqs9g1781710674135324385 candidate_tag=arm
2026/06/17 17:38:05 [LB-Update] Node ACFRZFmhoeT9M4THxBqs9g1781710674135324385 reported 512 MB free
2026/06/17 17:38:05 [LB] Compatible tag found: function=mab_dynamic_1781710654 tag=x86 arch=amd64 pattern="" ring_size=2
2026/06/17 17:38:05 [LB] Compatible tag found: function=mab_dynamic_1781710654 tag=arm arch=amd64 pattern="" ring_size=1
2026/06/17 17:38:05 [LB] Compatible tags for function 'mab_dynamic_1781710654': [x86 arm]
2026/06/17 17:38:05 Score for x86: -15.099196
2026/06/17 17:38:05 Score for arm: -0.698249
2026/06/17 17:38:05 Candidate has: 512 MB free memory. Function needs: 128 MB
2026/06/17 17:38:05 [LB] Selected target for function 'mab_dynamic_1781710654': target_tag=arm candidate=ACFRZFmhoeT9M4THxBqs9g1781710674135324385 candidate_tag=arm
2026/06/17 17:38:05 [LB-Update] Node ACFRZFmhoeT9M4THxBqs9g1781710674135324385 reported 512 MB free
2026/06/17 17:38:05 [LB] Compatible tag found: function=mab_dynamic_1781710654 tag=x86 arch=amd64 pattern="" ring_size=2
2026/06/17 17:38:05 [LB] Compatible tag found: function=mab_dynamic_1781710654 tag=arm arch=amd64 pattern="" ring_size=1
2026/06/17 17:38:05 [LB] Compatible tags for function 'mab_dynamic_1781710654': [x86 arm]
2026/06/17 17:38:05 Score for x86: -15.079046
2026/06/17 17:38:05 Score for arm: -0.717320
2026/06/17 17:38:05 Candidate has: 512 MB free memory. Function needs: 128 MB
2026/06/17 17:38:05 [LB] Selected target for function 'mab_dynamic_1781710654': target_tag=arm candidate=ACFRZFmhoeT9M4THxBqs9g1781710674135324385 candidate_tag=arm
2026/06/17 17:38:05 [LB-Update] Node ACFRZFmhoeT9M4THxBqs9g1781710674135324385 reported 512 MB free
2026/06/17 17:38:06 [LB] Compatible tag found: function=mab_dynamic_1781710654 tag=x86 arch=amd64 pattern="" ring_size=2
2026/06/17 17:38:06 [LB] Compatible tag found: function=mab_dynamic_1781710654 tag=arm arch=amd64 pattern="" ring_size=1
2026/06/17 17:38:06 [LB] Compatible tags for function 'mab_dynamic_1781710654': [x86 arm]
2026/06/17 17:38:06 Score for x86: -15.060669
2026/06/17 17:38:06 Score for arm: -0.726135
2026/06/17 17:38:06 Candidate has: 512 MB free memory. Function needs: 128 MB
2026/06/17 17:38:06 [LB] Selected target for function 'mab_dynamic_1781710654': target_tag=arm candidate=ACFRZFmhoeT9M4THxBqs9g1781710674135324385 candidate_tag=arm
2026/06/17 17:38:06 [LB-Update] Node ACFRZFmhoeT9M4THxBqs9g1781710674135324385 reported 512 MB free
2026/06/17 17:38:06 [LB]: Periodic targets update
2026/06/17 17:38:06 Found target: ACFRZFmhoeT9M4THxBqs9g1781710674135324385
2026/06/17 17:38:06 Found target: 9Dvg7icadU7gJACPjUfcLL1781710660292304272
2026/06/17 17:38:06 Found target: iHCUiheWj7iR4vFHtettz91781710660290093898
2026/06/17 17:38:06 Found 3 targets
2026/06/17 17:38:06 [LB] Compatible tag found: function=mab_dynamic_1781710654 tag=x86 arch=amd64 pattern="" ring_size=2
2026/06/17 17:38:06 [LB] Compatible tag found: function=mab_dynamic_1781710654 tag=arm arch=amd64 pattern="" ring_size=1
2026/06/17 17:38:06 [LB] Compatible tags for function 'mab_dynamic_1781710654': [x86 arm]
2026/06/17 17:38:06 Score for arm: -0.738528
2026/06/17 17:38:06 Score for x86: -15.043791
2026/06/17 17:38:06 Candidate has: 512 MB free memory. Function needs: 128 MB
2026/06/17 17:38:06 [LB] Selected target for function 'mab_dynamic_1781710654': target_tag=arm candidate=ACFRZFmhoeT9M4THxBqs9g1781710674135324385 candidate_tag=arm
2026/06/17 17:38:06 [LB-Update] Node ACFRZFmhoeT9M4THxBqs9g1781710674135324385 reported 512 MB free
2026/06/17 17:38:06 [LB] Compatible tag found: function=mab_dynamic_1781710654 tag=x86 arch=amd64 pattern="" ring_size=2
2026/06/17 17:38:06 [LB] Compatible tag found: function=mab_dynamic_1781710654 tag=arm arch=amd64 pattern="" ring_size=1
2026/06/17 17:38:06 [LB] Compatible tags for function 'mab_dynamic_1781710654': [x86 arm]
2026/06/17 17:38:06 Score for x86: -15.028196
2026/06/17 17:38:06 Score for arm: -0.745855
2026/06/17 17:38:06 Candidate has: 512 MB free memory. Function needs: 128 MB
2026/06/17 17:38:06 [LB] Selected target for function 'mab_dynamic_1781710654': target_tag=arm candidate=ACFRZFmhoeT9M4THxBqs9g1781710674135324385 candidate_tag=arm
2026/06/17 17:38:06 [LB-Update] Node ACFRZFmhoeT9M4THxBqs9g1781710674135324385 reported 512 MB free
2026/06/17 17:38:06 [LB] Compatible tag found: function=mab_dynamic_1781710654 tag=x86 arch=amd64 pattern="" ring_size=2
2026/06/17 17:38:06 [LB] Compatible tag found: function=mab_dynamic_1781710654 tag=arm arch=amd64 pattern="" ring_size=1
2026/06/17 17:38:06 [LB] Compatible tags for function 'mab_dynamic_1781710654': [x86 arm]
2026/06/17 17:38:06 Score for arm: -0.753778
2026/06/17 17:38:06 Score for x86: -15.013711
2026/06/17 17:38:06 Candidate has: 512 MB free memory. Function needs: 128 MB
2026/06/17 17:38:06 [LB] Selected target for function 'mab_dynamic_1781710654': target_tag=arm candidate=ACFRZFmhoeT9M4THxBqs9g1781710674135324385 candidate_tag=arm
2026/06/17 17:38:06 [LB-Update] Node ACFRZFmhoeT9M4THxBqs9g1781710674135324385 reported 512 MB free
2026/06/17 17:38:07 [LB] Compatible tag found: function=mab_dynamic_1781710654 tag=x86 arch=amd64 pattern="" ring_size=2
2026/06/17 17:38:07 [LB] Compatible tag found: function=mab_dynamic_1781710654 tag=arm arch=amd64 pattern="" ring_size=1
2026/06/17 17:38:07 [LB] Compatible tags for function 'mab_dynamic_1781710654': [x86 arm]
2026/06/17 17:38:07 Score for x86: -15.000196
2026/06/17 17:38:07 Score for arm: -0.727293
2026/06/17 17:38:07 Candidate has: 512 MB free memory. Function needs: 128 MB
2026/06/17 17:38:07 [LB] Selected target for function 'mab_dynamic_1781710654': target_tag=arm candidate=ACFRZFmhoeT9M4THxBqs9g1781710674135324385 candidate_tag=arm
2026/06/17 17:38:07 [LB-Update] Node ACFRZFmhoeT9M4THxBqs9g1781710674135324385 reported 512 MB free
2026/06/17 17:38:07 [LB] Compatible tag found: function=mab_dynamic_1781710654 tag=x86 arch=amd64 pattern="" ring_size=2
2026/06/17 17:38:07 [LB] Compatible tag found: function=mab_dynamic_1781710654 tag=arm arch=amd64 pattern="" ring_size=1
2026/06/17 17:38:07 [LB] Compatible tags for function 'mab_dynamic_1781710654': [x86 arm]
2026/06/17 17:38:07 Score for x86: -14.987534
2026/06/17 17:38:07 Score for arm: -0.728342
2026/06/17 17:38:07 Candidate has: 512 MB free memory. Function needs: 128 MB
2026/06/17 17:38:07 [LB] Selected target for function 'mab_dynamic_1781710654': target_tag=arm candidate=ACFRZFmhoeT9M4THxBqs9g1781710674135324385 candidate_tag=arm
2026/06/17 17:38:07 [LB-Update] Node ACFRZFmhoeT9M4THxBqs9g1781710674135324385 reported 512 MB free
2026/06/17 17:38:07 [LB] Compatible tag found: function=mab_dynamic_1781710654 tag=x86 arch=amd64 pattern="" ring_size=2
2026/06/17 17:38:07 [LB] Compatible tag found: function=mab_dynamic_1781710654 tag=arm arch=amd64 pattern="" ring_size=1
2026/06/17 17:38:07 [LB] Compatible tags for function 'mab_dynamic_1781710654': [x86 arm]
2026/06/17 17:38:07 Score for x86: -14.975628
2026/06/17 17:38:07 Score for arm: -0.731926
2026/06/17 17:38:07 Candidate has: 512 MB free memory. Function needs: 128 MB
2026/06/17 17:38:07 [LB] Selected target for function 'mab_dynamic_1781710654': target_tag=arm candidate=ACFRZFmhoeT9M4THxBqs9g1781710674135324385 candidate_tag=arm
2026/06/17 17:38:07 [LB-Update] Node ACFRZFmhoeT9M4THxBqs9g1781710674135324385 reported 512 MB free
2026/06/17 17:38:07 [LB] Compatible tag found: function=mab_dynamic_1781710654 tag=x86 arch=amd64 pattern="" ring_size=2
2026/06/17 17:38:07 [LB] Compatible tag found: function=mab_dynamic_1781710654 tag=arm arch=amd64 pattern="" ring_size=1
2026/06/17 17:38:07 [LB] Compatible tags for function 'mab_dynamic_1781710654': [x86 arm]
2026/06/17 17:38:07 Score for x86: -14.964398
2026/06/17 17:38:07 Score for arm: -0.715537
2026/06/17 17:38:07 Candidate has: 512 MB free memory. Function needs: 128 MB
2026/06/17 17:38:07 [LB] Selected target for function 'mab_dynamic_1781710654': target_tag=arm candidate=ACFRZFmhoeT9M4THxBqs9g1781710674135324385 candidate_tag=arm
2026/06/17 17:38:07 [LB-Update] Node ACFRZFmhoeT9M4THxBqs9g1781710674135324385 reported 512 MB free
2026/06/17 17:38:07 [LB] Compatible tag found: function=mab_dynamic_1781710654 tag=x86 arch=amd64 pattern="" ring_size=2
2026/06/17 17:38:07 [LB] Compatible tag found: function=mab_dynamic_1781710654 tag=arm arch=amd64 pattern="" ring_size=1
2026/06/17 17:38:07 [LB] Compatible tags for function 'mab_dynamic_1781710654': [x86 arm]
2026/06/17 17:38:07 Score for arm: -0.703017
2026/06/17 17:38:07 Score for x86: -14.953774
2026/06/17 17:38:07 Candidate has: 512 MB free memory. Function needs: 128 MB
2026/06/17 17:38:07 [LB] Selected target for function 'mab_dynamic_1781710654': target_tag=arm candidate=ACFRZFmhoeT9M4THxBqs9g1781710674135324385 candidate_tag=arm
2026/06/17 17:38:07 [LB-Update] Node ACFRZFmhoeT9M4THxBqs9g1781710674135324385 reported 512 MB free
2026/06/17 17:38:08 [LB] Compatible tag found: function=mab_dynamic_1781710654 tag=x86 arch=amd64 pattern="" ring_size=2
2026/06/17 17:38:08 [LB] Compatible tag found: function=mab_dynamic_1781710654 tag=arm arch=amd64 pattern="" ring_size=1
2026/06/17 17:38:08 [LB] Compatible tags for function 'mab_dynamic_1781710654': [x86 arm]
2026/06/17 17:38:08 Score for x86: -14.943697
2026/06/17 17:38:08 Score for arm: -0.678475
2026/06/17 17:38:08 Candidate has: 512 MB free memory. Function needs: 128 MB
2026/06/17 17:38:08 [LB] Selected target for function 'mab_dynamic_1781710654': target_tag=arm candidate=ACFRZFmhoeT9M4THxBqs9g1781710674135324385 candidate_tag=arm
2026/06/17 17:38:08 [LB-Update] Node ACFRZFmhoeT9M4THxBqs9g1781710674135324385 reported 512 MB free
2026/06/17 17:38:08 [LB] Compatible tag found: function=mab_dynamic_1781710654 tag=x86 arch=amd64 pattern="" ring_size=2
2026/06/17 17:38:08 [LB] Compatible tag found: function=mab_dynamic_1781710654 tag=arm arch=amd64 pattern="" ring_size=1
2026/06/17 17:38:08 [LB] Compatible tags for function 'mab_dynamic_1781710654': [x86 arm]
2026/06/17 17:38:08 Score for x86: -14.934115
2026/06/17 17:38:08 Score for arm: -0.662517
2026/06/17 17:38:08 Candidate has: 512 MB free memory. Function needs: 128 MB
2026/06/17 17:38:08 [LB] Selected target for function 'mab_dynamic_1781710654': target_tag=arm candidate=ACFRZFmhoeT9M4THxBqs9g1781710674135324385 candidate_tag=arm
2026/06/17 17:38:08 [LB-Update] Node ACFRZFmhoeT9M4THxBqs9g1781710674135324385 reported 512 MB free
2026/06/17 17:38:08 [LB] Compatible tag found: function=mab_dynamic_1781710654 tag=x86 arch=amd64 pattern="" ring_size=2
2026/06/17 17:38:08 [LB] Compatible tag found: function=mab_dynamic_1781710654 tag=arm arch=amd64 pattern="" ring_size=1
2026/06/17 17:38:08 [LB] Compatible tags for function 'mab_dynamic_1781710654': [x86 arm]
2026/06/17 17:38:08 Score for x86: -14.924985
2026/06/17 17:38:08 Score for arm: -0.678114
2026/06/17 17:38:08 Candidate has: 512 MB free memory. Function needs: 128 MB
2026/06/17 17:38:08 [LB] Selected target for function 'mab_dynamic_1781710654': target_tag=arm candidate=ACFRZFmhoeT9M4THxBqs9g1781710674135324385 candidate_tag=arm
2026/06/17 17:38:08 [LB-Update] Node ACFRZFmhoeT9M4THxBqs9g1781710674135324385 reported 512 MB free
2026/06/17 17:38:08 [LB] Compatible tag found: function=mab_dynamic_1781710654 tag=x86 arch=amd64 pattern="" ring_size=2
2026/06/17 17:38:08 [LB] Compatible tag found: function=mab_dynamic_1781710654 tag=arm arch=amd64 pattern="" ring_size=1
2026/06/17 17:38:08 [LB] Compatible tags for function 'mab_dynamic_1781710654': [x86 arm]
2026/06/17 17:38:08 Score for x86: -14.916267
2026/06/17 17:38:08 Score for arm: -0.693507
2026/06/17 17:38:08 Candidate has: 512 MB free memory. Function needs: 128 MB
2026/06/17 17:38:08 [LB] Selected target for function 'mab_dynamic_1781710654': target_tag=arm candidate=ACFRZFmhoeT9M4THxBqs9g1781710674135324385 candidate_tag=arm
2026/06/17 17:38:08 [LB-Update] Node ACFRZFmhoeT9M4THxBqs9g1781710674135324385 reported 512 MB free
2026/06/17 17:38:09 [LB] Compatible tag found: function=mab_dynamic_1781710654 tag=x86 arch=amd64 pattern="" ring_size=2
2026/06/17 17:38:09 [LB] Compatible tag found: function=mab_dynamic_1781710654 tag=arm arch=amd64 pattern="" ring_size=1
2026/06/17 17:38:09 [LB] Compatible tags for function 'mab_dynamic_1781710654': [x86 arm]
2026/06/17 17:38:09 Score for x86: -14.907928
2026/06/17 17:38:09 Score for arm: -0.708166
2026/06/17 17:38:09 Candidate has: 512 MB free memory. Function needs: 128 MB
2026/06/17 17:38:09 [LB] Selected target for function 'mab_dynamic_1781710654': target_tag=arm candidate=ACFRZFmhoeT9M4THxBqs9g1781710674135324385 candidate_tag=arm
2026/06/17 17:38:09 [LB-Update] Node ACFRZFmhoeT9M4THxBqs9g1781710674135324385 reported 512 MB free
2026/06/17 17:38:09 [LB] Compatible tag found: function=mab_dynamic_1781710654 tag=x86 arch=amd64 pattern="" ring_size=2
2026/06/17 17:38:09 [LB] Compatible tag found: function=mab_dynamic_1781710654 tag=arm arch=amd64 pattern="" ring_size=1
2026/06/17 17:38:09 [LB] Compatible tags for function 'mab_dynamic_1781710654': [x86 arm]
2026/06/17 17:38:09 Score for x86: -14.899937
2026/06/17 17:38:09 Score for arm: -0.720764
2026/06/17 17:38:09 Candidate has: 512 MB free memory. Function needs: 128 MB
2026/06/17 17:38:09 [LB] Selected target for function 'mab_dynamic_1781710654': target_tag=arm candidate=ACFRZFmhoeT9M4THxBqs9g1781710674135324385 candidate_tag=arm
2026/06/17 17:38:09 [LB-Update] Node ACFRZFmhoeT9M4THxBqs9g1781710674135324385 reported 512 MB free
2026/06/17 17:38:09 [LB]: Periodic targets update
2026/06/17 17:38:09 Found target: ACFRZFmhoeT9M4THxBqs9g1781710674135324385
2026/06/17 17:38:09 Found target: 9Dvg7icadU7gJACPjUfcLL1781710660292304272
2026/06/17 17:38:09 Found target: iHCUiheWj7iR4vFHtettz91781710660290093898
2026/06/17 17:38:09 Found 3 targets
2026/06/17 17:38:09 [LB] Compatible tag found: function=mab_dynamic_1781710654 tag=x86 arch=amd64 pattern="" ring_size=2
2026/06/17 17:38:09 [LB] Compatible tag found: function=mab_dynamic_1781710654 tag=arm arch=amd64 pattern="" ring_size=1
2026/06/17 17:38:09 [LB] Compatible tags for function 'mab_dynamic_1781710654': [x86 arm]
2026/06/17 17:38:09 Score for x86: -14.892268
2026/06/17 17:38:09 Score for arm: -0.734533
2026/06/17 17:38:09 Candidate has: 512 MB free memory. Function needs: 128 MB
2026/06/17 17:38:09 [LB] Selected target for function 'mab_dynamic_1781710654': target_tag=arm candidate=ACFRZFmhoeT9M4THxBqs9g1781710674135324385 candidate_tag=arm
2026/06/17 17:38:09 [LB-Update] Node ACFRZFmhoeT9M4THxBqs9g1781710674135324385 reported 512 MB free
2026/06/17 17:38:09 [LB] Compatible tag found: function=mab_dynamic_1781710654 tag=x86 arch=amd64 pattern="" ring_size=2
2026/06/17 17:38:09 [LB] Compatible tag found: function=mab_dynamic_1781710654 tag=arm arch=amd64 pattern="" ring_size=1
2026/06/17 17:38:09 [LB] Compatible tags for function 'mab_dynamic_1781710654': [x86 arm]
2026/06/17 17:38:09 Score for arm: -0.725551
2026/06/17 17:38:09 Score for x86: -14.884896
2026/06/17 17:38:09 Candidate has: 512 MB free memory. Function needs: 128 MB
2026/06/17 17:38:09 [LB] Selected target for function 'mab_dynamic_1781710654': target_tag=arm candidate=ACFRZFmhoeT9M4THxBqs9g1781710674135324385 candidate_tag=arm
2026/06/17 17:38:09 [LB-Update] Node ACFRZFmhoeT9M4THxBqs9g1781710674135324385 reported 512 MB free
2026/06/17 17:38:09 [LB] Compatible tag found: function=mab_dynamic_1781710654 tag=x86 arch=amd64 pattern="" ring_size=2
2026/06/17 17:38:09 [LB] Compatible tag found: function=mab_dynamic_1781710654 tag=arm arch=amd64 pattern="" ring_size=1
2026/06/17 17:38:09 [LB] Compatible tags for function 'mab_dynamic_1781710654': [x86 arm]
2026/06/17 17:38:09 Score for arm: -0.734628
2026/06/17 17:38:09 Score for x86: -14.877801
2026/06/17 17:38:09 Candidate has: 512 MB free memory. Function needs: 128 MB
2026/06/17 17:38:09 [LB] Selected target for function 'mab_dynamic_1781710654': target_tag=arm candidate=ACFRZFmhoeT9M4THxBqs9g1781710674135324385 candidate_tag=arm
2026/06/17 17:38:09 [LB-Update] Node ACFRZFmhoeT9M4THxBqs9g1781710674135324385 reported 512 MB free
2026/06/17 17:38:10 [LB] Compatible tag found: function=mab_dynamic_1781710654 tag=x86 arch=amd64 pattern="" ring_size=2
2026/06/17 17:38:10 [LB] Compatible tag found: function=mab_dynamic_1781710654 tag=arm arch=amd64 pattern="" ring_size=1
2026/06/17 17:38:10 [LB] Compatible tags for function 'mab_dynamic_1781710654': [x86 arm]
2026/06/17 17:38:10 Score for x86: -14.870964
2026/06/17 17:38:10 Score for arm: -0.744524
2026/06/17 17:38:10 Candidate has: 512 MB free memory. Function needs: 128 MB
2026/06/17 17:38:10 [LB] Selected target for function 'mab_dynamic_1781710654': target_tag=arm candidate=ACFRZFmhoeT9M4THxBqs9g1781710674135324385 candidate_tag=arm
2026/06/17 17:38:10 [LB-Update] Node ACFRZFmhoeT9M4THxBqs9g1781710674135324385 reported 512 MB free
2026/06/17 17:38:10 [LB] Compatible tag found: function=mab_dynamic_1781710654 tag=x86 arch=amd64 pattern="" ring_size=2
2026/06/17 17:38:10 [LB] Compatible tag found: function=mab_dynamic_1781710654 tag=arm arch=amd64 pattern="" ring_size=1
2026/06/17 17:38:10 [LB] Compatible tags for function 'mab_dynamic_1781710654': [x86 arm]
2026/06/17 17:38:10 Score for x86: -14.864367
2026/06/17 17:38:10 Score for arm: -0.752947
2026/06/17 17:38:10 Candidate has: 512 MB free memory. Function needs: 128 MB
2026/06/17 17:38:10 [LB] Selected target for function 'mab_dynamic_1781710654': target_tag=arm candidate=ACFRZFmhoeT9M4THxBqs9g1781710674135324385 candidate_tag=arm
2026/06/17 17:38:10 [LB-Update] Node ACFRZFmhoeT9M4THxBqs9g1781710674135324385 reported 512 MB free
2026/06/17 17:38:10 [LB] Compatible tag found: function=mab_dynamic_1781710654 tag=x86 arch=amd64 pattern="" ring_size=2
2026/06/17 17:38:10 [LB] Compatible tag found: function=mab_dynamic_1781710654 tag=arm arch=amd64 pattern="" ring_size=1
2026/06/17 17:38:10 [LB] Compatible tags for function 'mab_dynamic_1781710654': [x86 arm]
2026/06/17 17:38:10 Score for x86: -14.857995
2026/06/17 17:38:10 Score for arm: -0.756724
2026/06/17 17:38:10 Candidate has: 512 MB free memory. Function needs: 128 MB
2026/06/17 17:38:10 [LB] Selected target for function 'mab_dynamic_1781710654': target_tag=arm candidate=ACFRZFmhoeT9M4THxBqs9g1781710674135324385 candidate_tag=arm
2026/06/17 17:38:10 [LB-Update] Node ACFRZFmhoeT9M4THxBqs9g1781710674135324385 reported 512 MB free
2026/06/17 17:38:10 [LB] Compatible tag found: function=mab_dynamic_1781710654 tag=x86 arch=amd64 pattern="" ring_size=2
2026/06/17 17:38:10 [LB] Compatible tag found: function=mab_dynamic_1781710654 tag=arm arch=amd64 pattern="" ring_size=1
2026/06/17 17:38:10 [LB] Compatible tags for function 'mab_dynamic_1781710654': [x86 arm]
2026/06/17 17:38:10 Score for x86: -14.851833
2026/06/17 17:38:10 Score for arm: -0.764466
2026/06/17 17:38:10 Candidate has: 512 MB free memory. Function needs: 128 MB
2026/06/17 17:38:10 [LB] Selected target for function 'mab_dynamic_1781710654': target_tag=arm candidate=ACFRZFmhoeT9M4THxBqs9g1781710674135324385 candidate_tag=arm
2026/06/17 17:38:10 [LB-Update] Node ACFRZFmhoeT9M4THxBqs9g1781710674135324385 reported 512 MB free
2026/06/17 17:38:11 [LB] Compatible tag found: function=mab_dynamic_1781710654 tag=x86 arch=amd64 pattern="" ring_size=2
2026/06/17 17:38:11 [LB] Compatible tag found: function=mab_dynamic_1781710654 tag=arm arch=amd64 pattern="" ring_size=1
2026/06/17 17:38:11 [LB] Compatible tags for function 'mab_dynamic_1781710654': [x86 arm]
2026/06/17 17:38:11 Score for x86: -14.845868
2026/06/17 17:38:11 Score for arm: -0.762998
2026/06/17 17:38:11 Candidate has: 512 MB free memory. Function needs: 128 MB
2026/06/17 17:38:11 [LB] Selected target for function 'mab_dynamic_1781710654': target_tag=arm candidate=ACFRZFmhoeT9M4THxBqs9g1781710674135324385 candidate_tag=arm
2026/06/17 17:38:11 [LB-Update] Node ACFRZFmhoeT9M4THxBqs9g1781710674135324385 reported 512 MB free
2026/06/17 17:38:11 [LB] Compatible tag found: function=mab_dynamic_1781710654 tag=x86 arch=amd64 pattern="" ring_size=2
2026/06/17 17:38:11 [LB] Compatible tag found: function=mab_dynamic_1781710654 tag=arm arch=amd64 pattern="" ring_size=1
2026/06/17 17:38:11 [LB] Compatible tags for function 'mab_dynamic_1781710654': [x86 arm]
2026/06/17 17:38:11 Score for x86: -14.840090
2026/06/17 17:38:11 Score for arm: -0.767722
2026/06/17 17:38:11 Candidate has: 512 MB free memory. Function needs: 128 MB
2026/06/17 17:38:11 [LB] Selected target for function 'mab_dynamic_1781710654': target_tag=arm candidate=ACFRZFmhoeT9M4THxBqs9g1781710674135324385 candidate_tag=arm
2026/06/17 17:38:11 [LB-Update] Node ACFRZFmhoeT9M4THxBqs9g1781710674135324385 reported 512 MB free
2026/06/17 17:38:11 [LB] Compatible tag found: function=mab_dynamic_1781710654 tag=x86 arch=amd64 pattern="" ring_size=2
2026/06/17 17:38:11 [LB] Compatible tag found: function=mab_dynamic_1781710654 tag=arm arch=amd64 pattern="" ring_size=1
2026/06/17 17:38:11 [LB] Compatible tags for function 'mab_dynamic_1781710654': [x86 arm]
2026/06/17 17:38:11 Score for x86: -14.834487
2026/06/17 17:38:11 Score for arm: -0.782097
2026/06/17 17:38:11 Candidate has: 512 MB free memory. Function needs: 128 MB
2026/06/17 17:38:11 [LB] Selected target for function 'mab_dynamic_1781710654': target_tag=arm candidate=ACFRZFmhoeT9M4THxBqs9g1781710674135324385 candidate_tag=arm
2026/06/17 17:38:11 [LB-Update] Node ACFRZFmhoeT9M4THxBqs9g1781710674135324385 reported 512 MB free
2026/06/17 17:38:11 [LB] Compatible tag found: function=mab_dynamic_1781710654 tag=x86 arch=amd64 pattern="" ring_size=2
2026/06/17 17:38:11 [LB] Compatible tag found: function=mab_dynamic_1781710654 tag=arm arch=amd64 pattern="" ring_size=1
2026/06/17 17:38:11 [LB] Compatible tags for function 'mab_dynamic_1781710654': [x86 arm]
2026/06/17 17:38:11 Score for arm: -0.789070
2026/06/17 17:38:11 Score for x86: -14.829048
2026/06/17 17:38:11 Candidate has: 512 MB free memory. Function needs: 128 MB
2026/06/17 17:38:11 [LB] Selected target for function 'mab_dynamic_1781710654': target_tag=arm candidate=ACFRZFmhoeT9M4THxBqs9g1781710674135324385 candidate_tag=arm
2026/06/17 17:38:11 [LB-Update] Node ACFRZFmhoeT9M4THxBqs9g1781710674135324385 reported 512 MB free
2026/06/17 17:38:11 [LB] Compatible tag found: function=mab_dynamic_1781710654 tag=x86 arch=amd64 pattern="" ring_size=2
2026/06/17 17:38:11 [LB] Compatible tag found: function=mab_dynamic_1781710654 tag=arm arch=amd64 pattern="" ring_size=1
2026/06/17 17:38:11 [LB] Compatible tags for function 'mab_dynamic_1781710654': [x86 arm]
2026/06/17 17:38:11 Score for x86: -14.823767
2026/06/17 17:38:11 Score for arm: -0.799350
2026/06/17 17:38:11 Candidate has: 512 MB free memory. Function needs: 128 MB
2026/06/17 17:38:11 [LB] Selected target for function 'mab_dynamic_1781710654': target_tag=arm candidate=ACFRZFmhoeT9M4THxBqs9g1781710674135324385 candidate_tag=arm
2026/06/17 17:38:11 [LB-Update] Node ACFRZFmhoeT9M4THxBqs9g1781710674135324385 reported 512 MB free
2026/06/17 17:38:12 [LB] Compatible tag found: function=mab_dynamic_1781710654 tag=x86 arch=amd64 pattern="" ring_size=2
2026/06/17 17:38:12 [LB] Compatible tag found: function=mab_dynamic_1781710654 tag=arm arch=amd64 pattern="" ring_size=1
2026/06/17 17:38:12 [LB] Compatible tags for function 'mab_dynamic_1781710654': [x86 arm]
2026/06/17 17:38:12 Score for x86: -14.818633
2026/06/17 17:38:12 Score for arm: -0.809206
2026/06/17 17:38:12 Candidate has: 512 MB free memory. Function needs: 128 MB
2026/06/17 17:38:12 [LB] Selected target for function 'mab_dynamic_1781710654': target_tag=arm candidate=ACFRZFmhoeT9M4THxBqs9g1781710674135324385 candidate_tag=arm
2026/06/17 17:38:12 [LB-Update] Node ACFRZFmhoeT9M4THxBqs9g1781710674135324385 reported 512 MB free
2026/06/17 17:38:12 [LB]: Periodic targets update
2026/06/17 17:38:12 Found target: iHCUiheWj7iR4vFHtettz91781710660290093898
2026/06/17 17:38:12 Found target: ACFRZFmhoeT9M4THxBqs9g1781710674135324385
2026/06/17 17:38:12 Found target: 9Dvg7icadU7gJACPjUfcLL1781710660292304272
2026/06/17 17:38:12 Found 3 targets
2026/06/17 17:38:12 [LB] Compatible tag found: function=mab_dynamic_1781710654 tag=x86 arch=amd64 pattern="" ring_size=2
2026/06/17 17:38:12 [LB] Compatible tag found: function=mab_dynamic_1781710654 tag=arm arch=amd64 pattern="" ring_size=1
2026/06/17 17:38:12 [LB] Compatible tags for function 'mab_dynamic_1781710654': [x86 arm]
2026/06/17 17:38:12 Score for x86: -14.813639
2026/06/17 17:38:12 Score for arm: -0.815553
2026/06/17 17:38:12 Candidate has: 512 MB free memory. Function needs: 128 MB
2026/06/17 17:38:12 [LB] Selected target for function 'mab_dynamic_1781710654': target_tag=arm candidate=ACFRZFmhoeT9M4THxBqs9g1781710674135324385 candidate_tag=arm
2026/06/17 17:38:12 [LB-Update] Node ACFRZFmhoeT9M4THxBqs9g1781710674135324385 reported 512 MB free
2026/06/17 17:38:12 [LB] Compatible tag found: function=mab_dynamic_1781710654 tag=x86 arch=amd64 pattern="" ring_size=2
2026/06/17 17:38:12 [LB] Compatible tag found: function=mab_dynamic_1781710654 tag=arm arch=amd64 pattern="" ring_size=1
2026/06/17 17:38:12 [LB] Compatible tags for function 'mab_dynamic_1781710654': [x86 arm]
2026/06/17 17:38:12 Score for x86: -14.808778
2026/06/17 17:38:12 Score for arm: -0.819589
2026/06/17 17:38:12 Candidate has: 512 MB free memory. Function needs: 128 MB
2026/06/17 17:38:12 [LB] Selected target for function 'mab_dynamic_1781710654': target_tag=arm candidate=ACFRZFmhoeT9M4THxBqs9g1781710674135324385 candidate_tag=arm
2026/06/17 17:38:12 [LB-Update] Node ACFRZFmhoeT9M4THxBqs9g1781710674135324385 reported 512 MB free
2026/06/17 17:38:12 [LB] Compatible tag found: function=mab_dynamic_1781710654 tag=x86 arch=amd64 pattern="" ring_size=2
2026/06/17 17:38:12 [LB] Compatible tag found: function=mab_dynamic_1781710654 tag=arm arch=amd64 pattern="" ring_size=1
2026/06/17 17:38:12 [LB] Compatible tags for function 'mab_dynamic_1781710654': [x86 arm]
2026/06/17 17:38:12 Score for x86: -14.804044
2026/06/17 17:38:12 Score for arm: -0.830459
2026/06/17 17:38:12 Candidate has: 512 MB free memory. Function needs: 128 MB
2026/06/17 17:38:12 [LB] Selected target for function 'mab_dynamic_1781710654': target_tag=arm candidate=ACFRZFmhoeT9M4THxBqs9g1781710674135324385 candidate_tag=arm
2026/06/17 17:38:12 [LB-Update] Node ACFRZFmhoeT9M4THxBqs9g1781710674135324385 reported 512 MB free
2026/06/17 17:38:13 [LB] Compatible tag found: function=mab_dynamic_1781710654 tag=x86 arch=amd64 pattern="" ring_size=2
2026/06/17 17:38:13 [LB] Compatible tag found: function=mab_dynamic_1781710654 tag=arm arch=amd64 pattern="" ring_size=1
2026/06/17 17:38:13 [LB] Compatible tags for function 'mab_dynamic_1781710654': [x86 arm]
2026/06/17 17:38:13 Score for x86: -14.799429
2026/06/17 17:38:13 Score for arm: -0.831304
2026/06/17 17:38:13 Candidate has: 512 MB free memory. Function needs: 128 MB
2026/06/17 17:38:13 [LB] Selected target for function 'mab_dynamic_1781710654': target_tag=arm candidate=ACFRZFmhoeT9M4THxBqs9g1781710674135324385 candidate_tag=arm
2026/06/17 17:38:13 [LB-Update] Node ACFRZFmhoeT9M4THxBqs9g1781710674135324385 reported 512 MB free
2026/06/17 17:38:13 [LB] Compatible tag found: function=mab_dynamic_1781710654 tag=x86 arch=amd64 pattern="" ring_size=2
2026/06/17 17:38:13 [LB] Compatible tag found: function=mab_dynamic_1781710654 tag=arm arch=amd64 pattern="" ring_size=1
2026/06/17 17:38:13 [LB] Compatible tags for function 'mab_dynamic_1781710654': [x86 arm]
2026/06/17 17:38:13 Score for x86: -14.794930
2026/06/17 17:38:13 Score for arm: -0.839588
2026/06/17 17:38:13 Candidate has: 512 MB free memory. Function needs: 128 MB
2026/06/17 17:38:13 [LB] Selected target for function 'mab_dynamic_1781710654': target_tag=arm candidate=ACFRZFmhoeT9M4THxBqs9g1781710674135324385 candidate_tag=arm
2026/06/17 17:38:13 [LB-Update] Node ACFRZFmhoeT9M4THxBqs9g1781710674135324385 reported 512 MB free
2026/06/17 17:38:13 [LB] Compatible tag found: function=mab_dynamic_1781710654 tag=x86 arch=amd64 pattern="" ring_size=2
2026/06/17 17:38:13 [LB] Compatible tag found: function=mab_dynamic_1781710654 tag=arm arch=amd64 pattern="" ring_size=1
2026/06/17 17:38:13 [LB] Compatible tags for function 'mab_dynamic_1781710654': [x86 arm]
2026/06/17 17:38:13 Score for x86: -14.790540
2026/06/17 17:38:13 Score for arm: -0.845082
2026/06/17 17:38:13 Candidate has: 512 MB free memory. Function needs: 128 MB
2026/06/17 17:38:13 [LB] Selected target for function 'mab_dynamic_1781710654': target_tag=arm candidate=ACFRZFmhoeT9M4THxBqs9g1781710674135324385 candidate_tag=arm
2026/06/17 17:38:13 [LB-Update] Node ACFRZFmhoeT9M4THxBqs9g1781710674135324385 reported 512 MB free
