2026/06/17 17:37:54 Local node id: (ROME)ACFRZFmhoeT9M4THxBqs9g1781710674135324385 - arm (arch: amd64)
2026/06/17 17:37:54 Registration for node: (ROME)ACFRZFmhoeT9M4THxBqs9g1781710674135324385 - arm
2026/06/17 17:37:54 Connecting to etcd
2026/06/17 17:37:54 Connected to etcd
2026/06/17 17:37:54 etcd connection state: READY
2026/06/17 17:37:54 etcd: connected and ready
2026/06/17 17:37:54 Registering to etcd: registry/ROME/arm/ACFRZFmhoeT9M4THxBqs9g1781710674135324385
2026/06/17 17:37:54 Configured scheduling policy: default
2026/06/17 17:37:54 Configured offloading policy: disable
2026/06/17 17:37:54 Current resources: [CPUs: 0.000000/32.000000 - Mem: 0(+0 warm)/512]
2026/06/17 17:37:54 Scheduler started.
2026/06/17 17:37:54 No remote area is configured; vertical offloading disabled
2026/06/17 17:37:54 UDP server up and listening on port 9876
⇨ http server started on [::]:1323
2026/06/17 17:38:02 Container aa06652cb1fc156666e84cac57ef4e39f6ac04575ffac92b225363d4181630f6 has name /great_wiles
2026/06/17 17:38:02 [mab_dynamic_1781710654] Executing on container: aa06652cb1fc156666e84cac57ef4e39f6ac04575ffac92b225363d4181630f6
2026/06/17 17:38:03 Using warm aa06652cb1fc156666e84cac57ef4e39f6ac04575ffac92b225363d4181630f6 for mab_dynamic_1781710654. Now: [CPUs: 0.000000/32.000000 - Mem: 128(+0 warm)/512]
2026/06/17 17:38:03 [mab_dynamic_1781710654] Executing on container: aa06652cb1fc156666e84cac57ef4e39f6ac04575ffac92b225363d4181630f6
2026/06/17 17:38:03 Using warm aa06652cb1fc156666e84cac57ef4e39f6ac04575ffac92b225363d4181630f6 for mab_dynamic_1781710654. Now: [CPUs: 0.000000/32.000000 - Mem: 128(+0 warm)/512]
2026/06/17 17:38:03 [mab_dynamic_1781710654] Executing on container: aa06652cb1fc156666e84cac57ef4e39f6ac04575ffac92b225363d4181630f6
2026/06/17 17:38:03 Using warm aa06652cb1fc156666e84cac57ef4e39f6ac04575ffac92b225363d4181630f6 for mab_dynamic_1781710654. Now: [CPUs: 0.000000/32.000000 - Mem: 128(+0 warm)/512]
2026/06/17 17:38:03 [mab_dynamic_1781710654] Executing on container: aa06652cb1fc156666e84cac57ef4e39f6ac04575ffac92b225363d4181630f6
2026/06/17 17:38:03 Using warm aa06652cb1fc156666e84cac57ef4e39f6ac04575ffac92b225363d4181630f6 for mab_dynamic_1781710654. Now: [CPUs: 0.000000/32.000000 - Mem: 128(+0 warm)/512]
2026/06/17 17:38:03 [mab_dynamic_1781710654] Executing on container: aa06652cb1fc156666e84cac57ef4e39f6ac04575ffac92b225363d4181630f6
2026/06/17 17:38:04 Using warm aa06652cb1fc156666e84cac57ef4e39f6ac04575ffac92b225363d4181630f6 for mab_dynamic_1781710654. Now: [CPUs: 0.000000/32.000000 - Mem: 128(+0 warm)/512]
2026/06/17 17:38:04 [mab_dynamic_1781710654] Executing on container: aa06652cb1fc156666e84cac57ef4e39f6ac04575ffac92b225363d4181630f6
2026/06/17 17:38:04 Using warm aa06652cb1fc156666e84cac57ef4e39f6ac04575ffac92b225363d4181630f6 for mab_dynamic_1781710654. Now: [CPUs: 0.000000/32.000000 - Mem: 128(+0 warm)/512]
2026/06/17 17:38:04 [mab_dynamic_1781710654] Executing on container: aa06652cb1fc156666e84cac57ef4e39f6ac04575ffac92b225363d4181630f6
2026/06/17 17:38:04 Using warm aa06652cb1fc156666e84cac57ef4e39f6ac04575ffac92b225363d4181630f6 for mab_dynamic_1781710654. Now: [CPUs: 0.000000/32.000000 - Mem: 128(+0 warm)/512]
2026/06/17 17:38:04 [mab_dynamic_1781710654] Executing on container: aa06652cb1fc156666e84cac57ef4e39f6ac04575ffac92b225363d4181630f6
2026/06/17 17:38:04 Using warm aa06652cb1fc156666e84cac57ef4e39f6ac04575ffac92b225363d4181630f6 for mab_dynamic_1781710654. Now: [CPUs: 0.000000/32.000000 - Mem: 128(+0 warm)/512]
2026/06/17 17:38:04 [mab_dynamic_1781710654] Executing on container: aa06652cb1fc156666e84cac57ef4e39f6ac04575ffac92b225363d4181630f6
2026/06/17 17:38:05 Using warm aa06652cb1fc156666e84cac57ef4e39f6ac04575ffac92b225363d4181630f6 for mab_dynamic_1781710654. Now: [CPUs: 0.000000/32.000000 - Mem: 128(+0 warm)/512]
2026/06/17 17:38:05 [mab_dynamic_1781710654] Executing on container: aa06652cb1fc156666e84cac57ef4e39f6ac04575ffac92b225363d4181630f6
2026/06/17 17:38:05 Using warm aa06652cb1fc156666e84cac57ef4e39f6ac04575ffac92b225363d4181630f6 for mab_dynamic_1781710654. Now: [CPUs: 0.000000/32.000000 - Mem: 128(+0 warm)/512]
2026/06/17 17:38:05 [mab_dynamic_1781710654] Executing on container: aa06652cb1fc156666e84cac57ef4e39f6ac04575ffac92b225363d4181630f6
2026/06/17 17:38:05 Using warm aa06652cb1fc156666e84cac57ef4e39f6ac04575ffac92b225363d4181630f6 for mab_dynamic_1781710654. Now: [CPUs: 0.000000/32.000000 - Mem: 128(+0 warm)/512]
2026/06/17 17:38:05 [mab_dynamic_1781710654] Executing on container: aa06652cb1fc156666e84cac57ef4e39f6ac04575ffac92b225363d4181630f6
2026/06/17 17:38:05 Using warm aa06652cb1fc156666e84cac57ef4e39f6ac04575ffac92b225363d4181630f6 for mab_dynamic_1781710654. Now: [CPUs: 0.000000/32.000000 - Mem: 128(+0 warm)/512]
2026/06/17 17:38:05 [mab_dynamic_1781710654] Executing on container: aa06652cb1fc156666e84cac57ef4e39f6ac04575ffac92b225363d4181630f6
2026/06/17 17:38:05 Using warm aa06652cb1fc156666e84cac57ef4e39f6ac04575ffac92b225363d4181630f6 for mab_dynamic_1781710654. Now: [CPUs: 0.000000/32.000000 - Mem: 128(+0 warm)/512]
2026/06/17 17:38:05 [mab_dynamic_1781710654] Executing on container: aa06652cb1fc156666e84cac57ef4e39f6ac04575ffac92b225363d4181630f6
2026/06/17 17:38:06 Using warm aa06652cb1fc156666e84cac57ef4e39f6ac04575ffac92b225363d4181630f6 for mab_dynamic_1781710654. Now: [CPUs: 0.000000/32.000000 - Mem: 128(+0 warm)/512]
2026/06/17 17:38:06 [mab_dynamic_1781710654] Executing on container: aa06652cb1fc156666e84cac57ef4e39f6ac04575ffac92b225363d4181630f6
2026/06/17 17:38:06 Using warm aa06652cb1fc156666e84cac57ef4e39f6ac04575ffac92b225363d4181630f6 for mab_dynamic_1781710654. Now: [CPUs: 0.000000/32.000000 - Mem: 128(+0 warm)/512]
2026/06/17 17:38:06 [mab_dynamic_1781710654] Executing on container: aa06652cb1fc156666e84cac57ef4e39f6ac04575ffac92b225363d4181630f6
2026/06/17 17:38:06 Using warm aa06652cb1fc156666e84cac57ef4e39f6ac04575ffac92b225363d4181630f6 for mab_dynamic_1781710654. Now: [CPUs: 0.000000/32.000000 - Mem: 128(+0 warm)/512]
2026/06/17 17:38:06 [mab_dynamic_1781710654] Executing on container: aa06652cb1fc156666e84cac57ef4e39f6ac04575ffac92b225363d4181630f6
2026/06/17 17:38:06 Using warm aa06652cb1fc156666e84cac57ef4e39f6ac04575ffac92b225363d4181630f6 for mab_dynamic_1781710654. Now: [CPUs: 0.000000/32.000000 - Mem: 128(+0 warm)/512]
2026/06/17 17:38:06 [mab_dynamic_1781710654] Executing on container: aa06652cb1fc156666e84cac57ef4e39f6ac04575ffac92b225363d4181630f6
2026/06/17 17:38:07 Using warm aa06652cb1fc156666e84cac57ef4e39f6ac04575ffac92b225363d4181630f6 for mab_dynamic_1781710654. Now: [CPUs: 0.000000/32.000000 - Mem: 128(+0 warm)/512]
2026/06/17 17:38:07 [mab_dynamic_1781710654] Executing on container: aa06652cb1fc156666e84cac57ef4e39f6ac04575ffac92b225363d4181630f6
2026/06/17 17:38:07 Using warm aa06652cb1fc156666e84cac57ef4e39f6ac04575ffac92b225363d4181630f6 for mab_dynamic_1781710654. Now: [CPUs: 0.000000/32.000000 - Mem: 128(+0 warm)/512]
2026/06/17 17:38:07 [mab_dynamic_1781710654] Executing on container: aa06652cb1fc156666e84cac57ef4e39f6ac04575ffac92b225363d4181630f6
2026/06/17 17:38:07 Using warm aa06652cb1fc156666e84cac57ef4e39f6ac04575ffac92b225363d4181630f6 for mab_dynamic_1781710654. Now: [CPUs: 0.000000/32.000000 - Mem: 128(+0 warm)/512]
2026/06/17 17:38:07 [mab_dynamic_1781710654] Executing on container: aa06652cb1fc156666e84cac57ef4e39f6ac04575ffac92b225363d4181630f6
2026/06/17 17:38:07 Using warm aa06652cb1fc156666e84cac57ef4e39f6ac04575ffac92b225363d4181630f6 for mab_dynamic_1781710654. Now: [CPUs: 0.000000/32.000000 - Mem: 128(+0 warm)/512]
2026/06/17 17:38:07 [mab_dynamic_1781710654] Executing on container: aa06652cb1fc156666e84cac57ef4e39f6ac04575ffac92b225363d4181630f6
2026/06/17 17:38:07 Using warm aa06652cb1fc156666e84cac57ef4e39f6ac04575ffac92b225363d4181630f6 for mab_dynamic_1781710654. Now: [CPUs: 0.000000/32.000000 - Mem: 128(+0 warm)/512]
2026/06/17 17:38:07 [mab_dynamic_1781710654] Executing on container: aa06652cb1fc156666e84cac57ef4e39f6ac04575ffac92b225363d4181630f6
2026/06/17 17:38:08 Using warm aa06652cb1fc156666e84cac57ef4e39f6ac04575ffac92b225363d4181630f6 for mab_dynamic_1781710654. Now: [CPUs: 0.000000/32.000000 - Mem: 128(+0 warm)/512]
2026/06/17 17:38:08 [mab_dynamic_1781710654] Executing on container: aa06652cb1fc156666e84cac57ef4e39f6ac04575ffac92b225363d4181630f6
2026/06/17 17:38:08 Using warm aa06652cb1fc156666e84cac57ef4e39f6ac04575ffac92b225363d4181630f6 for mab_dynamic_1781710654. Now: [CPUs: 0.000000/32.000000 - Mem: 128(+0 warm)/512]
2026/06/17 17:38:08 [mab_dynamic_1781710654] Executing on container: aa06652cb1fc156666e84cac57ef4e39f6ac04575ffac92b225363d4181630f6
2026/06/17 17:38:08 Using warm aa06652cb1fc156666e84cac57ef4e39f6ac04575ffac92b225363d4181630f6 for mab_dynamic_1781710654. Now: [CPUs: 0.000000/32.000000 - Mem: 128(+0 warm)/512]
2026/06/17 17:38:08 [mab_dynamic_1781710654] Executing on container: aa06652cb1fc156666e84cac57ef4e39f6ac04575ffac92b225363d4181630f6
2026/06/17 17:38:08 Using warm aa06652cb1fc156666e84cac57ef4e39f6ac04575ffac92b225363d4181630f6 for mab_dynamic_1781710654. Now: [CPUs: 0.000000/32.000000 - Mem: 128(+0 warm)/512]
2026/06/17 17:38:08 [mab_dynamic_1781710654] Executing on container: aa06652cb1fc156666e84cac57ef4e39f6ac04575ffac92b225363d4181630f6
2026/06/17 17:38:09 Using warm aa06652cb1fc156666e84cac57ef4e39f6ac04575ffac92b225363d4181630f6 for mab_dynamic_1781710654. Now: [CPUs: 0.000000/32.000000 - Mem: 128(+0 warm)/512]
2026/06/17 17:38:09 [mab_dynamic_1781710654] Executing on container: aa06652cb1fc156666e84cac57ef4e39f6ac04575ffac92b225363d4181630f6
2026/06/17 17:38:09 Using warm aa06652cb1fc156666e84cac57ef4e39f6ac04575ffac92b225363d4181630f6 for mab_dynamic_1781710654. Now: [CPUs: 0.000000/32.000000 - Mem: 128(+0 warm)/512]
2026/06/17 17:38:09 [mab_dynamic_1781710654] Executing on container: aa06652cb1fc156666e84cac57ef4e39f6ac04575ffac92b225363d4181630f6
2026/06/17 17:38:09 Using warm aa06652cb1fc156666e84cac57ef4e39f6ac04575ffac92b225363d4181630f6 for mab_dynamic_1781710654. Now: [CPUs: 0.000000/32.000000 - Mem: 128(+0 warm)/512]
2026/06/17 17:38:09 [mab_dynamic_1781710654] Executing on container: aa06652cb1fc156666e84cac57ef4e39f6ac04575ffac92b225363d4181630f6
2026/06/17 17:38:09 Using warm aa06652cb1fc156666e84cac57ef4e39f6ac04575ffac92b225363d4181630f6 for mab_dynamic_1781710654. Now: [CPUs: 0.000000/32.000000 - Mem: 128(+0 warm)/512]
2026/06/17 17:38:09 [mab_dynamic_1781710654] Executing on container: aa06652cb1fc156666e84cac57ef4e39f6ac04575ffac92b225363d4181630f6
2026/06/17 17:38:09 Using warm aa06652cb1fc156666e84cac57ef4e39f6ac04575ffac92b225363d4181630f6 for mab_dynamic_1781710654. Now: [CPUs: 0.000000/32.000000 - Mem: 128(+0 warm)/512]
2026/06/17 17:38:09 [mab_dynamic_1781710654] Executing on container: aa06652cb1fc156666e84cac57ef4e39f6ac04575ffac92b225363d4181630f6
2026/06/17 17:38:10 Using warm aa06652cb1fc156666e84cac57ef4e39f6ac04575ffac92b225363d4181630f6 for mab_dynamic_1781710654. Now: [CPUs: 0.000000/32.000000 - Mem: 128(+0 warm)/512]
2026/06/17 17:38:10 [mab_dynamic_1781710654] Executing on container: aa06652cb1fc156666e84cac57ef4e39f6ac04575ffac92b225363d4181630f6
2026/06/17 17:38:10 Using warm aa06652cb1fc156666e84cac57ef4e39f6ac04575ffac92b225363d4181630f6 for mab_dynamic_1781710654. Now: [CPUs: 0.000000/32.000000 - Mem: 128(+0 warm)/512]
2026/06/17 17:38:10 [mab_dynamic_1781710654] Executing on container: aa06652cb1fc156666e84cac57ef4e39f6ac04575ffac92b225363d4181630f6
2026/06/17 17:38:10 Using warm aa06652cb1fc156666e84cac57ef4e39f6ac04575ffac92b225363d4181630f6 for mab_dynamic_1781710654. Now: [CPUs: 0.000000/32.000000 - Mem: 128(+0 warm)/512]
2026/06/17 17:38:10 [mab_dynamic_1781710654] Executing on container: aa06652cb1fc156666e84cac57ef4e39f6ac04575ffac92b225363d4181630f6
2026/06/17 17:38:10 Using warm aa06652cb1fc156666e84cac57ef4e39f6ac04575ffac92b225363d4181630f6 for mab_dynamic_1781710654. Now: [CPUs: 0.000000/32.000000 - Mem: 128(+0 warm)/512]
2026/06/17 17:38:10 [mab_dynamic_1781710654] Executing on container: aa06652cb1fc156666e84cac57ef4e39f6ac04575ffac92b225363d4181630f6
2026/06/17 17:38:11 Using warm aa06652cb1fc156666e84cac57ef4e39f6ac04575ffac92b225363d4181630f6 for mab_dynamic_1781710654. Now: [CPUs: 0.000000/32.000000 - Mem: 128(+0 warm)/512]
2026/06/17 17:38:11 [mab_dynamic_1781710654] Executing on container: aa06652cb1fc156666e84cac57ef4e39f6ac04575ffac92b225363d4181630f6
2026/06/17 17:38:11 Using warm aa06652cb1fc156666e84cac57ef4e39f6ac04575ffac92b225363d4181630f6 for mab_dynamic_1781710654. Now: [CPUs: 0.000000/32.000000 - Mem: 128(+0 warm)/512]
2026/06/17 17:38:11 [mab_dynamic_1781710654] Executing on container: aa06652cb1fc156666e84cac57ef4e39f6ac04575ffac92b225363d4181630f6
2026/06/17 17:38:11 Using warm aa06652cb1fc156666e84cac57ef4e39f6ac04575ffac92b225363d4181630f6 for mab_dynamic_1781710654. Now: [CPUs: 0.000000/32.000000 - Mem: 128(+0 warm)/512]
2026/06/17 17:38:11 [mab_dynamic_1781710654] Executing on container: aa06652cb1fc156666e84cac57ef4e39f6ac04575ffac92b225363d4181630f6
2026/06/17 17:38:11 Using warm aa06652cb1fc156666e84cac57ef4e39f6ac04575ffac92b225363d4181630f6 for mab_dynamic_1781710654. Now: [CPUs: 0.000000/32.000000 - Mem: 128(+0 warm)/512]
2026/06/17 17:38:11 [mab_dynamic_1781710654] Executing on container: aa06652cb1fc156666e84cac57ef4e39f6ac04575ffac92b225363d4181630f6
2026/06/17 17:38:11 Using warm aa06652cb1fc156666e84cac57ef4e39f6ac04575ffac92b225363d4181630f6 for mab_dynamic_1781710654. Now: [CPUs: 0.000000/32.000000 - Mem: 128(+0 warm)/512]
2026/06/17 17:38:11 [mab_dynamic_1781710654] Executing on container: aa06652cb1fc156666e84cac57ef4e39f6ac04575ffac92b225363d4181630f6
2026/06/17 17:38:12 Using warm aa06652cb1fc156666e84cac57ef4e39f6ac04575ffac92b225363d4181630f6 for mab_dynamic_1781710654. Now: [CPUs: 0.000000/32.000000 - Mem: 128(+0 warm)/512]
2026/06/17 17:38:12 [mab_dynamic_1781710654] Executing on container: aa06652cb1fc156666e84cac57ef4e39f6ac04575ffac92b225363d4181630f6
2026/06/17 17:38:12 Using warm aa06652cb1fc156666e84cac57ef4e39f6ac04575ffac92b225363d4181630f6 for mab_dynamic_1781710654. Now: [CPUs: 0.000000/32.000000 - Mem: 128(+0 warm)/512]
2026/06/17 17:38:12 [mab_dynamic_1781710654] Executing on container: aa06652cb1fc156666e84cac57ef4e39f6ac04575ffac92b225363d4181630f6
2026/06/17 17:38:12 Using warm aa06652cb1fc156666e84cac57ef4e39f6ac04575ffac92b225363d4181630f6 for mab_dynamic_1781710654. Now: [CPUs: 0.000000/32.000000 - Mem: 128(+0 warm)/512]
2026/06/17 17:38:12 [mab_dynamic_1781710654] Executing on container: aa06652cb1fc156666e84cac57ef4e39f6ac04575ffac92b225363d4181630f6
2026/06/17 17:38:12 Using warm aa06652cb1fc156666e84cac57ef4e39f6ac04575ffac92b225363d4181630f6 for mab_dynamic_1781710654. Now: [CPUs: 0.000000/32.000000 - Mem: 128(+0 warm)/512]
2026/06/17 17:38:12 [mab_dynamic_1781710654] Executing on container: aa06652cb1fc156666e84cac57ef4e39f6ac04575ffac92b225363d4181630f6
2026/06/17 17:38:13 Using warm aa06652cb1fc156666e84cac57ef4e39f6ac04575ffac92b225363d4181630f6 for mab_dynamic_1781710654. Now: [CPUs: 0.000000/32.000000 - Mem: 128(+0 warm)/512]
2026/06/17 17:38:13 [mab_dynamic_1781710654] Executing on container: aa06652cb1fc156666e84cac57ef4e39f6ac04575ffac92b225363d4181630f6
2026/06/17 17:38:13 Using warm aa06652cb1fc156666e84cac57ef4e39f6ac04575ffac92b225363d4181630f6 for mab_dynamic_1781710654. Now: [CPUs: 0.000000/32.000000 - Mem: 128(+0 warm)/512]
2026/06/17 17:38:13 [mab_dynamic_1781710654] Executing on container: aa06652cb1fc156666e84cac57ef4e39f6ac04575ffac92b225363d4181630f6
2026/06/17 17:38:13 Using warm aa06652cb1fc156666e84cac57ef4e39f6ac04575ffac92b225363d4181630f6 for mab_dynamic_1781710654. Now: [CPUs: 0.000000/32.000000 - Mem: 128(+0 warm)/512]
2026/06/17 17:38:13 [mab_dynamic_1781710654] Executing on container: aa06652cb1fc156666e84cac57ef4e39f6ac04575ffac92b225363d4181630f6
