2026/06/17 17:37:40 Local node id: (ROME)9Dvg7icadU7gJACPjUfcLL1781710660292304272 - x86 (arch: amd64)
2026/06/17 17:37:40 Registration for node: (ROME)9Dvg7icadU7gJACPjUfcLL1781710660292304272 - x86
2026/06/17 17:37:40 Connecting to etcd
2026/06/17 17:37:40 Connected to etcd
2026/06/17 17:37:40 etcd connection state: TRANSIENT_FAILURE
2026/06/17 17:37:40 etcd: transient failure, triggering reconnect
2026/06/17 17:37:41 etcd connection state: READY
2026/06/17 17:37:41 etcd: connected and ready
2026/06/17 17:37:41 Registering to etcd: registry/ROME/x86/9Dvg7icadU7gJACPjUfcLL1781710660292304272
2026/06/17 17:37:41 Configured scheduling policy: default
2026/06/17 17:37:41 Configured offloading policy: disable
2026/06/17 17:37:41 Current resources: [CPUs: 0.000000/32.000000 - Mem: 0(+0 warm)/512]
2026/06/17 17:37:41 Scheduler started.
2026/06/17 17:37:41 No remote area is configured; vertical offloading disabled
2026/06/17 17:37:41 UDP server up and listening on port 9881
⇨ http server started on [::]:1328
2026/06/17 17:37:50 Container ad3effa0266515041e79b029a7f9d64fe547169ac2b0bebd70e92c0271f0e9f4 has name /trusting_tharp
2026/06/17 17:37:50 [mab_dynamic_1781710654] Executing on container: ad3effa0266515041e79b029a7f9d64fe547169ac2b0bebd70e92c0271f0e9f4
2026/06/17 17:37:51 Using warm ad3effa0266515041e79b029a7f9d64fe547169ac2b0bebd70e92c0271f0e9f4 for mab_dynamic_1781710654. Now: [CPUs: 0.000000/32.000000 - Mem: 128(+0 warm)/512]
2026/06/17 17:37:51 [mab_dynamic_1781710654] Executing on container: ad3effa0266515041e79b029a7f9d64fe547169ac2b0bebd70e92c0271f0e9f4
2026/06/17 17:37:51 Using warm ad3effa0266515041e79b029a7f9d64fe547169ac2b0bebd70e92c0271f0e9f4 for mab_dynamic_1781710654. Now: [CPUs: 0.000000/32.000000 - Mem: 128(+0 warm)/512]
2026/06/17 17:37:51 [mab_dynamic_1781710654] Executing on container: ad3effa0266515041e79b029a7f9d64fe547169ac2b0bebd70e92c0271f0e9f4
2026/06/17 17:37:51 Using warm ad3effa0266515041e79b029a7f9d64fe547169ac2b0bebd70e92c0271f0e9f4 for mab_dynamic_1781710654. Now: [CPUs: 0.000000/32.000000 - Mem: 128(+0 warm)/512]
2026/06/17 17:37:51 [mab_dynamic_1781710654] Executing on container: ad3effa0266515041e79b029a7f9d64fe547169ac2b0bebd70e92c0271f0e9f4
2026/06/17 17:37:51 Using warm ad3effa0266515041e79b029a7f9d64fe547169ac2b0bebd70e92c0271f0e9f4 for mab_dynamic_1781710654. Now: [CPUs: 0.000000/32.000000 - Mem: 128(+0 warm)/512]
2026/06/17 17:37:51 [mab_dynamic_1781710654] Executing on container: ad3effa0266515041e79b029a7f9d64fe547169ac2b0bebd70e92c0271f0e9f4
2026/06/17 17:37:51 Using warm ad3effa0266515041e79b029a7f9d64fe547169ac2b0bebd70e92c0271f0e9f4 for mab_dynamic_1781710654. Now: [CPUs: 0.000000/32.000000 - Mem: 128(+0 warm)/512]
2026/06/17 17:37:51 [mab_dynamic_1781710654] Executing on container: ad3effa0266515041e79b029a7f9d64fe547169ac2b0bebd70e92c0271f0e9f4
2026/06/17 17:37:52 Using warm ad3effa0266515041e79b029a7f9d64fe547169ac2b0bebd70e92c0271f0e9f4 for mab_dynamic_1781710654. Now: [CPUs: 0.000000/32.000000 - Mem: 128(+0 warm)/512]
2026/06/17 17:37:52 [mab_dynamic_1781710654] Executing on container: ad3effa0266515041e79b029a7f9d64fe547169ac2b0bebd70e92c0271f0e9f4
2026/06/17 17:37:52 Using warm ad3effa0266515041e79b029a7f9d64fe547169ac2b0bebd70e92c0271f0e9f4 for mab_dynamic_1781710654. Now: [CPUs: 0.000000/32.000000 - Mem: 128(+0 warm)/512]
2026/06/17 17:37:52 [mab_dynamic_1781710654] Executing on container: ad3effa0266515041e79b029a7f9d64fe547169ac2b0bebd70e92c0271f0e9f4
2026/06/17 17:37:52 Using warm ad3effa0266515041e79b029a7f9d64fe547169ac2b0bebd70e92c0271f0e9f4 for mab_dynamic_1781710654. Now: [CPUs: 0.000000/32.000000 - Mem: 128(+0 warm)/512]
2026/06/17 17:37:52 [mab_dynamic_1781710654] Executing on container: ad3effa0266515041e79b029a7f9d64fe547169ac2b0bebd70e92c0271f0e9f4
2026/06/17 17:37:52 Using warm ad3effa0266515041e79b029a7f9d64fe547169ac2b0bebd70e92c0271f0e9f4 for mab_dynamic_1781710654. Now: [CPUs: 0.000000/32.000000 - Mem: 128(+0 warm)/512]
2026/06/17 17:37:52 [mab_dynamic_1781710654] Executing on container: ad3effa0266515041e79b029a7f9d64fe547169ac2b0bebd70e92c0271f0e9f4
2026/06/17 17:37:53 Using warm ad3effa0266515041e79b029a7f9d64fe547169ac2b0bebd70e92c0271f0e9f4 for mab_dynamic_1781710654. Now: [CPUs: 0.000000/32.000000 - Mem: 128(+0 warm)/512]
2026/06/17 17:37:53 [mab_dynamic_1781710654] Executing on container: ad3effa0266515041e79b029a7f9d64fe547169ac2b0bebd70e92c0271f0e9f4
2026/06/17 17:37:53 Using warm ad3effa0266515041e79b029a7f9d64fe547169ac2b0bebd70e92c0271f0e9f4 for mab_dynamic_1781710654. Now: [CPUs: 0.000000/32.000000 - Mem: 128(+0 warm)/512]
2026/06/17 17:37:53 [mab_dynamic_1781710654] Executing on container: ad3effa0266515041e79b029a7f9d64fe547169ac2b0bebd70e92c0271f0e9f4
2026/06/17 17:37:53 Using warm ad3effa0266515041e79b029a7f9d64fe547169ac2b0bebd70e92c0271f0e9f4 for mab_dynamic_1781710654. Now: [CPUs: 0.000000/32.000000 - Mem: 128(+0 warm)/512]
2026/06/17 17:37:53 [mab_dynamic_1781710654] Executing on container: ad3effa0266515041e79b029a7f9d64fe547169ac2b0bebd70e92c0271f0e9f4
2026/06/17 17:37:53 Using warm ad3effa0266515041e79b029a7f9d64fe547169ac2b0bebd70e92c0271f0e9f4 for mab_dynamic_1781710654. Now: [CPUs: 0.000000/32.000000 - Mem: 128(+0 warm)/512]
2026/06/17 17:37:53 [mab_dynamic_1781710654] Executing on container: ad3effa0266515041e79b029a7f9d64fe547169ac2b0bebd70e92c0271f0e9f4
2026/06/17 17:37:53 Using warm ad3effa0266515041e79b029a7f9d64fe547169ac2b0bebd70e92c0271f0e9f4 for mab_dynamic_1781710654. Now: [CPUs: 0.000000/32.000000 - Mem: 128(+0 warm)/512]
2026/06/17 17:37:53 [mab_dynamic_1781710654] Executing on container: ad3effa0266515041e79b029a7f9d64fe547169ac2b0bebd70e92c0271f0e9f4
2026/06/17 17:38:01 Periodic nearby Monitoring
2026/06/17 17:38:01 Requesting status information for 192.168.0.46:9877
2026/06/17 17:38:02 Using warm ad3effa0266515041e79b029a7f9d64fe547169ac2b0bebd70e92c0271f0e9f4 for mab_dynamic_1781710654. Now: [CPUs: 0.000000/32.000000 - Mem: 128(+0 warm)/512]
2026/06/17 17:38:02 [mab_dynamic_1781710654] Executing on container: ad3effa0266515041e79b029a7f9d64fe547169ac2b0bebd70e92c0271f0e9f4
2026/06/17 17:38:02 Using warm ad3effa0266515041e79b029a7f9d64fe547169ac2b0bebd70e92c0271f0e9f4 for mab_dynamic_1781710654. Now: [CPUs: 0.000000/32.000000 - Mem: 128(+0 warm)/512]
2026/06/17 17:38:02 [mab_dynamic_1781710654] Executing on container: ad3effa0266515041e79b029a7f9d64fe547169ac2b0bebd70e92c0271f0e9f4
2026/06/17 17:38:11 No remote area is configured; vertical offloading disabled
