2026/07/17 10:03:56 Local node id: (ROME)wZ5GXfWJqLEygVM4FatGuX1784275436863416928 - x86-tiny (arch: amd64)
2026/07/17 10:03:56 Registration for node: (ROME)wZ5GXfWJqLEygVM4FatGuX1784275436863416928 - x86-tiny
2026/07/17 10:03:56 Connecting to etcd
2026/07/17 10:03:56 Connected to etcd
2026/07/17 10:03:56 etcd connection state: TRANSIENT_FAILURE
2026/07/17 10:03:56 etcd: transient failure, triggering reconnect
2026/07/17 10:03:57 etcd connection state: READY
2026/07/17 10:03:57 etcd: connected and ready
2026/07/17 10:03:57 Registering to etcd: registry/ROME/x86-tiny/wZ5GXfWJqLEygVM4FatGuX1784275436863416928
2026/07/17 10:03:57 Configured scheduling policy: default
2026/07/17 10:03:57 Configured offloading policy: disable
2026/07/17 10:03:57 Current resources: [CPUs: 0.000000/32.000000 - Mem: 0(+0 warm)/512]
2026/07/17 10:03:57 Scheduler started.
2026/07/17 10:03:57 No remote area is configured; vertical offloading disabled
2026/07/17 10:03:57 UDP server up and listening on port 9877
⇨ http server started on [::]:1324
2026/07/17 10:04:06 New request: creation of mab_cost_aware_1784275436
2026/07/17 10:04:17 Periodic nearby Monitoring
2026/07/17 10:04:17 Requesting status information for 192.168.0.46:9880
2026/07/17 10:04:17 Requesting status information for 192.168.0.46:9878
2026/07/17 10:04:17 Requesting status information for 192.168.0.46:9879
