2026/07/06 18:29:01 Local node id: (ROME)xRr5jbhHAXQZLSnr8btjbk1783355341324487014 - x86-large (arch: amd64)
2026/07/06 18:29:01 Registration for node: (ROME)xRr5jbhHAXQZLSnr8btjbk1783355341324487014 - x86-large
2026/07/06 18:29:01 Connecting to etcd
2026/07/06 18:29:01 Connected to etcd
2026/07/06 18:29:01 etcd connection state: TRANSIENT_FAILURE
2026/07/06 18:29:01 etcd: transient failure, triggering reconnect
2026/07/06 18:29:02 etcd connection state: READY
2026/07/06 18:29:02 etcd: connected and ready
2026/07/06 18:29:02 Registering to etcd: registry/ROME/x86-large/xRr5jbhHAXQZLSnr8btjbk1783355341324487014
2026/07/06 18:29:02 Configured scheduling policy: default
2026/07/06 18:29:02 Configured offloading policy: disable
2026/07/06 18:29:02 Current resources: [CPUs: 0.000000/32.000000 - Mem: 0(+0 warm)/512]
2026/07/06 18:29:02 Scheduler started.
2026/07/06 18:29:02 No remote area is configured; vertical offloading disabled
2026/07/06 18:29:02 UDP server up and listening on port 9878
⇨ http server started on [::]:1325
2026/07/06 18:29:13 Container acde77473821affa8202483dd6d2b26d07c75a3104ed90cf7c69c1e9da21ae80 has name /competent_nightingale
2026/07/06 18:29:14 [mab_cost_aware_1783355337] Executing on container: acde77473821affa8202483dd6d2b26d07c75a3104ed90cf7c69c1e9da21ae80
2026/07/06 18:29:14 Using warm acde77473821affa8202483dd6d2b26d07c75a3104ed90cf7c69c1e9da21ae80 for mab_cost_aware_1783355337. Now: [CPUs: 0.000000/32.000000 - Mem: 128(+0 warm)/512]
2026/07/06 18:29:14 [mab_cost_aware_1783355337] Executing on container: acde77473821affa8202483dd6d2b26d07c75a3104ed90cf7c69c1e9da21ae80
2026/07/06 18:29:15 Using warm acde77473821affa8202483dd6d2b26d07c75a3104ed90cf7c69c1e9da21ae80 for mab_cost_aware_1783355337. Now: [CPUs: 0.000000/32.000000 - Mem: 128(+0 warm)/512]
2026/07/06 18:29:15 [mab_cost_aware_1783355337] Executing on container: acde77473821affa8202483dd6d2b26d07c75a3104ed90cf7c69c1e9da21ae80
2026/07/06 18:29:17 Using warm acde77473821affa8202483dd6d2b26d07c75a3104ed90cf7c69c1e9da21ae80 for mab_cost_aware_1783355337. Now: [CPUs: 0.000000/32.000000 - Mem: 128(+0 warm)/512]
2026/07/06 18:29:17 [mab_cost_aware_1783355337] Executing on container: acde77473821affa8202483dd6d2b26d07c75a3104ed90cf7c69c1e9da21ae80
2026/07/06 18:29:17 Using warm acde77473821affa8202483dd6d2b26d07c75a3104ed90cf7c69c1e9da21ae80 for mab_cost_aware_1783355337. Now: [CPUs: 0.000000/32.000000 - Mem: 128(+0 warm)/512]
2026/07/06 18:29:17 [mab_cost_aware_1783355337] Executing on container: acde77473821affa8202483dd6d2b26d07c75a3104ed90cf7c69c1e9da21ae80
2026/07/06 18:29:19 Using warm acde77473821affa8202483dd6d2b26d07c75a3104ed90cf7c69c1e9da21ae80 for mab_cost_aware_1783355337. Now: [CPUs: 0.000000/32.000000 - Mem: 128(+0 warm)/512]
2026/07/06 18:29:19 [mab_cost_aware_1783355337] Executing on container: acde77473821affa8202483dd6d2b26d07c75a3104ed90cf7c69c1e9da21ae80
2026/07/06 18:29:20 Using warm acde77473821affa8202483dd6d2b26d07c75a3104ed90cf7c69c1e9da21ae80 for mab_cost_aware_1783355337. Now: [CPUs: 0.000000/32.000000 - Mem: 128(+0 warm)/512]
2026/07/06 18:29:20 [mab_cost_aware_1783355337] Executing on container: acde77473821affa8202483dd6d2b26d07c75a3104ed90cf7c69c1e9da21ae80
2026/07/06 18:29:22 Using warm acde77473821affa8202483dd6d2b26d07c75a3104ed90cf7c69c1e9da21ae80 for mab_cost_aware_1783355337. Now: [CPUs: 0.000000/32.000000 - Mem: 128(+0 warm)/512]
2026/07/06 18:29:22 [mab_cost_aware_1783355337] Executing on container: acde77473821affa8202483dd6d2b26d07c75a3104ed90cf7c69c1e9da21ae80
2026/07/06 18:29:22 Using warm acde77473821affa8202483dd6d2b26d07c75a3104ed90cf7c69c1e9da21ae80 for mab_cost_aware_1783355337. Now: [CPUs: 0.000000/32.000000 - Mem: 128(+0 warm)/512]
2026/07/06 18:29:22 [mab_cost_aware_1783355337] Executing on container: acde77473821affa8202483dd6d2b26d07c75a3104ed90cf7c69c1e9da21ae80
2026/07/06 18:29:22 Periodic nearby Monitoring
2026/07/06 18:29:22 Requesting status information for 192.168.0.46:9880
2026/07/06 18:29:22 Requesting status information for 192.168.0.46:9877
2026/07/06 18:29:22 Requesting status information for 192.168.0.46:9879
2026/07/06 18:29:24 Using warm acde77473821affa8202483dd6d2b26d07c75a3104ed90cf7c69c1e9da21ae80 for mab_cost_aware_1783355337. Now: [CPUs: 0.000000/32.000000 - Mem: 128(+0 warm)/512]
2026/07/06 18:29:24 [mab_cost_aware_1783355337] Executing on container: acde77473821affa8202483dd6d2b26d07c75a3104ed90cf7c69c1e9da21ae80
2026/07/06 18:29:24 Using warm acde77473821affa8202483dd6d2b26d07c75a3104ed90cf7c69c1e9da21ae80 for mab_cost_aware_1783355337. Now: [CPUs: 0.000000/32.000000 - Mem: 128(+0 warm)/512]
2026/07/06 18:29:24 [mab_cost_aware_1783355337] Executing on container: acde77473821affa8202483dd6d2b26d07c75a3104ed90cf7c69c1e9da21ae80
2026/07/06 18:29:25 Using warm acde77473821affa8202483dd6d2b26d07c75a3104ed90cf7c69c1e9da21ae80 for mab_cost_aware_1783355337. Now: [CPUs: 0.000000/32.000000 - Mem: 128(+0 warm)/512]
2026/07/06 18:29:25 [mab_cost_aware_1783355337] Executing on container: acde77473821affa8202483dd6d2b26d07c75a3104ed90cf7c69c1e9da21ae80
2026/07/06 18:29:26 Using warm acde77473821affa8202483dd6d2b26d07c75a3104ed90cf7c69c1e9da21ae80 for mab_cost_aware_1783355337. Now: [CPUs: 0.000000/32.000000 - Mem: 128(+0 warm)/512]
2026/07/06 18:29:26 [mab_cost_aware_1783355337] Executing on container: acde77473821affa8202483dd6d2b26d07c75a3104ed90cf7c69c1e9da21ae80
2026/07/06 18:29:27 Using warm acde77473821affa8202483dd6d2b26d07c75a3104ed90cf7c69c1e9da21ae80 for mab_cost_aware_1783355337. Now: [CPUs: 0.000000/32.000000 - Mem: 128(+0 warm)/512]
2026/07/06 18:29:27 [mab_cost_aware_1783355337] Executing on container: acde77473821affa8202483dd6d2b26d07c75a3104ed90cf7c69c1e9da21ae80
2026/07/06 18:29:28 Using warm acde77473821affa8202483dd6d2b26d07c75a3104ed90cf7c69c1e9da21ae80 for mab_cost_aware_1783355337. Now: [CPUs: 0.000000/32.000000 - Mem: 128(+0 warm)/512]
2026/07/06 18:29:28 [mab_cost_aware_1783355337] Executing on container: acde77473821affa8202483dd6d2b26d07c75a3104ed90cf7c69c1e9da21ae80
2026/07/06 18:29:28 Using warm acde77473821affa8202483dd6d2b26d07c75a3104ed90cf7c69c1e9da21ae80 for mab_cost_aware_1783355337. Now: [CPUs: 0.000000/32.000000 - Mem: 128(+0 warm)/512]
2026/07/06 18:29:28 [mab_cost_aware_1783355337] Executing on container: acde77473821affa8202483dd6d2b26d07c75a3104ed90cf7c69c1e9da21ae80
2026/07/06 18:29:29 Using warm acde77473821affa8202483dd6d2b26d07c75a3104ed90cf7c69c1e9da21ae80 for mab_cost_aware_1783355337. Now: [CPUs: 0.000000/32.000000 - Mem: 128(+0 warm)/512]
2026/07/06 18:29:29 [mab_cost_aware_1783355337] Executing on container: acde77473821affa8202483dd6d2b26d07c75a3104ed90cf7c69c1e9da21ae80
