{
	"Success": true,
	"Result": "\"\"",
	"ResponseTime": 1.024388722,
	"IsWarmStart": true,
	"InitTime": 0.000092593,
	"QueueingTime": 0,
	"OffloadLatency": 0,
	"Duration": 1.00271588,
	"Output": "\n",
	"ExecutionArea": "PROFILE_EXPORT_TEST",
	"ExecutionNode": "profiling-export-node-20260810_090340",
	"ResourceProfile": {
		"Enabled": true,
		"Collected": true,
		"Valid": true,
		"InvalidReason": "",
		"ContainerID": "1548a3420bd52c407a0484f4e55543c4e57b968b943dd7ccb74a64abb81642f2",
		"ExclusiveContainer": true,
		"MaxConcurrency": 1,
		"ProfilingLockWaitMs": 0.000247,
		"CPUUsageTotalDeltaNs": 1986000,
		"CPUUsageUserDeltaNs": 1000000,
		"CPUUsageKernelDeltaNs": 986000,
		"CPUThrottledTimeDeltaNs": 0,
		"CPUThrottledPeriodsDelta": 0,
		"OnlineCPUs": 32,
		"UtilizedCPUs": 0.0019806208713878154,
		"MemoryUsageBeforeBytes": 30150656,
		"MemoryUsageAfterBytes": 30351360,
		"MemoryUsageDeltaBytes": 200704,
		"MemoryLimitBytes": 134217728,
		"PageFaultsDelta": 6,
		"MajorPageFaultsDelta": 0,
		"PageFaultsAvailable": true,
		"MajorPageFaultsAvailable": true,
		"BlockReadBytesDelta": 0,
		"BlockWriteBytesDelta": 0,
		"BlockReadOpsDelta": 0,
		"BlockWriteOpsDelta": 0,
		"BlockIOAvailable": true,
		"BlockIOBytesAvailable": true,
		"BlockIOOpsAvailable": false,
		"NetworkRxBytesDelta": 2938,
		"NetworkTxBytesDelta": 555,
		"NetworkAvailable": true,
		"PIDsBefore": 1,
		"PIDsAfter": 1,
		"ExecutionWallTimeMs": 1002.71588,
		"ProfilingStartOverheadMs": 16.391017,
		"ProfilingEndOverheadMs": 3.636065,
		"ProfilingTotalOverheadMs": 20.027082
	}
}
