2026/08/10 15:49:56 Local node id: (PROFILE_EXPORT_TEST)profiling-export-node-20260810_154955 - profiling-test (arch: amd64)
2026/08/10 15:49:56 Registration for node: (PROFILE_EXPORT_TEST)profiling-export-node-20260810_154955 - profiling-test
2026/08/10 15:49:56 Connecting to etcd
2026/08/10 15:49:56 Connected to etcd
2026/08/10 15:49:56 etcd connection state: READY
2026/08/10 15:49:56 etcd: connected and ready
2026/08/10 15:49:56 Registering to etcd: registry/PROFILE_EXPORT_TEST/profiling-test/profiling-export-node-20260810_154955
2026/08/10 15:49:56 Configured scheduling policy: default
2026/08/10 15:49:56 Configured offloading policy: disable
2026/08/10 15:49:56 Current resources: [CPUs: 0.000000/8.000000 - Mem: 0(+0 warm)/768]
2026/08/10 15:49:56 Scheduler started.
2026/08/10 15:49:56 No remote area is configured; vertical offloading disabled
2026/08/10 15:49:56 UDP server up and listening on port 9899
⇨ http server started on [::]:1333
2026/08/10 15:49:57 New request: creation of profiling_export_20260810_154955
2026/08/10 15:49:57 Container 75a73915c8329a794492fa9a2a63a6ad6a0ca30edf4bc485447ca2aef5d0b8a9 has name /bold_mahavira
2026/08/10 15:49:57 [profiling_export_20260810_154955] Executing on container: 75a73915c8329a794492fa9a2a63a6ad6a0ca30edf4bc485447ca2aef5d0b8a9
2026/08/10 15:49:58 Using warm 75a73915c8329a794492fa9a2a63a6ad6a0ca30edf4bc485447ca2aef5d0b8a9 for profiling_export_20260810_154955. Now: [CPUs: 1.000000/8.000000 - Mem: 128(+0 warm)/768]
2026/08/10 15:49:58 [profiling_export_20260810_154955] Executing on container: 75a73915c8329a794492fa9a2a63a6ad6a0ca30edf4bc485447ca2aef5d0b8a9
2026/08/10 15:49:59 [PROFILING] event=invocation_resource_profile ts=1786369799918 request_id="profiling_export_20260810_154955--test903042217" function=profiling_export_20260810_154955 machine_tag=profiling-test node=profiling-export-node-20260810_154955 container_id=75a73915c8329a794492fa9a2a63a6ad6a0ca30edf4bc485447ca2aef5d0b8a9 warm_start=true collected=true valid=true invalid_reason="" exclusive_container=true max_concurrency=1 profiling_lock_wait_ms=0.000306 execution_wall_time_ms=1003.575697 profiling_start_overhead_ms=6.066885 profiling_end_overhead_ms=3.905776 profiling_total_overhead_ms=9.972661 cpu_total_delta_ns=2554000 cpu_user_delta_ns=2554000 cpu_kernel_delta_ns=0 cpu_throttled_time_delta_ns=0 cpu_throttled_periods_delta=0 online_cpus=32 utilized_cpus=0.002545 memory_before_bytes=23257088 memory_after_bytes=23117824 memory_delta_bytes=-139264 memory_limit_bytes=134217728 page_faults_available=true page_faults_delta=6 major_page_faults_available=true major_page_faults_delta=0 block_io_available=true block_io_bytes_available=true block_io_ops_available=false block_read_bytes_delta=0 block_write_bytes_delta=0 block_read_ops_delta=0 block_write_ops_delta=0 network_available=true network_rx_bytes_delta=2113 network_tx_bytes_delta=555 pids_before=1 pids_after=1
2026/08/10 15:49:59 Using warm 75a73915c8329a794492fa9a2a63a6ad6a0ca30edf4bc485447ca2aef5d0b8a9 for profiling_export_20260810_154955. Now: [CPUs: 1.000000/8.000000 - Mem: 128(+0 warm)/768]
2026/08/10 15:49:59 [profiling_export_20260810_154955] Executing on container: 75a73915c8329a794492fa9a2a63a6ad6a0ca30edf4bc485447ca2aef5d0b8a9
2026/08/10 15:49:59 [PROFILING] event=invocation_resource_profile ts=1786369799944 request_id="profiling_export_20260810_154955--test933942727" function=profiling_export_20260810_154955 machine_tag=profiling-test node=profiling-export-node-20260810_154955 container_id=75a73915c8329a794492fa9a2a63a6ad6a0ca30edf4bc485447ca2aef5d0b8a9 warm_start=true collected=true valid=true invalid_reason="" exclusive_container=true max_concurrency=1 profiling_lock_wait_ms=0.000524 execution_wall_time_ms=3.044113 profiling_start_overhead_ms=3.153452 profiling_end_overhead_ms=2.252939 profiling_total_overhead_ms=5.406391 cpu_total_delta_ns=1752000 cpu_user_delta_ns=0 cpu_kernel_delta_ns=1752000 cpu_throttled_time_delta_ns=0 cpu_throttled_periods_delta=0 online_cpus=32 utilized_cpus=0.575537 memory_before_bytes=23101440 memory_after_bytes=23265280 memory_delta_bytes=163840 memory_limit_bytes=134217728 page_faults_available=true page_faults_delta=0 major_page_faults_available=true major_page_faults_delta=0 block_io_available=true block_io_bytes_available=true block_io_ops_available=false block_read_bytes_delta=0 block_write_bytes_delta=0 block_read_ops_delta=0 block_write_ops_delta=0 network_available=true network_rx_bytes_delta=763 network_tx_bytes_delta=480 pids_before=1 pids_after=1
2026/08/10 15:49:59 Invocation failed: [[profiling_export_20260810_154955] Rq-profiling_export_20260810_154955--test933942727] Function execution failed 75a73915c8329a794492fa9a2a63a6ad6a0ca30edf4bc485447ca2aef5d0b8a9
Got interrupt signal. Terminating...
2026/08/10 15:49:59 Shutting down ALL containers
2026/08/10 15:49:59 Removing container with ID 75a73915c8329a794492fa9a2a63a6ad6a0ca30edf4bc485447ca2aef5d0b8a9
