{
	"Success": true,
	"Result": "\"\"",
	"ResponseTime": 1.01515347,
	"IsWarmStart": true,
	"InitTime": 0.000081227,
	"QueueingTime": 0,
	"OffloadLatency": 0,
	"Duration": 1.003575697,
	"Output": "\n",
	"ExecutionArea": "PROFILE_EXPORT_TEST",
	"ExecutionNode": "profiling-export-node-20260810_154955",
	"ResourceProfile": {
		"Enabled": true,
		"Collected": true,
		"Valid": true,
		"InvalidReason": "",
		"ContainerID": "75a73915c8329a794492fa9a2a63a6ad6a0ca30edf4bc485447ca2aef5d0b8a9",
		"ExclusiveContainer": true,
		"MaxConcurrency": 1,
		"ProfilingLockWaitMs": 0.000306,
		"CPUUsageTotalDeltaNs": 2554000,
		"CPUUsageUserDeltaNs": 2554000,
		"CPUUsageKernelDeltaNs": 0,
		"CPUThrottledTimeDeltaNs": 0,
		"CPUThrottledPeriodsDelta": 0,
		"OnlineCPUs": 32,
		"UtilizedCPUs": 0.002544900207961094,
		"MemoryUsageBeforeBytes": 23257088,
		"MemoryUsageAfterBytes": 23117824,
		"MemoryUsageDeltaBytes": -139264,
		"MemoryLimitBytes": 134217728,
		"PageFaultsDelta": 6,
		"MajorPageFaultsDelta": 0,
		"PageFaultsAvailable": true,
		"MajorPageFaultsAvailable": true,
		"BlockReadBytesDelta": 0,
		"BlockWriteBytesDelta": 0,
		"BlockReadOpsDelta": 0,
		"BlockWriteOpsDelta": 0,
		"BlockIOAvailable": true,
		"BlockIOBytesAvailable": true,
		"BlockIOOpsAvailable": false,
		"NetworkRxBytesDelta": 2113,
		"NetworkTxBytesDelta": 555,
		"NetworkAvailable": true,
		"PIDsBefore": 1,
		"PIDsAfter": 1,
		"ExecutionWallTimeMs": 1003.575697,
		"ProfilingStartOverheadMs": 6.066885,
		"ProfilingEndOverheadMs": 3.905776,
		"ProfilingTotalOverheadMs": 9.972661
	}
}
