2026/07/17 10:02:58 Local node id: (ROME)Av5rdunwxRZpxaTW9hGx8P1784275378156333978 - x86-tiny (arch: amd64)
2026/07/17 10:02:58 Registration for node: (ROME)Av5rdunwxRZpxaTW9hGx8P1784275378156333978 - x86-tiny
2026/07/17 10:02:58 Connecting to etcd
2026/07/17 10:02:58 Connected to etcd
2026/07/17 10:02:58 etcd connection state: TRANSIENT_FAILURE
2026/07/17 10:02:58 etcd: transient failure, triggering reconnect
2026/07/17 10:02:59 etcd connection state: READY
2026/07/17 10:02:59 etcd: connected and ready
2026/07/17 10:02:59 Registering to etcd: registry/ROME/x86-tiny/Av5rdunwxRZpxaTW9hGx8P1784275378156333978
2026/07/17 10:02:59 Configured scheduling policy: default
2026/07/17 10:02:59 Configured offloading policy: disable
2026/07/17 10:02:59 Current resources: [CPUs: 0.000000/32.000000 - Mem: 0(+0 warm)/512]
2026/07/17 10:02:59 Scheduler started.
2026/07/17 10:02:59 No remote area is configured; vertical offloading disabled
2026/07/17 10:02:59 UDP server up and listening on port 9877
⇨ http server started on [::]:1324
2026/07/17 10:03:08 New request: creation of mab_cost_aware_1784275377
2026/07/17 10:03:19 Periodic nearby Monitoring
2026/07/17 10:03:19 Requesting status information for 192.168.0.46:9879
2026/07/17 10:03:19 Requesting status information for 192.168.0.46:9880
2026/07/17 10:03:19 Requesting status information for 192.168.0.46:9878
