2026/07/17 10:02:58 Local node id: (ROME)Mc66k64k37PXWLjSnPv85K1784275378158161158 - x86-large/gpu/amd (arch: amd64)
2026/07/17 10:02:58 Registration for node: (ROME)Mc66k64k37PXWLjSnPv85K1784275378158161158 - x86-large/gpu/amd
2026/07/17 10:02:58 Connecting to etcd
2026/07/17 10:02:58 Connected to etcd
2026/07/17 10:02:58 etcd connection state: TRANSIENT_FAILURE
2026/07/17 10:02:58 etcd: transient failure, triggering reconnect
2026/07/17 10:02:59 etcd connection state: READY
2026/07/17 10:02:59 etcd: connected and ready
2026/07/17 10:02:59 Registering to etcd: registry/ROME/x86-large/gpu/amd/Mc66k64k37PXWLjSnPv85K1784275378158161158
2026/07/17 10:02:59 Configured scheduling policy: default
2026/07/17 10:02:59 Configured offloading policy: disable
2026/07/17 10:02:59 Current resources: [CPUs: 0.000000/32.000000 - Mem: 0(+0 warm)/256]
2026/07/17 10:02:59 Scheduler started.
2026/07/17 10:02:59 No remote area is configured; vertical offloading disabled
2026/07/17 10:02:59 UDP server up and listening on port 9878
⇨ http server started on [::]:1325
2026/07/17 10:03:08 Container d7fbd0f7918b55f848dacc07500e13f93e8e27b659e6beb33fc150875e14bac8 has name /objective_hopper
2026/07/17 10:03:08 [mab_cost_aware_1784275377] Executing on container: d7fbd0f7918b55f848dacc07500e13f93e8e27b659e6beb33fc150875e14bac8
2026/07/17 10:03:08 Using warm d7fbd0f7918b55f848dacc07500e13f93e8e27b659e6beb33fc150875e14bac8 for mab_cost_aware_1784275377. Now: [CPUs: 0.000000/32.000000 - Mem: 128(+0 warm)/256]
2026/07/17 10:03:08 [mab_cost_aware_1784275377] Executing on container: d7fbd0f7918b55f848dacc07500e13f93e8e27b659e6beb33fc150875e14bac8
2026/07/17 10:03:10 Using warm d7fbd0f7918b55f848dacc07500e13f93e8e27b659e6beb33fc150875e14bac8 for mab_cost_aware_1784275377. Now: [CPUs: 0.000000/32.000000 - Mem: 128(+0 warm)/256]
2026/07/17 10:03:10 [mab_cost_aware_1784275377] Executing on container: d7fbd0f7918b55f848dacc07500e13f93e8e27b659e6beb33fc150875e14bac8
2026/07/17 10:03:10 Using warm d7fbd0f7918b55f848dacc07500e13f93e8e27b659e6beb33fc150875e14bac8 for mab_cost_aware_1784275377. Now: [CPUs: 0.000000/32.000000 - Mem: 128(+0 warm)/256]
2026/07/17 10:03:10 [mab_cost_aware_1784275377] Executing on container: d7fbd0f7918b55f848dacc07500e13f93e8e27b659e6beb33fc150875e14bac8
2026/07/17 10:03:11 Using warm d7fbd0f7918b55f848dacc07500e13f93e8e27b659e6beb33fc150875e14bac8 for mab_cost_aware_1784275377. Now: [CPUs: 0.000000/32.000000 - Mem: 128(+0 warm)/256]
2026/07/17 10:03:11 [mab_cost_aware_1784275377] Executing on container: d7fbd0f7918b55f848dacc07500e13f93e8e27b659e6beb33fc150875e14bac8
2026/07/17 10:03:11 Using warm d7fbd0f7918b55f848dacc07500e13f93e8e27b659e6beb33fc150875e14bac8 for mab_cost_aware_1784275377. Now: [CPUs: 0.000000/32.000000 - Mem: 128(+0 warm)/256]
2026/07/17 10:03:11 [mab_cost_aware_1784275377] Executing on container: d7fbd0f7918b55f848dacc07500e13f93e8e27b659e6beb33fc150875e14bac8
2026/07/17 10:03:12 Using warm d7fbd0f7918b55f848dacc07500e13f93e8e27b659e6beb33fc150875e14bac8 for mab_cost_aware_1784275377. Now: [CPUs: 0.000000/32.000000 - Mem: 128(+0 warm)/256]
2026/07/17 10:03:12 [mab_cost_aware_1784275377] Executing on container: d7fbd0f7918b55f848dacc07500e13f93e8e27b659e6beb33fc150875e14bac8
2026/07/17 10:03:13 Using warm d7fbd0f7918b55f848dacc07500e13f93e8e27b659e6beb33fc150875e14bac8 for mab_cost_aware_1784275377. Now: [CPUs: 0.000000/32.000000 - Mem: 128(+0 warm)/256]
2026/07/17 10:03:13 [mab_cost_aware_1784275377] Executing on container: d7fbd0f7918b55f848dacc07500e13f93e8e27b659e6beb33fc150875e14bac8
2026/07/17 10:03:13 Using warm d7fbd0f7918b55f848dacc07500e13f93e8e27b659e6beb33fc150875e14bac8 for mab_cost_aware_1784275377. Now: [CPUs: 0.000000/32.000000 - Mem: 128(+0 warm)/256]
2026/07/17 10:03:13 [mab_cost_aware_1784275377] Executing on container: d7fbd0f7918b55f848dacc07500e13f93e8e27b659e6beb33fc150875e14bac8
2026/07/17 10:03:13 Using warm d7fbd0f7918b55f848dacc07500e13f93e8e27b659e6beb33fc150875e14bac8 for mab_cost_aware_1784275377. Now: [CPUs: 0.000000/32.000000 - Mem: 128(+0 warm)/256]
2026/07/17 10:03:13 [mab_cost_aware_1784275377] Executing on container: d7fbd0f7918b55f848dacc07500e13f93e8e27b659e6beb33fc150875e14bac8
2026/07/17 10:03:14 Using warm d7fbd0f7918b55f848dacc07500e13f93e8e27b659e6beb33fc150875e14bac8 for mab_cost_aware_1784275377. Now: [CPUs: 0.000000/32.000000 - Mem: 128(+0 warm)/256]
2026/07/17 10:03:14 [mab_cost_aware_1784275377] Executing on container: d7fbd0f7918b55f848dacc07500e13f93e8e27b659e6beb33fc150875e14bac8
2026/07/17 10:03:14 Using warm d7fbd0f7918b55f848dacc07500e13f93e8e27b659e6beb33fc150875e14bac8 for mab_cost_aware_1784275377. Now: [CPUs: 0.000000/32.000000 - Mem: 128(+0 warm)/256]
2026/07/17 10:03:14 [mab_cost_aware_1784275377] Executing on container: d7fbd0f7918b55f848dacc07500e13f93e8e27b659e6beb33fc150875e14bac8
2026/07/17 10:03:15 Using warm d7fbd0f7918b55f848dacc07500e13f93e8e27b659e6beb33fc150875e14bac8 for mab_cost_aware_1784275377. Now: [CPUs: 0.000000/32.000000 - Mem: 128(+0 warm)/256]
2026/07/17 10:03:15 [mab_cost_aware_1784275377] Executing on container: d7fbd0f7918b55f848dacc07500e13f93e8e27b659e6beb33fc150875e14bac8
2026/07/17 10:03:15 Using warm d7fbd0f7918b55f848dacc07500e13f93e8e27b659e6beb33fc150875e14bac8 for mab_cost_aware_1784275377. Now: [CPUs: 0.000000/32.000000 - Mem: 128(+0 warm)/256]
2026/07/17 10:03:15 [mab_cost_aware_1784275377] Executing on container: d7fbd0f7918b55f848dacc07500e13f93e8e27b659e6beb33fc150875e14bac8
2026/07/17 10:03:16 Using warm d7fbd0f7918b55f848dacc07500e13f93e8e27b659e6beb33fc150875e14bac8 for mab_cost_aware_1784275377. Now: [CPUs: 0.000000/32.000000 - Mem: 128(+0 warm)/256]
2026/07/17 10:03:16 [mab_cost_aware_1784275377] Executing on container: d7fbd0f7918b55f848dacc07500e13f93e8e27b659e6beb33fc150875e14bac8
2026/07/17 10:03:16 Using warm d7fbd0f7918b55f848dacc07500e13f93e8e27b659e6beb33fc150875e14bac8 for mab_cost_aware_1784275377. Now: [CPUs: 0.000000/32.000000 - Mem: 128(+0 warm)/256]
2026/07/17 10:03:16 [mab_cost_aware_1784275377] Executing on container: d7fbd0f7918b55f848dacc07500e13f93e8e27b659e6beb33fc150875e14bac8
2026/07/17 10:03:16 Using warm d7fbd0f7918b55f848dacc07500e13f93e8e27b659e6beb33fc150875e14bac8 for mab_cost_aware_1784275377. Now: [CPUs: 0.000000/32.000000 - Mem: 128(+0 warm)/256]
2026/07/17 10:03:16 [mab_cost_aware_1784275377] Executing on container: d7fbd0f7918b55f848dacc07500e13f93e8e27b659e6beb33fc150875e14bac8
2026/07/17 10:03:17 Using warm d7fbd0f7918b55f848dacc07500e13f93e8e27b659e6beb33fc150875e14bac8 for mab_cost_aware_1784275377. Now: [CPUs: 0.000000/32.000000 - Mem: 128(+0 warm)/256]
2026/07/17 10:03:17 [mab_cost_aware_1784275377] Executing on container: d7fbd0f7918b55f848dacc07500e13f93e8e27b659e6beb33fc150875e14bac8
2026/07/17 10:03:17 Using warm d7fbd0f7918b55f848dacc07500e13f93e8e27b659e6beb33fc150875e14bac8 for mab_cost_aware_1784275377. Now: [CPUs: 0.000000/32.000000 - Mem: 128(+0 warm)/256]
2026/07/17 10:03:17 [mab_cost_aware_1784275377] Executing on container: d7fbd0f7918b55f848dacc07500e13f93e8e27b659e6beb33fc150875e14bac8
2026/07/17 10:03:17 Using warm d7fbd0f7918b55f848dacc07500e13f93e8e27b659e6beb33fc150875e14bac8 for mab_cost_aware_1784275377. Now: [CPUs: 0.000000/32.000000 - Mem: 128(+0 warm)/256]
2026/07/17 10:03:17 [mab_cost_aware_1784275377] Executing on container: d7fbd0f7918b55f848dacc07500e13f93e8e27b659e6beb33fc150875e14bac8
2026/07/17 10:03:17 Using warm d7fbd0f7918b55f848dacc07500e13f93e8e27b659e6beb33fc150875e14bac8 for mab_cost_aware_1784275377. Now: [CPUs: 0.000000/32.000000 - Mem: 128(+0 warm)/256]
2026/07/17 10:03:17 [mab_cost_aware_1784275377] Executing on container: d7fbd0f7918b55f848dacc07500e13f93e8e27b659e6beb33fc150875e14bac8
2026/07/17 10:03:17 Using warm d7fbd0f7918b55f848dacc07500e13f93e8e27b659e6beb33fc150875e14bac8 for mab_cost_aware_1784275377. Now: [CPUs: 0.000000/32.000000 - Mem: 128(+0 warm)/256]
2026/07/17 10:03:17 [mab_cost_aware_1784275377] Executing on container: d7fbd0f7918b55f848dacc07500e13f93e8e27b659e6beb33fc150875e14bac8
2026/07/17 10:03:18 Using warm d7fbd0f7918b55f848dacc07500e13f93e8e27b659e6beb33fc150875e14bac8 for mab_cost_aware_1784275377. Now: [CPUs: 0.000000/32.000000 - Mem: 128(+0 warm)/256]
2026/07/17 10:03:18 [mab_cost_aware_1784275377] Executing on container: d7fbd0f7918b55f848dacc07500e13f93e8e27b659e6beb33fc150875e14bac8
2026/07/17 10:03:18 Using warm d7fbd0f7918b55f848dacc07500e13f93e8e27b659e6beb33fc150875e14bac8 for mab_cost_aware_1784275377. Now: [CPUs: 0.000000/32.000000 - Mem: 128(+0 warm)/256]
2026/07/17 10:03:18 [mab_cost_aware_1784275377] Executing on container: d7fbd0f7918b55f848dacc07500e13f93e8e27b659e6beb33fc150875e14bac8
2026/07/17 10:03:19 Using warm d7fbd0f7918b55f848dacc07500e13f93e8e27b659e6beb33fc150875e14bac8 for mab_cost_aware_1784275377. Now: [CPUs: 0.000000/32.000000 - Mem: 128(+0 warm)/256]
2026/07/17 10:03:19 [mab_cost_aware_1784275377] Executing on container: d7fbd0f7918b55f848dacc07500e13f93e8e27b659e6beb33fc150875e14bac8
2026/07/17 10:03:19 Periodic nearby Monitoring
2026/07/17 10:03:19 Requesting status information for 192.168.0.46:9877
2026/07/17 10:03:19 Requesting status information for 192.168.0.46:9879
2026/07/17 10:03:19 Requesting status information for 192.168.0.46:9880
2026/07/17 10:03:19 Using warm d7fbd0f7918b55f848dacc07500e13f93e8e27b659e6beb33fc150875e14bac8 for mab_cost_aware_1784275377. Now: [CPUs: 0.000000/32.000000 - Mem: 128(+0 warm)/256]
2026/07/17 10:03:19 [mab_cost_aware_1784275377] Executing on container: d7fbd0f7918b55f848dacc07500e13f93e8e27b659e6beb33fc150875e14bac8
2026/07/17 10:03:19 Using warm d7fbd0f7918b55f848dacc07500e13f93e8e27b659e6beb33fc150875e14bac8 for mab_cost_aware_1784275377. Now: [CPUs: 0.000000/32.000000 - Mem: 128(+0 warm)/256]
2026/07/17 10:03:19 [mab_cost_aware_1784275377] Executing on container: d7fbd0f7918b55f848dacc07500e13f93e8e27b659e6beb33fc150875e14bac8
2026/07/17 10:03:19 Using warm d7fbd0f7918b55f848dacc07500e13f93e8e27b659e6beb33fc150875e14bac8 for mab_cost_aware_1784275377. Now: [CPUs: 0.000000/32.000000 - Mem: 128(+0 warm)/256]
2026/07/17 10:03:19 [mab_cost_aware_1784275377] Executing on container: d7fbd0f7918b55f848dacc07500e13f93e8e27b659e6beb33fc150875e14bac8
2026/07/17 10:03:20 Using warm d7fbd0f7918b55f848dacc07500e13f93e8e27b659e6beb33fc150875e14bac8 for mab_cost_aware_1784275377. Now: [CPUs: 0.000000/32.000000 - Mem: 128(+0 warm)/256]
2026/07/17 10:03:20 [mab_cost_aware_1784275377] Executing on container: d7fbd0f7918b55f848dacc07500e13f93e8e27b659e6beb33fc150875e14bac8
2026/07/17 10:03:20 Using warm d7fbd0f7918b55f848dacc07500e13f93e8e27b659e6beb33fc150875e14bac8 for mab_cost_aware_1784275377. Now: [CPUs: 0.000000/32.000000 - Mem: 128(+0 warm)/256]
2026/07/17 10:03:20 [mab_cost_aware_1784275377] Executing on container: d7fbd0f7918b55f848dacc07500e13f93e8e27b659e6beb33fc150875e14bac8
2026/07/17 10:03:21 Using warm d7fbd0f7918b55f848dacc07500e13f93e8e27b659e6beb33fc150875e14bac8 for mab_cost_aware_1784275377. Now: [CPUs: 0.000000/32.000000 - Mem: 128(+0 warm)/256]
2026/07/17 10:03:21 [mab_cost_aware_1784275377] Executing on container: d7fbd0f7918b55f848dacc07500e13f93e8e27b659e6beb33fc150875e14bac8
2026/07/17 10:03:22 Using warm d7fbd0f7918b55f848dacc07500e13f93e8e27b659e6beb33fc150875e14bac8 for mab_cost_aware_1784275377. Now: [CPUs: 0.000000/32.000000 - Mem: 128(+0 warm)/256]
2026/07/17 10:03:22 [mab_cost_aware_1784275377] Executing on container: d7fbd0f7918b55f848dacc07500e13f93e8e27b659e6beb33fc150875e14bac8
2026/07/17 10:03:22 Using warm d7fbd0f7918b55f848dacc07500e13f93e8e27b659e6beb33fc150875e14bac8 for mab_cost_aware_1784275377. Now: [CPUs: 0.000000/32.000000 - Mem: 128(+0 warm)/256]
2026/07/17 10:03:22 [mab_cost_aware_1784275377] Executing on container: d7fbd0f7918b55f848dacc07500e13f93e8e27b659e6beb33fc150875e14bac8
