2026/07/17 10:02:58 Local node id: (ROME)d9vVFs4fj97ZcEYU4FWAB51784275378161673878 - arm-tiny (arch: amd64)
2026/07/17 10:02:58 Registration for node: (ROME)d9vVFs4fj97ZcEYU4FWAB51784275378161673878 - arm-tiny
2026/07/17 10:02:58 Connecting to etcd
2026/07/17 10:02:58 Connected to etcd
2026/07/17 10:02:58 etcd connection state: TRANSIENT_FAILURE
2026/07/17 10:02:58 etcd: transient failure, triggering reconnect
2026/07/17 10:02:59 etcd connection state: READY
2026/07/17 10:02:59 etcd: connected and ready
2026/07/17 10:02:59 Registering to etcd: registry/ROME/arm-tiny/d9vVFs4fj97ZcEYU4FWAB51784275378161673878
2026/07/17 10:02:59 Configured scheduling policy: default
2026/07/17 10:02:59 Configured offloading policy: disable
2026/07/17 10:02:59 Current resources: [CPUs: 0.000000/32.000000 - Mem: 0(+0 warm)/512]
2026/07/17 10:02:59 Scheduler started.
2026/07/17 10:02:59 No remote area is configured; vertical offloading disabled
2026/07/17 10:02:59 UDP server up and listening on port 9880
⇨ http server started on [::]:1327
2026/07/17 10:03:19 Periodic nearby Monitoring
2026/07/17 10:03:19 Requesting status information for 192.168.0.46:9878
2026/07/17 10:03:19 Requesting status information for 192.168.0.46:9877
2026/07/17 10:03:19 Requesting status information for 192.168.0.46:9879
