2026/07/17 10:02:58 Local node id: (ROME)wTr55Y46VyqmTWJEtCurdF1784275378158858065 - x86-tiny/gpu/nvidia (arch: amd64)
2026/07/17 10:02:58 Registration for node: (ROME)wTr55Y46VyqmTWJEtCurdF1784275378158858065 - x86-tiny/gpu/nvidia
2026/07/17 10:02:58 Connecting to etcd
2026/07/17 10:02:58 Connected to etcd
2026/07/17 10:02:58 etcd connection state: TRANSIENT_FAILURE
2026/07/17 10:02:58 etcd: transient failure, triggering reconnect
2026/07/17 10:02:59 etcd connection state: READY
2026/07/17 10:02:59 etcd: connected and ready
2026/07/17 10:02:59 Registering to etcd: registry/ROME/x86-tiny/gpu/nvidia/wTr55Y46VyqmTWJEtCurdF1784275378158858065
2026/07/17 10:02:59 Configured scheduling policy: default
2026/07/17 10:02:59 Configured offloading policy: disable
2026/07/17 10:02:59 Current resources: [CPUs: 0.000000/32.000000 - Mem: 0(+0 warm)/512]
2026/07/17 10:02:59 Scheduler started.
2026/07/17 10:02:59 No remote area is configured; vertical offloading disabled
2026/07/17 10:02:59 UDP server up and listening on port 9879
⇨ http server started on [::]:1326
2026/07/17 10:03:09 Container 4f68ef786d09b351faa9efb8b1c900b821541400a2b3da3f9292037a03b3c964 has name /objective_feynman
2026/07/17 10:03:09 [mab_cost_aware_1784275377] Executing on container: 4f68ef786d09b351faa9efb8b1c900b821541400a2b3da3f9292037a03b3c964
2026/07/17 10:03:09 Using warm 4f68ef786d09b351faa9efb8b1c900b821541400a2b3da3f9292037a03b3c964 for mab_cost_aware_1784275377. Now: [CPUs: 0.000000/32.000000 - Mem: 128(+0 warm)/512]
2026/07/17 10:03:09 [mab_cost_aware_1784275377] Executing on container: 4f68ef786d09b351faa9efb8b1c900b821541400a2b3da3f9292037a03b3c964
2026/07/17 10:03:10 Using warm 4f68ef786d09b351faa9efb8b1c900b821541400a2b3da3f9292037a03b3c964 for mab_cost_aware_1784275377. Now: [CPUs: 0.000000/32.000000 - Mem: 128(+0 warm)/512]
2026/07/17 10:03:10 [mab_cost_aware_1784275377] Executing on container: 4f68ef786d09b351faa9efb8b1c900b821541400a2b3da3f9292037a03b3c964
2026/07/17 10:03:10 Using warm 4f68ef786d09b351faa9efb8b1c900b821541400a2b3da3f9292037a03b3c964 for mab_cost_aware_1784275377. Now: [CPUs: 0.000000/32.000000 - Mem: 128(+0 warm)/512]
2026/07/17 10:03:10 [mab_cost_aware_1784275377] Executing on container: 4f68ef786d09b351faa9efb8b1c900b821541400a2b3da3f9292037a03b3c964
2026/07/17 10:03:10 Using warm 4f68ef786d09b351faa9efb8b1c900b821541400a2b3da3f9292037a03b3c964 for mab_cost_aware_1784275377. Now: [CPUs: 0.000000/32.000000 - Mem: 128(+0 warm)/512]
2026/07/17 10:03:10 [mab_cost_aware_1784275377] Executing on container: 4f68ef786d09b351faa9efb8b1c900b821541400a2b3da3f9292037a03b3c964
2026/07/17 10:03:11 Using warm 4f68ef786d09b351faa9efb8b1c900b821541400a2b3da3f9292037a03b3c964 for mab_cost_aware_1784275377. Now: [CPUs: 0.000000/32.000000 - Mem: 128(+0 warm)/512]
2026/07/17 10:03:11 [mab_cost_aware_1784275377] Executing on container: 4f68ef786d09b351faa9efb8b1c900b821541400a2b3da3f9292037a03b3c964
2026/07/17 10:03:11 Using warm 4f68ef786d09b351faa9efb8b1c900b821541400a2b3da3f9292037a03b3c964 for mab_cost_aware_1784275377. Now: [CPUs: 0.000000/32.000000 - Mem: 128(+0 warm)/512]
2026/07/17 10:03:11 [mab_cost_aware_1784275377] Executing on container: 4f68ef786d09b351faa9efb8b1c900b821541400a2b3da3f9292037a03b3c964
2026/07/17 10:03:12 Using warm 4f68ef786d09b351faa9efb8b1c900b821541400a2b3da3f9292037a03b3c964 for mab_cost_aware_1784275377. Now: [CPUs: 0.000000/32.000000 - Mem: 128(+0 warm)/512]
2026/07/17 10:03:12 [mab_cost_aware_1784275377] Executing on container: 4f68ef786d09b351faa9efb8b1c900b821541400a2b3da3f9292037a03b3c964
2026/07/17 10:03:12 Using warm 4f68ef786d09b351faa9efb8b1c900b821541400a2b3da3f9292037a03b3c964 for mab_cost_aware_1784275377. Now: [CPUs: 0.000000/32.000000 - Mem: 128(+0 warm)/512]
2026/07/17 10:03:12 [mab_cost_aware_1784275377] Executing on container: 4f68ef786d09b351faa9efb8b1c900b821541400a2b3da3f9292037a03b3c964
2026/07/17 10:03:12 Using warm 4f68ef786d09b351faa9efb8b1c900b821541400a2b3da3f9292037a03b3c964 for mab_cost_aware_1784275377. Now: [CPUs: 0.000000/32.000000 - Mem: 128(+0 warm)/512]
2026/07/17 10:03:12 [mab_cost_aware_1784275377] Executing on container: 4f68ef786d09b351faa9efb8b1c900b821541400a2b3da3f9292037a03b3c964
2026/07/17 10:03:13 Using warm 4f68ef786d09b351faa9efb8b1c900b821541400a2b3da3f9292037a03b3c964 for mab_cost_aware_1784275377. Now: [CPUs: 0.000000/32.000000 - Mem: 128(+0 warm)/512]
2026/07/17 10:03:13 [mab_cost_aware_1784275377] Executing on container: 4f68ef786d09b351faa9efb8b1c900b821541400a2b3da3f9292037a03b3c964
2026/07/17 10:03:13 Using warm 4f68ef786d09b351faa9efb8b1c900b821541400a2b3da3f9292037a03b3c964 for mab_cost_aware_1784275377. Now: [CPUs: 0.000000/32.000000 - Mem: 128(+0 warm)/512]
2026/07/17 10:03:13 [mab_cost_aware_1784275377] Executing on container: 4f68ef786d09b351faa9efb8b1c900b821541400a2b3da3f9292037a03b3c964
2026/07/17 10:03:14 Using warm 4f68ef786d09b351faa9efb8b1c900b821541400a2b3da3f9292037a03b3c964 for mab_cost_aware_1784275377. Now: [CPUs: 0.000000/32.000000 - Mem: 128(+0 warm)/512]
2026/07/17 10:03:14 [mab_cost_aware_1784275377] Executing on container: 4f68ef786d09b351faa9efb8b1c900b821541400a2b3da3f9292037a03b3c964
2026/07/17 10:03:14 Using warm 4f68ef786d09b351faa9efb8b1c900b821541400a2b3da3f9292037a03b3c964 for mab_cost_aware_1784275377. Now: [CPUs: 0.000000/32.000000 - Mem: 128(+0 warm)/512]
2026/07/17 10:03:14 [mab_cost_aware_1784275377] Executing on container: 4f68ef786d09b351faa9efb8b1c900b821541400a2b3da3f9292037a03b3c964
2026/07/17 10:03:15 Using warm 4f68ef786d09b351faa9efb8b1c900b821541400a2b3da3f9292037a03b3c964 for mab_cost_aware_1784275377. Now: [CPUs: 0.000000/32.000000 - Mem: 128(+0 warm)/512]
2026/07/17 10:03:15 [mab_cost_aware_1784275377] Executing on container: 4f68ef786d09b351faa9efb8b1c900b821541400a2b3da3f9292037a03b3c964
2026/07/17 10:03:15 Using warm 4f68ef786d09b351faa9efb8b1c900b821541400a2b3da3f9292037a03b3c964 for mab_cost_aware_1784275377. Now: [CPUs: 0.000000/32.000000 - Mem: 128(+0 warm)/512]
2026/07/17 10:03:15 [mab_cost_aware_1784275377] Executing on container: 4f68ef786d09b351faa9efb8b1c900b821541400a2b3da3f9292037a03b3c964
2026/07/17 10:03:15 Using warm 4f68ef786d09b351faa9efb8b1c900b821541400a2b3da3f9292037a03b3c964 for mab_cost_aware_1784275377. Now: [CPUs: 0.000000/32.000000 - Mem: 128(+0 warm)/512]
2026/07/17 10:03:15 [mab_cost_aware_1784275377] Executing on container: 4f68ef786d09b351faa9efb8b1c900b821541400a2b3da3f9292037a03b3c964
2026/07/17 10:03:16 Using warm 4f68ef786d09b351faa9efb8b1c900b821541400a2b3da3f9292037a03b3c964 for mab_cost_aware_1784275377. Now: [CPUs: 0.000000/32.000000 - Mem: 128(+0 warm)/512]
2026/07/17 10:03:16 [mab_cost_aware_1784275377] Executing on container: 4f68ef786d09b351faa9efb8b1c900b821541400a2b3da3f9292037a03b3c964
2026/07/17 10:03:18 Using warm 4f68ef786d09b351faa9efb8b1c900b821541400a2b3da3f9292037a03b3c964 for mab_cost_aware_1784275377. Now: [CPUs: 0.000000/32.000000 - Mem: 128(+0 warm)/512]
2026/07/17 10:03:18 [mab_cost_aware_1784275377] Executing on container: 4f68ef786d09b351faa9efb8b1c900b821541400a2b3da3f9292037a03b3c964
2026/07/17 10:03:18 Using warm 4f68ef786d09b351faa9efb8b1c900b821541400a2b3da3f9292037a03b3c964 for mab_cost_aware_1784275377. Now: [CPUs: 0.000000/32.000000 - Mem: 128(+0 warm)/512]
2026/07/17 10:03:18 [mab_cost_aware_1784275377] Executing on container: 4f68ef786d09b351faa9efb8b1c900b821541400a2b3da3f9292037a03b3c964
2026/07/17 10:03:19 Periodic nearby Monitoring
2026/07/17 10:03:19 Requesting status information for 192.168.0.46:9880
2026/07/17 10:03:19 Requesting status information for 192.168.0.46:9878
2026/07/17 10:03:19 Requesting status information for 192.168.0.46:9877
2026/07/17 10:03:19 Using warm 4f68ef786d09b351faa9efb8b1c900b821541400a2b3da3f9292037a03b3c964 for mab_cost_aware_1784275377. Now: [CPUs: 0.000000/32.000000 - Mem: 128(+0 warm)/512]
2026/07/17 10:03:19 [mab_cost_aware_1784275377] Executing on container: 4f68ef786d09b351faa9efb8b1c900b821541400a2b3da3f9292037a03b3c964
2026/07/17 10:03:20 Using warm 4f68ef786d09b351faa9efb8b1c900b821541400a2b3da3f9292037a03b3c964 for mab_cost_aware_1784275377. Now: [CPUs: 0.000000/32.000000 - Mem: 128(+0 warm)/512]
2026/07/17 10:03:20 [mab_cost_aware_1784275377] Executing on container: 4f68ef786d09b351faa9efb8b1c900b821541400a2b3da3f9292037a03b3c964
2026/07/17 10:03:20 Using warm 4f68ef786d09b351faa9efb8b1c900b821541400a2b3da3f9292037a03b3c964 for mab_cost_aware_1784275377. Now: [CPUs: 0.000000/32.000000 - Mem: 128(+0 warm)/512]
2026/07/17 10:03:20 [mab_cost_aware_1784275377] Executing on container: 4f68ef786d09b351faa9efb8b1c900b821541400a2b3da3f9292037a03b3c964
2026/07/17 10:03:21 Using warm 4f68ef786d09b351faa9efb8b1c900b821541400a2b3da3f9292037a03b3c964 for mab_cost_aware_1784275377. Now: [CPUs: 0.000000/32.000000 - Mem: 128(+0 warm)/512]
2026/07/17 10:03:21 [mab_cost_aware_1784275377] Executing on container: 4f68ef786d09b351faa9efb8b1c900b821541400a2b3da3f9292037a03b3c964
2026/07/17 10:03:21 Using warm 4f68ef786d09b351faa9efb8b1c900b821541400a2b3da3f9292037a03b3c964 for mab_cost_aware_1784275377. Now: [CPUs: 0.000000/32.000000 - Mem: 128(+0 warm)/512]
2026/07/17 10:03:21 [mab_cost_aware_1784275377] Executing on container: 4f68ef786d09b351faa9efb8b1c900b821541400a2b3da3f9292037a03b3c964
2026/07/17 10:03:21 Using warm 4f68ef786d09b351faa9efb8b1c900b821541400a2b3da3f9292037a03b3c964 for mab_cost_aware_1784275377. Now: [CPUs: 0.000000/32.000000 - Mem: 128(+0 warm)/512]
2026/07/17 10:03:21 [mab_cost_aware_1784275377] Executing on container: 4f68ef786d09b351faa9efb8b1c900b821541400a2b3da3f9292037a03b3c964
2026/07/17 10:03:22 Using warm 4f68ef786d09b351faa9efb8b1c900b821541400a2b3da3f9292037a03b3c964 for mab_cost_aware_1784275377. Now: [CPUs: 0.000000/32.000000 - Mem: 128(+0 warm)/512]
2026/07/17 10:03:22 [mab_cost_aware_1784275377] Executing on container: 4f68ef786d09b351faa9efb8b1c900b821541400a2b3da3f9292037a03b3c964
