2026/07/06 18:32:34 Local node id: (ROME)WhGdXSMaK4VNAekSzir6491783355554389642233 - arm-tiny (arch: amd64)
2026/07/06 18:32:34 Registration for node: (ROME)WhGdXSMaK4VNAekSzir6491783355554389642233 - arm-tiny
2026/07/06 18:32:34 Connecting to etcd
2026/07/06 18:32:34 Connected to etcd
2026/07/06 18:32:34 etcd connection state: TRANSIENT_FAILURE
2026/07/06 18:32:34 etcd: transient failure, triggering reconnect
2026/07/06 18:32:35 etcd connection state: READY
2026/07/06 18:32:35 etcd: connected and ready
2026/07/06 18:32:35 Registering to etcd: registry/ROME/arm-tiny/WhGdXSMaK4VNAekSzir6491783355554389642233
2026/07/06 18:32:35 Configured scheduling policy: default
2026/07/06 18:32:35 Configured offloading policy: disable
2026/07/06 18:32:35 Current resources: [CPUs: 0.000000/32.000000 - Mem: 0(+0 warm)/512]
2026/07/06 18:32:35 Scheduler started.
2026/07/06 18:32:35 No remote area is configured; vertical offloading disabled
2026/07/06 18:32:35 UDP server up and listening on port 9880
⇨ http server started on [::]:1327
2026/07/06 18:32:45 Container b6590cb1eb954216df232d78206db4aadaed1f4856f847afc4bb47b9247f6cdf has name /agitated_rubin
2026/07/06 18:32:45 [mab_cost_aware_1783355553] Executing on container: b6590cb1eb954216df232d78206db4aadaed1f4856f847afc4bb47b9247f6cdf
2026/07/06 18:32:46 Using warm b6590cb1eb954216df232d78206db4aadaed1f4856f847afc4bb47b9247f6cdf for mab_cost_aware_1783355553. Now: [CPUs: 0.000000/32.000000 - Mem: 128(+0 warm)/512]
2026/07/06 18:32:46 [mab_cost_aware_1783355553] Executing on container: b6590cb1eb954216df232d78206db4aadaed1f4856f847afc4bb47b9247f6cdf
2026/07/06 18:32:48 Using warm b6590cb1eb954216df232d78206db4aadaed1f4856f847afc4bb47b9247f6cdf for mab_cost_aware_1783355553. Now: [CPUs: 0.000000/32.000000 - Mem: 128(+0 warm)/512]
2026/07/06 18:32:48 [mab_cost_aware_1783355553] Executing on container: b6590cb1eb954216df232d78206db4aadaed1f4856f847afc4bb47b9247f6cdf
2026/07/06 18:32:48 Using warm b6590cb1eb954216df232d78206db4aadaed1f4856f847afc4bb47b9247f6cdf for mab_cost_aware_1783355553. Now: [CPUs: 0.000000/32.000000 - Mem: 128(+0 warm)/512]
2026/07/06 18:32:48 [mab_cost_aware_1783355553] Executing on container: b6590cb1eb954216df232d78206db4aadaed1f4856f847afc4bb47b9247f6cdf
2026/07/06 18:32:49 Using warm b6590cb1eb954216df232d78206db4aadaed1f4856f847afc4bb47b9247f6cdf for mab_cost_aware_1783355553. Now: [CPUs: 0.000000/32.000000 - Mem: 128(+0 warm)/512]
2026/07/06 18:32:49 [mab_cost_aware_1783355553] Executing on container: b6590cb1eb954216df232d78206db4aadaed1f4856f847afc4bb47b9247f6cdf
2026/07/06 18:32:49 Using warm b6590cb1eb954216df232d78206db4aadaed1f4856f847afc4bb47b9247f6cdf for mab_cost_aware_1783355553. Now: [CPUs: 0.000000/32.000000 - Mem: 128(+0 warm)/512]
2026/07/06 18:32:49 [mab_cost_aware_1783355553] Executing on container: b6590cb1eb954216df232d78206db4aadaed1f4856f847afc4bb47b9247f6cdf
2026/07/06 18:32:50 Using warm b6590cb1eb954216df232d78206db4aadaed1f4856f847afc4bb47b9247f6cdf for mab_cost_aware_1783355553. Now: [CPUs: 0.000000/32.000000 - Mem: 128(+0 warm)/512]
2026/07/06 18:32:50 [mab_cost_aware_1783355553] Executing on container: b6590cb1eb954216df232d78206db4aadaed1f4856f847afc4bb47b9247f6cdf
2026/07/06 18:32:50 Using warm b6590cb1eb954216df232d78206db4aadaed1f4856f847afc4bb47b9247f6cdf for mab_cost_aware_1783355553. Now: [CPUs: 0.000000/32.000000 - Mem: 128(+0 warm)/512]
2026/07/06 18:32:50 [mab_cost_aware_1783355553] Executing on container: b6590cb1eb954216df232d78206db4aadaed1f4856f847afc4bb47b9247f6cdf
2026/07/06 18:32:51 Using warm b6590cb1eb954216df232d78206db4aadaed1f4856f847afc4bb47b9247f6cdf for mab_cost_aware_1783355553. Now: [CPUs: 0.000000/32.000000 - Mem: 128(+0 warm)/512]
2026/07/06 18:32:51 [mab_cost_aware_1783355553] Executing on container: b6590cb1eb954216df232d78206db4aadaed1f4856f847afc4bb47b9247f6cdf
2026/07/06 18:32:51 Using warm b6590cb1eb954216df232d78206db4aadaed1f4856f847afc4bb47b9247f6cdf for mab_cost_aware_1783355553. Now: [CPUs: 0.000000/32.000000 - Mem: 128(+0 warm)/512]
2026/07/06 18:32:51 [mab_cost_aware_1783355553] Executing on container: b6590cb1eb954216df232d78206db4aadaed1f4856f847afc4bb47b9247f6cdf
2026/07/06 18:32:51 Using warm b6590cb1eb954216df232d78206db4aadaed1f4856f847afc4bb47b9247f6cdf for mab_cost_aware_1783355553. Now: [CPUs: 0.000000/32.000000 - Mem: 128(+0 warm)/512]
2026/07/06 18:32:51 [mab_cost_aware_1783355553] Executing on container: b6590cb1eb954216df232d78206db4aadaed1f4856f847afc4bb47b9247f6cdf
2026/07/06 18:32:52 Using warm b6590cb1eb954216df232d78206db4aadaed1f4856f847afc4bb47b9247f6cdf for mab_cost_aware_1783355553. Now: [CPUs: 0.000000/32.000000 - Mem: 128(+0 warm)/512]
2026/07/06 18:32:52 [mab_cost_aware_1783355553] Executing on container: b6590cb1eb954216df232d78206db4aadaed1f4856f847afc4bb47b9247f6cdf
2026/07/06 18:32:53 Using warm b6590cb1eb954216df232d78206db4aadaed1f4856f847afc4bb47b9247f6cdf for mab_cost_aware_1783355553. Now: [CPUs: 0.000000/32.000000 - Mem: 128(+0 warm)/512]
2026/07/06 18:32:53 [mab_cost_aware_1783355553] Executing on container: b6590cb1eb954216df232d78206db4aadaed1f4856f847afc4bb47b9247f6cdf
2026/07/06 18:32:53 Using warm b6590cb1eb954216df232d78206db4aadaed1f4856f847afc4bb47b9247f6cdf for mab_cost_aware_1783355553. Now: [CPUs: 0.000000/32.000000 - Mem: 128(+0 warm)/512]
2026/07/06 18:32:53 [mab_cost_aware_1783355553] Executing on container: b6590cb1eb954216df232d78206db4aadaed1f4856f847afc4bb47b9247f6cdf
2026/07/06 18:32:53 Using warm b6590cb1eb954216df232d78206db4aadaed1f4856f847afc4bb47b9247f6cdf for mab_cost_aware_1783355553. Now: [CPUs: 0.000000/32.000000 - Mem: 128(+0 warm)/512]
2026/07/06 18:32:53 [mab_cost_aware_1783355553] Executing on container: b6590cb1eb954216df232d78206db4aadaed1f4856f847afc4bb47b9247f6cdf
2026/07/06 18:32:53 Using warm b6590cb1eb954216df232d78206db4aadaed1f4856f847afc4bb47b9247f6cdf for mab_cost_aware_1783355553. Now: [CPUs: 0.000000/32.000000 - Mem: 128(+0 warm)/512]
2026/07/06 18:32:53 [mab_cost_aware_1783355553] Executing on container: b6590cb1eb954216df232d78206db4aadaed1f4856f847afc4bb47b9247f6cdf
2026/07/06 18:32:54 Using warm b6590cb1eb954216df232d78206db4aadaed1f4856f847afc4bb47b9247f6cdf for mab_cost_aware_1783355553. Now: [CPUs: 0.000000/32.000000 - Mem: 128(+0 warm)/512]
2026/07/06 18:32:54 [mab_cost_aware_1783355553] Executing on container: b6590cb1eb954216df232d78206db4aadaed1f4856f847afc4bb47b9247f6cdf
2026/07/06 18:32:54 Using warm b6590cb1eb954216df232d78206db4aadaed1f4856f847afc4bb47b9247f6cdf for mab_cost_aware_1783355553. Now: [CPUs: 0.000000/32.000000 - Mem: 128(+0 warm)/512]
2026/07/06 18:32:54 [mab_cost_aware_1783355553] Executing on container: b6590cb1eb954216df232d78206db4aadaed1f4856f847afc4bb47b9247f6cdf
2026/07/06 18:32:55 Using warm b6590cb1eb954216df232d78206db4aadaed1f4856f847afc4bb47b9247f6cdf for mab_cost_aware_1783355553. Now: [CPUs: 0.000000/32.000000 - Mem: 128(+0 warm)/512]
2026/07/06 18:32:55 [mab_cost_aware_1783355553] Executing on container: b6590cb1eb954216df232d78206db4aadaed1f4856f847afc4bb47b9247f6cdf
2026/07/06 18:32:55 Using warm b6590cb1eb954216df232d78206db4aadaed1f4856f847afc4bb47b9247f6cdf for mab_cost_aware_1783355553. Now: [CPUs: 0.000000/32.000000 - Mem: 128(+0 warm)/512]
2026/07/06 18:32:55 [mab_cost_aware_1783355553] Executing on container: b6590cb1eb954216df232d78206db4aadaed1f4856f847afc4bb47b9247f6cdf
2026/07/06 18:32:55 Periodic nearby Monitoring
2026/07/06 18:32:55 Requesting status information for 192.168.0.46:9877
2026/07/06 18:32:55 Requesting status information for 192.168.0.46:9879
2026/07/06 18:32:55 Requesting status information for 192.168.0.46:9878
2026/07/06 18:32:55 Using warm b6590cb1eb954216df232d78206db4aadaed1f4856f847afc4bb47b9247f6cdf for mab_cost_aware_1783355553. Now: [CPUs: 0.000000/32.000000 - Mem: 128(+0 warm)/512]
2026/07/06 18:32:55 [mab_cost_aware_1783355553] Executing on container: b6590cb1eb954216df232d78206db4aadaed1f4856f847afc4bb47b9247f6cdf
2026/07/06 18:32:56 Using warm b6590cb1eb954216df232d78206db4aadaed1f4856f847afc4bb47b9247f6cdf for mab_cost_aware_1783355553. Now: [CPUs: 0.000000/32.000000 - Mem: 128(+0 warm)/512]
2026/07/06 18:32:56 [mab_cost_aware_1783355553] Executing on container: b6590cb1eb954216df232d78206db4aadaed1f4856f847afc4bb47b9247f6cdf
2026/07/06 18:32:56 Using warm b6590cb1eb954216df232d78206db4aadaed1f4856f847afc4bb47b9247f6cdf for mab_cost_aware_1783355553. Now: [CPUs: 0.000000/32.000000 - Mem: 128(+0 warm)/512]
2026/07/06 18:32:56 [mab_cost_aware_1783355553] Executing on container: b6590cb1eb954216df232d78206db4aadaed1f4856f847afc4bb47b9247f6cdf
2026/07/06 18:32:56 Using warm b6590cb1eb954216df232d78206db4aadaed1f4856f847afc4bb47b9247f6cdf for mab_cost_aware_1783355553. Now: [CPUs: 0.000000/32.000000 - Mem: 128(+0 warm)/512]
2026/07/06 18:32:56 [mab_cost_aware_1783355553] Executing on container: b6590cb1eb954216df232d78206db4aadaed1f4856f847afc4bb47b9247f6cdf
2026/07/06 18:32:57 Using warm b6590cb1eb954216df232d78206db4aadaed1f4856f847afc4bb47b9247f6cdf for mab_cost_aware_1783355553. Now: [CPUs: 0.000000/32.000000 - Mem: 128(+0 warm)/512]
2026/07/06 18:32:57 [mab_cost_aware_1783355553] Executing on container: b6590cb1eb954216df232d78206db4aadaed1f4856f847afc4bb47b9247f6cdf
2026/07/06 18:32:57 Using warm b6590cb1eb954216df232d78206db4aadaed1f4856f847afc4bb47b9247f6cdf for mab_cost_aware_1783355553. Now: [CPUs: 0.000000/32.000000 - Mem: 128(+0 warm)/512]
2026/07/06 18:32:57 [mab_cost_aware_1783355553] Executing on container: b6590cb1eb954216df232d78206db4aadaed1f4856f847afc4bb47b9247f6cdf
2026/07/06 18:32:57 Using warm b6590cb1eb954216df232d78206db4aadaed1f4856f847afc4bb47b9247f6cdf for mab_cost_aware_1783355553. Now: [CPUs: 0.000000/32.000000 - Mem: 128(+0 warm)/512]
2026/07/06 18:32:57 [mab_cost_aware_1783355553] Executing on container: b6590cb1eb954216df232d78206db4aadaed1f4856f847afc4bb47b9247f6cdf
2026/07/06 18:32:58 Using warm b6590cb1eb954216df232d78206db4aadaed1f4856f847afc4bb47b9247f6cdf for mab_cost_aware_1783355553. Now: [CPUs: 0.000000/32.000000 - Mem: 128(+0 warm)/512]
2026/07/06 18:32:58 [mab_cost_aware_1783355553] Executing on container: b6590cb1eb954216df232d78206db4aadaed1f4856f847afc4bb47b9247f6cdf
2026/07/06 18:32:58 Using warm b6590cb1eb954216df232d78206db4aadaed1f4856f847afc4bb47b9247f6cdf for mab_cost_aware_1783355553. Now: [CPUs: 0.000000/32.000000 - Mem: 128(+0 warm)/512]
2026/07/06 18:32:58 [mab_cost_aware_1783355553] Executing on container: b6590cb1eb954216df232d78206db4aadaed1f4856f847afc4bb47b9247f6cdf
2026/07/06 18:32:58 Using warm b6590cb1eb954216df232d78206db4aadaed1f4856f847afc4bb47b9247f6cdf for mab_cost_aware_1783355553. Now: [CPUs: 0.000000/32.000000 - Mem: 128(+0 warm)/512]
2026/07/06 18:32:58 [mab_cost_aware_1783355553] Executing on container: b6590cb1eb954216df232d78206db4aadaed1f4856f847afc4bb47b9247f6cdf
2026/07/06 18:32:59 Using warm b6590cb1eb954216df232d78206db4aadaed1f4856f847afc4bb47b9247f6cdf for mab_cost_aware_1783355553. Now: [CPUs: 0.000000/32.000000 - Mem: 128(+0 warm)/512]
2026/07/06 18:32:59 [mab_cost_aware_1783355553] Executing on container: b6590cb1eb954216df232d78206db4aadaed1f4856f847afc4bb47b9247f6cdf
2026/07/06 18:32:59 Using warm b6590cb1eb954216df232d78206db4aadaed1f4856f847afc4bb47b9247f6cdf for mab_cost_aware_1783355553. Now: [CPUs: 0.000000/32.000000 - Mem: 128(+0 warm)/512]
2026/07/06 18:32:59 [mab_cost_aware_1783355553] Executing on container: b6590cb1eb954216df232d78206db4aadaed1f4856f847afc4bb47b9247f6cdf
2026/07/06 18:32:59 Using warm b6590cb1eb954216df232d78206db4aadaed1f4856f847afc4bb47b9247f6cdf for mab_cost_aware_1783355553. Now: [CPUs: 0.000000/32.000000 - Mem: 128(+0 warm)/512]
2026/07/06 18:32:59 [mab_cost_aware_1783355553] Executing on container: b6590cb1eb954216df232d78206db4aadaed1f4856f847afc4bb47b9247f6cdf
2026/07/06 18:33:00 Using warm b6590cb1eb954216df232d78206db4aadaed1f4856f847afc4bb47b9247f6cdf for mab_cost_aware_1783355553. Now: [CPUs: 0.000000/32.000000 - Mem: 128(+0 warm)/512]
2026/07/06 18:33:00 [mab_cost_aware_1783355553] Executing on container: b6590cb1eb954216df232d78206db4aadaed1f4856f847afc4bb47b9247f6cdf
2026/07/06 18:33:00 Using warm b6590cb1eb954216df232d78206db4aadaed1f4856f847afc4bb47b9247f6cdf for mab_cost_aware_1783355553. Now: [CPUs: 0.000000/32.000000 - Mem: 128(+0 warm)/512]
2026/07/06 18:33:00 [mab_cost_aware_1783355553] Executing on container: b6590cb1eb954216df232d78206db4aadaed1f4856f847afc4bb47b9247f6cdf
2026/07/06 18:33:00 Using warm b6590cb1eb954216df232d78206db4aadaed1f4856f847afc4bb47b9247f6cdf for mab_cost_aware_1783355553. Now: [CPUs: 0.000000/32.000000 - Mem: 128(+0 warm)/512]
2026/07/06 18:33:00 [mab_cost_aware_1783355553] Executing on container: b6590cb1eb954216df232d78206db4aadaed1f4856f847afc4bb47b9247f6cdf
2026/07/06 18:33:01 Using warm b6590cb1eb954216df232d78206db4aadaed1f4856f847afc4bb47b9247f6cdf for mab_cost_aware_1783355553. Now: [CPUs: 0.000000/32.000000 - Mem: 128(+0 warm)/512]
2026/07/06 18:33:01 [mab_cost_aware_1783355553] Executing on container: b6590cb1eb954216df232d78206db4aadaed1f4856f847afc4bb47b9247f6cdf
2026/07/06 18:33:01 Using warm b6590cb1eb954216df232d78206db4aadaed1f4856f847afc4bb47b9247f6cdf for mab_cost_aware_1783355553. Now: [CPUs: 0.000000/32.000000 - Mem: 128(+0 warm)/512]
2026/07/06 18:33:01 [mab_cost_aware_1783355553] Executing on container: b6590cb1eb954216df232d78206db4aadaed1f4856f847afc4bb47b9247f6cdf
2026/07/06 18:33:01 Using warm b6590cb1eb954216df232d78206db4aadaed1f4856f847afc4bb47b9247f6cdf for mab_cost_aware_1783355553. Now: [CPUs: 0.000000/32.000000 - Mem: 128(+0 warm)/512]
2026/07/06 18:33:01 [mab_cost_aware_1783355553] Executing on container: b6590cb1eb954216df232d78206db4aadaed1f4856f847afc4bb47b9247f6cdf
2026/07/06 18:33:01 Using warm b6590cb1eb954216df232d78206db4aadaed1f4856f847afc4bb47b9247f6cdf for mab_cost_aware_1783355553. Now: [CPUs: 0.000000/32.000000 - Mem: 128(+0 warm)/512]
2026/07/06 18:33:01 [mab_cost_aware_1783355553] Executing on container: b6590cb1eb954216df232d78206db4aadaed1f4856f847afc4bb47b9247f6cdf
2026/07/06 18:33:02 Using warm b6590cb1eb954216df232d78206db4aadaed1f4856f847afc4bb47b9247f6cdf for mab_cost_aware_1783355553. Now: [CPUs: 0.000000/32.000000 - Mem: 128(+0 warm)/512]
2026/07/06 18:33:02 [mab_cost_aware_1783355553] Executing on container: b6590cb1eb954216df232d78206db4aadaed1f4856f847afc4bb47b9247f6cdf
2026/07/06 18:33:02 Using warm b6590cb1eb954216df232d78206db4aadaed1f4856f847afc4bb47b9247f6cdf for mab_cost_aware_1783355553. Now: [CPUs: 0.000000/32.000000 - Mem: 128(+0 warm)/512]
2026/07/06 18:33:02 [mab_cost_aware_1783355553] Executing on container: b6590cb1eb954216df232d78206db4aadaed1f4856f847afc4bb47b9247f6cdf
2026/07/06 18:33:02 Using warm b6590cb1eb954216df232d78206db4aadaed1f4856f847afc4bb47b9247f6cdf for mab_cost_aware_1783355553. Now: [CPUs: 0.000000/32.000000 - Mem: 128(+0 warm)/512]
2026/07/06 18:33:02 [mab_cost_aware_1783355553] Executing on container: b6590cb1eb954216df232d78206db4aadaed1f4856f847afc4bb47b9247f6cdf
2026/07/06 18:33:03 Using warm b6590cb1eb954216df232d78206db4aadaed1f4856f847afc4bb47b9247f6cdf for mab_cost_aware_1783355553. Now: [CPUs: 0.000000/32.000000 - Mem: 128(+0 warm)/512]
2026/07/06 18:33:03 [mab_cost_aware_1783355553] Executing on container: b6590cb1eb954216df232d78206db4aadaed1f4856f847afc4bb47b9247f6cdf
2026/07/06 18:33:03 Using warm b6590cb1eb954216df232d78206db4aadaed1f4856f847afc4bb47b9247f6cdf for mab_cost_aware_1783355553. Now: [CPUs: 0.000000/32.000000 - Mem: 128(+0 warm)/512]
2026/07/06 18:33:03 [mab_cost_aware_1783355553] Executing on container: b6590cb1eb954216df232d78206db4aadaed1f4856f847afc4bb47b9247f6cdf
2026/07/06 18:33:03 Using warm b6590cb1eb954216df232d78206db4aadaed1f4856f847afc4bb47b9247f6cdf for mab_cost_aware_1783355553. Now: [CPUs: 0.000000/32.000000 - Mem: 128(+0 warm)/512]
2026/07/06 18:33:03 [mab_cost_aware_1783355553] Executing on container: b6590cb1eb954216df232d78206db4aadaed1f4856f847afc4bb47b9247f6cdf
