2026/07/06 18:32:34 Local node id: (ROME)RwE2pnQPWxpJbvLqc8LJX71783355554384724877 - x86-tiny (arch: amd64)
2026/07/06 18:32:34 Registration for node: (ROME)RwE2pnQPWxpJbvLqc8LJX71783355554384724877 - x86-tiny
2026/07/06 18:32:34 Connecting to etcd
2026/07/06 18:32:34 Connected to etcd
2026/07/06 18:32:34 etcd connection state: TRANSIENT_FAILURE
2026/07/06 18:32:34 etcd: transient failure, triggering reconnect
2026/07/06 18:32:35 etcd connection state: READY
2026/07/06 18:32:35 etcd: connected and ready
2026/07/06 18:32:35 Registering to etcd: registry/ROME/x86-tiny/RwE2pnQPWxpJbvLqc8LJX71783355554384724877
2026/07/06 18:32:35 Configured scheduling policy: default
2026/07/06 18:32:35 Configured offloading policy: disable
2026/07/06 18:32:35 Current resources: [CPUs: 0.000000/32.000000 - Mem: 0(+0 warm)/512]
2026/07/06 18:32:35 Scheduler started.
2026/07/06 18:32:35 No remote area is configured; vertical offloading disabled
2026/07/06 18:32:35 UDP server up and listening on port 9877
⇨ http server started on [::]:1324
2026/07/06 18:32:44 New request: creation of mab_cost_aware_1783355553
2026/07/06 18:32:45 Container 8adfabfbc13d2824242345882283af74b509d7b35ffbc99ed96aa23813fa9153 has name /elated_payne
2026/07/06 18:32:45 [mab_cost_aware_1783355553] Executing on container: 8adfabfbc13d2824242345882283af74b509d7b35ffbc99ed96aa23813fa9153
2026/07/06 18:32:47 Using warm 8adfabfbc13d2824242345882283af74b509d7b35ffbc99ed96aa23813fa9153 for mab_cost_aware_1783355553. Now: [CPUs: 0.000000/32.000000 - Mem: 128(+0 warm)/512]
2026/07/06 18:32:47 [mab_cost_aware_1783355553] Executing on container: 8adfabfbc13d2824242345882283af74b509d7b35ffbc99ed96aa23813fa9153
2026/07/06 18:32:48 Using warm 8adfabfbc13d2824242345882283af74b509d7b35ffbc99ed96aa23813fa9153 for mab_cost_aware_1783355553. Now: [CPUs: 0.000000/32.000000 - Mem: 128(+0 warm)/512]
2026/07/06 18:32:48 [mab_cost_aware_1783355553] Executing on container: 8adfabfbc13d2824242345882283af74b509d7b35ffbc99ed96aa23813fa9153
2026/07/06 18:32:48 Using warm 8adfabfbc13d2824242345882283af74b509d7b35ffbc99ed96aa23813fa9153 for mab_cost_aware_1783355553. Now: [CPUs: 0.000000/32.000000 - Mem: 128(+0 warm)/512]
2026/07/06 18:32:48 [mab_cost_aware_1783355553] Executing on container: 8adfabfbc13d2824242345882283af74b509d7b35ffbc99ed96aa23813fa9153
2026/07/06 18:32:49 Using warm 8adfabfbc13d2824242345882283af74b509d7b35ffbc99ed96aa23813fa9153 for mab_cost_aware_1783355553. Now: [CPUs: 0.000000/32.000000 - Mem: 128(+0 warm)/512]
2026/07/06 18:32:49 [mab_cost_aware_1783355553] Executing on container: 8adfabfbc13d2824242345882283af74b509d7b35ffbc99ed96aa23813fa9153
2026/07/06 18:32:49 Using warm 8adfabfbc13d2824242345882283af74b509d7b35ffbc99ed96aa23813fa9153 for mab_cost_aware_1783355553. Now: [CPUs: 0.000000/32.000000 - Mem: 128(+0 warm)/512]
2026/07/06 18:32:49 [mab_cost_aware_1783355553] Executing on container: 8adfabfbc13d2824242345882283af74b509d7b35ffbc99ed96aa23813fa9153
2026/07/06 18:32:50 Using warm 8adfabfbc13d2824242345882283af74b509d7b35ffbc99ed96aa23813fa9153 for mab_cost_aware_1783355553. Now: [CPUs: 0.000000/32.000000 - Mem: 128(+0 warm)/512]
2026/07/06 18:32:50 [mab_cost_aware_1783355553] Executing on container: 8adfabfbc13d2824242345882283af74b509d7b35ffbc99ed96aa23813fa9153
2026/07/06 18:32:50 Using warm 8adfabfbc13d2824242345882283af74b509d7b35ffbc99ed96aa23813fa9153 for mab_cost_aware_1783355553. Now: [CPUs: 0.000000/32.000000 - Mem: 128(+0 warm)/512]
2026/07/06 18:32:50 [mab_cost_aware_1783355553] Executing on container: 8adfabfbc13d2824242345882283af74b509d7b35ffbc99ed96aa23813fa9153
2026/07/06 18:32:51 Using warm 8adfabfbc13d2824242345882283af74b509d7b35ffbc99ed96aa23813fa9153 for mab_cost_aware_1783355553. Now: [CPUs: 0.000000/32.000000 - Mem: 128(+0 warm)/512]
2026/07/06 18:32:51 [mab_cost_aware_1783355553] Executing on container: 8adfabfbc13d2824242345882283af74b509d7b35ffbc99ed96aa23813fa9153
2026/07/06 18:32:51 Using warm 8adfabfbc13d2824242345882283af74b509d7b35ffbc99ed96aa23813fa9153 for mab_cost_aware_1783355553. Now: [CPUs: 0.000000/32.000000 - Mem: 128(+0 warm)/512]
2026/07/06 18:32:51 [mab_cost_aware_1783355553] Executing on container: 8adfabfbc13d2824242345882283af74b509d7b35ffbc99ed96aa23813fa9153
2026/07/06 18:32:52 Using warm 8adfabfbc13d2824242345882283af74b509d7b35ffbc99ed96aa23813fa9153 for mab_cost_aware_1783355553. Now: [CPUs: 0.000000/32.000000 - Mem: 128(+0 warm)/512]
2026/07/06 18:32:52 [mab_cost_aware_1783355553] Executing on container: 8adfabfbc13d2824242345882283af74b509d7b35ffbc99ed96aa23813fa9153
2026/07/06 18:32:52 Using warm 8adfabfbc13d2824242345882283af74b509d7b35ffbc99ed96aa23813fa9153 for mab_cost_aware_1783355553. Now: [CPUs: 0.000000/32.000000 - Mem: 128(+0 warm)/512]
2026/07/06 18:32:52 [mab_cost_aware_1783355553] Executing on container: 8adfabfbc13d2824242345882283af74b509d7b35ffbc99ed96aa23813fa9153
2026/07/06 18:32:54 Using warm 8adfabfbc13d2824242345882283af74b509d7b35ffbc99ed96aa23813fa9153 for mab_cost_aware_1783355553. Now: [CPUs: 0.000000/32.000000 - Mem: 128(+0 warm)/512]
2026/07/06 18:32:54 [mab_cost_aware_1783355553] Executing on container: 8adfabfbc13d2824242345882283af74b509d7b35ffbc99ed96aa23813fa9153
2026/07/06 18:32:54 Using warm 8adfabfbc13d2824242345882283af74b509d7b35ffbc99ed96aa23813fa9153 for mab_cost_aware_1783355553. Now: [CPUs: 0.000000/32.000000 - Mem: 128(+0 warm)/512]
2026/07/06 18:32:54 [mab_cost_aware_1783355553] Executing on container: 8adfabfbc13d2824242345882283af74b509d7b35ffbc99ed96aa23813fa9153
2026/07/06 18:32:55 Periodic nearby Monitoring
2026/07/06 18:32:55 Requesting status information for 192.168.0.46:9880
2026/07/06 18:32:55 Requesting status information for 192.168.0.46:9878
2026/07/06 18:32:55 Requesting status information for 192.168.0.46:9879
2026/07/06 18:32:55 Using warm 8adfabfbc13d2824242345882283af74b509d7b35ffbc99ed96aa23813fa9153 for mab_cost_aware_1783355553. Now: [CPUs: 0.000000/32.000000 - Mem: 128(+0 warm)/512]
2026/07/06 18:32:55 [mab_cost_aware_1783355553] Executing on container: 8adfabfbc13d2824242345882283af74b509d7b35ffbc99ed96aa23813fa9153
2026/07/06 18:32:56 Using warm 8adfabfbc13d2824242345882283af74b509d7b35ffbc99ed96aa23813fa9153 for mab_cost_aware_1783355553. Now: [CPUs: 0.000000/32.000000 - Mem: 128(+0 warm)/512]
2026/07/06 18:32:56 [mab_cost_aware_1783355553] Executing on container: 8adfabfbc13d2824242345882283af74b509d7b35ffbc99ed96aa23813fa9153
2026/07/06 18:32:57 Using warm 8adfabfbc13d2824242345882283af74b509d7b35ffbc99ed96aa23813fa9153 for mab_cost_aware_1783355553. Now: [CPUs: 0.000000/32.000000 - Mem: 128(+0 warm)/512]
2026/07/06 18:32:57 [mab_cost_aware_1783355553] Executing on container: 8adfabfbc13d2824242345882283af74b509d7b35ffbc99ed96aa23813fa9153
2026/07/06 18:32:58 Using warm 8adfabfbc13d2824242345882283af74b509d7b35ffbc99ed96aa23813fa9153 for mab_cost_aware_1783355553. Now: [CPUs: 0.000000/32.000000 - Mem: 128(+0 warm)/512]
2026/07/06 18:32:58 [mab_cost_aware_1783355553] Executing on container: 8adfabfbc13d2824242345882283af74b509d7b35ffbc99ed96aa23813fa9153
2026/07/06 18:32:58 Using warm 8adfabfbc13d2824242345882283af74b509d7b35ffbc99ed96aa23813fa9153 for mab_cost_aware_1783355553. Now: [CPUs: 0.000000/32.000000 - Mem: 128(+0 warm)/512]
2026/07/06 18:32:58 [mab_cost_aware_1783355553] Executing on container: 8adfabfbc13d2824242345882283af74b509d7b35ffbc99ed96aa23813fa9153
2026/07/06 18:32:59 Using warm 8adfabfbc13d2824242345882283af74b509d7b35ffbc99ed96aa23813fa9153 for mab_cost_aware_1783355553. Now: [CPUs: 0.000000/32.000000 - Mem: 128(+0 warm)/512]
2026/07/06 18:32:59 [mab_cost_aware_1783355553] Executing on container: 8adfabfbc13d2824242345882283af74b509d7b35ffbc99ed96aa23813fa9153
2026/07/06 18:33:00 Using warm 8adfabfbc13d2824242345882283af74b509d7b35ffbc99ed96aa23813fa9153 for mab_cost_aware_1783355553. Now: [CPUs: 0.000000/32.000000 - Mem: 128(+0 warm)/512]
2026/07/06 18:33:00 [mab_cost_aware_1783355553] Executing on container: 8adfabfbc13d2824242345882283af74b509d7b35ffbc99ed96aa23813fa9153
2026/07/06 18:33:02 Using warm 8adfabfbc13d2824242345882283af74b509d7b35ffbc99ed96aa23813fa9153 for mab_cost_aware_1783355553. Now: [CPUs: 0.000000/32.000000 - Mem: 128(+0 warm)/512]
2026/07/06 18:33:02 [mab_cost_aware_1783355553] Executing on container: 8adfabfbc13d2824242345882283af74b509d7b35ffbc99ed96aa23813fa9153
2026/07/06 18:33:02 Using warm 8adfabfbc13d2824242345882283af74b509d7b35ffbc99ed96aa23813fa9153 for mab_cost_aware_1783355553. Now: [CPUs: 0.000000/32.000000 - Mem: 128(+0 warm)/512]
2026/07/06 18:33:02 [mab_cost_aware_1783355553] Executing on container: 8adfabfbc13d2824242345882283af74b509d7b35ffbc99ed96aa23813fa9153
2026/07/06 18:33:03 Using warm 8adfabfbc13d2824242345882283af74b509d7b35ffbc99ed96aa23813fa9153 for mab_cost_aware_1783355553. Now: [CPUs: 0.000000/32.000000 - Mem: 128(+0 warm)/512]
2026/07/06 18:33:03 [mab_cost_aware_1783355553] Executing on container: 8adfabfbc13d2824242345882283af74b509d7b35ffbc99ed96aa23813fa9153
2026/07/06 18:33:04 Using warm 8adfabfbc13d2824242345882283af74b509d7b35ffbc99ed96aa23813fa9153 for mab_cost_aware_1783355553. Now: [CPUs: 0.000000/32.000000 - Mem: 128(+0 warm)/512]
2026/07/06 18:33:04 [mab_cost_aware_1783355553] Executing on container: 8adfabfbc13d2824242345882283af74b509d7b35ffbc99ed96aa23813fa9153
