2026/07/06 18:32:34 Local node id: (ROME)Uk7GAQ8hnugcvEoRMqDoKP1783355554387194779 - x86-large (arch: amd64)
2026/07/06 18:32:34 Registration for node: (ROME)Uk7GAQ8hnugcvEoRMqDoKP1783355554387194779 - x86-large
2026/07/06 18:32:34 Connecting to etcd
2026/07/06 18:32:34 Connected to etcd
2026/07/06 18:32:34 etcd connection state: TRANSIENT_FAILURE
2026/07/06 18:32:34 etcd: transient failure, triggering reconnect
2026/07/06 18:32:35 etcd connection state: READY
2026/07/06 18:32:35 etcd: connected and ready
2026/07/06 18:32:35 Registering to etcd: registry/ROME/x86-large/Uk7GAQ8hnugcvEoRMqDoKP1783355554387194779
2026/07/06 18:32:35 Configured scheduling policy: default
2026/07/06 18:32:35 Configured offloading policy: disable
2026/07/06 18:32:35 Current resources: [CPUs: 0.000000/32.000000 - Mem: 0(+0 warm)/512]
2026/07/06 18:32:35 Scheduler started.
2026/07/06 18:32:35 No remote area is configured; vertical offloading disabled
2026/07/06 18:32:35 UDP server up and listening on port 9878
⇨ http server started on [::]:1325
2026/07/06 18:32:47 Container d740e9d8528fb82f2b7f041b22acf0c59da0179653f8657e8f7eb322d5f1a367 has name /distracted_kapitsa
2026/07/06 18:32:47 [mab_cost_aware_1783355553] Executing on container: d740e9d8528fb82f2b7f041b22acf0c59da0179653f8657e8f7eb322d5f1a367
2026/07/06 18:32:47 Using warm d740e9d8528fb82f2b7f041b22acf0c59da0179653f8657e8f7eb322d5f1a367 for mab_cost_aware_1783355553. Now: [CPUs: 0.000000/32.000000 - Mem: 128(+0 warm)/512]
2026/07/06 18:32:47 [mab_cost_aware_1783355553] Executing on container: d740e9d8528fb82f2b7f041b22acf0c59da0179653f8657e8f7eb322d5f1a367
2026/07/06 18:32:49 Using warm d740e9d8528fb82f2b7f041b22acf0c59da0179653f8657e8f7eb322d5f1a367 for mab_cost_aware_1783355553. Now: [CPUs: 0.000000/32.000000 - Mem: 128(+0 warm)/512]
2026/07/06 18:32:49 [mab_cost_aware_1783355553] Executing on container: d740e9d8528fb82f2b7f041b22acf0c59da0179653f8657e8f7eb322d5f1a367
2026/07/06 18:32:52 Using warm d740e9d8528fb82f2b7f041b22acf0c59da0179653f8657e8f7eb322d5f1a367 for mab_cost_aware_1783355553. Now: [CPUs: 0.000000/32.000000 - Mem: 128(+0 warm)/512]
2026/07/06 18:32:52 [mab_cost_aware_1783355553] Executing on container: d740e9d8528fb82f2b7f041b22acf0c59da0179653f8657e8f7eb322d5f1a367
2026/07/06 18:32:55 Periodic nearby Monitoring
2026/07/06 18:32:55 Requesting status information for 192.168.0.46:9880
2026/07/06 18:32:55 Requesting status information for 192.168.0.46:9877
2026/07/06 18:32:55 Requesting status information for 192.168.0.46:9879
2026/07/06 18:32:56 Using warm d740e9d8528fb82f2b7f041b22acf0c59da0179653f8657e8f7eb322d5f1a367 for mab_cost_aware_1783355553. Now: [CPUs: 0.000000/32.000000 - Mem: 128(+0 warm)/512]
2026/07/06 18:32:56 [mab_cost_aware_1783355553] Executing on container: d740e9d8528fb82f2b7f041b22acf0c59da0179653f8657e8f7eb322d5f1a367
2026/07/06 18:33:00 Using warm d740e9d8528fb82f2b7f041b22acf0c59da0179653f8657e8f7eb322d5f1a367 for mab_cost_aware_1783355553. Now: [CPUs: 0.000000/32.000000 - Mem: 128(+0 warm)/512]
2026/07/06 18:33:00 [mab_cost_aware_1783355553] Executing on container: d740e9d8528fb82f2b7f041b22acf0c59da0179653f8657e8f7eb322d5f1a367
