2026/07/31 12:01:52 Local node id: (ROME)z29XjDbZW8dPure5wtay2M1785492112454670128 - arm (arch: amd64)
2026/07/31 12:01:52 Registration for node: (ROME)z29XjDbZW8dPure5wtay2M1785492112454670128 - arm
2026/07/31 12:01:52 Connecting to etcd
2026/07/31 12:01:52 Connected to etcd
2026/07/31 12:01:52 etcd connection state: TRANSIENT_FAILURE
2026/07/31 12:01:52 etcd: transient failure, triggering reconnect
2026/07/31 12:01:53 etcd connection state: READY
2026/07/31 12:01:53 etcd: connected and ready
2026/07/31 12:01:53 Registering to etcd: registry/ROME/arm/z29XjDbZW8dPure5wtay2M1785492112454670128
2026/07/31 12:01:53 Configured scheduling policy: default
2026/07/31 12:01:53 Configured offloading policy: disable
2026/07/31 12:01:53 Current resources: [CPUs: 0.000000/32.000000 - Mem: 0(+0 warm)/512]
2026/07/31 12:01:53 Scheduler started.
2026/07/31 12:01:53 No remote area is configured; vertical offloading disabled
2026/07/31 12:01:53 UDP server up and listening on port 9876
⇨ http server started on [::]:1323
2026/07/31 12:02:02 Container c4094f0a87edc80dfac1a070d98d9e21cc26100fa74692b407a336013b75db6e has name /heuristic_mayer
2026/07/31 12:02:02 [mab_inflight_1785492111] Executing on container: c4094f0a87edc80dfac1a070d98d9e21cc26100fa74692b407a336013b75db6e
2026/07/31 12:02:04 Using warm c4094f0a87edc80dfac1a070d98d9e21cc26100fa74692b407a336013b75db6e for mab_inflight_1785492111. Now: [CPUs: 0.000000/32.000000 - Mem: 128(+0 warm)/512]
2026/07/31 12:02:04 [mab_inflight_1785492111] Executing on container: c4094f0a87edc80dfac1a070d98d9e21cc26100fa74692b407a336013b75db6e
2026/07/31 12:02:11 Using warm c4094f0a87edc80dfac1a070d98d9e21cc26100fa74692b407a336013b75db6e for mab_inflight_1785492111. Now: [CPUs: 0.000000/32.000000 - Mem: 128(+0 warm)/512]
2026/07/31 12:02:11 [mab_inflight_1785492111] Executing on container: c4094f0a87edc80dfac1a070d98d9e21cc26100fa74692b407a336013b75db6e
2026/07/31 12:02:11 Container c90e91ac558532c00e4c6bae0825fda1e9a4dca2eeb1a787e9a9add61c2f87b4 has name /silly_bell
2026/07/31 12:02:11 Container d041d076d1ec93d880ba066ebcbc7c63151ae1ed501e4b70d33246d27cab8316 has name /blissful_newton
2026/07/31 12:02:11 Container f5656e6ac85b1dbd9c651f8ed89550a20a7cc679792a50229edb880168e206c6 has name /laughing_swartz
2026/07/31 12:02:11 [mab_inflight_1785492111] Executing on container: c90e91ac558532c00e4c6bae0825fda1e9a4dca2eeb1a787e9a9add61c2f87b4
2026/07/31 12:02:11 [mab_inflight_1785492111] Executing on container: f5656e6ac85b1dbd9c651f8ed89550a20a7cc679792a50229edb880168e206c6
2026/07/31 12:02:11 [mab_inflight_1785492111] Executing on container: d041d076d1ec93d880ba066ebcbc7c63151ae1ed501e4b70d33246d27cab8316
2026/07/31 12:02:13 Periodic nearby Monitoring
2026/07/31 12:02:13 Requesting status information for 192.168.0.46:9877
