2026/07/31 12:01:52 Local node id: (ROME)VwW6xnoQ9js5iXgV4J5dL51785492112453886226 - x86 (arch: amd64)
2026/07/31 12:01:52 Registration for node: (ROME)VwW6xnoQ9js5iXgV4J5dL51785492112453886226 - x86
2026/07/31 12:01:52 Connecting to etcd
2026/07/31 12:01:52 Connected to etcd
2026/07/31 12:01:52 etcd connection state: TRANSIENT_FAILURE
2026/07/31 12:01:52 etcd: transient failure, triggering reconnect
2026/07/31 12:01:53 etcd connection state: READY
2026/07/31 12:01:53 etcd: connected and ready
2026/07/31 12:01:53 Registering to etcd: registry/ROME/x86/VwW6xnoQ9js5iXgV4J5dL51785492112453886226
2026/07/31 12:01:53 Configured scheduling policy: default
2026/07/31 12:01:53 Configured offloading policy: disable
2026/07/31 12:01:53 Current resources: [CPUs: 0.000000/32.000000 - Mem: 0(+0 warm)/512]
2026/07/31 12:01:53 Scheduler started.
2026/07/31 12:01:53 No remote area is configured; vertical offloading disabled
2026/07/31 12:01:53 UDP server up and listening on port 9877
⇨ http server started on [::]:1324
2026/07/31 12:02:02 New request: creation of mab_inflight_1785492111
2026/07/31 12:02:07 Container 4cb32041c5fb9f9821bf1ffacf5fc801d9eb41a8f64b8092b5ecdbc1bb0cf45c has name /determined_hofstadter
2026/07/31 12:02:07 [mab_inflight_1785492111] Executing on container: 4cb32041c5fb9f9821bf1ffacf5fc801d9eb41a8f64b8092b5ecdbc1bb0cf45c
2026/07/31 12:02:09 Using warm 4cb32041c5fb9f9821bf1ffacf5fc801d9eb41a8f64b8092b5ecdbc1bb0cf45c for mab_inflight_1785492111. Now: [CPUs: 0.000000/32.000000 - Mem: 128(+0 warm)/512]
2026/07/31 12:02:09 [mab_inflight_1785492111] Executing on container: 4cb32041c5fb9f9821bf1ffacf5fc801d9eb41a8f64b8092b5ecdbc1bb0cf45c
2026/07/31 12:02:11 Using warm 4cb32041c5fb9f9821bf1ffacf5fc801d9eb41a8f64b8092b5ecdbc1bb0cf45c for mab_inflight_1785492111. Now: [CPUs: 0.000000/32.000000 - Mem: 128(+0 warm)/512]
2026/07/31 12:02:11 [mab_inflight_1785492111] Executing on container: 4cb32041c5fb9f9821bf1ffacf5fc801d9eb41a8f64b8092b5ecdbc1bb0cf45c
2026/07/31 12:02:11 Container f7a484b3e5fb4badca26bd10e46bc1039fe8750dc0d2c9a67b449df112168fe7 has name /modest_golick
2026/07/31 12:02:11 Container 7e2ada63bbcc911ecca2e0a58c2d9418f97680f2654ec7a8544a4e441845a4d7 has name /keen_payne
2026/07/31 12:02:11 [mab_inflight_1785492111] Executing on container: f7a484b3e5fb4badca26bd10e46bc1039fe8750dc0d2c9a67b449df112168fe7
2026/07/31 12:02:11 [mab_inflight_1785492111] Executing on container: 7e2ada63bbcc911ecca2e0a58c2d9418f97680f2654ec7a8544a4e441845a4d7
2026/07/31 12:02:13 Periodic nearby Monitoring
2026/07/31 12:02:13 Requesting status information for 192.168.0.46:9876
