2026/07/04 18:29:47 [LB][MAB] event=new_machine_tag_discovered tag=x86 arch=amd64 action=create_ring_and_add_mab_arm
2026/07/04 18:29:47 [LB] Adding target x86
2026/07/04 18:29:47 [LB] Adding target x86
2026/07/04 18:29:50 [LB]: Periodic targets update
2026/07/04 18:29:52 [LB] Compatible tag found: function=mab_dynamic_1783182575 tag=x86 arch=amd64 pattern="" ring_size=2
2026/07/04 18:29:52 [LB] Compatible tags for function 'mab_dynamic_1783182575': [x86]
2026/07/04 18:29:52 [LB] Selected target for function 'mab_dynamic_1783182575': target_tag=x86 candidate=Xsv7AQnvp2tkPcEpGJfLK31783182582413545830 candidate_tag=x86
2026/07/04 18:29:52 BanditManager GetBandit: policy type: UCB1
2026/07/04 18:29:53 [LB] Compatible tag found: function=mab_dynamic_1783182575 tag=x86 arch=amd64 pattern="" ring_size=2
2026/07/04 18:29:53 [LB] Compatible tags for function 'mab_dynamic_1783182575': [x86]
2026/07/04 18:29:53 [LB] Selected target for function 'mab_dynamic_1783182575': target_tag=x86 candidate=Xsv7AQnvp2tkPcEpGJfLK31783182582413545830 candidate_tag=x86
2026/07/04 18:29:53 [LB] Compatible tag found: function=mab_dynamic_1783182575 tag=x86 arch=amd64 pattern="" ring_size=2
2026/07/04 18:29:53 [LB] Compatible tags for function 'mab_dynamic_1783182575': [x86]
2026/07/04 18:29:53 [LB] Selected target for function 'mab_dynamic_1783182575': target_tag=x86 candidate=Xsv7AQnvp2tkPcEpGJfLK31783182582413545830 candidate_tag=x86
2026/07/04 18:29:53 [LB]: Periodic targets update
2026/07/04 18:29:53 [LB] Compatible tag found: function=mab_dynamic_1783182575 tag=x86 arch=amd64 pattern="" ring_size=2
2026/07/04 18:29:53 [LB] Compatible tags for function 'mab_dynamic_1783182575': [x86]
2026/07/04 18:29:53 [LB] Selected target for function 'mab_dynamic_1783182575': target_tag=x86 candidate=Xsv7AQnvp2tkPcEpGJfLK31783182582413545830 candidate_tag=x86
2026/07/04 18:29:53 [LB] Compatible tag found: function=mab_dynamic_1783182575 tag=x86 arch=amd64 pattern="" ring_size=2
2026/07/04 18:29:53 [LB] Compatible tags for function 'mab_dynamic_1783182575': [x86]
2026/07/04 18:29:53 [LB] Selected target for function 'mab_dynamic_1783182575': target_tag=x86 candidate=Xsv7AQnvp2tkPcEpGJfLK31783182582413545830 candidate_tag=x86
2026/07/04 18:29:54 [LB] Compatible tag found: function=mab_dynamic_1783182575 tag=x86 arch=amd64 pattern="" ring_size=2
2026/07/04 18:29:54 [LB] Compatible tags for function 'mab_dynamic_1783182575': [x86]
2026/07/04 18:29:54 [LB] Selected target for function 'mab_dynamic_1783182575': target_tag=x86 candidate=Xsv7AQnvp2tkPcEpGJfLK31783182582413545830 candidate_tag=x86
2026/07/04 18:29:54 [LB] Compatible tag found: function=mab_dynamic_1783182575 tag=x86 arch=amd64 pattern="" ring_size=2
2026/07/04 18:29:54 [LB] Compatible tags for function 'mab_dynamic_1783182575': [x86]
2026/07/04 18:29:54 [LB] Selected target for function 'mab_dynamic_1783182575': target_tag=x86 candidate=Xsv7AQnvp2tkPcEpGJfLK31783182582413545830 candidate_tag=x86
2026/07/04 18:29:54 [LB] Compatible tag found: function=mab_dynamic_1783182575 tag=x86 arch=amd64 pattern="" ring_size=2
2026/07/04 18:29:54 [LB] Compatible tags for function 'mab_dynamic_1783182575': [x86]
2026/07/04 18:29:54 [LB] Selected target for function 'mab_dynamic_1783182575': target_tag=x86 candidate=Xsv7AQnvp2tkPcEpGJfLK31783182582413545830 candidate_tag=x86
2026/07/04 18:29:54 [LB] Compatible tag found: function=mab_dynamic_1783182575 tag=x86 arch=amd64 pattern="" ring_size=2
2026/07/04 18:29:54 [LB] Compatible tags for function 'mab_dynamic_1783182575': [x86]
2026/07/04 18:29:54 [LB] Selected target for function 'mab_dynamic_1783182575': target_tag=x86 candidate=Xsv7AQnvp2tkPcEpGJfLK31783182582413545830 candidate_tag=x86
2026/07/04 18:29:54 [LB] Compatible tag found: function=mab_dynamic_1783182575 tag=x86 arch=amd64 pattern="" ring_size=2
2026/07/04 18:29:54 [LB] Compatible tags for function 'mab_dynamic_1783182575': [x86]
2026/07/04 18:29:54 [LB] Selected target for function 'mab_dynamic_1783182575': target_tag=x86 candidate=Xsv7AQnvp2tkPcEpGJfLK31783182582413545830 candidate_tag=x86
2026/07/04 18:29:55 [LB] Compatible tag found: function=mab_dynamic_1783182575 tag=x86 arch=amd64 pattern="" ring_size=2
2026/07/04 18:29:55 [LB] Compatible tags for function 'mab_dynamic_1783182575': [x86]
2026/07/04 18:29:55 [LB] Selected target for function 'mab_dynamic_1783182575': target_tag=x86 candidate=Xsv7AQnvp2tkPcEpGJfLK31783182582413545830 candidate_tag=x86
2026/07/04 18:29:55 [LB] Compatible tag found: function=mab_dynamic_1783182575 tag=x86 arch=amd64 pattern="" ring_size=2
2026/07/04 18:29:55 [LB] Compatible tags for function 'mab_dynamic_1783182575': [x86]
2026/07/04 18:29:55 [LB] Selected target for function 'mab_dynamic_1783182575': target_tag=x86 candidate=Xsv7AQnvp2tkPcEpGJfLK31783182582413545830 candidate_tag=x86
2026/07/04 18:29:55 [LB] Compatible tag found: function=mab_dynamic_1783182575 tag=x86 arch=amd64 pattern="" ring_size=2
2026/07/04 18:29:55 [LB] Compatible tags for function 'mab_dynamic_1783182575': [x86]
2026/07/04 18:29:55 [LB] Selected target for function 'mab_dynamic_1783182575': target_tag=x86 candidate=Xsv7AQnvp2tkPcEpGJfLK31783182582413545830 candidate_tag=x86
2026/07/04 18:29:55 [LB] Compatible tag found: function=mab_dynamic_1783182575 tag=x86 arch=amd64 pattern="" ring_size=2
2026/07/04 18:29:55 [LB] Compatible tags for function 'mab_dynamic_1783182575': [x86]
2026/07/04 18:29:55 [LB] Selected target for function 'mab_dynamic_1783182575': target_tag=x86 candidate=Xsv7AQnvp2tkPcEpGJfLK31783182582413545830 candidate_tag=x86
2026/07/04 18:29:56 [LB] Compatible tag found: function=mab_dynamic_1783182575 tag=x86 arch=amd64 pattern="" ring_size=2
2026/07/04 18:29:56 [LB] Compatible tags for function 'mab_dynamic_1783182575': [x86]
2026/07/04 18:29:56 [LB] Selected target for function 'mab_dynamic_1783182575': target_tag=x86 candidate=Xsv7AQnvp2tkPcEpGJfLK31783182582413545830 candidate_tag=x86
2026/07/04 18:29:56 [LB]: Periodic targets update
2026/07/04 18:29:56 Adding wba3hZpsYAwGD2meSF9m4U1783182596283886281
2026/07/04 18:29:56 [LB][MAB] event=new_machine_tag_discovered tag=arm arch=amd64 action=create_ring_and_add_mab_arm
2026/07/04 18:29:56 [LB] Adding target arm
2026/07/04 18:29:59 [LB]: Periodic targets update
2026/07/04 18:30:02 [LB]: Periodic targets update
2026/07/04 18:30:04 [LB] Compatible tag found: function=mab_dynamic_1783182575 tag=x86 arch=amd64 pattern="" ring_size=2
2026/07/04 18:30:04 [LB] Compatible tag found: function=mab_dynamic_1783182575 tag=arm arch=amd64 pattern="" ring_size=1
2026/07/04 18:30:04 [LB] Compatible tags for function 'mab_dynamic_1783182575': [x86 arm]
2026/07/04 18:30:04 [LB][MAB] event=before_select function=mab_dynamic_1783182575 compatible_tags=[x86 arm] has_context=true
2026/07/04 18:30:04 [LB][MAB] event=after_select function=mab_dynamic_1783182575 selected_tag=x86 compatible_tags=[x86 arm]
2026/07/04 18:30:04 [LB] Selected target for function 'mab_dynamic_1783182575': target_tag=x86 candidate=Xsv7AQnvp2tkPcEpGJfLK31783182582413545830 candidate_tag=x86
2026/07/04 18:30:04 [LB] Compatible tag found: function=mab_dynamic_1783182575 tag=x86 arch=amd64 pattern="" ring_size=2
2026/07/04 18:30:04 [LB] Compatible tag found: function=mab_dynamic_1783182575 tag=arm arch=amd64 pattern="" ring_size=1
2026/07/04 18:30:04 [LB] Compatible tags for function 'mab_dynamic_1783182575': [x86 arm]
2026/07/04 18:30:04 [LB][MAB] event=before_select function=mab_dynamic_1783182575 compatible_tags=[x86 arm] has_context=true
2026/07/04 18:30:04 [LB][MAB] event=after_select function=mab_dynamic_1783182575 selected_tag=x86 compatible_tags=[x86 arm]
2026/07/04 18:30:04 [LB] Selected target for function 'mab_dynamic_1783182575': target_tag=x86 candidate=Xsv7AQnvp2tkPcEpGJfLK31783182582413545830 candidate_tag=x86
2026/07/04 18:30:04 [LB] Compatible tag found: function=mab_dynamic_1783182575 tag=x86 arch=amd64 pattern="" ring_size=2
2026/07/04 18:30:04 [LB] Compatible tag found: function=mab_dynamic_1783182575 tag=arm arch=amd64 pattern="" ring_size=1
2026/07/04 18:30:04 [LB] Compatible tags for function 'mab_dynamic_1783182575': [x86 arm]
2026/07/04 18:30:04 [LB][MAB] event=before_select function=mab_dynamic_1783182575 compatible_tags=[x86 arm] has_context=true
2026/07/04 18:30:04 [LB][MAB] event=after_select function=mab_dynamic_1783182575 selected_tag=arm compatible_tags=[x86 arm]
2026/07/04 18:30:04 [LB] Selected target for function 'mab_dynamic_1783182575': target_tag=arm candidate=wba3hZpsYAwGD2meSF9m4U1783182596283886281 candidate_tag=arm
2026/07/04 18:30:05 [LB] Compatible tag found: function=mab_dynamic_1783182575 tag=x86 arch=amd64 pattern="" ring_size=2
2026/07/04 18:30:05 [LB] Compatible tag found: function=mab_dynamic_1783182575 tag=arm arch=amd64 pattern="" ring_size=1
2026/07/04 18:30:05 [LB] Compatible tags for function 'mab_dynamic_1783182575': [x86 arm]
2026/07/04 18:30:05 [LB][MAB] event=before_select function=mab_dynamic_1783182575 compatible_tags=[x86 arm] has_context=true
2026/07/04 18:30:05 [LB][MAB] event=after_select function=mab_dynamic_1783182575 selected_tag=arm compatible_tags=[x86 arm]
2026/07/04 18:30:05 [LB] Selected target for function 'mab_dynamic_1783182575': target_tag=arm candidate=wba3hZpsYAwGD2meSF9m4U1783182596283886281 candidate_tag=arm
2026/07/04 18:30:05 [LB]: Periodic targets update
2026/07/04 18:30:05 [LB] Compatible tag found: function=mab_dynamic_1783182575 tag=x86 arch=amd64 pattern="" ring_size=2
2026/07/04 18:30:05 [LB] Compatible tag found: function=mab_dynamic_1783182575 tag=arm arch=amd64 pattern="" ring_size=1
2026/07/04 18:30:05 [LB] Compatible tags for function 'mab_dynamic_1783182575': [x86 arm]
2026/07/04 18:30:05 [LB][MAB] event=before_select function=mab_dynamic_1783182575 compatible_tags=[x86 arm] has_context=true
2026/07/04 18:30:05 [LB][MAB] event=after_select function=mab_dynamic_1783182575 selected_tag=arm compatible_tags=[x86 arm]
2026/07/04 18:30:05 [LB] Selected target for function 'mab_dynamic_1783182575': target_tag=arm candidate=wba3hZpsYAwGD2meSF9m4U1783182596283886281 candidate_tag=arm
2026/07/04 18:30:05 [LB] Compatible tag found: function=mab_dynamic_1783182575 tag=x86 arch=amd64 pattern="" ring_size=2
2026/07/04 18:30:05 [LB] Compatible tag found: function=mab_dynamic_1783182575 tag=arm arch=amd64 pattern="" ring_size=1
2026/07/04 18:30:05 [LB] Compatible tags for function 'mab_dynamic_1783182575': [x86 arm]
2026/07/04 18:30:05 [LB][MAB] event=before_select function=mab_dynamic_1783182575 compatible_tags=[x86 arm] has_context=true
2026/07/04 18:30:05 [LB][MAB] event=after_select function=mab_dynamic_1783182575 selected_tag=arm compatible_tags=[x86 arm]
2026/07/04 18:30:05 [LB] Selected target for function 'mab_dynamic_1783182575': target_tag=arm candidate=wba3hZpsYAwGD2meSF9m4U1783182596283886281 candidate_tag=arm
2026/07/04 18:30:06 [LB] Compatible tag found: function=mab_dynamic_1783182575 tag=x86 arch=amd64 pattern="" ring_size=2
2026/07/04 18:30:06 [LB] Compatible tag found: function=mab_dynamic_1783182575 tag=arm arch=amd64 pattern="" ring_size=1
2026/07/04 18:30:06 [LB] Compatible tags for function 'mab_dynamic_1783182575': [x86 arm]
2026/07/04 18:30:06 [LB][MAB] event=before_select function=mab_dynamic_1783182575 compatible_tags=[x86 arm] has_context=true
2026/07/04 18:30:06 [LB][MAB] event=after_select function=mab_dynamic_1783182575 selected_tag=arm compatible_tags=[x86 arm]
2026/07/04 18:30:06 [LB] Selected target for function 'mab_dynamic_1783182575': target_tag=arm candidate=wba3hZpsYAwGD2meSF9m4U1783182596283886281 candidate_tag=arm
2026/07/04 18:30:06 [LB] Compatible tag found: function=mab_dynamic_1783182575 tag=x86 arch=amd64 pattern="" ring_size=2
2026/07/04 18:30:06 [LB] Compatible tag found: function=mab_dynamic_1783182575 tag=arm arch=amd64 pattern="" ring_size=1
2026/07/04 18:30:06 [LB] Compatible tags for function 'mab_dynamic_1783182575': [x86 arm]
2026/07/04 18:30:06 [LB][MAB] event=before_select function=mab_dynamic_1783182575 compatible_tags=[x86 arm] has_context=true
2026/07/04 18:30:06 [LB][MAB] event=after_select function=mab_dynamic_1783182575 selected_tag=arm compatible_tags=[x86 arm]
2026/07/04 18:30:06 [LB] Selected target for function 'mab_dynamic_1783182575': target_tag=arm candidate=wba3hZpsYAwGD2meSF9m4U1783182596283886281 candidate_tag=arm
2026/07/04 18:30:06 [LB] Compatible tag found: function=mab_dynamic_1783182575 tag=x86 arch=amd64 pattern="" ring_size=2
2026/07/04 18:30:06 [LB] Compatible tag found: function=mab_dynamic_1783182575 tag=arm arch=amd64 pattern="" ring_size=1
2026/07/04 18:30:06 [LB] Compatible tags for function 'mab_dynamic_1783182575': [x86 arm]
2026/07/04 18:30:06 [LB][MAB] event=before_select function=mab_dynamic_1783182575 compatible_tags=[x86 arm] has_context=true
2026/07/04 18:30:06 [LB][MAB] event=after_select function=mab_dynamic_1783182575 selected_tag=arm compatible_tags=[x86 arm]
2026/07/04 18:30:06 [LB] Selected target for function 'mab_dynamic_1783182575': target_tag=arm candidate=wba3hZpsYAwGD2meSF9m4U1783182596283886281 candidate_tag=arm
2026/07/04 18:30:06 [LB] Compatible tag found: function=mab_dynamic_1783182575 tag=x86 arch=amd64 pattern="" ring_size=2
2026/07/04 18:30:06 [LB] Compatible tag found: function=mab_dynamic_1783182575 tag=arm arch=amd64 pattern="" ring_size=1
2026/07/04 18:30:06 [LB] Compatible tags for function 'mab_dynamic_1783182575': [x86 arm]
2026/07/04 18:30:06 [LB][MAB] event=before_select function=mab_dynamic_1783182575 compatible_tags=[x86 arm] has_context=true
2026/07/04 18:30:06 [LB][MAB] event=after_select function=mab_dynamic_1783182575 selected_tag=arm compatible_tags=[x86 arm]
2026/07/04 18:30:06 [LB] Selected target for function 'mab_dynamic_1783182575': target_tag=arm candidate=wba3hZpsYAwGD2meSF9m4U1783182596283886281 candidate_tag=arm
2026/07/04 18:30:06 [LB] Compatible tag found: function=mab_dynamic_1783182575 tag=x86 arch=amd64 pattern="" ring_size=2
2026/07/04 18:30:06 [LB] Compatible tag found: function=mab_dynamic_1783182575 tag=arm arch=amd64 pattern="" ring_size=1
2026/07/04 18:30:06 [LB] Compatible tags for function 'mab_dynamic_1783182575': [x86 arm]
2026/07/04 18:30:06 [LB][MAB] event=before_select function=mab_dynamic_1783182575 compatible_tags=[x86 arm] has_context=true
2026/07/04 18:30:06 [LB][MAB] event=after_select function=mab_dynamic_1783182575 selected_tag=arm compatible_tags=[x86 arm]
2026/07/04 18:30:06 [LB] Selected target for function 'mab_dynamic_1783182575': target_tag=arm candidate=wba3hZpsYAwGD2meSF9m4U1783182596283886281 candidate_tag=arm
2026/07/04 18:30:07 [LB] Compatible tag found: function=mab_dynamic_1783182575 tag=x86 arch=amd64 pattern="" ring_size=2
2026/07/04 18:30:07 [LB] Compatible tag found: function=mab_dynamic_1783182575 tag=arm arch=amd64 pattern="" ring_size=1
2026/07/04 18:30:07 [LB] Compatible tags for function 'mab_dynamic_1783182575': [x86 arm]
2026/07/04 18:30:07 [LB][MAB] event=before_select function=mab_dynamic_1783182575 compatible_tags=[x86 arm] has_context=true
2026/07/04 18:30:07 [LB][MAB] event=after_select function=mab_dynamic_1783182575 selected_tag=arm compatible_tags=[x86 arm]
2026/07/04 18:30:07 [LB] Selected target for function 'mab_dynamic_1783182575': target_tag=arm candidate=wba3hZpsYAwGD2meSF9m4U1783182596283886281 candidate_tag=arm
2026/07/04 18:30:07 [LB] Compatible tag found: function=mab_dynamic_1783182575 tag=x86 arch=amd64 pattern="" ring_size=2
2026/07/04 18:30:07 [LB] Compatible tag found: function=mab_dynamic_1783182575 tag=arm arch=amd64 pattern="" ring_size=1
2026/07/04 18:30:07 [LB] Compatible tags for function 'mab_dynamic_1783182575': [x86 arm]
2026/07/04 18:30:07 [LB][MAB] event=before_select function=mab_dynamic_1783182575 compatible_tags=[x86 arm] has_context=true
2026/07/04 18:30:07 [LB][MAB] event=after_select function=mab_dynamic_1783182575 selected_tag=arm compatible_tags=[x86 arm]
2026/07/04 18:30:07 [LB] Selected target for function 'mab_dynamic_1783182575': target_tag=arm candidate=wba3hZpsYAwGD2meSF9m4U1783182596283886281 candidate_tag=arm
2026/07/04 18:30:07 [LB] Compatible tag found: function=mab_dynamic_1783182575 tag=x86 arch=amd64 pattern="" ring_size=2
2026/07/04 18:30:07 [LB] Compatible tag found: function=mab_dynamic_1783182575 tag=arm arch=amd64 pattern="" ring_size=1
2026/07/04 18:30:07 [LB] Compatible tags for function 'mab_dynamic_1783182575': [x86 arm]
2026/07/04 18:30:07 [LB][MAB] event=before_select function=mab_dynamic_1783182575 compatible_tags=[x86 arm] has_context=true
2026/07/04 18:30:07 [LB][MAB] event=after_select function=mab_dynamic_1783182575 selected_tag=arm compatible_tags=[x86 arm]
2026/07/04 18:30:07 [LB] Selected target for function 'mab_dynamic_1783182575': target_tag=arm candidate=wba3hZpsYAwGD2meSF9m4U1783182596283886281 candidate_tag=arm
2026/07/04 18:30:07 [LB] Compatible tag found: function=mab_dynamic_1783182575 tag=x86 arch=amd64 pattern="" ring_size=2
2026/07/04 18:30:07 [LB] Compatible tag found: function=mab_dynamic_1783182575 tag=arm arch=amd64 pattern="" ring_size=1
2026/07/04 18:30:07 [LB] Compatible tags for function 'mab_dynamic_1783182575': [x86 arm]
2026/07/04 18:30:07 [LB][MAB] event=before_select function=mab_dynamic_1783182575 compatible_tags=[x86 arm] has_context=true
2026/07/04 18:30:07 [LB][MAB] event=after_select function=mab_dynamic_1783182575 selected_tag=arm compatible_tags=[x86 arm]
2026/07/04 18:30:07 [LB] Selected target for function 'mab_dynamic_1783182575': target_tag=arm candidate=wba3hZpsYAwGD2meSF9m4U1783182596283886281 candidate_tag=arm
2026/07/04 18:30:08 [LB] Compatible tag found: function=mab_dynamic_1783182575 tag=x86 arch=amd64 pattern="" ring_size=2
2026/07/04 18:30:08 [LB] Compatible tag found: function=mab_dynamic_1783182575 tag=arm arch=amd64 pattern="" ring_size=1
2026/07/04 18:30:08 [LB] Compatible tags for function 'mab_dynamic_1783182575': [x86 arm]
2026/07/04 18:30:08 [LB][MAB] event=before_select function=mab_dynamic_1783182575 compatible_tags=[x86 arm] has_context=true
2026/07/04 18:30:08 [LB][MAB] event=after_select function=mab_dynamic_1783182575 selected_tag=arm compatible_tags=[x86 arm]
2026/07/04 18:30:08 [LB] Selected target for function 'mab_dynamic_1783182575': target_tag=arm candidate=wba3hZpsYAwGD2meSF9m4U1783182596283886281 candidate_tag=arm
2026/07/04 18:30:08 [LB] Compatible tag found: function=mab_dynamic_1783182575 tag=x86 arch=amd64 pattern="" ring_size=2
2026/07/04 18:30:08 [LB] Compatible tag found: function=mab_dynamic_1783182575 tag=arm arch=amd64 pattern="" ring_size=1
2026/07/04 18:30:08 [LB] Compatible tags for function 'mab_dynamic_1783182575': [x86 arm]
2026/07/04 18:30:08 [LB][MAB] event=before_select function=mab_dynamic_1783182575 compatible_tags=[x86 arm] has_context=true
2026/07/04 18:30:08 [LB][MAB] event=after_select function=mab_dynamic_1783182575 selected_tag=arm compatible_tags=[x86 arm]
2026/07/04 18:30:08 [LB] Selected target for function 'mab_dynamic_1783182575': target_tag=arm candidate=wba3hZpsYAwGD2meSF9m4U1783182596283886281 candidate_tag=arm
2026/07/04 18:30:08 [LB]: Periodic targets update
2026/07/04 18:30:08 [LB] Compatible tag found: function=mab_dynamic_1783182575 tag=x86 arch=amd64 pattern="" ring_size=2
2026/07/04 18:30:08 [LB] Compatible tag found: function=mab_dynamic_1783182575 tag=arm arch=amd64 pattern="" ring_size=1
2026/07/04 18:30:08 [LB] Compatible tags for function 'mab_dynamic_1783182575': [x86 arm]
2026/07/04 18:30:08 [LB][MAB] event=before_select function=mab_dynamic_1783182575 compatible_tags=[x86 arm] has_context=true
2026/07/04 18:30:08 [LB][MAB] event=after_select function=mab_dynamic_1783182575 selected_tag=arm compatible_tags=[x86 arm]
2026/07/04 18:30:08 [LB] Selected target for function 'mab_dynamic_1783182575': target_tag=arm candidate=wba3hZpsYAwGD2meSF9m4U1783182596283886281 candidate_tag=arm
2026/07/04 18:30:08 [LB] Compatible tag found: function=mab_dynamic_1783182575 tag=x86 arch=amd64 pattern="" ring_size=2
2026/07/04 18:30:08 [LB] Compatible tag found: function=mab_dynamic_1783182575 tag=arm arch=amd64 pattern="" ring_size=1
2026/07/04 18:30:08 [LB] Compatible tags for function 'mab_dynamic_1783182575': [x86 arm]
2026/07/04 18:30:08 [LB][MAB] event=before_select function=mab_dynamic_1783182575 compatible_tags=[x86 arm] has_context=true
2026/07/04 18:30:08 [LB][MAB] event=after_select function=mab_dynamic_1783182575 selected_tag=arm compatible_tags=[x86 arm]
2026/07/04 18:30:08 [LB] Selected target for function 'mab_dynamic_1783182575': target_tag=arm candidate=wba3hZpsYAwGD2meSF9m4U1783182596283886281 candidate_tag=arm
2026/07/04 18:30:08 [LB] Compatible tag found: function=mab_dynamic_1783182575 tag=x86 arch=amd64 pattern="" ring_size=2
2026/07/04 18:30:08 [LB] Compatible tag found: function=mab_dynamic_1783182575 tag=arm arch=amd64 pattern="" ring_size=1
2026/07/04 18:30:08 [LB] Compatible tags for function 'mab_dynamic_1783182575': [x86 arm]
2026/07/04 18:30:08 [LB][MAB] event=before_select function=mab_dynamic_1783182575 compatible_tags=[x86 arm] has_context=true
2026/07/04 18:30:08 [LB][MAB] event=after_select function=mab_dynamic_1783182575 selected_tag=arm compatible_tags=[x86 arm]
2026/07/04 18:30:08 [LB] Selected target for function 'mab_dynamic_1783182575': target_tag=arm candidate=wba3hZpsYAwGD2meSF9m4U1783182596283886281 candidate_tag=arm
2026/07/04 18:30:09 [LB] Compatible tag found: function=mab_dynamic_1783182575 tag=x86 arch=amd64 pattern="" ring_size=2
2026/07/04 18:30:09 [LB] Compatible tag found: function=mab_dynamic_1783182575 tag=arm arch=amd64 pattern="" ring_size=1
2026/07/04 18:30:09 [LB] Compatible tags for function 'mab_dynamic_1783182575': [x86 arm]
2026/07/04 18:30:09 [LB][MAB] event=before_select function=mab_dynamic_1783182575 compatible_tags=[x86 arm] has_context=true
2026/07/04 18:30:09 [LB][MAB] event=after_select function=mab_dynamic_1783182575 selected_tag=arm compatible_tags=[x86 arm]
2026/07/04 18:30:09 [LB] Selected target for function 'mab_dynamic_1783182575': target_tag=arm candidate=wba3hZpsYAwGD2meSF9m4U1783182596283886281 candidate_tag=arm
2026/07/04 18:30:09 [LB] Compatible tag found: function=mab_dynamic_1783182575 tag=x86 arch=amd64 pattern="" ring_size=2
2026/07/04 18:30:09 [LB] Compatible tag found: function=mab_dynamic_1783182575 tag=arm arch=amd64 pattern="" ring_size=1
2026/07/04 18:30:09 [LB] Compatible tags for function 'mab_dynamic_1783182575': [x86 arm]
2026/07/04 18:30:09 [LB][MAB] event=before_select function=mab_dynamic_1783182575 compatible_tags=[x86 arm] has_context=true
2026/07/04 18:30:09 [LB][MAB] event=after_select function=mab_dynamic_1783182575 selected_tag=arm compatible_tags=[x86 arm]
2026/07/04 18:30:09 [LB] Selected target for function 'mab_dynamic_1783182575': target_tag=arm candidate=wba3hZpsYAwGD2meSF9m4U1783182596283886281 candidate_tag=arm
2026/07/04 18:30:09 [LB] Compatible tag found: function=mab_dynamic_1783182575 tag=x86 arch=amd64 pattern="" ring_size=2
2026/07/04 18:30:09 [LB] Compatible tag found: function=mab_dynamic_1783182575 tag=arm arch=amd64 pattern="" ring_size=1
2026/07/04 18:30:09 [LB] Compatible tags for function 'mab_dynamic_1783182575': [x86 arm]
2026/07/04 18:30:09 [LB][MAB] event=before_select function=mab_dynamic_1783182575 compatible_tags=[x86 arm] has_context=true
2026/07/04 18:30:09 [LB][MAB] event=after_select function=mab_dynamic_1783182575 selected_tag=arm compatible_tags=[x86 arm]
2026/07/04 18:30:09 [LB] Selected target for function 'mab_dynamic_1783182575': target_tag=arm candidate=wba3hZpsYAwGD2meSF9m4U1783182596283886281 candidate_tag=arm
2026/07/04 18:30:09 [LB] Compatible tag found: function=mab_dynamic_1783182575 tag=x86 arch=amd64 pattern="" ring_size=2
2026/07/04 18:30:09 [LB] Compatible tag found: function=mab_dynamic_1783182575 tag=arm arch=amd64 pattern="" ring_size=1
2026/07/04 18:30:09 [LB] Compatible tags for function 'mab_dynamic_1783182575': [x86 arm]
2026/07/04 18:30:09 [LB][MAB] event=before_select function=mab_dynamic_1783182575 compatible_tags=[x86 arm] has_context=true
2026/07/04 18:30:09 [LB][MAB] event=after_select function=mab_dynamic_1783182575 selected_tag=arm compatible_tags=[x86 arm]
2026/07/04 18:30:09 [LB] Selected target for function 'mab_dynamic_1783182575': target_tag=arm candidate=wba3hZpsYAwGD2meSF9m4U1783182596283886281 candidate_tag=arm
2026/07/04 18:30:10 [LB] Compatible tag found: function=mab_dynamic_1783182575 tag=x86 arch=amd64 pattern="" ring_size=2
2026/07/04 18:30:10 [LB] Compatible tag found: function=mab_dynamic_1783182575 tag=arm arch=amd64 pattern="" ring_size=1
2026/07/04 18:30:10 [LB] Compatible tags for function 'mab_dynamic_1783182575': [x86 arm]
2026/07/04 18:30:10 [LB][MAB] event=before_select function=mab_dynamic_1783182575 compatible_tags=[x86 arm] has_context=true
2026/07/04 18:30:10 [LB][MAB] event=after_select function=mab_dynamic_1783182575 selected_tag=arm compatible_tags=[x86 arm]
2026/07/04 18:30:10 [LB] Selected target for function 'mab_dynamic_1783182575': target_tag=arm candidate=wba3hZpsYAwGD2meSF9m4U1783182596283886281 candidate_tag=arm
2026/07/04 18:30:10 [LB] Compatible tag found: function=mab_dynamic_1783182575 tag=x86 arch=amd64 pattern="" ring_size=2
2026/07/04 18:30:10 [LB] Compatible tag found: function=mab_dynamic_1783182575 tag=arm arch=amd64 pattern="" ring_size=1
2026/07/04 18:30:10 [LB] Compatible tags for function 'mab_dynamic_1783182575': [x86 arm]
2026/07/04 18:30:10 [LB][MAB] event=before_select function=mab_dynamic_1783182575 compatible_tags=[x86 arm] has_context=true
2026/07/04 18:30:10 [LB][MAB] event=after_select function=mab_dynamic_1783182575 selected_tag=arm compatible_tags=[x86 arm]
2026/07/04 18:30:10 [LB] Selected target for function 'mab_dynamic_1783182575': target_tag=arm candidate=wba3hZpsYAwGD2meSF9m4U1783182596283886281 candidate_tag=arm
2026/07/04 18:30:10 [LB] Compatible tag found: function=mab_dynamic_1783182575 tag=x86 arch=amd64 pattern="" ring_size=2
2026/07/04 18:30:10 [LB] Compatible tag found: function=mab_dynamic_1783182575 tag=arm arch=amd64 pattern="" ring_size=1
2026/07/04 18:30:10 [LB] Compatible tags for function 'mab_dynamic_1783182575': [x86 arm]
2026/07/04 18:30:10 [LB][MAB] event=before_select function=mab_dynamic_1783182575 compatible_tags=[x86 arm] has_context=true
2026/07/04 18:30:10 [LB][MAB] event=after_select function=mab_dynamic_1783182575 selected_tag=arm compatible_tags=[x86 arm]
2026/07/04 18:30:10 [LB] Selected target for function 'mab_dynamic_1783182575': target_tag=arm candidate=wba3hZpsYAwGD2meSF9m4U1783182596283886281 candidate_tag=arm
2026/07/04 18:30:10 [LB] Compatible tag found: function=mab_dynamic_1783182575 tag=x86 arch=amd64 pattern="" ring_size=2
2026/07/04 18:30:10 [LB] Compatible tag found: function=mab_dynamic_1783182575 tag=arm arch=amd64 pattern="" ring_size=1
2026/07/04 18:30:10 [LB] Compatible tags for function 'mab_dynamic_1783182575': [x86 arm]
2026/07/04 18:30:10 [LB][MAB] event=before_select function=mab_dynamic_1783182575 compatible_tags=[x86 arm] has_context=true
2026/07/04 18:30:10 [LB][MAB] event=after_select function=mab_dynamic_1783182575 selected_tag=arm compatible_tags=[x86 arm]
2026/07/04 18:30:10 [LB] Selected target for function 'mab_dynamic_1783182575': target_tag=arm candidate=wba3hZpsYAwGD2meSF9m4U1783182596283886281 candidate_tag=arm
2026/07/04 18:30:11 [LB] Compatible tag found: function=mab_dynamic_1783182575 tag=x86 arch=amd64 pattern="" ring_size=2
2026/07/04 18:30:11 [LB] Compatible tag found: function=mab_dynamic_1783182575 tag=arm arch=amd64 pattern="" ring_size=1
2026/07/04 18:30:11 [LB] Compatible tags for function 'mab_dynamic_1783182575': [x86 arm]
2026/07/04 18:30:11 [LB][MAB] event=before_select function=mab_dynamic_1783182575 compatible_tags=[x86 arm] has_context=true
2026/07/04 18:30:11 [LB][MAB] event=after_select function=mab_dynamic_1783182575 selected_tag=arm compatible_tags=[x86 arm]
2026/07/04 18:30:11 [LB] Selected target for function 'mab_dynamic_1783182575': target_tag=arm candidate=wba3hZpsYAwGD2meSF9m4U1783182596283886281 candidate_tag=arm
2026/07/04 18:30:11 [LB] Compatible tag found: function=mab_dynamic_1783182575 tag=x86 arch=amd64 pattern="" ring_size=2
2026/07/04 18:30:11 [LB] Compatible tag found: function=mab_dynamic_1783182575 tag=arm arch=amd64 pattern="" ring_size=1
2026/07/04 18:30:11 [LB] Compatible tags for function 'mab_dynamic_1783182575': [x86 arm]
2026/07/04 18:30:11 [LB][MAB] event=before_select function=mab_dynamic_1783182575 compatible_tags=[x86 arm] has_context=true
2026/07/04 18:30:11 [LB][MAB] event=after_select function=mab_dynamic_1783182575 selected_tag=arm compatible_tags=[x86 arm]
2026/07/04 18:30:11 [LB] Selected target for function 'mab_dynamic_1783182575': target_tag=arm candidate=wba3hZpsYAwGD2meSF9m4U1783182596283886281 candidate_tag=arm
2026/07/04 18:30:11 [LB] Compatible tag found: function=mab_dynamic_1783182575 tag=x86 arch=amd64 pattern="" ring_size=2
2026/07/04 18:30:11 [LB] Compatible tag found: function=mab_dynamic_1783182575 tag=arm arch=amd64 pattern="" ring_size=1
2026/07/04 18:30:11 [LB] Compatible tags for function 'mab_dynamic_1783182575': [x86 arm]
2026/07/04 18:30:11 [LB][MAB] event=before_select function=mab_dynamic_1783182575 compatible_tags=[x86 arm] has_context=true
2026/07/04 18:30:11 [LB][MAB] event=after_select function=mab_dynamic_1783182575 selected_tag=arm compatible_tags=[x86 arm]
2026/07/04 18:30:11 [LB] Selected target for function 'mab_dynamic_1783182575': target_tag=arm candidate=wba3hZpsYAwGD2meSF9m4U1783182596283886281 candidate_tag=arm
2026/07/04 18:30:11 [LB]: Periodic targets update
2026/07/04 18:30:11 [LB] Compatible tag found: function=mab_dynamic_1783182575 tag=x86 arch=amd64 pattern="" ring_size=2
2026/07/04 18:30:11 [LB] Compatible tag found: function=mab_dynamic_1783182575 tag=arm arch=amd64 pattern="" ring_size=1
2026/07/04 18:30:11 [LB] Compatible tags for function 'mab_dynamic_1783182575': [x86 arm]
2026/07/04 18:30:11 [LB][MAB] event=before_select function=mab_dynamic_1783182575 compatible_tags=[x86 arm] has_context=true
2026/07/04 18:30:11 [LB][MAB] event=after_select function=mab_dynamic_1783182575 selected_tag=arm compatible_tags=[x86 arm]
2026/07/04 18:30:11 [LB] Selected target for function 'mab_dynamic_1783182575': target_tag=arm candidate=wba3hZpsYAwGD2meSF9m4U1783182596283886281 candidate_tag=arm
2026/07/04 18:30:11 [LB] Compatible tag found: function=mab_dynamic_1783182575 tag=x86 arch=amd64 pattern="" ring_size=2
2026/07/04 18:30:11 [LB] Compatible tag found: function=mab_dynamic_1783182575 tag=arm arch=amd64 pattern="" ring_size=1
2026/07/04 18:30:11 [LB] Compatible tags for function 'mab_dynamic_1783182575': [x86 arm]
2026/07/04 18:30:11 [LB][MAB] event=before_select function=mab_dynamic_1783182575 compatible_tags=[x86 arm] has_context=true
2026/07/04 18:30:11 [LB][MAB] event=after_select function=mab_dynamic_1783182575 selected_tag=arm compatible_tags=[x86 arm]
2026/07/04 18:30:11 [LB] Selected target for function 'mab_dynamic_1783182575': target_tag=arm candidate=wba3hZpsYAwGD2meSF9m4U1783182596283886281 candidate_tag=arm
2026/07/04 18:30:12 [LB] Compatible tag found: function=mab_dynamic_1783182575 tag=x86 arch=amd64 pattern="" ring_size=2
2026/07/04 18:30:12 [LB] Compatible tag found: function=mab_dynamic_1783182575 tag=arm arch=amd64 pattern="" ring_size=1
2026/07/04 18:30:12 [LB] Compatible tags for function 'mab_dynamic_1783182575': [x86 arm]
2026/07/04 18:30:12 [LB][MAB] event=before_select function=mab_dynamic_1783182575 compatible_tags=[x86 arm] has_context=true
2026/07/04 18:30:12 [LB][MAB] event=after_select function=mab_dynamic_1783182575 selected_tag=arm compatible_tags=[x86 arm]
2026/07/04 18:30:12 [LB] Selected target for function 'mab_dynamic_1783182575': target_tag=arm candidate=wba3hZpsYAwGD2meSF9m4U1783182596283886281 candidate_tag=arm
2026/07/04 18:30:12 [LB] Compatible tag found: function=mab_dynamic_1783182575 tag=x86 arch=amd64 pattern="" ring_size=2
2026/07/04 18:30:12 [LB] Compatible tag found: function=mab_dynamic_1783182575 tag=arm arch=amd64 pattern="" ring_size=1
2026/07/04 18:30:12 [LB] Compatible tags for function 'mab_dynamic_1783182575': [x86 arm]
2026/07/04 18:30:12 [LB][MAB] event=before_select function=mab_dynamic_1783182575 compatible_tags=[x86 arm] has_context=true
2026/07/04 18:30:12 [LB][MAB] event=after_select function=mab_dynamic_1783182575 selected_tag=arm compatible_tags=[x86 arm]
2026/07/04 18:30:12 [LB] Selected target for function 'mab_dynamic_1783182575': target_tag=arm candidate=wba3hZpsYAwGD2meSF9m4U1783182596283886281 candidate_tag=arm
2026/07/04 18:30:12 [LB] Compatible tag found: function=mab_dynamic_1783182575 tag=x86 arch=amd64 pattern="" ring_size=2
2026/07/04 18:30:12 [LB] Compatible tag found: function=mab_dynamic_1783182575 tag=arm arch=amd64 pattern="" ring_size=1
2026/07/04 18:30:12 [LB] Compatible tags for function 'mab_dynamic_1783182575': [x86 arm]
2026/07/04 18:30:12 [LB][MAB] event=before_select function=mab_dynamic_1783182575 compatible_tags=[x86 arm] has_context=true
2026/07/04 18:30:12 [LB][MAB] event=after_select function=mab_dynamic_1783182575 selected_tag=arm compatible_tags=[x86 arm]
2026/07/04 18:30:12 [LB] Selected target for function 'mab_dynamic_1783182575': target_tag=arm candidate=wba3hZpsYAwGD2meSF9m4U1783182596283886281 candidate_tag=arm
2026/07/04 18:30:12 [LB] Compatible tag found: function=mab_dynamic_1783182575 tag=x86 arch=amd64 pattern="" ring_size=2
2026/07/04 18:30:12 [LB] Compatible tag found: function=mab_dynamic_1783182575 tag=arm arch=amd64 pattern="" ring_size=1
2026/07/04 18:30:12 [LB] Compatible tags for function 'mab_dynamic_1783182575': [x86 arm]
2026/07/04 18:30:12 [LB][MAB] event=before_select function=mab_dynamic_1783182575 compatible_tags=[x86 arm] has_context=true
2026/07/04 18:30:12 [LB][MAB] event=after_select function=mab_dynamic_1783182575 selected_tag=arm compatible_tags=[x86 arm]
2026/07/04 18:30:12 [LB] Selected target for function 'mab_dynamic_1783182575': target_tag=arm candidate=wba3hZpsYAwGD2meSF9m4U1783182596283886281 candidate_tag=arm
2026/07/04 18:30:13 [LB] Compatible tag found: function=mab_dynamic_1783182575 tag=x86 arch=amd64 pattern="" ring_size=2
2026/07/04 18:30:13 [LB] Compatible tag found: function=mab_dynamic_1783182575 tag=arm arch=amd64 pattern="" ring_size=1
2026/07/04 18:30:13 [LB] Compatible tags for function 'mab_dynamic_1783182575': [x86 arm]
2026/07/04 18:30:13 [LB][MAB] event=before_select function=mab_dynamic_1783182575 compatible_tags=[x86 arm] has_context=true
2026/07/04 18:30:13 [LB][MAB] event=after_select function=mab_dynamic_1783182575 selected_tag=arm compatible_tags=[x86 arm]
2026/07/04 18:30:13 [LB] Selected target for function 'mab_dynamic_1783182575': target_tag=arm candidate=wba3hZpsYAwGD2meSF9m4U1783182596283886281 candidate_tag=arm
2026/07/04 18:30:13 [LB] Compatible tag found: function=mab_dynamic_1783182575 tag=x86 arch=amd64 pattern="" ring_size=2
2026/07/04 18:30:13 [LB] Compatible tag found: function=mab_dynamic_1783182575 tag=arm arch=amd64 pattern="" ring_size=1
2026/07/04 18:30:13 [LB] Compatible tags for function 'mab_dynamic_1783182575': [x86 arm]
2026/07/04 18:30:13 [LB][MAB] event=before_select function=mab_dynamic_1783182575 compatible_tags=[x86 arm] has_context=true
2026/07/04 18:30:13 [LB][MAB] event=after_select function=mab_dynamic_1783182575 selected_tag=arm compatible_tags=[x86 arm]
2026/07/04 18:30:13 [LB] Selected target for function 'mab_dynamic_1783182575': target_tag=arm candidate=wba3hZpsYAwGD2meSF9m4U1783182596283886281 candidate_tag=arm
2026/07/04 18:30:13 [LB] Compatible tag found: function=mab_dynamic_1783182575 tag=x86 arch=amd64 pattern="" ring_size=2
2026/07/04 18:30:13 [LB] Compatible tag found: function=mab_dynamic_1783182575 tag=arm arch=amd64 pattern="" ring_size=1
2026/07/04 18:30:13 [LB] Compatible tags for function 'mab_dynamic_1783182575': [x86 arm]
2026/07/04 18:30:13 [LB][MAB] event=before_select function=mab_dynamic_1783182575 compatible_tags=[x86 arm] has_context=true
2026/07/04 18:30:13 [LB][MAB] event=after_select function=mab_dynamic_1783182575 selected_tag=arm compatible_tags=[x86 arm]
2026/07/04 18:30:13 [LB] Selected target for function 'mab_dynamic_1783182575': target_tag=arm candidate=wba3hZpsYAwGD2meSF9m4U1783182596283886281 candidate_tag=arm
2026/07/04 18:30:13 [LB] Compatible tag found: function=mab_dynamic_1783182575 tag=x86 arch=amd64 pattern="" ring_size=2
2026/07/04 18:30:13 [LB] Compatible tag found: function=mab_dynamic_1783182575 tag=arm arch=amd64 pattern="" ring_size=1
2026/07/04 18:30:13 [LB] Compatible tags for function 'mab_dynamic_1783182575': [x86 arm]
2026/07/04 18:30:13 [LB][MAB] event=before_select function=mab_dynamic_1783182575 compatible_tags=[x86 arm] has_context=true
2026/07/04 18:30:13 [LB][MAB] event=after_select function=mab_dynamic_1783182575 selected_tag=arm compatible_tags=[x86 arm]
2026/07/04 18:30:13 [LB] Selected target for function 'mab_dynamic_1783182575': target_tag=arm candidate=wba3hZpsYAwGD2meSF9m4U1783182596283886281 candidate_tag=arm
2026/07/04 18:30:13 [LB] Compatible tag found: function=mab_dynamic_1783182575 tag=x86 arch=amd64 pattern="" ring_size=2
2026/07/04 18:30:13 [LB] Compatible tag found: function=mab_dynamic_1783182575 tag=arm arch=amd64 pattern="" ring_size=1
2026/07/04 18:30:13 [LB] Compatible tags for function 'mab_dynamic_1783182575': [x86 arm]
2026/07/04 18:30:13 [LB][MAB] event=before_select function=mab_dynamic_1783182575 compatible_tags=[x86 arm] has_context=true
2026/07/04 18:30:13 [LB][MAB] event=after_select function=mab_dynamic_1783182575 selected_tag=arm compatible_tags=[x86 arm]
2026/07/04 18:30:13 [LB] Selected target for function 'mab_dynamic_1783182575': target_tag=arm candidate=wba3hZpsYAwGD2meSF9m4U1783182596283886281 candidate_tag=arm
2026/07/04 18:30:14 [LB] Compatible tag found: function=mab_dynamic_1783182575 tag=x86 arch=amd64 pattern="" ring_size=2
2026/07/04 18:30:14 [LB] Compatible tag found: function=mab_dynamic_1783182575 tag=arm arch=amd64 pattern="" ring_size=1
2026/07/04 18:30:14 [LB] Compatible tags for function 'mab_dynamic_1783182575': [x86 arm]
2026/07/04 18:30:14 [LB][MAB] event=before_select function=mab_dynamic_1783182575 compatible_tags=[x86 arm] has_context=true
2026/07/04 18:30:14 [LB][MAB] event=after_select function=mab_dynamic_1783182575 selected_tag=arm compatible_tags=[x86 arm]
2026/07/04 18:30:14 [LB] Selected target for function 'mab_dynamic_1783182575': target_tag=arm candidate=wba3hZpsYAwGD2meSF9m4U1783182596283886281 candidate_tag=arm
2026/07/04 18:30:14 [LB] Compatible tag found: function=mab_dynamic_1783182575 tag=x86 arch=amd64 pattern="" ring_size=2
2026/07/04 18:30:14 [LB] Compatible tag found: function=mab_dynamic_1783182575 tag=arm arch=amd64 pattern="" ring_size=1
2026/07/04 18:30:14 [LB] Compatible tags for function 'mab_dynamic_1783182575': [x86 arm]
2026/07/04 18:30:14 [LB][MAB] event=before_select function=mab_dynamic_1783182575 compatible_tags=[x86 arm] has_context=true
2026/07/04 18:30:14 [LB][MAB] event=after_select function=mab_dynamic_1783182575 selected_tag=arm compatible_tags=[x86 arm]
2026/07/04 18:30:14 [LB] Selected target for function 'mab_dynamic_1783182575': target_tag=arm candidate=wba3hZpsYAwGD2meSF9m4U1783182596283886281 candidate_tag=arm
2026/07/04 18:30:14 [LB]: Periodic targets update
2026/07/04 18:30:14 [LB] Compatible tag found: function=mab_dynamic_1783182575 tag=x86 arch=amd64 pattern="" ring_size=2
2026/07/04 18:30:14 [LB] Compatible tag found: function=mab_dynamic_1783182575 tag=arm arch=amd64 pattern="" ring_size=1
2026/07/04 18:30:14 [LB] Compatible tags for function 'mab_dynamic_1783182575': [x86 arm]
2026/07/04 18:30:14 [LB][MAB] event=before_select function=mab_dynamic_1783182575 compatible_tags=[x86 arm] has_context=true
2026/07/04 18:30:14 [LB][MAB] event=after_select function=mab_dynamic_1783182575 selected_tag=arm compatible_tags=[x86 arm]
2026/07/04 18:30:14 [LB] Selected target for function 'mab_dynamic_1783182575': target_tag=arm candidate=wba3hZpsYAwGD2meSF9m4U1783182596283886281 candidate_tag=arm
2026/07/04 18:30:14 [LB] Compatible tag found: function=mab_dynamic_1783182575 tag=x86 arch=amd64 pattern="" ring_size=2
2026/07/04 18:30:14 [LB] Compatible tag found: function=mab_dynamic_1783182575 tag=arm arch=amd64 pattern="" ring_size=1
2026/07/04 18:30:14 [LB] Compatible tags for function 'mab_dynamic_1783182575': [x86 arm]
2026/07/04 18:30:14 [LB][MAB] event=before_select function=mab_dynamic_1783182575 compatible_tags=[x86 arm] has_context=true
2026/07/04 18:30:14 [LB][MAB] event=after_select function=mab_dynamic_1783182575 selected_tag=arm compatible_tags=[x86 arm]
2026/07/04 18:30:14 [LB] Selected target for function 'mab_dynamic_1783182575': target_tag=arm candidate=wba3hZpsYAwGD2meSF9m4U1783182596283886281 candidate_tag=arm
2026/07/04 18:30:15 [LB] Compatible tag found: function=mab_dynamic_1783182575 tag=x86 arch=amd64 pattern="" ring_size=2
2026/07/04 18:30:15 [LB] Compatible tag found: function=mab_dynamic_1783182575 tag=arm arch=amd64 pattern="" ring_size=1
2026/07/04 18:30:15 [LB] Compatible tags for function 'mab_dynamic_1783182575': [x86 arm]
2026/07/04 18:30:15 [LB][MAB] event=before_select function=mab_dynamic_1783182575 compatible_tags=[x86 arm] has_context=true
2026/07/04 18:30:15 [LB][MAB] event=after_select function=mab_dynamic_1783182575 selected_tag=arm compatible_tags=[x86 arm]
2026/07/04 18:30:15 [LB] Selected target for function 'mab_dynamic_1783182575': target_tag=arm candidate=wba3hZpsYAwGD2meSF9m4U1783182596283886281 candidate_tag=arm
2026/07/04 18:30:15 [LB] Compatible tag found: function=mab_dynamic_1783182575 tag=x86 arch=amd64 pattern="" ring_size=2
2026/07/04 18:30:15 [LB] Compatible tag found: function=mab_dynamic_1783182575 tag=arm arch=amd64 pattern="" ring_size=1
2026/07/04 18:30:15 [LB] Compatible tags for function 'mab_dynamic_1783182575': [x86 arm]
2026/07/04 18:30:15 [LB][MAB] event=before_select function=mab_dynamic_1783182575 compatible_tags=[x86 arm] has_context=true
2026/07/04 18:30:15 [LB][MAB] event=after_select function=mab_dynamic_1783182575 selected_tag=arm compatible_tags=[x86 arm]
2026/07/04 18:30:15 [LB] Selected target for function 'mab_dynamic_1783182575': target_tag=arm candidate=wba3hZpsYAwGD2meSF9m4U1783182596283886281 candidate_tag=arm
2026/07/04 18:30:15 [LB] Compatible tag found: function=mab_dynamic_1783182575 tag=x86 arch=amd64 pattern="" ring_size=2
2026/07/04 18:30:15 [LB] Compatible tag found: function=mab_dynamic_1783182575 tag=arm arch=amd64 pattern="" ring_size=1
2026/07/04 18:30:15 [LB] Compatible tags for function 'mab_dynamic_1783182575': [x86 arm]
2026/07/04 18:30:15 [LB][MAB] event=before_select function=mab_dynamic_1783182575 compatible_tags=[x86 arm] has_context=true
2026/07/04 18:30:15 [LB][MAB] event=after_select function=mab_dynamic_1783182575 selected_tag=arm compatible_tags=[x86 arm]
2026/07/04 18:30:15 [LB] Selected target for function 'mab_dynamic_1783182575': target_tag=arm candidate=wba3hZpsYAwGD2meSF9m4U1783182596283886281 candidate_tag=arm
2026/07/04 18:30:15 [LB] Compatible tag found: function=mab_dynamic_1783182575 tag=x86 arch=amd64 pattern="" ring_size=2
2026/07/04 18:30:15 [LB] Compatible tag found: function=mab_dynamic_1783182575 tag=arm arch=amd64 pattern="" ring_size=1
2026/07/04 18:30:15 [LB] Compatible tags for function 'mab_dynamic_1783182575': [x86 arm]
2026/07/04 18:30:15 [LB][MAB] event=before_select function=mab_dynamic_1783182575 compatible_tags=[x86 arm] has_context=true
2026/07/04 18:30:15 [LB][MAB] event=after_select function=mab_dynamic_1783182575 selected_tag=arm compatible_tags=[x86 arm]
2026/07/04 18:30:15 [LB] Selected target for function 'mab_dynamic_1783182575': target_tag=arm candidate=wba3hZpsYAwGD2meSF9m4U1783182596283886281 candidate_tag=arm
