2026/07/04 18:29:56 Local node id: (ROME)wba3hZpsYAwGD2meSF9m4U1783182596283886281 - arm (arch: amd64)
2026/07/04 18:29:56 Registration for node: (ROME)wba3hZpsYAwGD2meSF9m4U1783182596283886281 - arm
2026/07/04 18:29:56 Connecting to etcd
2026/07/04 18:29:56 Connected to etcd
2026/07/04 18:29:56 etcd connection state: READY
2026/07/04 18:29:56 etcd: connected and ready
2026/07/04 18:29:56 Registering to etcd: registry/ROME/arm/wba3hZpsYAwGD2meSF9m4U1783182596283886281
2026/07/04 18:29:56 Configured scheduling policy: default
2026/07/04 18:29:56 Configured offloading policy: disable
2026/07/04 18:29:56 Current resources: [CPUs: 0.000000/32.000000 - Mem: 0(+0 warm)/512]
2026/07/04 18:29:56 Scheduler started.
2026/07/04 18:29:56 No remote area is configured; vertical offloading disabled
2026/07/04 18:29:56 UDP server up and listening on port 9876
⇨ http server started on [::]:1323
2026/07/04 18:30:04 Container d3266c060e0c79e63d7b668af484224760f32a1eb3004ca144b0bd8df4a69721 has name /peaceful_mclaren
2026/07/04 18:30:04 [mab_dynamic_1783182575] Executing on container: d3266c060e0c79e63d7b668af484224760f32a1eb3004ca144b0bd8df4a69721
2026/07/04 18:30:05 Using warm d3266c060e0c79e63d7b668af484224760f32a1eb3004ca144b0bd8df4a69721 for mab_dynamic_1783182575. Now: [CPUs: 0.000000/32.000000 - Mem: 128(+0 warm)/512]
2026/07/04 18:30:05 [mab_dynamic_1783182575] Executing on container: d3266c060e0c79e63d7b668af484224760f32a1eb3004ca144b0bd8df4a69721
2026/07/04 18:30:05 Using warm d3266c060e0c79e63d7b668af484224760f32a1eb3004ca144b0bd8df4a69721 for mab_dynamic_1783182575. Now: [CPUs: 0.000000/32.000000 - Mem: 128(+0 warm)/512]
2026/07/04 18:30:05 [mab_dynamic_1783182575] Executing on container: d3266c060e0c79e63d7b668af484224760f32a1eb3004ca144b0bd8df4a69721
2026/07/04 18:30:05 Using warm d3266c060e0c79e63d7b668af484224760f32a1eb3004ca144b0bd8df4a69721 for mab_dynamic_1783182575. Now: [CPUs: 0.000000/32.000000 - Mem: 128(+0 warm)/512]
2026/07/04 18:30:05 [mab_dynamic_1783182575] Executing on container: d3266c060e0c79e63d7b668af484224760f32a1eb3004ca144b0bd8df4a69721
2026/07/04 18:30:06 Using warm d3266c060e0c79e63d7b668af484224760f32a1eb3004ca144b0bd8df4a69721 for mab_dynamic_1783182575. Now: [CPUs: 0.000000/32.000000 - Mem: 128(+0 warm)/512]
2026/07/04 18:30:06 [mab_dynamic_1783182575] Executing on container: d3266c060e0c79e63d7b668af484224760f32a1eb3004ca144b0bd8df4a69721
2026/07/04 18:30:06 Using warm d3266c060e0c79e63d7b668af484224760f32a1eb3004ca144b0bd8df4a69721 for mab_dynamic_1783182575. Now: [CPUs: 0.000000/32.000000 - Mem: 128(+0 warm)/512]
2026/07/04 18:30:06 [mab_dynamic_1783182575] Executing on container: d3266c060e0c79e63d7b668af484224760f32a1eb3004ca144b0bd8df4a69721
2026/07/04 18:30:06 Using warm d3266c060e0c79e63d7b668af484224760f32a1eb3004ca144b0bd8df4a69721 for mab_dynamic_1783182575. Now: [CPUs: 0.000000/32.000000 - Mem: 128(+0 warm)/512]
2026/07/04 18:30:06 [mab_dynamic_1783182575] Executing on container: d3266c060e0c79e63d7b668af484224760f32a1eb3004ca144b0bd8df4a69721
2026/07/04 18:30:06 Using warm d3266c060e0c79e63d7b668af484224760f32a1eb3004ca144b0bd8df4a69721 for mab_dynamic_1783182575. Now: [CPUs: 0.000000/32.000000 - Mem: 128(+0 warm)/512]
2026/07/04 18:30:06 [mab_dynamic_1783182575] Executing on container: d3266c060e0c79e63d7b668af484224760f32a1eb3004ca144b0bd8df4a69721
2026/07/04 18:30:06 Using warm d3266c060e0c79e63d7b668af484224760f32a1eb3004ca144b0bd8df4a69721 for mab_dynamic_1783182575. Now: [CPUs: 0.000000/32.000000 - Mem: 128(+0 warm)/512]
2026/07/04 18:30:06 [mab_dynamic_1783182575] Executing on container: d3266c060e0c79e63d7b668af484224760f32a1eb3004ca144b0bd8df4a69721
2026/07/04 18:30:07 Using warm d3266c060e0c79e63d7b668af484224760f32a1eb3004ca144b0bd8df4a69721 for mab_dynamic_1783182575. Now: [CPUs: 0.000000/32.000000 - Mem: 128(+0 warm)/512]
2026/07/04 18:30:07 [mab_dynamic_1783182575] Executing on container: d3266c060e0c79e63d7b668af484224760f32a1eb3004ca144b0bd8df4a69721
2026/07/04 18:30:07 Using warm d3266c060e0c79e63d7b668af484224760f32a1eb3004ca144b0bd8df4a69721 for mab_dynamic_1783182575. Now: [CPUs: 0.000000/32.000000 - Mem: 128(+0 warm)/512]
2026/07/04 18:30:07 [mab_dynamic_1783182575] Executing on container: d3266c060e0c79e63d7b668af484224760f32a1eb3004ca144b0bd8df4a69721
2026/07/04 18:30:07 Using warm d3266c060e0c79e63d7b668af484224760f32a1eb3004ca144b0bd8df4a69721 for mab_dynamic_1783182575. Now: [CPUs: 0.000000/32.000000 - Mem: 128(+0 warm)/512]
2026/07/04 18:30:07 [mab_dynamic_1783182575] Executing on container: d3266c060e0c79e63d7b668af484224760f32a1eb3004ca144b0bd8df4a69721
2026/07/04 18:30:07 Using warm d3266c060e0c79e63d7b668af484224760f32a1eb3004ca144b0bd8df4a69721 for mab_dynamic_1783182575. Now: [CPUs: 0.000000/32.000000 - Mem: 128(+0 warm)/512]
2026/07/04 18:30:07 [mab_dynamic_1783182575] Executing on container: d3266c060e0c79e63d7b668af484224760f32a1eb3004ca144b0bd8df4a69721
2026/07/04 18:30:08 Using warm d3266c060e0c79e63d7b668af484224760f32a1eb3004ca144b0bd8df4a69721 for mab_dynamic_1783182575. Now: [CPUs: 0.000000/32.000000 - Mem: 128(+0 warm)/512]
2026/07/04 18:30:08 [mab_dynamic_1783182575] Executing on container: d3266c060e0c79e63d7b668af484224760f32a1eb3004ca144b0bd8df4a69721
2026/07/04 18:30:08 Using warm d3266c060e0c79e63d7b668af484224760f32a1eb3004ca144b0bd8df4a69721 for mab_dynamic_1783182575. Now: [CPUs: 0.000000/32.000000 - Mem: 128(+0 warm)/512]
2026/07/04 18:30:08 [mab_dynamic_1783182575] Executing on container: d3266c060e0c79e63d7b668af484224760f32a1eb3004ca144b0bd8df4a69721
2026/07/04 18:30:08 Using warm d3266c060e0c79e63d7b668af484224760f32a1eb3004ca144b0bd8df4a69721 for mab_dynamic_1783182575. Now: [CPUs: 0.000000/32.000000 - Mem: 128(+0 warm)/512]
2026/07/04 18:30:08 [mab_dynamic_1783182575] Executing on container: d3266c060e0c79e63d7b668af484224760f32a1eb3004ca144b0bd8df4a69721
2026/07/04 18:30:08 Using warm d3266c060e0c79e63d7b668af484224760f32a1eb3004ca144b0bd8df4a69721 for mab_dynamic_1783182575. Now: [CPUs: 0.000000/32.000000 - Mem: 128(+0 warm)/512]
2026/07/04 18:30:08 [mab_dynamic_1783182575] Executing on container: d3266c060e0c79e63d7b668af484224760f32a1eb3004ca144b0bd8df4a69721
2026/07/04 18:30:08 Using warm d3266c060e0c79e63d7b668af484224760f32a1eb3004ca144b0bd8df4a69721 for mab_dynamic_1783182575. Now: [CPUs: 0.000000/32.000000 - Mem: 128(+0 warm)/512]
2026/07/04 18:30:08 [mab_dynamic_1783182575] Executing on container: d3266c060e0c79e63d7b668af484224760f32a1eb3004ca144b0bd8df4a69721
2026/07/04 18:30:09 Using warm d3266c060e0c79e63d7b668af484224760f32a1eb3004ca144b0bd8df4a69721 for mab_dynamic_1783182575. Now: [CPUs: 0.000000/32.000000 - Mem: 128(+0 warm)/512]
2026/07/04 18:30:09 [mab_dynamic_1783182575] Executing on container: d3266c060e0c79e63d7b668af484224760f32a1eb3004ca144b0bd8df4a69721
2026/07/04 18:30:09 Using warm d3266c060e0c79e63d7b668af484224760f32a1eb3004ca144b0bd8df4a69721 for mab_dynamic_1783182575. Now: [CPUs: 0.000000/32.000000 - Mem: 128(+0 warm)/512]
2026/07/04 18:30:09 [mab_dynamic_1783182575] Executing on container: d3266c060e0c79e63d7b668af484224760f32a1eb3004ca144b0bd8df4a69721
2026/07/04 18:30:09 Using warm d3266c060e0c79e63d7b668af484224760f32a1eb3004ca144b0bd8df4a69721 for mab_dynamic_1783182575. Now: [CPUs: 0.000000/32.000000 - Mem: 128(+0 warm)/512]
2026/07/04 18:30:09 [mab_dynamic_1783182575] Executing on container: d3266c060e0c79e63d7b668af484224760f32a1eb3004ca144b0bd8df4a69721
2026/07/04 18:30:09 Using warm d3266c060e0c79e63d7b668af484224760f32a1eb3004ca144b0bd8df4a69721 for mab_dynamic_1783182575. Now: [CPUs: 0.000000/32.000000 - Mem: 128(+0 warm)/512]
2026/07/04 18:30:09 [mab_dynamic_1783182575] Executing on container: d3266c060e0c79e63d7b668af484224760f32a1eb3004ca144b0bd8df4a69721
2026/07/04 18:30:10 Using warm d3266c060e0c79e63d7b668af484224760f32a1eb3004ca144b0bd8df4a69721 for mab_dynamic_1783182575. Now: [CPUs: 0.000000/32.000000 - Mem: 128(+0 warm)/512]
2026/07/04 18:30:10 [mab_dynamic_1783182575] Executing on container: d3266c060e0c79e63d7b668af484224760f32a1eb3004ca144b0bd8df4a69721
2026/07/04 18:30:10 Using warm d3266c060e0c79e63d7b668af484224760f32a1eb3004ca144b0bd8df4a69721 for mab_dynamic_1783182575. Now: [CPUs: 0.000000/32.000000 - Mem: 128(+0 warm)/512]
2026/07/04 18:30:10 [mab_dynamic_1783182575] Executing on container: d3266c060e0c79e63d7b668af484224760f32a1eb3004ca144b0bd8df4a69721
2026/07/04 18:30:10 Using warm d3266c060e0c79e63d7b668af484224760f32a1eb3004ca144b0bd8df4a69721 for mab_dynamic_1783182575. Now: [CPUs: 0.000000/32.000000 - Mem: 128(+0 warm)/512]
2026/07/04 18:30:10 [mab_dynamic_1783182575] Executing on container: d3266c060e0c79e63d7b668af484224760f32a1eb3004ca144b0bd8df4a69721
2026/07/04 18:30:10 Using warm d3266c060e0c79e63d7b668af484224760f32a1eb3004ca144b0bd8df4a69721 for mab_dynamic_1783182575. Now: [CPUs: 0.000000/32.000000 - Mem: 128(+0 warm)/512]
2026/07/04 18:30:10 [mab_dynamic_1783182575] Executing on container: d3266c060e0c79e63d7b668af484224760f32a1eb3004ca144b0bd8df4a69721
2026/07/04 18:30:11 Using warm d3266c060e0c79e63d7b668af484224760f32a1eb3004ca144b0bd8df4a69721 for mab_dynamic_1783182575. Now: [CPUs: 0.000000/32.000000 - Mem: 128(+0 warm)/512]
2026/07/04 18:30:11 [mab_dynamic_1783182575] Executing on container: d3266c060e0c79e63d7b668af484224760f32a1eb3004ca144b0bd8df4a69721
2026/07/04 18:30:11 Using warm d3266c060e0c79e63d7b668af484224760f32a1eb3004ca144b0bd8df4a69721 for mab_dynamic_1783182575. Now: [CPUs: 0.000000/32.000000 - Mem: 128(+0 warm)/512]
2026/07/04 18:30:11 [mab_dynamic_1783182575] Executing on container: d3266c060e0c79e63d7b668af484224760f32a1eb3004ca144b0bd8df4a69721
2026/07/04 18:30:11 Using warm d3266c060e0c79e63d7b668af484224760f32a1eb3004ca144b0bd8df4a69721 for mab_dynamic_1783182575. Now: [CPUs: 0.000000/32.000000 - Mem: 128(+0 warm)/512]
2026/07/04 18:30:11 [mab_dynamic_1783182575] Executing on container: d3266c060e0c79e63d7b668af484224760f32a1eb3004ca144b0bd8df4a69721
2026/07/04 18:30:11 Using warm d3266c060e0c79e63d7b668af484224760f32a1eb3004ca144b0bd8df4a69721 for mab_dynamic_1783182575. Now: [CPUs: 0.000000/32.000000 - Mem: 128(+0 warm)/512]
2026/07/04 18:30:11 [mab_dynamic_1783182575] Executing on container: d3266c060e0c79e63d7b668af484224760f32a1eb3004ca144b0bd8df4a69721
2026/07/04 18:30:11 Using warm d3266c060e0c79e63d7b668af484224760f32a1eb3004ca144b0bd8df4a69721 for mab_dynamic_1783182575. Now: [CPUs: 0.000000/32.000000 - Mem: 128(+0 warm)/512]
2026/07/04 18:30:11 [mab_dynamic_1783182575] Executing on container: d3266c060e0c79e63d7b668af484224760f32a1eb3004ca144b0bd8df4a69721
2026/07/04 18:30:12 Using warm d3266c060e0c79e63d7b668af484224760f32a1eb3004ca144b0bd8df4a69721 for mab_dynamic_1783182575. Now: [CPUs: 0.000000/32.000000 - Mem: 128(+0 warm)/512]
2026/07/04 18:30:12 [mab_dynamic_1783182575] Executing on container: d3266c060e0c79e63d7b668af484224760f32a1eb3004ca144b0bd8df4a69721
2026/07/04 18:30:12 Using warm d3266c060e0c79e63d7b668af484224760f32a1eb3004ca144b0bd8df4a69721 for mab_dynamic_1783182575. Now: [CPUs: 0.000000/32.000000 - Mem: 128(+0 warm)/512]
2026/07/04 18:30:12 [mab_dynamic_1783182575] Executing on container: d3266c060e0c79e63d7b668af484224760f32a1eb3004ca144b0bd8df4a69721
2026/07/04 18:30:12 Using warm d3266c060e0c79e63d7b668af484224760f32a1eb3004ca144b0bd8df4a69721 for mab_dynamic_1783182575. Now: [CPUs: 0.000000/32.000000 - Mem: 128(+0 warm)/512]
2026/07/04 18:30:12 [mab_dynamic_1783182575] Executing on container: d3266c060e0c79e63d7b668af484224760f32a1eb3004ca144b0bd8df4a69721
2026/07/04 18:30:12 Using warm d3266c060e0c79e63d7b668af484224760f32a1eb3004ca144b0bd8df4a69721 for mab_dynamic_1783182575. Now: [CPUs: 0.000000/32.000000 - Mem: 128(+0 warm)/512]
2026/07/04 18:30:12 [mab_dynamic_1783182575] Executing on container: d3266c060e0c79e63d7b668af484224760f32a1eb3004ca144b0bd8df4a69721
2026/07/04 18:30:13 Using warm d3266c060e0c79e63d7b668af484224760f32a1eb3004ca144b0bd8df4a69721 for mab_dynamic_1783182575. Now: [CPUs: 0.000000/32.000000 - Mem: 128(+0 warm)/512]
2026/07/04 18:30:13 [mab_dynamic_1783182575] Executing on container: d3266c060e0c79e63d7b668af484224760f32a1eb3004ca144b0bd8df4a69721
2026/07/04 18:30:13 Using warm d3266c060e0c79e63d7b668af484224760f32a1eb3004ca144b0bd8df4a69721 for mab_dynamic_1783182575. Now: [CPUs: 0.000000/32.000000 - Mem: 128(+0 warm)/512]
2026/07/04 18:30:13 [mab_dynamic_1783182575] Executing on container: d3266c060e0c79e63d7b668af484224760f32a1eb3004ca144b0bd8df4a69721
2026/07/04 18:30:13 Using warm d3266c060e0c79e63d7b668af484224760f32a1eb3004ca144b0bd8df4a69721 for mab_dynamic_1783182575. Now: [CPUs: 0.000000/32.000000 - Mem: 128(+0 warm)/512]
2026/07/04 18:30:13 [mab_dynamic_1783182575] Executing on container: d3266c060e0c79e63d7b668af484224760f32a1eb3004ca144b0bd8df4a69721
2026/07/04 18:30:13 Using warm d3266c060e0c79e63d7b668af484224760f32a1eb3004ca144b0bd8df4a69721 for mab_dynamic_1783182575. Now: [CPUs: 0.000000/32.000000 - Mem: 128(+0 warm)/512]
2026/07/04 18:30:13 [mab_dynamic_1783182575] Executing on container: d3266c060e0c79e63d7b668af484224760f32a1eb3004ca144b0bd8df4a69721
2026/07/04 18:30:13 Using warm d3266c060e0c79e63d7b668af484224760f32a1eb3004ca144b0bd8df4a69721 for mab_dynamic_1783182575. Now: [CPUs: 0.000000/32.000000 - Mem: 128(+0 warm)/512]
2026/07/04 18:30:13 [mab_dynamic_1783182575] Executing on container: d3266c060e0c79e63d7b668af484224760f32a1eb3004ca144b0bd8df4a69721
2026/07/04 18:30:14 Using warm d3266c060e0c79e63d7b668af484224760f32a1eb3004ca144b0bd8df4a69721 for mab_dynamic_1783182575. Now: [CPUs: 0.000000/32.000000 - Mem: 128(+0 warm)/512]
2026/07/04 18:30:14 [mab_dynamic_1783182575] Executing on container: d3266c060e0c79e63d7b668af484224760f32a1eb3004ca144b0bd8df4a69721
2026/07/04 18:30:14 Using warm d3266c060e0c79e63d7b668af484224760f32a1eb3004ca144b0bd8df4a69721 for mab_dynamic_1783182575. Now: [CPUs: 0.000000/32.000000 - Mem: 128(+0 warm)/512]
2026/07/04 18:30:14 [mab_dynamic_1783182575] Executing on container: d3266c060e0c79e63d7b668af484224760f32a1eb3004ca144b0bd8df4a69721
2026/07/04 18:30:14 Using warm d3266c060e0c79e63d7b668af484224760f32a1eb3004ca144b0bd8df4a69721 for mab_dynamic_1783182575. Now: [CPUs: 0.000000/32.000000 - Mem: 128(+0 warm)/512]
2026/07/04 18:30:14 [mab_dynamic_1783182575] Executing on container: d3266c060e0c79e63d7b668af484224760f32a1eb3004ca144b0bd8df4a69721
2026/07/04 18:30:14 Using warm d3266c060e0c79e63d7b668af484224760f32a1eb3004ca144b0bd8df4a69721 for mab_dynamic_1783182575. Now: [CPUs: 0.000000/32.000000 - Mem: 128(+0 warm)/512]
2026/07/04 18:30:14 [mab_dynamic_1783182575] Executing on container: d3266c060e0c79e63d7b668af484224760f32a1eb3004ca144b0bd8df4a69721
2026/07/04 18:30:15 Using warm d3266c060e0c79e63d7b668af484224760f32a1eb3004ca144b0bd8df4a69721 for mab_dynamic_1783182575. Now: [CPUs: 0.000000/32.000000 - Mem: 128(+0 warm)/512]
2026/07/04 18:30:15 [mab_dynamic_1783182575] Executing on container: d3266c060e0c79e63d7b668af484224760f32a1eb3004ca144b0bd8df4a69721
2026/07/04 18:30:15 Using warm d3266c060e0c79e63d7b668af484224760f32a1eb3004ca144b0bd8df4a69721 for mab_dynamic_1783182575. Now: [CPUs: 0.000000/32.000000 - Mem: 128(+0 warm)/512]
2026/07/04 18:30:15 [mab_dynamic_1783182575] Executing on container: d3266c060e0c79e63d7b668af484224760f32a1eb3004ca144b0bd8df4a69721
2026/07/04 18:30:15 Using warm d3266c060e0c79e63d7b668af484224760f32a1eb3004ca144b0bd8df4a69721 for mab_dynamic_1783182575. Now: [CPUs: 0.000000/32.000000 - Mem: 128(+0 warm)/512]
2026/07/04 18:30:15 [mab_dynamic_1783182575] Executing on container: d3266c060e0c79e63d7b668af484224760f32a1eb3004ca144b0bd8df4a69721
2026/07/04 18:30:15 Using warm d3266c060e0c79e63d7b668af484224760f32a1eb3004ca144b0bd8df4a69721 for mab_dynamic_1783182575. Now: [CPUs: 0.000000/32.000000 - Mem: 128(+0 warm)/512]
2026/07/04 18:30:15 [mab_dynamic_1783182575] Executing on container: d3266c060e0c79e63d7b668af484224760f32a1eb3004ca144b0bd8df4a69721
