2026/07/04 18:29:42 Local node id: (ROME)Xsv7AQnvp2tkPcEpGJfLK31783182582413545830 - x86 (arch: amd64)
2026/07/04 18:29:42 Registration for node: (ROME)Xsv7AQnvp2tkPcEpGJfLK31783182582413545830 - x86
2026/07/04 18:29:42 Connecting to etcd
2026/07/04 18:29:42 Connected to etcd
2026/07/04 18:29:42 etcd connection state: TRANSIENT_FAILURE
2026/07/04 18:29:42 etcd: transient failure, triggering reconnect
2026/07/04 18:29:43 etcd connection state: READY
2026/07/04 18:29:43 etcd: connected and ready
2026/07/04 18:29:43 Registering to etcd: registry/ROME/x86/Xsv7AQnvp2tkPcEpGJfLK31783182582413545830
2026/07/04 18:29:43 Configured scheduling policy: default
2026/07/04 18:29:43 Configured offloading policy: disable
2026/07/04 18:29:43 Current resources: [CPUs: 0.000000/32.000000 - Mem: 0(+0 warm)/512]
2026/07/04 18:29:43 Scheduler started.
2026/07/04 18:29:43 No remote area is configured; vertical offloading disabled
2026/07/04 18:29:43 UDP server up and listening on port 9881
⇨ http server started on [::]:1328
2026/07/04 18:29:52 Container c5bfda7ae83dd0c9e1d7fc9ea5ecc8cade5f8df77e2cebbe81ede774fce247a2 has name /funny_torvalds
2026/07/04 18:29:52 [mab_dynamic_1783182575] Executing on container: c5bfda7ae83dd0c9e1d7fc9ea5ecc8cade5f8df77e2cebbe81ede774fce247a2
2026/07/04 18:29:53 Using warm c5bfda7ae83dd0c9e1d7fc9ea5ecc8cade5f8df77e2cebbe81ede774fce247a2 for mab_dynamic_1783182575. Now: [CPUs: 0.000000/32.000000 - Mem: 128(+0 warm)/512]
2026/07/04 18:29:53 [mab_dynamic_1783182575] Executing on container: c5bfda7ae83dd0c9e1d7fc9ea5ecc8cade5f8df77e2cebbe81ede774fce247a2
2026/07/04 18:29:53 Using warm c5bfda7ae83dd0c9e1d7fc9ea5ecc8cade5f8df77e2cebbe81ede774fce247a2 for mab_dynamic_1783182575. Now: [CPUs: 0.000000/32.000000 - Mem: 128(+0 warm)/512]
2026/07/04 18:29:53 [mab_dynamic_1783182575] Executing on container: c5bfda7ae83dd0c9e1d7fc9ea5ecc8cade5f8df77e2cebbe81ede774fce247a2
2026/07/04 18:29:53 Using warm c5bfda7ae83dd0c9e1d7fc9ea5ecc8cade5f8df77e2cebbe81ede774fce247a2 for mab_dynamic_1783182575. Now: [CPUs: 0.000000/32.000000 - Mem: 128(+0 warm)/512]
2026/07/04 18:29:53 [mab_dynamic_1783182575] Executing on container: c5bfda7ae83dd0c9e1d7fc9ea5ecc8cade5f8df77e2cebbe81ede774fce247a2
2026/07/04 18:29:53 Using warm c5bfda7ae83dd0c9e1d7fc9ea5ecc8cade5f8df77e2cebbe81ede774fce247a2 for mab_dynamic_1783182575. Now: [CPUs: 0.000000/32.000000 - Mem: 128(+0 warm)/512]
2026/07/04 18:29:53 [mab_dynamic_1783182575] Executing on container: c5bfda7ae83dd0c9e1d7fc9ea5ecc8cade5f8df77e2cebbe81ede774fce247a2
2026/07/04 18:29:54 Using warm c5bfda7ae83dd0c9e1d7fc9ea5ecc8cade5f8df77e2cebbe81ede774fce247a2 for mab_dynamic_1783182575. Now: [CPUs: 0.000000/32.000000 - Mem: 128(+0 warm)/512]
2026/07/04 18:29:54 [mab_dynamic_1783182575] Executing on container: c5bfda7ae83dd0c9e1d7fc9ea5ecc8cade5f8df77e2cebbe81ede774fce247a2
2026/07/04 18:29:54 Using warm c5bfda7ae83dd0c9e1d7fc9ea5ecc8cade5f8df77e2cebbe81ede774fce247a2 for mab_dynamic_1783182575. Now: [CPUs: 0.000000/32.000000 - Mem: 128(+0 warm)/512]
2026/07/04 18:29:54 [mab_dynamic_1783182575] Executing on container: c5bfda7ae83dd0c9e1d7fc9ea5ecc8cade5f8df77e2cebbe81ede774fce247a2
2026/07/04 18:29:54 Using warm c5bfda7ae83dd0c9e1d7fc9ea5ecc8cade5f8df77e2cebbe81ede774fce247a2 for mab_dynamic_1783182575. Now: [CPUs: 0.000000/32.000000 - Mem: 128(+0 warm)/512]
2026/07/04 18:29:54 [mab_dynamic_1783182575] Executing on container: c5bfda7ae83dd0c9e1d7fc9ea5ecc8cade5f8df77e2cebbe81ede774fce247a2
2026/07/04 18:29:54 Using warm c5bfda7ae83dd0c9e1d7fc9ea5ecc8cade5f8df77e2cebbe81ede774fce247a2 for mab_dynamic_1783182575. Now: [CPUs: 0.000000/32.000000 - Mem: 128(+0 warm)/512]
2026/07/04 18:29:54 [mab_dynamic_1783182575] Executing on container: c5bfda7ae83dd0c9e1d7fc9ea5ecc8cade5f8df77e2cebbe81ede774fce247a2
2026/07/04 18:29:54 Using warm c5bfda7ae83dd0c9e1d7fc9ea5ecc8cade5f8df77e2cebbe81ede774fce247a2 for mab_dynamic_1783182575. Now: [CPUs: 0.000000/32.000000 - Mem: 128(+0 warm)/512]
2026/07/04 18:29:54 [mab_dynamic_1783182575] Executing on container: c5bfda7ae83dd0c9e1d7fc9ea5ecc8cade5f8df77e2cebbe81ede774fce247a2
2026/07/04 18:29:55 Using warm c5bfda7ae83dd0c9e1d7fc9ea5ecc8cade5f8df77e2cebbe81ede774fce247a2 for mab_dynamic_1783182575. Now: [CPUs: 0.000000/32.000000 - Mem: 128(+0 warm)/512]
2026/07/04 18:29:55 [mab_dynamic_1783182575] Executing on container: c5bfda7ae83dd0c9e1d7fc9ea5ecc8cade5f8df77e2cebbe81ede774fce247a2
2026/07/04 18:29:55 Using warm c5bfda7ae83dd0c9e1d7fc9ea5ecc8cade5f8df77e2cebbe81ede774fce247a2 for mab_dynamic_1783182575. Now: [CPUs: 0.000000/32.000000 - Mem: 128(+0 warm)/512]
2026/07/04 18:29:55 [mab_dynamic_1783182575] Executing on container: c5bfda7ae83dd0c9e1d7fc9ea5ecc8cade5f8df77e2cebbe81ede774fce247a2
2026/07/04 18:29:55 Using warm c5bfda7ae83dd0c9e1d7fc9ea5ecc8cade5f8df77e2cebbe81ede774fce247a2 for mab_dynamic_1783182575. Now: [CPUs: 0.000000/32.000000 - Mem: 128(+0 warm)/512]
2026/07/04 18:29:55 [mab_dynamic_1783182575] Executing on container: c5bfda7ae83dd0c9e1d7fc9ea5ecc8cade5f8df77e2cebbe81ede774fce247a2
2026/07/04 18:29:55 Using warm c5bfda7ae83dd0c9e1d7fc9ea5ecc8cade5f8df77e2cebbe81ede774fce247a2 for mab_dynamic_1783182575. Now: [CPUs: 0.000000/32.000000 - Mem: 128(+0 warm)/512]
2026/07/04 18:29:55 [mab_dynamic_1783182575] Executing on container: c5bfda7ae83dd0c9e1d7fc9ea5ecc8cade5f8df77e2cebbe81ede774fce247a2
2026/07/04 18:29:56 Using warm c5bfda7ae83dd0c9e1d7fc9ea5ecc8cade5f8df77e2cebbe81ede774fce247a2 for mab_dynamic_1783182575. Now: [CPUs: 0.000000/32.000000 - Mem: 128(+0 warm)/512]
2026/07/04 18:29:56 [mab_dynamic_1783182575] Executing on container: c5bfda7ae83dd0c9e1d7fc9ea5ecc8cade5f8df77e2cebbe81ede774fce247a2
2026/07/04 18:30:03 Periodic nearby Monitoring
2026/07/04 18:30:03 Requesting status information for 192.168.0.46:9877
2026/07/04 18:30:04 Using warm c5bfda7ae83dd0c9e1d7fc9ea5ecc8cade5f8df77e2cebbe81ede774fce247a2 for mab_dynamic_1783182575. Now: [CPUs: 0.000000/32.000000 - Mem: 128(+0 warm)/512]
2026/07/04 18:30:04 [mab_dynamic_1783182575] Executing on container: c5bfda7ae83dd0c9e1d7fc9ea5ecc8cade5f8df77e2cebbe81ede774fce247a2
2026/07/04 18:30:04 Using warm c5bfda7ae83dd0c9e1d7fc9ea5ecc8cade5f8df77e2cebbe81ede774fce247a2 for mab_dynamic_1783182575. Now: [CPUs: 0.000000/32.000000 - Mem: 128(+0 warm)/512]
2026/07/04 18:30:04 [mab_dynamic_1783182575] Executing on container: c5bfda7ae83dd0c9e1d7fc9ea5ecc8cade5f8df77e2cebbe81ede774fce247a2
2026/07/04 18:30:13 No remote area is configured; vertical offloading disabled
