2026/07/05 17:01:45 Local node id: (ROME)BsSpu8uJfLgvAwNzsUZZdd1783263705840818188 - arm (arch: amd64)
2026/07/05 17:01:45 Registration for node: (ROME)BsSpu8uJfLgvAwNzsUZZdd1783263705840818188 - arm
2026/07/05 17:01:45 Connecting to etcd
2026/07/05 17:01:45 Connected to etcd
2026/07/05 17:01:45 etcd connection state: READY
2026/07/05 17:01:45 etcd: connected and ready
2026/07/05 17:01:45 Registering to etcd: registry/ROME/arm/BsSpu8uJfLgvAwNzsUZZdd1783263705840818188
2026/07/05 17:01:45 Configured scheduling policy: default
2026/07/05 17:01:45 Configured offloading policy: disable
2026/07/05 17:01:45 Current resources: [CPUs: 0.000000/32.000000 - Mem: 0(+0 warm)/512]
2026/07/05 17:01:45 Scheduler started.
2026/07/05 17:01:45 No remote area is configured; vertical offloading disabled
2026/07/05 17:01:45 UDP server up and listening on port 9876
⇨ http server started on [::]:1323
2026/07/05 17:01:53 Container 745af745295464cd054e64842cc2ffb6de84a352075a2862f7def3dcaa11d845 has name /pensive_thompson
2026/07/05 17:01:53 [mab_dynamic_linucb_1783263690] Executing on container: 745af745295464cd054e64842cc2ffb6de84a352075a2862f7def3dcaa11d845
2026/07/05 17:01:54 Using warm 745af745295464cd054e64842cc2ffb6de84a352075a2862f7def3dcaa11d845 for mab_dynamic_linucb_1783263690. Now: [CPUs: 0.000000/32.000000 - Mem: 128(+0 warm)/512]
2026/07/05 17:01:54 [mab_dynamic_linucb_1783263690] Executing on container: 745af745295464cd054e64842cc2ffb6de84a352075a2862f7def3dcaa11d845
2026/07/05 17:01:54 Using warm 745af745295464cd054e64842cc2ffb6de84a352075a2862f7def3dcaa11d845 for mab_dynamic_linucb_1783263690. Now: [CPUs: 0.000000/32.000000 - Mem: 128(+0 warm)/512]
2026/07/05 17:01:54 [mab_dynamic_linucb_1783263690] Executing on container: 745af745295464cd054e64842cc2ffb6de84a352075a2862f7def3dcaa11d845
2026/07/05 17:01:55 Using warm 745af745295464cd054e64842cc2ffb6de84a352075a2862f7def3dcaa11d845 for mab_dynamic_linucb_1783263690. Now: [CPUs: 0.000000/32.000000 - Mem: 128(+0 warm)/512]
2026/07/05 17:01:55 [mab_dynamic_linucb_1783263690] Executing on container: 745af745295464cd054e64842cc2ffb6de84a352075a2862f7def3dcaa11d845
2026/07/05 17:01:55 Using warm 745af745295464cd054e64842cc2ffb6de84a352075a2862f7def3dcaa11d845 for mab_dynamic_linucb_1783263690. Now: [CPUs: 0.000000/32.000000 - Mem: 128(+0 warm)/512]
2026/07/05 17:01:55 [mab_dynamic_linucb_1783263690] Executing on container: 745af745295464cd054e64842cc2ffb6de84a352075a2862f7def3dcaa11d845
2026/07/05 17:01:55 Using warm 745af745295464cd054e64842cc2ffb6de84a352075a2862f7def3dcaa11d845 for mab_dynamic_linucb_1783263690. Now: [CPUs: 0.000000/32.000000 - Mem: 128(+0 warm)/512]
2026/07/05 17:01:55 [mab_dynamic_linucb_1783263690] Executing on container: 745af745295464cd054e64842cc2ffb6de84a352075a2862f7def3dcaa11d845
2026/07/05 17:01:55 Using warm 745af745295464cd054e64842cc2ffb6de84a352075a2862f7def3dcaa11d845 for mab_dynamic_linucb_1783263690. Now: [CPUs: 0.000000/32.000000 - Mem: 128(+0 warm)/512]
2026/07/05 17:01:55 [mab_dynamic_linucb_1783263690] Executing on container: 745af745295464cd054e64842cc2ffb6de84a352075a2862f7def3dcaa11d845
2026/07/05 17:01:55 Using warm 745af745295464cd054e64842cc2ffb6de84a352075a2862f7def3dcaa11d845 for mab_dynamic_linucb_1783263690. Now: [CPUs: 0.000000/32.000000 - Mem: 128(+0 warm)/512]
2026/07/05 17:01:55 [mab_dynamic_linucb_1783263690] Executing on container: 745af745295464cd054e64842cc2ffb6de84a352075a2862f7def3dcaa11d845
2026/07/05 17:01:56 Using warm 745af745295464cd054e64842cc2ffb6de84a352075a2862f7def3dcaa11d845 for mab_dynamic_linucb_1783263690. Now: [CPUs: 0.000000/32.000000 - Mem: 128(+0 warm)/512]
2026/07/05 17:01:56 [mab_dynamic_linucb_1783263690] Executing on container: 745af745295464cd054e64842cc2ffb6de84a352075a2862f7def3dcaa11d845
2026/07/05 17:01:56 Using warm 745af745295464cd054e64842cc2ffb6de84a352075a2862f7def3dcaa11d845 for mab_dynamic_linucb_1783263690. Now: [CPUs: 0.000000/32.000000 - Mem: 128(+0 warm)/512]
2026/07/05 17:01:56 [mab_dynamic_linucb_1783263690] Executing on container: 745af745295464cd054e64842cc2ffb6de84a352075a2862f7def3dcaa11d845
2026/07/05 17:01:56 Using warm 745af745295464cd054e64842cc2ffb6de84a352075a2862f7def3dcaa11d845 for mab_dynamic_linucb_1783263690. Now: [CPUs: 0.000000/32.000000 - Mem: 128(+0 warm)/512]
2026/07/05 17:01:56 [mab_dynamic_linucb_1783263690] Executing on container: 745af745295464cd054e64842cc2ffb6de84a352075a2862f7def3dcaa11d845
2026/07/05 17:01:56 Using warm 745af745295464cd054e64842cc2ffb6de84a352075a2862f7def3dcaa11d845 for mab_dynamic_linucb_1783263690. Now: [CPUs: 0.000000/32.000000 - Mem: 128(+0 warm)/512]
2026/07/05 17:01:56 [mab_dynamic_linucb_1783263690] Executing on container: 745af745295464cd054e64842cc2ffb6de84a352075a2862f7def3dcaa11d845
2026/07/05 17:01:57 Using warm 745af745295464cd054e64842cc2ffb6de84a352075a2862f7def3dcaa11d845 for mab_dynamic_linucb_1783263690. Now: [CPUs: 0.000000/32.000000 - Mem: 128(+0 warm)/512]
2026/07/05 17:01:57 [mab_dynamic_linucb_1783263690] Executing on container: 745af745295464cd054e64842cc2ffb6de84a352075a2862f7def3dcaa11d845
2026/07/05 17:01:57 Using warm 745af745295464cd054e64842cc2ffb6de84a352075a2862f7def3dcaa11d845 for mab_dynamic_linucb_1783263690. Now: [CPUs: 0.000000/32.000000 - Mem: 128(+0 warm)/512]
2026/07/05 17:01:57 [mab_dynamic_linucb_1783263690] Executing on container: 745af745295464cd054e64842cc2ffb6de84a352075a2862f7def3dcaa11d845
2026/07/05 17:01:57 Using warm 745af745295464cd054e64842cc2ffb6de84a352075a2862f7def3dcaa11d845 for mab_dynamic_linucb_1783263690. Now: [CPUs: 0.000000/32.000000 - Mem: 128(+0 warm)/512]
2026/07/05 17:01:57 [mab_dynamic_linucb_1783263690] Executing on container: 745af745295464cd054e64842cc2ffb6de84a352075a2862f7def3dcaa11d845
2026/07/05 17:01:57 Using warm 745af745295464cd054e64842cc2ffb6de84a352075a2862f7def3dcaa11d845 for mab_dynamic_linucb_1783263690. Now: [CPUs: 0.000000/32.000000 - Mem: 128(+0 warm)/512]
2026/07/05 17:01:57 [mab_dynamic_linucb_1783263690] Executing on container: 745af745295464cd054e64842cc2ffb6de84a352075a2862f7def3dcaa11d845
2026/07/05 17:01:57 Using warm 745af745295464cd054e64842cc2ffb6de84a352075a2862f7def3dcaa11d845 for mab_dynamic_linucb_1783263690. Now: [CPUs: 0.000000/32.000000 - Mem: 128(+0 warm)/512]
2026/07/05 17:01:57 [mab_dynamic_linucb_1783263690] Executing on container: 745af745295464cd054e64842cc2ffb6de84a352075a2862f7def3dcaa11d845
2026/07/05 17:01:58 Using warm 745af745295464cd054e64842cc2ffb6de84a352075a2862f7def3dcaa11d845 for mab_dynamic_linucb_1783263690. Now: [CPUs: 0.000000/32.000000 - Mem: 128(+0 warm)/512]
2026/07/05 17:01:58 [mab_dynamic_linucb_1783263690] Executing on container: 745af745295464cd054e64842cc2ffb6de84a352075a2862f7def3dcaa11d845
2026/07/05 17:01:58 Using warm 745af745295464cd054e64842cc2ffb6de84a352075a2862f7def3dcaa11d845 for mab_dynamic_linucb_1783263690. Now: [CPUs: 0.000000/32.000000 - Mem: 128(+0 warm)/512]
2026/07/05 17:01:58 [mab_dynamic_linucb_1783263690] Executing on container: 745af745295464cd054e64842cc2ffb6de84a352075a2862f7def3dcaa11d845
2026/07/05 17:01:58 Using warm 745af745295464cd054e64842cc2ffb6de84a352075a2862f7def3dcaa11d845 for mab_dynamic_linucb_1783263690. Now: [CPUs: 0.000000/32.000000 - Mem: 128(+0 warm)/512]
2026/07/05 17:01:58 [mab_dynamic_linucb_1783263690] Executing on container: 745af745295464cd054e64842cc2ffb6de84a352075a2862f7def3dcaa11d845
2026/07/05 17:01:58 Using warm 745af745295464cd054e64842cc2ffb6de84a352075a2862f7def3dcaa11d845 for mab_dynamic_linucb_1783263690. Now: [CPUs: 0.000000/32.000000 - Mem: 128(+0 warm)/512]
2026/07/05 17:01:58 [mab_dynamic_linucb_1783263690] Executing on container: 745af745295464cd054e64842cc2ffb6de84a352075a2862f7def3dcaa11d845
2026/07/05 17:01:59 Using warm 745af745295464cd054e64842cc2ffb6de84a352075a2862f7def3dcaa11d845 for mab_dynamic_linucb_1783263690. Now: [CPUs: 0.000000/32.000000 - Mem: 128(+0 warm)/512]
2026/07/05 17:01:59 [mab_dynamic_linucb_1783263690] Executing on container: 745af745295464cd054e64842cc2ffb6de84a352075a2862f7def3dcaa11d845
2026/07/05 17:01:59 Using warm 745af745295464cd054e64842cc2ffb6de84a352075a2862f7def3dcaa11d845 for mab_dynamic_linucb_1783263690. Now: [CPUs: 0.000000/32.000000 - Mem: 128(+0 warm)/512]
2026/07/05 17:01:59 [mab_dynamic_linucb_1783263690] Executing on container: 745af745295464cd054e64842cc2ffb6de84a352075a2862f7def3dcaa11d845
2026/07/05 17:01:59 Using warm 745af745295464cd054e64842cc2ffb6de84a352075a2862f7def3dcaa11d845 for mab_dynamic_linucb_1783263690. Now: [CPUs: 0.000000/32.000000 - Mem: 128(+0 warm)/512]
2026/07/05 17:01:59 [mab_dynamic_linucb_1783263690] Executing on container: 745af745295464cd054e64842cc2ffb6de84a352075a2862f7def3dcaa11d845
2026/07/05 17:01:59 Using warm 745af745295464cd054e64842cc2ffb6de84a352075a2862f7def3dcaa11d845 for mab_dynamic_linucb_1783263690. Now: [CPUs: 0.000000/32.000000 - Mem: 128(+0 warm)/512]
2026/07/05 17:01:59 [mab_dynamic_linucb_1783263690] Executing on container: 745af745295464cd054e64842cc2ffb6de84a352075a2862f7def3dcaa11d845
2026/07/05 17:01:59 Using warm 745af745295464cd054e64842cc2ffb6de84a352075a2862f7def3dcaa11d845 for mab_dynamic_linucb_1783263690. Now: [CPUs: 0.000000/32.000000 - Mem: 128(+0 warm)/512]
2026/07/05 17:01:59 [mab_dynamic_linucb_1783263690] Executing on container: 745af745295464cd054e64842cc2ffb6de84a352075a2862f7def3dcaa11d845
2026/07/05 17:02:00 Using warm 745af745295464cd054e64842cc2ffb6de84a352075a2862f7def3dcaa11d845 for mab_dynamic_linucb_1783263690. Now: [CPUs: 0.000000/32.000000 - Mem: 128(+0 warm)/512]
2026/07/05 17:02:00 [mab_dynamic_linucb_1783263690] Executing on container: 745af745295464cd054e64842cc2ffb6de84a352075a2862f7def3dcaa11d845
2026/07/05 17:02:00 Using warm 745af745295464cd054e64842cc2ffb6de84a352075a2862f7def3dcaa11d845 for mab_dynamic_linucb_1783263690. Now: [CPUs: 0.000000/32.000000 - Mem: 128(+0 warm)/512]
2026/07/05 17:02:00 [mab_dynamic_linucb_1783263690] Executing on container: 745af745295464cd054e64842cc2ffb6de84a352075a2862f7def3dcaa11d845
2026/07/05 17:02:00 Using warm 745af745295464cd054e64842cc2ffb6de84a352075a2862f7def3dcaa11d845 for mab_dynamic_linucb_1783263690. Now: [CPUs: 0.000000/32.000000 - Mem: 128(+0 warm)/512]
2026/07/05 17:02:00 [mab_dynamic_linucb_1783263690] Executing on container: 745af745295464cd054e64842cc2ffb6de84a352075a2862f7def3dcaa11d845
2026/07/05 17:02:00 Using warm 745af745295464cd054e64842cc2ffb6de84a352075a2862f7def3dcaa11d845 for mab_dynamic_linucb_1783263690. Now: [CPUs: 0.000000/32.000000 - Mem: 128(+0 warm)/512]
2026/07/05 17:02:00 [mab_dynamic_linucb_1783263690] Executing on container: 745af745295464cd054e64842cc2ffb6de84a352075a2862f7def3dcaa11d845
2026/07/05 17:02:01 Using warm 745af745295464cd054e64842cc2ffb6de84a352075a2862f7def3dcaa11d845 for mab_dynamic_linucb_1783263690. Now: [CPUs: 0.000000/32.000000 - Mem: 128(+0 warm)/512]
2026/07/05 17:02:01 [mab_dynamic_linucb_1783263690] Executing on container: 745af745295464cd054e64842cc2ffb6de84a352075a2862f7def3dcaa11d845
2026/07/05 17:02:01 Using warm 745af745295464cd054e64842cc2ffb6de84a352075a2862f7def3dcaa11d845 for mab_dynamic_linucb_1783263690. Now: [CPUs: 0.000000/32.000000 - Mem: 128(+0 warm)/512]
2026/07/05 17:02:01 [mab_dynamic_linucb_1783263690] Executing on container: 745af745295464cd054e64842cc2ffb6de84a352075a2862f7def3dcaa11d845
2026/07/05 17:02:01 Using warm 745af745295464cd054e64842cc2ffb6de84a352075a2862f7def3dcaa11d845 for mab_dynamic_linucb_1783263690. Now: [CPUs: 0.000000/32.000000 - Mem: 128(+0 warm)/512]
2026/07/05 17:02:01 [mab_dynamic_linucb_1783263690] Executing on container: 745af745295464cd054e64842cc2ffb6de84a352075a2862f7def3dcaa11d845
2026/07/05 17:02:01 Using warm 745af745295464cd054e64842cc2ffb6de84a352075a2862f7def3dcaa11d845 for mab_dynamic_linucb_1783263690. Now: [CPUs: 0.000000/32.000000 - Mem: 128(+0 warm)/512]
2026/07/05 17:02:01 [mab_dynamic_linucb_1783263690] Executing on container: 745af745295464cd054e64842cc2ffb6de84a352075a2862f7def3dcaa11d845
2026/07/05 17:02:01 Using warm 745af745295464cd054e64842cc2ffb6de84a352075a2862f7def3dcaa11d845 for mab_dynamic_linucb_1783263690. Now: [CPUs: 0.000000/32.000000 - Mem: 128(+0 warm)/512]
2026/07/05 17:02:01 [mab_dynamic_linucb_1783263690] Executing on container: 745af745295464cd054e64842cc2ffb6de84a352075a2862f7def3dcaa11d845
2026/07/05 17:02:02 Using warm 745af745295464cd054e64842cc2ffb6de84a352075a2862f7def3dcaa11d845 for mab_dynamic_linucb_1783263690. Now: [CPUs: 0.000000/32.000000 - Mem: 128(+0 warm)/512]
2026/07/05 17:02:02 [mab_dynamic_linucb_1783263690] Executing on container: 745af745295464cd054e64842cc2ffb6de84a352075a2862f7def3dcaa11d845
2026/07/05 17:02:02 Using warm 745af745295464cd054e64842cc2ffb6de84a352075a2862f7def3dcaa11d845 for mab_dynamic_linucb_1783263690. Now: [CPUs: 0.000000/32.000000 - Mem: 128(+0 warm)/512]
2026/07/05 17:02:02 [mab_dynamic_linucb_1783263690] Executing on container: 745af745295464cd054e64842cc2ffb6de84a352075a2862f7def3dcaa11d845
2026/07/05 17:02:02 Using warm 745af745295464cd054e64842cc2ffb6de84a352075a2862f7def3dcaa11d845 for mab_dynamic_linucb_1783263690. Now: [CPUs: 0.000000/32.000000 - Mem: 128(+0 warm)/512]
2026/07/05 17:02:02 [mab_dynamic_linucb_1783263690] Executing on container: 745af745295464cd054e64842cc2ffb6de84a352075a2862f7def3dcaa11d845
2026/07/05 17:02:02 Using warm 745af745295464cd054e64842cc2ffb6de84a352075a2862f7def3dcaa11d845 for mab_dynamic_linucb_1783263690. Now: [CPUs: 0.000000/32.000000 - Mem: 128(+0 warm)/512]
2026/07/05 17:02:02 [mab_dynamic_linucb_1783263690] Executing on container: 745af745295464cd054e64842cc2ffb6de84a352075a2862f7def3dcaa11d845
2026/07/05 17:02:03 Using warm 745af745295464cd054e64842cc2ffb6de84a352075a2862f7def3dcaa11d845 for mab_dynamic_linucb_1783263690. Now: [CPUs: 0.000000/32.000000 - Mem: 128(+0 warm)/512]
2026/07/05 17:02:03 [mab_dynamic_linucb_1783263690] Executing on container: 745af745295464cd054e64842cc2ffb6de84a352075a2862f7def3dcaa11d845
2026/07/05 17:02:03 Using warm 745af745295464cd054e64842cc2ffb6de84a352075a2862f7def3dcaa11d845 for mab_dynamic_linucb_1783263690. Now: [CPUs: 0.000000/32.000000 - Mem: 128(+0 warm)/512]
2026/07/05 17:02:03 [mab_dynamic_linucb_1783263690] Executing on container: 745af745295464cd054e64842cc2ffb6de84a352075a2862f7def3dcaa11d845
2026/07/05 17:02:03 Using warm 745af745295464cd054e64842cc2ffb6de84a352075a2862f7def3dcaa11d845 for mab_dynamic_linucb_1783263690. Now: [CPUs: 0.000000/32.000000 - Mem: 128(+0 warm)/512]
2026/07/05 17:02:03 [mab_dynamic_linucb_1783263690] Executing on container: 745af745295464cd054e64842cc2ffb6de84a352075a2862f7def3dcaa11d845
2026/07/05 17:02:03 Using warm 745af745295464cd054e64842cc2ffb6de84a352075a2862f7def3dcaa11d845 for mab_dynamic_linucb_1783263690. Now: [CPUs: 0.000000/32.000000 - Mem: 128(+0 warm)/512]
2026/07/05 17:02:03 [mab_dynamic_linucb_1783263690] Executing on container: 745af745295464cd054e64842cc2ffb6de84a352075a2862f7def3dcaa11d845
2026/07/05 17:02:03 Using warm 745af745295464cd054e64842cc2ffb6de84a352075a2862f7def3dcaa11d845 for mab_dynamic_linucb_1783263690. Now: [CPUs: 0.000000/32.000000 - Mem: 128(+0 warm)/512]
2026/07/05 17:02:03 [mab_dynamic_linucb_1783263690] Executing on container: 745af745295464cd054e64842cc2ffb6de84a352075a2862f7def3dcaa11d845
2026/07/05 17:02:04 Using warm 745af745295464cd054e64842cc2ffb6de84a352075a2862f7def3dcaa11d845 for mab_dynamic_linucb_1783263690. Now: [CPUs: 0.000000/32.000000 - Mem: 128(+0 warm)/512]
2026/07/05 17:02:04 [mab_dynamic_linucb_1783263690] Executing on container: 745af745295464cd054e64842cc2ffb6de84a352075a2862f7def3dcaa11d845
2026/07/05 17:02:04 Using warm 745af745295464cd054e64842cc2ffb6de84a352075a2862f7def3dcaa11d845 for mab_dynamic_linucb_1783263690. Now: [CPUs: 0.000000/32.000000 - Mem: 128(+0 warm)/512]
2026/07/05 17:02:04 [mab_dynamic_linucb_1783263690] Executing on container: 745af745295464cd054e64842cc2ffb6de84a352075a2862f7def3dcaa11d845
2026/07/05 17:02:04 Using warm 745af745295464cd054e64842cc2ffb6de84a352075a2862f7def3dcaa11d845 for mab_dynamic_linucb_1783263690. Now: [CPUs: 0.000000/32.000000 - Mem: 128(+0 warm)/512]
2026/07/05 17:02:04 [mab_dynamic_linucb_1783263690] Executing on container: 745af745295464cd054e64842cc2ffb6de84a352075a2862f7def3dcaa11d845
2026/07/05 17:02:04 Using warm 745af745295464cd054e64842cc2ffb6de84a352075a2862f7def3dcaa11d845 for mab_dynamic_linucb_1783263690. Now: [CPUs: 0.000000/32.000000 - Mem: 128(+0 warm)/512]
2026/07/05 17:02:04 [mab_dynamic_linucb_1783263690] Executing on container: 745af745295464cd054e64842cc2ffb6de84a352075a2862f7def3dcaa11d845
2026/07/05 17:02:05 Using warm 745af745295464cd054e64842cc2ffb6de84a352075a2862f7def3dcaa11d845 for mab_dynamic_linucb_1783263690. Now: [CPUs: 0.000000/32.000000 - Mem: 128(+0 warm)/512]
2026/07/05 17:02:05 [mab_dynamic_linucb_1783263690] Executing on container: 745af745295464cd054e64842cc2ffb6de84a352075a2862f7def3dcaa11d845
2026/07/05 17:02:05 Using warm 745af745295464cd054e64842cc2ffb6de84a352075a2862f7def3dcaa11d845 for mab_dynamic_linucb_1783263690. Now: [CPUs: 0.000000/32.000000 - Mem: 128(+0 warm)/512]
2026/07/05 17:02:05 [mab_dynamic_linucb_1783263690] Executing on container: 745af745295464cd054e64842cc2ffb6de84a352075a2862f7def3dcaa11d845
