{
	"Success": true,
	"Result": "\"\"",
	"ResponseTime": 1.010188005,
	"IsWarmStart": true,
	"InitTime": 0.000079369,
	"QueueingTime": 0,
	"OffloadLatency": 0,
	"Duration": 1.003369538,
	"Output": "\n",
	"ExecutionArea": "PROFILE_AGGREGATION_TEST",
	"ExecutionNode": "profiling-aggregation-node-20260811_153404",
	"ResourceProfile": {
		"Enabled": true,
		"Collected": true,
		"Valid": true,
		"InvalidReason": "",
		"ContainerID": "6f1f77ef7aea340c2de7a6f18248cff21f38b98d0e21d7adf4254fa2eed3b010",
		"ExclusiveContainer": true,
		"MaxConcurrency": 1,
		"ProfilingLockWaitMs": 0.000302,
		"CPUUsageTotalDeltaNs": 2141000,
		"CPUUsageUserDeltaNs": 859000,
		"CPUUsageKernelDeltaNs": 1282000,
		"CPUThrottledTimeDeltaNs": 0,
		"CPUThrottledPeriodsDelta": 0,
		"OnlineCPUs": 32,
		"UtilizedCPUs": 0.002133810045965338,
		"MemoryUsageBeforeBytes": 18137088,
		"MemoryUsageAfterBytes": 18128896,
		"MemoryUsageDeltaBytes": -8192,
		"MemoryLimitBytes": 134217728,
		"PageFaultsDelta": 0,
		"MajorPageFaultsDelta": 0,
		"PageFaultsAvailable": true,
		"MajorPageFaultsAvailable": true,
		"BlockReadBytesDelta": 0,
		"BlockWriteBytesDelta": 0,
		"BlockReadOpsDelta": 0,
		"BlockWriteOpsDelta": 0,
		"BlockIOAvailable": true,
		"BlockIOBytesAvailable": true,
		"BlockIOOpsAvailable": false,
		"NetworkRxBytesDelta": 916,
		"NetworkTxBytesDelta": 513,
		"NetworkAvailable": true,
		"PIDsBefore": 1,
		"PIDsAfter": 1,
		"ExecutionWallTimeMs": 1003.369538,
		"ProfilingStartOverheadMs": 2.400396,
		"ProfilingEndOverheadMs": 3.410702,
		"ProfilingTotalOverheadMs": 5.811098
	}
}
