{
	"Success": true,
	"Result": "\"\"",
	"ResponseTime": 1.006168089,
	"IsWarmStart": true,
	"InitTime": 0.000060143,
	"QueueingTime": 0,
	"OffloadLatency": 0,
	"Duration": 1.001933524,
	"Output": "\n",
	"ExecutionArea": "PROFILE_AGGREGATION_TEST",
	"ExecutionNode": "profiling-aggregation-node-20260811_153404",
	"ResourceProfile": {
		"Enabled": true,
		"Collected": true,
		"Valid": true,
		"InvalidReason": "",
		"ContainerID": "6f1f77ef7aea340c2de7a6f18248cff21f38b98d0e21d7adf4254fa2eed3b010",
		"ExclusiveContainer": true,
		"MaxConcurrency": 1,
		"ProfilingLockWaitMs": 0.000186,
		"CPUUsageTotalDeltaNs": 1217000,
		"CPUUsageUserDeltaNs": 1193000,
		"CPUUsageKernelDeltaNs": 24000,
		"CPUThrottledTimeDeltaNs": 0,
		"CPUThrottledPeriodsDelta": 0,
		"OnlineCPUs": 32,
		"UtilizedCPUs": 0.001214651442284708,
		"MemoryUsageBeforeBytes": 17940480,
		"MemoryUsageAfterBytes": 17887232,
		"MemoryUsageDeltaBytes": -53248,
		"MemoryLimitBytes": 134217728,
		"PageFaultsDelta": 0,
		"MajorPageFaultsDelta": 0,
		"PageFaultsAvailable": true,
		"MajorPageFaultsAvailable": true,
		"BlockReadBytesDelta": 0,
		"BlockWriteBytesDelta": 0,
		"BlockReadOpsDelta": 0,
		"BlockWriteOpsDelta": 0,
		"BlockIOAvailable": true,
		"BlockIOBytesAvailable": true,
		"BlockIOOpsAvailable": false,
		"NetworkRxBytesDelta": 1188,
		"NetworkTxBytesDelta": 579,
		"NetworkAvailable": true,
		"PIDsBefore": 1,
		"PIDsAfter": 1,
		"ExecutionWallTimeMs": 1001.933524,
		"ProfilingStartOverheadMs": 1.690924,
		"ProfilingEndOverheadMs": 1.914109,
		"ProfilingTotalOverheadMs": 3.605033
	}
}
