{
	"Success": true,
	"Result": "\"\"",
	"ResponseTime": 1.008688379,
	"IsWarmStart": true,
	"InitTime": 0.000114749,
	"QueueingTime": 0,
	"OffloadLatency": 0,
	"Duration": 1.003206053,
	"Output": "\n",
	"ExecutionArea": "PROFILE_AGGREGATION_TEST",
	"ExecutionNode": "profiling-aggregation-node-20260811_153404",
	"ResourceProfile": {
		"Enabled": true,
		"Collected": true,
		"Valid": true,
		"InvalidReason": "",
		"ContainerID": "6f1f77ef7aea340c2de7a6f18248cff21f38b98d0e21d7adf4254fa2eed3b010",
		"ExclusiveContainer": true,
		"MaxConcurrency": 1,
		"ProfilingLockWaitMs": 0.000506,
		"CPUUsageTotalDeltaNs": 1817000,
		"CPUUsageUserDeltaNs": 1818000,
		"CPUUsageKernelDeltaNs": 0,
		"CPUThrottledTimeDeltaNs": 0,
		"CPUThrottledPeriodsDelta": 0,
		"OnlineCPUs": 32,
		"UtilizedCPUs": 0.0018111932185480941,
		"MemoryUsageBeforeBytes": 17444864,
		"MemoryUsageAfterBytes": 17940480,
		"MemoryUsageDeltaBytes": 495616,
		"MemoryLimitBytes": 134217728,
		"PageFaultsDelta": 13,
		"MajorPageFaultsDelta": 0,
		"PageFaultsAvailable": true,
		"MajorPageFaultsAvailable": true,
		"BlockReadBytesDelta": 0,
		"BlockWriteBytesDelta": 0,
		"BlockReadOpsDelta": 0,
		"BlockWriteOpsDelta": 0,
		"BlockIOAvailable": true,
		"BlockIOBytesAvailable": true,
		"BlockIOOpsAvailable": false,
		"NetworkRxBytesDelta": 1170,
		"NetworkTxBytesDelta": 513,
		"NetworkAvailable": true,
		"PIDsBefore": 1,
		"PIDsAfter": 1,
		"ExecutionWallTimeMs": 1003.206053,
		"ProfilingStartOverheadMs": 2.710436,
		"ProfilingEndOverheadMs": 1.807445,
		"ProfilingTotalOverheadMs": 4.517881
	}
}
