{
	"Success": true,
	"Result": "\"\"",
	"ResponseTime": 1.01475295,
	"IsWarmStart": true,
	"InitTime": 0.000070363,
	"QueueingTime": 0,
	"OffloadLatency": 0,
	"Duration": 1.003549825,
	"Output": "\n",
	"ExecutionArea": "PROFILE_AGGREGATION_TEST",
	"ExecutionNode": "profiling-aggregation-node-20260811_153404",
	"ResourceProfile": {
		"Enabled": true,
		"Collected": true,
		"Valid": true,
		"InvalidReason": "",
		"ContainerID": "6f1f77ef7aea340c2de7a6f18248cff21f38b98d0e21d7adf4254fa2eed3b010",
		"ExclusiveContainer": true,
		"MaxConcurrency": 1,
		"ProfilingLockWaitMs": 0.000177,
		"CPUUsageTotalDeltaNs": 2692000,
		"CPUUsageUserDeltaNs": 1773000,
		"CPUUsageKernelDeltaNs": 918000,
		"CPUThrottledTimeDeltaNs": 0,
		"CPUThrottledPeriodsDelta": 0,
		"OnlineCPUs": 32,
		"UtilizedCPUs": 0.0026824776736919863,
		"MemoryUsageBeforeBytes": 18223104,
		"MemoryUsageAfterBytes": 17596416,
		"MemoryUsageDeltaBytes": -626688,
		"MemoryLimitBytes": 134217728,
		"PageFaultsDelta": 7,
		"MajorPageFaultsDelta": 0,
		"PageFaultsAvailable": true,
		"MajorPageFaultsAvailable": true,
		"BlockReadBytesDelta": 0,
		"BlockWriteBytesDelta": 1794048,
		"BlockReadOpsDelta": 0,
		"BlockWriteOpsDelta": 0,
		"BlockIOAvailable": true,
		"BlockIOBytesAvailable": true,
		"BlockIOOpsAvailable": false,
		"NetworkRxBytesDelta": 2132,
		"NetworkTxBytesDelta": 555,
		"NetworkAvailable": true,
		"PIDsBefore": 1,
		"PIDsAfter": 1,
		"ExecutionWallTimeMs": 1003.549825,
		"ProfilingStartOverheadMs": 6.240089,
		"ProfilingEndOverheadMs": 3.807439,
		"ProfilingTotalOverheadMs": 10.047528
	}
}
