{
	"Success": true,
	"Result": "\"\"",
	"ResponseTime": 1.011606125,
	"IsWarmStart": true,
	"InitTime": 0.000093846,
	"QueueingTime": 0,
	"OffloadLatency": 0,
	"Duration": 1.003324942,
	"Output": "\n",
	"ExecutionArea": "PROFILE_AGGREGATION_TEST",
	"ExecutionNode": "profiling-aggregation-node-20260811_153404",
	"ResourceProfile": {
		"Enabled": true,
		"Collected": true,
		"Valid": true,
		"InvalidReason": "",
		"ContainerID": "6f1f77ef7aea340c2de7a6f18248cff21f38b98d0e21d7adf4254fa2eed3b010",
		"ExclusiveContainer": true,
		"MaxConcurrency": 1,
		"ProfilingLockWaitMs": 0.000295,
		"CPUUsageTotalDeltaNs": 2212000,
		"CPUUsageUserDeltaNs": 186000,
		"CPUUsageKernelDeltaNs": 2026000,
		"CPUThrottledTimeDeltaNs": 0,
		"CPUThrottledPeriodsDelta": 0,
		"OnlineCPUs": 32,
		"UtilizedCPUs": 0.0022046696014460286,
		"MemoryUsageBeforeBytes": 17580032,
		"MemoryUsageAfterBytes": 17408000,
		"MemoryUsageDeltaBytes": -172032,
		"MemoryLimitBytes": 134217728,
		"PageFaultsDelta": 0,
		"MajorPageFaultsDelta": 0,
		"PageFaultsAvailable": true,
		"MajorPageFaultsAvailable": true,
		"BlockReadBytesDelta": 0,
		"BlockWriteBytesDelta": 0,
		"BlockReadOpsDelta": 0,
		"BlockWriteOpsDelta": 0,
		"BlockIOAvailable": true,
		"BlockIOBytesAvailable": true,
		"BlockIOOpsAvailable": false,
		"NetworkRxBytesDelta": 1675,
		"NetworkTxBytesDelta": 579,
		"NetworkAvailable": true,
		"PIDsBefore": 1,
		"PIDsAfter": 1,
		"ExecutionWallTimeMs": 1003.324942,
		"ProfilingStartOverheadMs": 2.44942,
		"ProfilingEndOverheadMs": 4.259679,
		"ProfilingTotalOverheadMs": 6.709099
	}
}
