{
	"Success": true,
	"Result": "\"\"",
	"ResponseTime": 1.010622924,
	"IsWarmStart": true,
	"InitTime": 0.000100682,
	"QueueingTime": 0,
	"OffloadLatency": 0,
	"Duration": 1.003324336,
	"Output": "\n",
	"ExecutionArea": "PROFILE_AGGREGATION_TEST",
	"ExecutionNode": "profiling-aggregation-node-20260811_153404",
	"ResourceProfile": {
		"Enabled": true,
		"Collected": true,
		"Valid": true,
		"InvalidReason": "",
		"ContainerID": "6f1f77ef7aea340c2de7a6f18248cff21f38b98d0e21d7adf4254fa2eed3b010",
		"ExclusiveContainer": true,
		"MaxConcurrency": 1,
		"ProfilingLockWaitMs": 0.000269,
		"CPUUsageTotalDeltaNs": 2064000,
		"CPUUsageUserDeltaNs": 1057000,
		"CPUUsageKernelDeltaNs": 1006000,
		"CPUThrottledTimeDeltaNs": 0,
		"CPUThrottledPeriodsDelta": 0,
		"OnlineCPUs": 32,
		"UtilizedCPUs": 0.002057161304617254,
		"MemoryUsageBeforeBytes": 17620992,
		"MemoryUsageAfterBytes": 18137088,
		"MemoryUsageDeltaBytes": 516096,
		"MemoryLimitBytes": 134217728,
		"PageFaultsDelta": 14,
		"MajorPageFaultsDelta": 0,
		"PageFaultsAvailable": true,
		"MajorPageFaultsAvailable": true,
		"BlockReadBytesDelta": 0,
		"BlockWriteBytesDelta": 0,
		"BlockReadOpsDelta": 0,
		"BlockWriteOpsDelta": 0,
		"BlockIOAvailable": true,
		"BlockIOBytesAvailable": true,
		"BlockIOOpsAvailable": false,
		"NetworkRxBytesDelta": 955,
		"NetworkTxBytesDelta": 513,
		"NetworkAvailable": true,
		"PIDsBefore": 1,
		"PIDsAfter": 1,
		"ExecutionWallTimeMs": 1003.324336,
		"ProfilingStartOverheadMs": 2.624991,
		"ProfilingEndOverheadMs": 3.390918,
		"ProfilingTotalOverheadMs": 6.015909
	}
}
