{
	"Success": true,
	"Result": "\"\"",
	"ResponseTime": 1.011167174,
	"IsWarmStart": true,
	"InitTime": 0.000108179,
	"QueueingTime": 0,
	"OffloadLatency": 0,
	"Duration": 1.00326399,
	"Output": "\n",
	"ExecutionArea": "PROFILE_AGGREGATION_TEST",
	"ExecutionNode": "profiling-aggregation-node-20260811_153404",
	"ResourceProfile": {
		"Enabled": true,
		"Collected": true,
		"Valid": true,
		"InvalidReason": "",
		"ContainerID": "6f1f77ef7aea340c2de7a6f18248cff21f38b98d0e21d7adf4254fa2eed3b010",
		"ExclusiveContainer": true,
		"MaxConcurrency": 1,
		"ProfilingLockWaitMs": 0.000212,
		"CPUUsageTotalDeltaNs": 2170000,
		"CPUUsageUserDeltaNs": 1390000,
		"CPUUsageKernelDeltaNs": 780000,
		"CPUThrottledTimeDeltaNs": 0,
		"CPUThrottledPeriodsDelta": 0,
		"OnlineCPUs": 32,
		"UtilizedCPUs": 0.002162940184865999,
		"MemoryUsageBeforeBytes": 18087936,
		"MemoryUsageAfterBytes": 17793024,
		"MemoryUsageDeltaBytes": -294912,
		"MemoryLimitBytes": 134217728,
		"PageFaultsDelta": 15,
		"MajorPageFaultsDelta": 0,
		"PageFaultsAvailable": true,
		"MajorPageFaultsAvailable": true,
		"BlockReadBytesDelta": 0,
		"BlockWriteBytesDelta": 0,
		"BlockReadOpsDelta": 0,
		"BlockWriteOpsDelta": 0,
		"BlockIOAvailable": true,
		"BlockIOBytesAvailable": true,
		"BlockIOOpsAvailable": false,
		"NetworkRxBytesDelta": 752,
		"NetworkTxBytesDelta": 579,
		"NetworkAvailable": true,
		"PIDsBefore": 1,
		"PIDsAfter": 1,
		"ExecutionWallTimeMs": 1003.26399,
		"ProfilingStartOverheadMs": 2.299846,
		"ProfilingEndOverheadMs": 3.900766,
		"ProfilingTotalOverheadMs": 6.200612
	}
}
