{
	"Success": true,
	"Result": "\"\"",
	"ResponseTime": 1.00780366,
	"IsWarmStart": true,
	"InitTime": 0.000029625,
	"QueueingTime": 0,
	"OffloadLatency": 0,
	"Duration": 1.002250159,
	"Output": "\n",
	"ExecutionArea": "PROFILE_AGGREGATION_TEST",
	"ExecutionNode": "profiling-aggregation-node-20260811_153404",
	"ResourceProfile": {
		"Enabled": true,
		"Collected": true,
		"Valid": true,
		"InvalidReason": "",
		"ContainerID": "6f1f77ef7aea340c2de7a6f18248cff21f38b98d0e21d7adf4254fa2eed3b010",
		"ExclusiveContainer": true,
		"MaxConcurrency": 1,
		"ProfilingLockWaitMs": 0.000082,
		"CPUUsageTotalDeltaNs": 1813000,
		"CPUUsageUserDeltaNs": 870000,
		"CPUUsageKernelDeltaNs": 943000,
		"CPUThrottledTimeDeltaNs": 0,
		"CPUThrottledPeriodsDelta": 0,
		"OnlineCPUs": 32,
		"UtilizedCPUs": 0.0018089296207335398,
		"MemoryUsageBeforeBytes": 17887232,
		"MemoryUsageAfterBytes": 17879040,
		"MemoryUsageDeltaBytes": -8192,
		"MemoryLimitBytes": 134217728,
		"PageFaultsDelta": 14,
		"MajorPageFaultsDelta": 0,
		"PageFaultsAvailable": true,
		"MajorPageFaultsAvailable": true,
		"BlockReadBytesDelta": 0,
		"BlockWriteBytesDelta": 0,
		"BlockReadOpsDelta": 0,
		"BlockWriteOpsDelta": 0,
		"BlockIOAvailable": true,
		"BlockIOBytesAvailable": true,
		"BlockIOOpsAvailable": false,
		"NetworkRxBytesDelta": 1131,
		"NetworkTxBytesDelta": 513,
		"NetworkAvailable": true,
		"PIDsBefore": 1,
		"PIDsAfter": 1,
		"ExecutionWallTimeMs": 1002.250159,
		"ProfilingStartOverheadMs": 1.18445,
		"ProfilingEndOverheadMs": 3.657419,
		"ProfilingTotalOverheadMs": 4.841869
	}
}
