{
	"Success": true,
	"Result": "\"\"",
	"ResponseTime": 1.011231777,
	"IsWarmStart": true,
	"InitTime": 0.000102729,
	"QueueingTime": 0,
	"OffloadLatency": 0,
	"Duration": 1.002272704,
	"Output": "\n",
	"ExecutionArea": "PROFILE_AGGREGATION_TEST",
	"ExecutionNode": "profiling-aggregation-node-20260811_153404",
	"ResourceProfile": {
		"Enabled": true,
		"Collected": true,
		"Valid": true,
		"InvalidReason": "",
		"ContainerID": "6f1f77ef7aea340c2de7a6f18248cff21f38b98d0e21d7adf4254fa2eed3b010",
		"ExclusiveContainer": true,
		"MaxConcurrency": 1,
		"ProfilingLockWaitMs": 0.000348,
		"CPUUsageTotalDeltaNs": 1781000,
		"CPUUsageUserDeltaNs": 847000,
		"CPUUsageKernelDeltaNs": 934000,
		"CPUThrottledTimeDeltaNs": 0,
		"CPUThrottledPeriodsDelta": 0,
		"OnlineCPUs": 32,
		"UtilizedCPUs": 0.0017769614925081307,
		"MemoryUsageBeforeBytes": 17862656,
		"MemoryUsageAfterBytes": 17620992,
		"MemoryUsageDeltaBytes": -241664,
		"MemoryLimitBytes": 134217728,
		"PageFaultsDelta": 0,
		"MajorPageFaultsDelta": 0,
		"PageFaultsAvailable": true,
		"MajorPageFaultsAvailable": true,
		"BlockReadBytesDelta": 0,
		"BlockWriteBytesDelta": 0,
		"BlockReadOpsDelta": 0,
		"BlockWriteOpsDelta": 0,
		"BlockIOAvailable": true,
		"BlockIOBytesAvailable": true,
		"BlockIOOpsAvailable": false,
		"NetworkRxBytesDelta": 916,
		"NetworkTxBytesDelta": 579,
		"NetworkAvailable": true,
		"PIDsBefore": 1,
		"PIDsAfter": 1,
		"ExecutionWallTimeMs": 1002.272704,
		"ProfilingStartOverheadMs": 2.641689,
		"ProfilingEndOverheadMs": 4.408461,
		"ProfilingTotalOverheadMs": 7.05015
	}
}
