{
	"Success": true,
	"Result": "\"\"",
	"ResponseTime": 1.012436034,
	"IsWarmStart": true,
	"InitTime": 0.000084362,
	"QueueingTime": 0,
	"OffloadLatency": 0,
	"Duration": 1.003150748,
	"Output": "\n",
	"ExecutionArea": "PROFILE_AGGREGATION_TEST",
	"ExecutionNode": "profiling-aggregation-node-20260811_153404",
	"ResourceProfile": {
		"Enabled": true,
		"Collected": true,
		"Valid": true,
		"InvalidReason": "",
		"ContainerID": "6f1f77ef7aea340c2de7a6f18248cff21f38b98d0e21d7adf4254fa2eed3b010",
		"ExclusiveContainer": true,
		"MaxConcurrency": 1,
		"ProfilingLockWaitMs": 0.000345,
		"CPUUsageTotalDeltaNs": 2335000,
		"CPUUsageUserDeltaNs": 1509000,
		"CPUUsageKernelDeltaNs": 826000,
		"CPUThrottledTimeDeltaNs": 0,
		"CPUThrottledPeriodsDelta": 0,
		"OnlineCPUs": 32,
		"UtilizedCPUs": 0.002327666110657179,
		"MemoryUsageBeforeBytes": 17178624,
		"MemoryUsageAfterBytes": 17461248,
		"MemoryUsageDeltaBytes": 282624,
		"MemoryLimitBytes": 134217728,
		"PageFaultsDelta": 0,
		"MajorPageFaultsDelta": 0,
		"PageFaultsAvailable": true,
		"MajorPageFaultsAvailable": true,
		"BlockReadBytesDelta": 0,
		"BlockWriteBytesDelta": 0,
		"BlockReadOpsDelta": 0,
		"BlockWriteOpsDelta": 0,
		"BlockIOAvailable": true,
		"BlockIOBytesAvailable": true,
		"BlockIOOpsAvailable": false,
		"NetworkRxBytesDelta": 1184,
		"NetworkTxBytesDelta": 513,
		"NetworkAvailable": true,
		"PIDsBefore": 1,
		"PIDsAfter": 1,
		"ExecutionWallTimeMs": 1003.150748,
		"ProfilingStartOverheadMs": 2.773866,
		"ProfilingEndOverheadMs": 5.277122,
		"ProfilingTotalOverheadMs": 8.050988
	}
}
