2026/07/06 18:36:23 Local node id: (ROME)vpsc5EyUeu2bgV5e5BQz2f1783355783477036272 - x86-tiny/gpu/nvidia (arch: amd64)
2026/07/06 18:36:23 Registration for node: (ROME)vpsc5EyUeu2bgV5e5BQz2f1783355783477036272 - x86-tiny/gpu/nvidia
2026/07/06 18:36:23 Connecting to etcd
2026/07/06 18:36:23 Connected to etcd
2026/07/06 18:36:23 etcd connection state: TRANSIENT_FAILURE
2026/07/06 18:36:23 etcd: transient failure, triggering reconnect
2026/07/06 18:36:24 etcd connection state: READY
2026/07/06 18:36:24 etcd: connected and ready
2026/07/06 18:36:24 Registering to etcd: registry/ROME/x86-tiny/gpu/nvidia/vpsc5EyUeu2bgV5e5BQz2f1783355783477036272
2026/07/06 18:36:24 Configured scheduling policy: default
2026/07/06 18:36:24 Configured offloading policy: disable
2026/07/06 18:36:24 Current resources: [CPUs: 0.000000/32.000000 - Mem: 0(+0 warm)/512]
2026/07/06 18:36:24 Scheduler started.
2026/07/06 18:36:24 No remote area is configured; vertical offloading disabled
2026/07/06 18:36:24 UDP server up and listening on port 9879
⇨ http server started on [::]:1326
2026/07/06 18:36:33 Container dfbed15739dabfdc5c419a968a1059f301c1a5cb64aa29ce925cb82c98403d64 has name /xenodochial_davinci
2026/07/06 18:36:33 [mab_cost_aware_1783355782] Executing on container: dfbed15739dabfdc5c419a968a1059f301c1a5cb64aa29ce925cb82c98403d64
2026/07/06 18:36:34 Using warm dfbed15739dabfdc5c419a968a1059f301c1a5cb64aa29ce925cb82c98403d64 for mab_cost_aware_1783355782. Now: [CPUs: 0.000000/32.000000 - Mem: 128(+0 warm)/512]
2026/07/06 18:36:34 [mab_cost_aware_1783355782] Executing on container: dfbed15739dabfdc5c419a968a1059f301c1a5cb64aa29ce925cb82c98403d64
2026/07/06 18:36:44 Periodic nearby Monitoring
2026/07/06 18:36:44 Requesting status information for 192.168.0.46:9880
2026/07/06 18:36:44 Requesting status information for 192.168.0.46:9878
2026/07/06 18:36:44 Requesting status information for 192.168.0.46:9877
2026/07/06 18:36:46 Using warm dfbed15739dabfdc5c419a968a1059f301c1a5cb64aa29ce925cb82c98403d64 for mab_cost_aware_1783355782. Now: [CPUs: 0.000000/32.000000 - Mem: 128(+0 warm)/512]
2026/07/06 18:36:46 [mab_cost_aware_1783355782] Executing on container: dfbed15739dabfdc5c419a968a1059f301c1a5cb64aa29ce925cb82c98403d64
2026/07/06 18:36:54 No remote area is configured; vertical offloading disabled
2026/07/06 18:37:04 Periodic nearby Monitoring
2026/07/06 18:37:04 Requesting status information for 192.168.0.46:9878
2026/07/06 18:37:04 Requesting status information for 192.168.0.46:9877
2026/07/06 18:37:04 Requesting status information for 192.168.0.46:9880
