2026/08/04 14:37:40 Local node id: (PROFILE_EXPORT_TEST)profiling-export-node-20260804_143739 - profiling-test (arch: amd64)
2026/08/04 14:37:40 Registration for node: (PROFILE_EXPORT_TEST)profiling-export-node-20260804_143739 - profiling-test
2026/08/04 14:37:40 Connecting to etcd
2026/08/04 14:37:40 Connected to etcd
2026/08/04 14:37:40 etcd connection state: READY
2026/08/04 14:37:40 etcd: connected and ready
2026/08/04 14:37:40 Registering to etcd: registry/PROFILE_EXPORT_TEST/profiling-test/profiling-export-node-20260804_143739
2026/08/04 14:37:40 Configured scheduling policy: default
2026/08/04 14:37:40 Configured offloading policy: disable
2026/08/04 14:37:40 Current resources: [CPUs: 0.000000/8.000000 - Mem: 0(+0 warm)/768]
2026/08/04 14:37:40 Scheduler started.
2026/08/04 14:37:40 No remote area is configured; vertical offloading disabled
2026/08/04 14:37:40 UDP server up and listening on port 9899
⇨ http server started on [::]:1333
2026/08/04 14:37:41 New request: creation of profiling_export_20260804_143739
2026/08/04 14:37:41 Container bd5a29c5fe4f54b8644ff8dd3259117e88a8f817c6cacb7d67825c8c7e1c77d6 has name /quirky_golick
2026/08/04 14:37:41 [profiling_export_20260804_143739] Executing on container: bd5a29c5fe4f54b8644ff8dd3259117e88a8f817c6cacb7d67825c8c7e1c77d6
2026/08/04 14:37:43 Using warm bd5a29c5fe4f54b8644ff8dd3259117e88a8f817c6cacb7d67825c8c7e1c77d6 for profiling_export_20260804_143739. Now: [CPUs: 0.000000/8.000000 - Mem: 128(+0 warm)/768]
2026/08/04 14:37:43 [profiling_export_20260804_143739] Executing on container: bd5a29c5fe4f54b8644ff8dd3259117e88a8f817c6cacb7d67825c8c7e1c77d6
2026/08/04 14:37:44 [PROFILING] event=invocation_resource_profile ts=1785847064095 request_id="profiling_export_20260804_143739--test86860540" function=profiling_export_20260804_143739 machine_tag=profiling-test node=profiling-export-node-20260804_143739 container_id=bd5a29c5fe4f54b8644ff8dd3259117e88a8f817c6cacb7d67825c8c7e1c77d6 warm_start=true collected=true valid=true invalid_reason="" exclusive_container=true max_concurrency=1 profiling_lock_wait_ms=0.000135 execution_wall_time_ms=1001.888172 profiling_start_overhead_ms=3.791868 profiling_end_overhead_ms=1.754691 profiling_total_overhead_ms=5.546559 cpu_total_delta_ns=1243000 cpu_user_delta_ns=1191000 cpu_kernel_delta_ns=52000 cpu_throttled_time_delta_ns=0 cpu_throttled_periods_delta=0 online_cpus=32 utilized_cpus=0.001241 memory_before_bytes=29515776 memory_after_bytes=29638656 memory_delta_bytes=122880 memory_limit_bytes=134217728 page_faults_available=true page_faults_delta=6 major_page_faults_available=true major_page_faults_delta=0 block_io_available=true block_io_bytes_available=true block_io_ops_available=false block_read_bytes_delta=0 block_write_bytes_delta=0 block_read_ops_delta=0 block_write_ops_delta=0 network_available=true network_rx_bytes_delta=2499 network_tx_bytes_delta=555 pids_before=1 pids_after=1
2026/08/04 14:37:44 Using warm bd5a29c5fe4f54b8644ff8dd3259117e88a8f817c6cacb7d67825c8c7e1c77d6 for profiling_export_20260804_143739. Now: [CPUs: 0.000000/8.000000 - Mem: 128(+0 warm)/768]
2026/08/04 14:37:44 [profiling_export_20260804_143739] Executing on container: bd5a29c5fe4f54b8644ff8dd3259117e88a8f817c6cacb7d67825c8c7e1c77d6
2026/08/04 14:37:44 [PROFILING] event=invocation_resource_profile ts=1785847064111 request_id="profiling_export_20260804_143739--test106868676" function=profiling_export_20260804_143739 machine_tag=profiling-test node=profiling-export-node-20260804_143739 container_id=bd5a29c5fe4f54b8644ff8dd3259117e88a8f817c6cacb7d67825c8c7e1c77d6 warm_start=true collected=true valid=true invalid_reason="" exclusive_container=true max_concurrency=1 profiling_lock_wait_ms=0.000296 execution_wall_time_ms=1.463070 profiling_start_overhead_ms=1.459762 profiling_end_overhead_ms=1.185061 profiling_total_overhead_ms=2.644823 cpu_total_delta_ns=823000 cpu_user_delta_ns=824000 cpu_kernel_delta_ns=0 cpu_throttled_time_delta_ns=0 cpu_throttled_periods_delta=0 online_cpus=32 utilized_cpus=0.562516 memory_before_bytes=29159424 memory_after_bytes=29937664 memory_delta_bytes=778240 memory_limit_bytes=134217728 page_faults_available=true page_faults_delta=0 major_page_faults_available=true major_page_faults_delta=0 block_io_available=true block_io_bytes_available=true block_io_ops_available=false block_read_bytes_delta=0 block_write_bytes_delta=0 block_read_ops_delta=0 block_write_ops_delta=0 network_available=true network_rx_bytes_delta=763 network_tx_bytes_delta=480 pids_before=1 pids_after=1
2026/08/04 14:37:44 Invocation failed: [[profiling_export_20260804_143739] Rq-profiling_export_20260804_143739--test106868676] Function execution failed bd5a29c5fe4f54b8644ff8dd3259117e88a8f817c6cacb7d67825c8c7e1c77d6
Got interrupt signal. Terminating...
2026/08/04 14:37:44 Shutting down ALL containers
2026/08/04 14:37:44 Removing container with ID bd5a29c5fe4f54b8644ff8dd3259117e88a8f817c6cacb7d67825c8c7e1c77d6
