{
	"Success": true,
	"Result": "\"\"",
	"ResponseTime": 1.008416448,
	"IsWarmStart": true,
	"InitTime": 0.000063651,
	"QueueingTime": 0,
	"OffloadLatency": 0,
	"Duration": 1.001888172,
	"Output": "\n",
	"ExecutionArea": "PROFILE_EXPORT_TEST",
	"ExecutionNode": "profiling-export-node-20260804_143739",
	"ResourceProfile": {
		"Enabled": true,
		"Collected": true,
		"Valid": true,
		"InvalidReason": "",
		"ContainerID": "bd5a29c5fe4f54b8644ff8dd3259117e88a8f817c6cacb7d67825c8c7e1c77d6",
		"ExclusiveContainer": true,
		"MaxConcurrency": 1,
		"ProfilingLockWaitMs": 0.000135,
		"CPUUsageTotalDeltaNs": 1243000,
		"CPUUsageUserDeltaNs": 1191000,
		"CPUUsageKernelDeltaNs": 52000,
		"CPUThrottledTimeDeltaNs": 0,
		"CPUThrottledPeriodsDelta": 0,
		"OnlineCPUs": 32,
		"UtilizedCPUs": 0.0012406574253877908,
		"MemoryUsageBeforeBytes": 29515776,
		"MemoryUsageAfterBytes": 29638656,
		"MemoryUsageDeltaBytes": 122880,
		"MemoryLimitBytes": 134217728,
		"PageFaultsDelta": 6,
		"MajorPageFaultsDelta": 0,
		"PageFaultsAvailable": true,
		"MajorPageFaultsAvailable": true,
		"BlockReadBytesDelta": 0,
		"BlockWriteBytesDelta": 0,
		"BlockReadOpsDelta": 0,
		"BlockWriteOpsDelta": 0,
		"BlockIOAvailable": true,
		"BlockIOBytesAvailable": true,
		"BlockIOOpsAvailable": false,
		"NetworkRxBytesDelta": 2499,
		"NetworkTxBytesDelta": 555,
		"NetworkAvailable": true,
		"PIDsBefore": 1,
		"PIDsAfter": 1,
		"ExecutionWallTimeMs": 1001.888172,
		"ProfilingStartOverheadMs": 3.791868,
		"ProfilingEndOverheadMs": 1.754691,
		"ProfilingTotalOverheadMs": 5.546559
	}
}
