2026/07/16 16:18:23 [LB][MAB] event=new_machine_tag_discovered tag=x86-large arch=amd64 action=create_ring_and_add_mab_arm
2026/07/16 16:18:23 [LB][MAB] event=new_machine_tag_discovered tag=x86-tiny/gpu/nvidia arch=amd64 action=create_ring_and_add_mab_arm
2026/07/16 16:18:23 [LB][MAB] event=new_machine_tag_discovered tag=x86-tiny arch=amd64 action=create_ring_and_add_mab_arm
2026/07/16 16:18:23 [LB][MAB] event=new_machine_tag_discovered tag=arm-tiny arch=amd64 action=create_ring_and_add_mab_arm
2026/07/16 16:18:28 [LB][MAB] event=before_select function=mab_cost_aware_1784211498 compatible_tags=[x86-tiny/gpu/nvidia] has_context=true
2026/07/16 16:18:28 BanditManager GetBandit: policy type: UCB1
2026/07/16 16:18:28 [MAB] event=arm_added ts=1784211508991 policy=UCB1 function=mab_cost_aware_1784211498 arm=x86-large arms=[x86-large]
2026/07/16 16:18:28 [MAB] event=arm_added ts=1784211508991 policy=UCB1 function=mab_cost_aware_1784211498 arm=x86-tiny/gpu/nvidia arms=[x86-large,x86-tiny/gpu/nvidia]
2026/07/16 16:18:28 [MAB] event=arm_added ts=1784211508991 policy=UCB1 function=mab_cost_aware_1784211498 arm=x86-tiny arms=[x86-large,x86-tiny,x86-tiny/gpu/nvidia]
2026/07/16 16:18:28 [MAB] event=arm_added ts=1784211508991 policy=UCB1 function=mab_cost_aware_1784211498 arm=arm-tiny arms=[arm-tiny,x86-large,x86-tiny,x86-tiny/gpu/nvidia]
2026/07/16 16:18:28 [MAB] event=select_arm ts=1784211508991 policy=UCB1 function=mab_cost_aware_1784211498 selected_arm=x86-tiny/gpu/nvidia reason=least_tried score=0.000000 total_counts=0 arms=[x86-tiny/gpu/nvidia]
2026/07/16 16:18:28 [LB][MAB] event=after_select function=mab_cost_aware_1784211498 selected_tag=x86-tiny/gpu/nvidia compatible_tags=[x86-tiny/gpu/nvidia]
2026/07/16 16:18:29 [MAB] event=skip_cold_start ts=1784211509492 policy=UCB1 function=mab_cost_aware_1784211498 arm=x86-tiny/gpu/nvidia duration_ms=5.827414 reason=cold_start
2026/07/16 16:18:29 [LB][MAB] event=before_select function=mab_cost_aware_1784211498 compatible_tags=[x86-tiny/gpu/nvidia] has_context=true
2026/07/16 16:18:29 [MAB] event=select_arm ts=1784211509716 policy=UCB1 function=mab_cost_aware_1784211498 selected_arm=x86-tiny/gpu/nvidia reason=least_tried score=0.000000 total_counts=0 arms=[x86-tiny/gpu/nvidia]
2026/07/16 16:18:29 [LB][MAB] event=after_select function=mab_cost_aware_1784211498 selected_tag=x86-tiny/gpu/nvidia compatible_tags=[x86-tiny/gpu/nvidia]
2026/07/16 16:18:29 [MAB] event=reward_breakdown ts=1784211509720 policy=UCB1 function=mab_cost_aware_1784211498 arm=x86-tiny/gpu/nvidia base_tag=x86-tiny architecture=x86 specialization=tiny capabilities=[gpu,nvidia] duration_ms=3.274534 latency_reward=-1.186176 cost_weight=0.000000 cost_factor=1.600000 cost_term=0.000000 energy_weight=0.000000 energy_factor=1.800000 energy_term=0.000000 memory_weight=0.000000 memory_penalty=0.000000 memory_term=0.000000 final_reward=-1.186176
2026/07/16 16:18:29 [MAB] event=update_reward ts=1784211509720 policy=UCB1 function=mab_cost_aware_1784211498 arm=x86-tiny/gpu/nvidia duration_ms=3.274534 warm_start=true reward=-1.186176 count=1 avg_reward=-1.186176 total_counts=1
2026/07/16 16:18:29 [LB][MAB] event=before_select function=mab_cost_aware_1784211498 compatible_tags=[x86-tiny/gpu/nvidia] has_context=true
2026/07/16 16:18:29 [MAB] event=arm_score ts=1784211509942 policy=UCB1 function=mab_cost_aware_1784211498 arm=x86-tiny/gpu/nvidia score=-1.186176 count=1 avg_reward=-1.186176 total_counts=1
2026/07/16 16:18:29 [MAB] event=select_arm ts=1784211509942 policy=UCB1 function=mab_cost_aware_1784211498 selected_arm=x86-tiny/gpu/nvidia reason=ucb_score score=-1.186176 total_counts=1 arms=[x86-tiny/gpu/nvidia]
2026/07/16 16:18:29 [LB][MAB] event=after_select function=mab_cost_aware_1784211498 selected_tag=x86-tiny/gpu/nvidia compatible_tags=[x86-tiny/gpu/nvidia]
2026/07/16 16:18:29 [MAB] event=reward_breakdown ts=1784211509946 policy=UCB1 function=mab_cost_aware_1784211498 arm=x86-tiny/gpu/nvidia base_tag=x86-tiny architecture=x86 specialization=tiny capabilities=[gpu,nvidia] duration_ms=3.112383 latency_reward=-1.135389 cost_weight=0.000000 cost_factor=1.600000 cost_term=0.000000 energy_weight=0.000000 energy_factor=1.800000 energy_term=0.000000 memory_weight=0.000000 memory_penalty=0.000000 memory_term=0.000000 final_reward=-1.135389
2026/07/16 16:18:29 [MAB] event=update_reward ts=1784211509946 policy=UCB1 function=mab_cost_aware_1784211498 arm=x86-tiny/gpu/nvidia duration_ms=3.112383 warm_start=true reward=-1.135389 count=2 avg_reward=-1.160782 total_counts=2
2026/07/16 16:18:30 [LB][MAB] event=before_select function=mab_cost_aware_1784211498 compatible_tags=[x86-tiny/gpu/nvidia] has_context=true
2026/07/16 16:18:30 [MAB] event=arm_score ts=1784211510163 policy=UCB1 function=mab_cost_aware_1784211498 arm=x86-tiny/gpu/nvidia score=-0.689818 count=2 avg_reward=-1.160782 total_counts=2
2026/07/16 16:18:30 [MAB] event=select_arm ts=1784211510163 policy=UCB1 function=mab_cost_aware_1784211498 selected_arm=x86-tiny/gpu/nvidia reason=ucb_score score=-0.689818 total_counts=2 arms=[x86-tiny/gpu/nvidia]
2026/07/16 16:18:30 [LB][MAB] event=after_select function=mab_cost_aware_1784211498 selected_tag=x86-tiny/gpu/nvidia compatible_tags=[x86-tiny/gpu/nvidia]
2026/07/16 16:18:30 [MAB] event=reward_breakdown ts=1784211510169 policy=UCB1 function=mab_cost_aware_1784211498 arm=x86-tiny/gpu/nvidia base_tag=x86-tiny architecture=x86 specialization=tiny capabilities=[gpu,nvidia] duration_ms=4.169551 latency_reward=-1.427808 cost_weight=0.000000 cost_factor=1.600000 cost_term=0.000000 energy_weight=0.000000 energy_factor=1.800000 energy_term=0.000000 memory_weight=0.000000 memory_penalty=0.000000 memory_term=0.000000 final_reward=-1.427808
2026/07/16 16:18:30 [MAB] event=update_reward ts=1784211510169 policy=UCB1 function=mab_cost_aware_1784211498 arm=x86-tiny/gpu/nvidia duration_ms=4.169551 warm_start=true reward=-1.427808 count=3 avg_reward=-1.249791 total_counts=3
2026/07/16 16:18:30 [LB][MAB] event=before_select function=mab_cost_aware_1784211498 compatible_tags=[x86-tiny/gpu/nvidia] has_context=true
2026/07/16 16:18:30 [MAB] event=arm_score ts=1784211510389 policy=UCB1 function=mab_cost_aware_1784211498 arm=x86-tiny/gpu/nvidia score=-0.765672 count=3 avg_reward=-1.249791 total_counts=3
2026/07/16 16:18:30 [MAB] event=select_arm ts=1784211510389 policy=UCB1 function=mab_cost_aware_1784211498 selected_arm=x86-tiny/gpu/nvidia reason=ucb_score score=-0.765672 total_counts=3 arms=[x86-tiny/gpu/nvidia]
2026/07/16 16:18:30 [LB][MAB] event=after_select function=mab_cost_aware_1784211498 selected_tag=x86-tiny/gpu/nvidia compatible_tags=[x86-tiny/gpu/nvidia]
2026/07/16 16:18:30 [MAB] event=reward_breakdown ts=1784211510393 policy=UCB1 function=mab_cost_aware_1784211498 arm=x86-tiny/gpu/nvidia base_tag=x86-tiny architecture=x86 specialization=tiny capabilities=[gpu,nvidia] duration_ms=3.107158 latency_reward=-1.133708 cost_weight=0.000000 cost_factor=1.600000 cost_term=0.000000 energy_weight=0.000000 energy_factor=1.800000 energy_term=0.000000 memory_weight=0.000000 memory_penalty=0.000000 memory_term=0.000000 final_reward=-1.133708
2026/07/16 16:18:30 [MAB] event=update_reward ts=1784211510393 policy=UCB1 function=mab_cost_aware_1784211498 arm=x86-tiny/gpu/nvidia duration_ms=3.107158 warm_start=true reward=-1.133708 count=4 avg_reward=-1.220770 total_counts=4
2026/07/16 16:18:30 [LB][MAB] event=before_select function=mab_cost_aware_1784211498 compatible_tags=[x86-tiny/gpu/nvidia] has_context=true
2026/07/16 16:18:30 [MAB] event=arm_score ts=1784211510613 policy=UCB1 function=mab_cost_aware_1784211498 arm=x86-tiny/gpu/nvidia score=-0.749806 count=4 avg_reward=-1.220770 total_counts=4
2026/07/16 16:18:30 [MAB] event=select_arm ts=1784211510613 policy=UCB1 function=mab_cost_aware_1784211498 selected_arm=x86-tiny/gpu/nvidia reason=ucb_score score=-0.749806 total_counts=4 arms=[x86-tiny/gpu/nvidia]
2026/07/16 16:18:30 [LB][MAB] event=after_select function=mab_cost_aware_1784211498 selected_tag=x86-tiny/gpu/nvidia compatible_tags=[x86-tiny/gpu/nvidia]
2026/07/16 16:18:30 [MAB] event=reward_breakdown ts=1784211510617 policy=UCB1 function=mab_cost_aware_1784211498 arm=x86-tiny/gpu/nvidia base_tag=x86-tiny architecture=x86 specialization=tiny capabilities=[gpu,nvidia] duration_ms=3.288622 latency_reward=-1.190469 cost_weight=0.000000 cost_factor=1.600000 cost_term=0.000000 energy_weight=0.000000 energy_factor=1.800000 energy_term=0.000000 memory_weight=0.000000 memory_penalty=0.000000 memory_term=0.000000 final_reward=-1.190469
2026/07/16 16:18:30 [MAB] event=update_reward ts=1784211510617 policy=UCB1 function=mab_cost_aware_1784211498 arm=x86-tiny/gpu/nvidia duration_ms=3.288622 warm_start=true reward=-1.190469 count=5 avg_reward=-1.214710 total_counts=5
2026/07/16 16:18:30 [LB][MAB] event=before_select function=mab_cost_aware_1784211498 compatible_tags=[x86-tiny/gpu/nvidia] has_context=true
2026/07/16 16:18:30 [MAB] event=arm_score ts=1784211510839 policy=UCB1 function=mab_cost_aware_1784211498 arm=x86-tiny/gpu/nvidia score=-0.760829 count=5 avg_reward=-1.214710 total_counts=5
2026/07/16 16:18:30 [MAB] event=select_arm ts=1784211510839 policy=UCB1 function=mab_cost_aware_1784211498 selected_arm=x86-tiny/gpu/nvidia reason=ucb_score score=-0.760829 total_counts=5 arms=[x86-tiny/gpu/nvidia]
2026/07/16 16:18:30 [LB][MAB] event=after_select function=mab_cost_aware_1784211498 selected_tag=x86-tiny/gpu/nvidia compatible_tags=[x86-tiny/gpu/nvidia]
2026/07/16 16:18:30 [MAB] event=reward_breakdown ts=1784211510844 policy=UCB1 function=mab_cost_aware_1784211498 arm=x86-tiny/gpu/nvidia base_tag=x86-tiny architecture=x86 specialization=tiny capabilities=[gpu,nvidia] duration_ms=3.273181 latency_reward=-1.185762 cost_weight=0.000000 cost_factor=1.600000 cost_term=0.000000 energy_weight=0.000000 energy_factor=1.800000 energy_term=0.000000 memory_weight=0.000000 memory_penalty=0.000000 memory_term=0.000000 final_reward=-1.185762
2026/07/16 16:18:30 [MAB] event=update_reward ts=1784211510844 policy=UCB1 function=mab_cost_aware_1784211498 arm=x86-tiny/gpu/nvidia duration_ms=3.273181 warm_start=true reward=-1.185762 count=6 avg_reward=-1.209885 total_counts=6
2026/07/16 16:18:31 [LB][MAB] event=before_select function=mab_cost_aware_1784211498 compatible_tags=[x86-tiny/gpu/nvidia] has_context=true
2026/07/16 16:18:31 [MAB] event=arm_score ts=1784211511064 policy=UCB1 function=mab_cost_aware_1784211498 arm=x86-tiny/gpu/nvidia score=-0.772711 count=6 avg_reward=-1.209885 total_counts=6
2026/07/16 16:18:31 [MAB] event=select_arm ts=1784211511064 policy=UCB1 function=mab_cost_aware_1784211498 selected_arm=x86-tiny/gpu/nvidia reason=ucb_score score=-0.772711 total_counts=6 arms=[x86-tiny/gpu/nvidia]
2026/07/16 16:18:31 [LB][MAB] event=after_select function=mab_cost_aware_1784211498 selected_tag=x86-tiny/gpu/nvidia compatible_tags=[x86-tiny/gpu/nvidia]
2026/07/16 16:18:31 [MAB] event=reward_breakdown ts=1784211511068 policy=UCB1 function=mab_cost_aware_1784211498 arm=x86-tiny/gpu/nvidia base_tag=x86-tiny architecture=x86 specialization=tiny capabilities=[gpu,nvidia] duration_ms=3.073742 latency_reward=-1.122896 cost_weight=0.000000 cost_factor=1.600000 cost_term=0.000000 energy_weight=0.000000 energy_factor=1.800000 energy_term=0.000000 memory_weight=0.000000 memory_penalty=0.000000 memory_term=0.000000 final_reward=-1.122896
2026/07/16 16:18:31 [MAB] event=update_reward ts=1784211511068 policy=UCB1 function=mab_cost_aware_1784211498 arm=x86-tiny/gpu/nvidia duration_ms=3.073742 warm_start=true reward=-1.122896 count=7 avg_reward=-1.197458 total_counts=7
2026/07/16 16:18:31 [LB][MAB] event=before_select function=mab_cost_aware_1784211498 compatible_tags=[x86-tiny/gpu/nvidia] has_context=true
2026/07/16 16:18:31 [MAB] event=arm_score ts=1784211511289 policy=UCB1 function=mab_cost_aware_1784211498 arm=x86-tiny/gpu/nvidia score=-0.775662 count=7 avg_reward=-1.197458 total_counts=7
2026/07/16 16:18:31 [MAB] event=select_arm ts=1784211511289 policy=UCB1 function=mab_cost_aware_1784211498 selected_arm=x86-tiny/gpu/nvidia reason=ucb_score score=-0.775662 total_counts=7 arms=[x86-tiny/gpu/nvidia]
2026/07/16 16:18:31 [LB][MAB] event=after_select function=mab_cost_aware_1784211498 selected_tag=x86-tiny/gpu/nvidia compatible_tags=[x86-tiny/gpu/nvidia]
2026/07/16 16:18:31 [MAB] event=reward_breakdown ts=1784211511293 policy=UCB1 function=mab_cost_aware_1784211498 arm=x86-tiny/gpu/nvidia base_tag=x86-tiny architecture=x86 specialization=tiny capabilities=[gpu,nvidia] duration_ms=3.186074 latency_reward=-1.158789 cost_weight=0.000000 cost_factor=1.600000 cost_term=0.000000 energy_weight=0.000000 energy_factor=1.800000 energy_term=0.000000 memory_weight=0.000000 memory_penalty=0.000000 memory_term=0.000000 final_reward=-1.158789
2026/07/16 16:18:31 [MAB] event=update_reward ts=1784211511293 policy=UCB1 function=mab_cost_aware_1784211498 arm=x86-tiny/gpu/nvidia duration_ms=3.186074 warm_start=true reward=-1.158789 count=8 avg_reward=-1.192625 total_counts=8
2026/07/16 16:18:31 [LB][MAB] event=before_select function=mab_cost_aware_1784211498 compatible_tags=[x86-tiny/gpu/nvidia] has_context=true
2026/07/16 16:18:31 [MAB] event=arm_score ts=1784211511516 policy=UCB1 function=mab_cost_aware_1784211498 arm=x86-tiny/gpu/nvidia score=-0.784758 count=8 avg_reward=-1.192625 total_counts=8
2026/07/16 16:18:31 [MAB] event=select_arm ts=1784211511516 policy=UCB1 function=mab_cost_aware_1784211498 selected_arm=x86-tiny/gpu/nvidia reason=ucb_score score=-0.784758 total_counts=8 arms=[x86-tiny/gpu/nvidia]
2026/07/16 16:18:31 [LB][MAB] event=after_select function=mab_cost_aware_1784211498 selected_tag=x86-tiny/gpu/nvidia compatible_tags=[x86-tiny/gpu/nvidia]
2026/07/16 16:18:31 [MAB] event=reward_breakdown ts=1784211511520 policy=UCB1 function=mab_cost_aware_1784211498 arm=x86-tiny/gpu/nvidia base_tag=x86-tiny architecture=x86 specialization=tiny capabilities=[gpu,nvidia] duration_ms=3.597589 latency_reward=-1.280264 cost_weight=0.000000 cost_factor=1.600000 cost_term=0.000000 energy_weight=0.000000 energy_factor=1.800000 energy_term=0.000000 memory_weight=0.000000 memory_penalty=0.000000 memory_term=0.000000 final_reward=-1.280264
2026/07/16 16:18:31 [MAB] event=update_reward ts=1784211511520 policy=UCB1 function=mab_cost_aware_1784211498 arm=x86-tiny/gpu/nvidia duration_ms=3.597589 warm_start=true reward=-1.280264 count=9 avg_reward=-1.202362 total_counts=9
2026/07/16 16:18:31 [LB][MAB] event=before_select function=mab_cost_aware_1784211498 compatible_tags=[x86-tiny/gpu/nvidia] has_context=true
2026/07/16 16:18:31 [MAB] event=arm_score ts=1784211511742 policy=UCB1 function=mab_cost_aware_1784211498 arm=x86-tiny/gpu/nvidia score=-0.807081 count=9 avg_reward=-1.202362 total_counts=9
2026/07/16 16:18:31 [MAB] event=select_arm ts=1784211511742 policy=UCB1 function=mab_cost_aware_1784211498 selected_arm=x86-tiny/gpu/nvidia reason=ucb_score score=-0.807081 total_counts=9 arms=[x86-tiny/gpu/nvidia]
2026/07/16 16:18:31 [LB][MAB] event=after_select function=mab_cost_aware_1784211498 selected_tag=x86-tiny/gpu/nvidia compatible_tags=[x86-tiny/gpu/nvidia]
2026/07/16 16:18:31 [MAB] event=reward_breakdown ts=1784211511746 policy=UCB1 function=mab_cost_aware_1784211498 arm=x86-tiny/gpu/nvidia base_tag=x86-tiny architecture=x86 specialization=tiny capabilities=[gpu,nvidia] duration_ms=2.988612 latency_reward=-1.094809 cost_weight=0.000000 cost_factor=1.600000 cost_term=0.000000 energy_weight=0.000000 energy_factor=1.800000 energy_term=0.000000 memory_weight=0.000000 memory_penalty=0.000000 memory_term=0.000000 final_reward=-1.094809
2026/07/16 16:18:31 [MAB] event=update_reward ts=1784211511746 policy=UCB1 function=mab_cost_aware_1784211498 arm=x86-tiny/gpu/nvidia duration_ms=2.988612 warm_start=true reward=-1.094809 count=10 avg_reward=-1.191607 total_counts=10
2026/07/16 16:18:31 [LB][MAB] event=before_select function=mab_cost_aware_1784211498 compatible_tags=[x86-tiny/gpu/nvidia] has_context=true
2026/07/16 16:18:31 [MAB] event=arm_score ts=1784211511967 policy=UCB1 function=mab_cost_aware_1784211498 arm=x86-tiny/gpu/nvidia score=-0.807725 count=10 avg_reward=-1.191607 total_counts=10
2026/07/16 16:18:31 [MAB] event=select_arm ts=1784211511967 policy=UCB1 function=mab_cost_aware_1784211498 selected_arm=x86-tiny/gpu/nvidia reason=ucb_score score=-0.807725 total_counts=10 arms=[x86-tiny/gpu/nvidia]
2026/07/16 16:18:31 [LB][MAB] event=after_select function=mab_cost_aware_1784211498 selected_tag=x86-tiny/gpu/nvidia compatible_tags=[x86-tiny/gpu/nvidia]
2026/07/16 16:18:31 [MAB] event=reward_breakdown ts=1784211511970 policy=UCB1 function=mab_cost_aware_1784211498 arm=x86-tiny/gpu/nvidia base_tag=x86-tiny architecture=x86 specialization=tiny capabilities=[gpu,nvidia] duration_ms=2.937207 latency_reward=-1.077459 cost_weight=0.000000 cost_factor=1.600000 cost_term=0.000000 energy_weight=0.000000 energy_factor=1.800000 energy_term=0.000000 memory_weight=0.000000 memory_penalty=0.000000 memory_term=0.000000 final_reward=-1.077459
2026/07/16 16:18:31 [MAB] event=update_reward ts=1784211511970 policy=UCB1 function=mab_cost_aware_1784211498 arm=x86-tiny/gpu/nvidia duration_ms=2.937207 warm_start=true reward=-1.077459 count=11 avg_reward=-1.181230 total_counts=11
2026/07/16 16:18:32 [LB][MAB] event=before_select function=mab_cost_aware_1784211498 compatible_tags=[x86-tiny/gpu/nvidia] has_context=true
2026/07/16 16:18:32 [MAB] event=arm_score ts=1784211512190 policy=UCB1 function=mab_cost_aware_1784211498 arm=x86-tiny/gpu/nvidia score=-0.807714 count=11 avg_reward=-1.181230 total_counts=11
2026/07/16 16:18:32 [MAB] event=select_arm ts=1784211512190 policy=UCB1 function=mab_cost_aware_1784211498 selected_arm=x86-tiny/gpu/nvidia reason=ucb_score score=-0.807714 total_counts=11 arms=[x86-tiny/gpu/nvidia]
2026/07/16 16:18:32 [LB][MAB] event=after_select function=mab_cost_aware_1784211498 selected_tag=x86-tiny/gpu/nvidia compatible_tags=[x86-tiny/gpu/nvidia]
2026/07/16 16:18:32 [MAB] event=reward_breakdown ts=1784211512194 policy=UCB1 function=mab_cost_aware_1784211498 arm=x86-tiny/gpu/nvidia base_tag=x86-tiny architecture=x86 specialization=tiny capabilities=[gpu,nvidia] duration_ms=3.022126 latency_reward=-1.105961 cost_weight=0.000000 cost_factor=1.600000 cost_term=0.000000 energy_weight=0.000000 energy_factor=1.800000 energy_term=0.000000 memory_weight=0.000000 memory_penalty=0.000000 memory_term=0.000000 final_reward=-1.105961
2026/07/16 16:18:32 [MAB] event=update_reward ts=1784211512194 policy=UCB1 function=mab_cost_aware_1784211498 arm=x86-tiny/gpu/nvidia duration_ms=3.022126 warm_start=true reward=-1.105961 count=12 avg_reward=-1.174957 total_counts=12
2026/07/16 16:18:32 [LB][MAB] event=before_select function=mab_cost_aware_1784211498 compatible_tags=[x86-tiny/gpu/nvidia] has_context=true
2026/07/16 16:18:32 [MAB] event=arm_score ts=1784211512414 policy=UCB1 function=mab_cost_aware_1784211498 arm=x86-tiny/gpu/nvidia score=-0.810913 count=12 avg_reward=-1.174957 total_counts=12
2026/07/16 16:18:32 [MAB] event=select_arm ts=1784211512414 policy=UCB1 function=mab_cost_aware_1784211498 selected_arm=x86-tiny/gpu/nvidia reason=ucb_score score=-0.810913 total_counts=12 arms=[x86-tiny/gpu/nvidia]
2026/07/16 16:18:32 [LB][MAB] event=after_select function=mab_cost_aware_1784211498 selected_tag=x86-tiny/gpu/nvidia compatible_tags=[x86-tiny/gpu/nvidia]
2026/07/16 16:18:32 [MAB] event=reward_breakdown ts=1784211512418 policy=UCB1 function=mab_cost_aware_1784211498 arm=x86-tiny/gpu/nvidia base_tag=x86-tiny architecture=x86 specialization=tiny capabilities=[gpu,nvidia] duration_ms=2.887870 latency_reward=-1.060519 cost_weight=0.000000 cost_factor=1.600000 cost_term=0.000000 energy_weight=0.000000 energy_factor=1.800000 energy_term=0.000000 memory_weight=0.000000 memory_penalty=0.000000 memory_term=0.000000 final_reward=-1.060519
2026/07/16 16:18:32 [MAB] event=update_reward ts=1784211512418 policy=UCB1 function=mab_cost_aware_1784211498 arm=x86-tiny/gpu/nvidia duration_ms=2.887870 warm_start=true reward=-1.060519 count=13 avg_reward=-1.166155 total_counts=13
2026/07/16 16:18:32 [LB][MAB] event=before_select function=mab_cost_aware_1784211498 compatible_tags=[x86-tiny/gpu/nvidia] has_context=true
2026/07/16 16:18:32 [MAB] event=arm_score ts=1784211512638 policy=UCB1 function=mab_cost_aware_1784211498 arm=x86-tiny/gpu/nvidia score=-0.810803 count=13 avg_reward=-1.166155 total_counts=13
2026/07/16 16:18:32 [MAB] event=select_arm ts=1784211512638 policy=UCB1 function=mab_cost_aware_1784211498 selected_arm=x86-tiny/gpu/nvidia reason=ucb_score score=-0.810803 total_counts=13 arms=[x86-tiny/gpu/nvidia]
2026/07/16 16:18:32 [LB][MAB] event=after_select function=mab_cost_aware_1784211498 selected_tag=x86-tiny/gpu/nvidia compatible_tags=[x86-tiny/gpu/nvidia]
2026/07/16 16:18:32 [MAB] event=reward_breakdown ts=1784211512642 policy=UCB1 function=mab_cost_aware_1784211498 arm=x86-tiny/gpu/nvidia base_tag=x86-tiny architecture=x86 specialization=tiny capabilities=[gpu,nvidia] duration_ms=3.100173 latency_reward=-1.131458 cost_weight=0.000000 cost_factor=1.600000 cost_term=0.000000 energy_weight=0.000000 energy_factor=1.800000 energy_term=0.000000 memory_weight=0.000000 memory_penalty=0.000000 memory_term=0.000000 final_reward=-1.131458
2026/07/16 16:18:32 [MAB] event=update_reward ts=1784211512642 policy=UCB1 function=mab_cost_aware_1784211498 arm=x86-tiny/gpu/nvidia duration_ms=3.100173 warm_start=true reward=-1.131458 count=14 avg_reward=-1.163676 total_counts=14
2026/07/16 16:18:32 [LB][MAB] event=before_select function=mab_cost_aware_1784211498 compatible_tags=[x86-tiny/gpu/nvidia] has_context=true
2026/07/16 16:18:32 [MAB] event=arm_score ts=1784211512862 policy=UCB1 function=mab_cost_aware_1784211498 arm=x86-tiny/gpu/nvidia score=-0.816340 count=14 avg_reward=-1.163676 total_counts=14
2026/07/16 16:18:32 [MAB] event=select_arm ts=1784211512862 policy=UCB1 function=mab_cost_aware_1784211498 selected_arm=x86-tiny/gpu/nvidia reason=ucb_score score=-0.816340 total_counts=14 arms=[x86-tiny/gpu/nvidia]
2026/07/16 16:18:32 [LB][MAB] event=after_select function=mab_cost_aware_1784211498 selected_tag=x86-tiny/gpu/nvidia compatible_tags=[x86-tiny/gpu/nvidia]
2026/07/16 16:18:32 [MAB] event=reward_breakdown ts=1784211512866 policy=UCB1 function=mab_cost_aware_1784211498 arm=x86-tiny/gpu/nvidia base_tag=x86-tiny architecture=x86 specialization=tiny capabilities=[gpu,nvidia] duration_ms=3.022034 latency_reward=-1.105930 cost_weight=0.000000 cost_factor=1.600000 cost_term=0.000000 energy_weight=0.000000 energy_factor=1.800000 energy_term=0.000000 memory_weight=0.000000 memory_penalty=0.000000 memory_term=0.000000 final_reward=-1.105930
2026/07/16 16:18:32 [MAB] event=update_reward ts=1784211512866 policy=UCB1 function=mab_cost_aware_1784211498 arm=x86-tiny/gpu/nvidia duration_ms=3.022034 warm_start=true reward=-1.105930 count=15 avg_reward=-1.159826 total_counts=15
2026/07/16 16:18:33 [LB][MAB] event=before_select function=mab_cost_aware_1784211498 compatible_tags=[x86-tiny/gpu/nvidia] has_context=true
2026/07/16 16:18:33 [MAB] event=arm_score ts=1784211513086 policy=UCB1 function=mab_cost_aware_1784211498 arm=x86-tiny/gpu/nvidia score=-0.819910 count=15 avg_reward=-1.159826 total_counts=15
2026/07/16 16:18:33 [MAB] event=select_arm ts=1784211513086 policy=UCB1 function=mab_cost_aware_1784211498 selected_arm=x86-tiny/gpu/nvidia reason=ucb_score score=-0.819910 total_counts=15 arms=[x86-tiny/gpu/nvidia]
2026/07/16 16:18:33 [LB][MAB] event=after_select function=mab_cost_aware_1784211498 selected_tag=x86-tiny/gpu/nvidia compatible_tags=[x86-tiny/gpu/nvidia]
2026/07/16 16:18:33 [MAB] event=reward_breakdown ts=1784211513090 policy=UCB1 function=mab_cost_aware_1784211498 arm=x86-tiny/gpu/nvidia base_tag=x86-tiny architecture=x86 specialization=tiny capabilities=[gpu,nvidia] duration_ms=3.101604 latency_reward=-1.131919 cost_weight=0.000000 cost_factor=1.600000 cost_term=0.000000 energy_weight=0.000000 energy_factor=1.800000 energy_term=0.000000 memory_weight=0.000000 memory_penalty=0.000000 memory_term=0.000000 final_reward=-1.131919
2026/07/16 16:18:33 [MAB] event=update_reward ts=1784211513090 policy=UCB1 function=mab_cost_aware_1784211498 arm=x86-tiny/gpu/nvidia duration_ms=3.101604 warm_start=true reward=-1.131919 count=16 avg_reward=-1.158082 total_counts=16
2026/07/16 16:18:33 [LB][MAB] event=before_select function=mab_cost_aware_1784211498 compatible_tags=[x86-tiny/gpu/nvidia] has_context=true
2026/07/16 16:18:33 [MAB] event=arm_score ts=1784211513307 policy=UCB1 function=mab_cost_aware_1784211498 arm=x86-tiny/gpu/nvidia score=-0.825060 count=16 avg_reward=-1.158082 total_counts=16
2026/07/16 16:18:33 [MAB] event=select_arm ts=1784211513307 policy=UCB1 function=mab_cost_aware_1784211498 selected_arm=x86-tiny/gpu/nvidia reason=ucb_score score=-0.825060 total_counts=16 arms=[x86-tiny/gpu/nvidia]
2026/07/16 16:18:33 [LB][MAB] event=after_select function=mab_cost_aware_1784211498 selected_tag=x86-tiny/gpu/nvidia compatible_tags=[x86-tiny/gpu/nvidia]
2026/07/16 16:18:33 [MAB] event=reward_breakdown ts=1784211513311 policy=UCB1 function=mab_cost_aware_1784211498 arm=x86-tiny/gpu/nvidia base_tag=x86-tiny architecture=x86 specialization=tiny capabilities=[gpu,nvidia] duration_ms=2.830775 latency_reward=-1.040551 cost_weight=0.000000 cost_factor=1.600000 cost_term=0.000000 energy_weight=0.000000 energy_factor=1.800000 energy_term=0.000000 memory_weight=0.000000 memory_penalty=0.000000 memory_term=0.000000 final_reward=-1.040551
2026/07/16 16:18:33 [MAB] event=update_reward ts=1784211513311 policy=UCB1 function=mab_cost_aware_1784211498 arm=x86-tiny/gpu/nvidia duration_ms=2.830775 warm_start=true reward=-1.040551 count=17 avg_reward=-1.151169 total_counts=17
2026/07/16 16:18:33 [LB][MAB] event=before_select function=mab_cost_aware_1784211498 compatible_tags=[x86-tiny/gpu/nvidia] has_context=true
2026/07/16 16:18:33 [MAB] event=arm_score ts=1784211513531 policy=UCB1 function=mab_cost_aware_1784211498 arm=x86-tiny/gpu/nvidia score=-0.824577 count=17 avg_reward=-1.151169 total_counts=17
2026/07/16 16:18:33 [MAB] event=select_arm ts=1784211513531 policy=UCB1 function=mab_cost_aware_1784211498 selected_arm=x86-tiny/gpu/nvidia reason=ucb_score score=-0.824577 total_counts=17 arms=[x86-tiny/gpu/nvidia]
2026/07/16 16:18:33 [LB][MAB] event=after_select function=mab_cost_aware_1784211498 selected_tag=x86-tiny/gpu/nvidia compatible_tags=[x86-tiny/gpu/nvidia]
2026/07/16 16:18:33 [MAB] event=reward_breakdown ts=1784211513535 policy=UCB1 function=mab_cost_aware_1784211498 arm=x86-tiny/gpu/nvidia base_tag=x86-tiny architecture=x86 specialization=tiny capabilities=[gpu,nvidia] duration_ms=3.232030 latency_reward=-1.173110 cost_weight=0.000000 cost_factor=1.600000 cost_term=0.000000 energy_weight=0.000000 energy_factor=1.800000 energy_term=0.000000 memory_weight=0.000000 memory_penalty=0.000000 memory_term=0.000000 final_reward=-1.173110
2026/07/16 16:18:33 [MAB] event=update_reward ts=1784211513535 policy=UCB1 function=mab_cost_aware_1784211498 arm=x86-tiny/gpu/nvidia duration_ms=3.232030 warm_start=true reward=-1.173110 count=18 avg_reward=-1.152388 total_counts=18
2026/07/16 16:18:33 [LB][MAB] event=before_select function=mab_cost_aware_1784211498 compatible_tags=[x86-tiny/gpu/nvidia] has_context=true
2026/07/16 16:18:33 [MAB] event=arm_score ts=1784211513754 policy=UCB1 function=mab_cost_aware_1784211498 arm=x86-tiny/gpu/nvidia score=-0.831812 count=18 avg_reward=-1.152388 total_counts=18
2026/07/16 16:18:33 [MAB] event=select_arm ts=1784211513754 policy=UCB1 function=mab_cost_aware_1784211498 selected_arm=x86-tiny/gpu/nvidia reason=ucb_score score=-0.831812 total_counts=18 arms=[x86-tiny/gpu/nvidia]
2026/07/16 16:18:33 [LB][MAB] event=after_select function=mab_cost_aware_1784211498 selected_tag=x86-tiny/gpu/nvidia compatible_tags=[x86-tiny/gpu/nvidia]
2026/07/16 16:18:33 [MAB] event=reward_breakdown ts=1784211513756 policy=UCB1 function=mab_cost_aware_1784211498 arm=x86-tiny/gpu/nvidia base_tag=x86-tiny architecture=x86 specialization=tiny capabilities=[gpu,nvidia] duration_ms=1.871765 latency_reward=-0.626882 cost_weight=0.000000 cost_factor=1.600000 cost_term=0.000000 energy_weight=0.000000 energy_factor=1.800000 energy_term=0.000000 memory_weight=0.000000 memory_penalty=0.000000 memory_term=0.000000 final_reward=-0.626882
2026/07/16 16:18:33 [MAB] event=update_reward ts=1784211513756 policy=UCB1 function=mab_cost_aware_1784211498 arm=x86-tiny/gpu/nvidia duration_ms=1.871765 warm_start=true reward=-0.626882 count=19 avg_reward=-1.124729 total_counts=19
