2026/07/16 16:18:18 Local node id: (ROME)dWj6NWPSZHxMBZzYYdHyEZ1784211498957981959 - x86-tiny/gpu/nvidia (arch: amd64)
2026/07/16 16:18:18 Registration for node: (ROME)dWj6NWPSZHxMBZzYYdHyEZ1784211498957981959 - x86-tiny/gpu/nvidia
2026/07/16 16:18:18 Connecting to etcd
2026/07/16 16:18:18 Connected to etcd
2026/07/16 16:18:19 etcd connection state: READY
2026/07/16 16:18:19 etcd: connected and ready
2026/07/16 16:18:19 Registering to etcd: registry/ROME/x86-tiny/gpu/nvidia/dWj6NWPSZHxMBZzYYdHyEZ1784211498957981959
2026/07/16 16:18:19 Configured scheduling policy: default
2026/07/16 16:18:19 Configured offloading policy: disable
2026/07/16 16:18:19 Current resources: [CPUs: 0.000000/32.000000 - Mem: 0(+0 warm)/512]
2026/07/16 16:18:19 Scheduler started.
2026/07/16 16:18:19 No remote area is configured; vertical offloading disabled
2026/07/16 16:18:19 UDP server up and listening on port 9879
⇨ http server started on [::]:1326
2026/07/16 16:18:29 Container a06907f6aa5c3fe552937d096b075b6caf18c4a2f7d241dc45aaaec0d8ad38aa has name /condescending_hoover
2026/07/16 16:18:29 [mab_cost_aware_1784211498] Executing on container: a06907f6aa5c3fe552937d096b075b6caf18c4a2f7d241dc45aaaec0d8ad38aa
2026/07/16 16:18:29 Using warm a06907f6aa5c3fe552937d096b075b6caf18c4a2f7d241dc45aaaec0d8ad38aa for mab_cost_aware_1784211498. Now: [CPUs: 0.000000/32.000000 - Mem: 128(+0 warm)/512]
2026/07/16 16:18:29 [mab_cost_aware_1784211498] Executing on container: a06907f6aa5c3fe552937d096b075b6caf18c4a2f7d241dc45aaaec0d8ad38aa
2026/07/16 16:18:29 Using warm a06907f6aa5c3fe552937d096b075b6caf18c4a2f7d241dc45aaaec0d8ad38aa for mab_cost_aware_1784211498. Now: [CPUs: 0.000000/32.000000 - Mem: 128(+0 warm)/512]
2026/07/16 16:18:29 [mab_cost_aware_1784211498] Executing on container: a06907f6aa5c3fe552937d096b075b6caf18c4a2f7d241dc45aaaec0d8ad38aa
2026/07/16 16:18:30 Using warm a06907f6aa5c3fe552937d096b075b6caf18c4a2f7d241dc45aaaec0d8ad38aa for mab_cost_aware_1784211498. Now: [CPUs: 0.000000/32.000000 - Mem: 128(+0 warm)/512]
2026/07/16 16:18:30 [mab_cost_aware_1784211498] Executing on container: a06907f6aa5c3fe552937d096b075b6caf18c4a2f7d241dc45aaaec0d8ad38aa
2026/07/16 16:18:30 Using warm a06907f6aa5c3fe552937d096b075b6caf18c4a2f7d241dc45aaaec0d8ad38aa for mab_cost_aware_1784211498. Now: [CPUs: 0.000000/32.000000 - Mem: 128(+0 warm)/512]
2026/07/16 16:18:30 [mab_cost_aware_1784211498] Executing on container: a06907f6aa5c3fe552937d096b075b6caf18c4a2f7d241dc45aaaec0d8ad38aa
2026/07/16 16:18:30 Using warm a06907f6aa5c3fe552937d096b075b6caf18c4a2f7d241dc45aaaec0d8ad38aa for mab_cost_aware_1784211498. Now: [CPUs: 0.000000/32.000000 - Mem: 128(+0 warm)/512]
2026/07/16 16:18:30 [mab_cost_aware_1784211498] Executing on container: a06907f6aa5c3fe552937d096b075b6caf18c4a2f7d241dc45aaaec0d8ad38aa
2026/07/16 16:18:30 Using warm a06907f6aa5c3fe552937d096b075b6caf18c4a2f7d241dc45aaaec0d8ad38aa for mab_cost_aware_1784211498. Now: [CPUs: 0.000000/32.000000 - Mem: 128(+0 warm)/512]
2026/07/16 16:18:30 [mab_cost_aware_1784211498] Executing on container: a06907f6aa5c3fe552937d096b075b6caf18c4a2f7d241dc45aaaec0d8ad38aa
2026/07/16 16:18:31 Using warm a06907f6aa5c3fe552937d096b075b6caf18c4a2f7d241dc45aaaec0d8ad38aa for mab_cost_aware_1784211498. Now: [CPUs: 0.000000/32.000000 - Mem: 128(+0 warm)/512]
2026/07/16 16:18:31 [mab_cost_aware_1784211498] Executing on container: a06907f6aa5c3fe552937d096b075b6caf18c4a2f7d241dc45aaaec0d8ad38aa
2026/07/16 16:18:31 Using warm a06907f6aa5c3fe552937d096b075b6caf18c4a2f7d241dc45aaaec0d8ad38aa for mab_cost_aware_1784211498. Now: [CPUs: 0.000000/32.000000 - Mem: 128(+0 warm)/512]
2026/07/16 16:18:31 [mab_cost_aware_1784211498] Executing on container: a06907f6aa5c3fe552937d096b075b6caf18c4a2f7d241dc45aaaec0d8ad38aa
2026/07/16 16:18:31 Using warm a06907f6aa5c3fe552937d096b075b6caf18c4a2f7d241dc45aaaec0d8ad38aa for mab_cost_aware_1784211498. Now: [CPUs: 0.000000/32.000000 - Mem: 128(+0 warm)/512]
2026/07/16 16:18:31 [mab_cost_aware_1784211498] Executing on container: a06907f6aa5c3fe552937d096b075b6caf18c4a2f7d241dc45aaaec0d8ad38aa
2026/07/16 16:18:31 Using warm a06907f6aa5c3fe552937d096b075b6caf18c4a2f7d241dc45aaaec0d8ad38aa for mab_cost_aware_1784211498. Now: [CPUs: 0.000000/32.000000 - Mem: 128(+0 warm)/512]
2026/07/16 16:18:31 [mab_cost_aware_1784211498] Executing on container: a06907f6aa5c3fe552937d096b075b6caf18c4a2f7d241dc45aaaec0d8ad38aa
2026/07/16 16:18:31 Using warm a06907f6aa5c3fe552937d096b075b6caf18c4a2f7d241dc45aaaec0d8ad38aa for mab_cost_aware_1784211498. Now: [CPUs: 0.000000/32.000000 - Mem: 128(+0 warm)/512]
2026/07/16 16:18:31 [mab_cost_aware_1784211498] Executing on container: a06907f6aa5c3fe552937d096b075b6caf18c4a2f7d241dc45aaaec0d8ad38aa
2026/07/16 16:18:32 Using warm a06907f6aa5c3fe552937d096b075b6caf18c4a2f7d241dc45aaaec0d8ad38aa for mab_cost_aware_1784211498. Now: [CPUs: 0.000000/32.000000 - Mem: 128(+0 warm)/512]
2026/07/16 16:18:32 [mab_cost_aware_1784211498] Executing on container: a06907f6aa5c3fe552937d096b075b6caf18c4a2f7d241dc45aaaec0d8ad38aa
2026/07/16 16:18:32 Using warm a06907f6aa5c3fe552937d096b075b6caf18c4a2f7d241dc45aaaec0d8ad38aa for mab_cost_aware_1784211498. Now: [CPUs: 0.000000/32.000000 - Mem: 128(+0 warm)/512]
2026/07/16 16:18:32 [mab_cost_aware_1784211498] Executing on container: a06907f6aa5c3fe552937d096b075b6caf18c4a2f7d241dc45aaaec0d8ad38aa
2026/07/16 16:18:32 Using warm a06907f6aa5c3fe552937d096b075b6caf18c4a2f7d241dc45aaaec0d8ad38aa for mab_cost_aware_1784211498. Now: [CPUs: 0.000000/32.000000 - Mem: 128(+0 warm)/512]
2026/07/16 16:18:32 [mab_cost_aware_1784211498] Executing on container: a06907f6aa5c3fe552937d096b075b6caf18c4a2f7d241dc45aaaec0d8ad38aa
2026/07/16 16:18:32 Using warm a06907f6aa5c3fe552937d096b075b6caf18c4a2f7d241dc45aaaec0d8ad38aa for mab_cost_aware_1784211498. Now: [CPUs: 0.000000/32.000000 - Mem: 128(+0 warm)/512]
2026/07/16 16:18:32 [mab_cost_aware_1784211498] Executing on container: a06907f6aa5c3fe552937d096b075b6caf18c4a2f7d241dc45aaaec0d8ad38aa
2026/07/16 16:18:33 Using warm a06907f6aa5c3fe552937d096b075b6caf18c4a2f7d241dc45aaaec0d8ad38aa for mab_cost_aware_1784211498. Now: [CPUs: 0.000000/32.000000 - Mem: 128(+0 warm)/512]
2026/07/16 16:18:33 [mab_cost_aware_1784211498] Executing on container: a06907f6aa5c3fe552937d096b075b6caf18c4a2f7d241dc45aaaec0d8ad38aa
2026/07/16 16:18:33 Using warm a06907f6aa5c3fe552937d096b075b6caf18c4a2f7d241dc45aaaec0d8ad38aa for mab_cost_aware_1784211498. Now: [CPUs: 0.000000/32.000000 - Mem: 128(+0 warm)/512]
2026/07/16 16:18:33 [mab_cost_aware_1784211498] Executing on container: a06907f6aa5c3fe552937d096b075b6caf18c4a2f7d241dc45aaaec0d8ad38aa
2026/07/16 16:18:33 Using warm a06907f6aa5c3fe552937d096b075b6caf18c4a2f7d241dc45aaaec0d8ad38aa for mab_cost_aware_1784211498. Now: [CPUs: 0.000000/32.000000 - Mem: 128(+0 warm)/512]
2026/07/16 16:18:33 [mab_cost_aware_1784211498] Executing on container: a06907f6aa5c3fe552937d096b075b6caf18c4a2f7d241dc45aaaec0d8ad38aa
2026/07/16 16:18:33 Using warm a06907f6aa5c3fe552937d096b075b6caf18c4a2f7d241dc45aaaec0d8ad38aa for mab_cost_aware_1784211498. Now: [CPUs: 0.000000/32.000000 - Mem: 128(+0 warm)/512]
2026/07/16 16:18:33 [mab_cost_aware_1784211498] Executing on container: a06907f6aa5c3fe552937d096b075b6caf18c4a2f7d241dc45aaaec0d8ad38aa
