{
	"Success": true,
	"Result": "\"\"",
	"ResponseTime": 1.010739017,
	"IsWarmStart": true,
	"InitTime": 0.000101379,
	"QueueingTime": 0,
	"OffloadLatency": 0,
	"Duration": 1.003529641,
	"Output": "\n",
	"ExecutionArea": "PROFILE_AGGREGATION_TEST",
	"ExecutionNode": "profiling-aggregation-node-20260812_105224",
	"ResourceProfile": {
		"Enabled": true,
		"Collected": true,
		"Valid": true,
		"InvalidReason": "",
		"ContainerID": "480fed9879d4e0437c0d50ed0eea91db23abe9a07172a4b3e1ae06e4932542a0",
		"ExclusiveContainer": true,
		"MaxConcurrency": 1,
		"ProfilingLockWaitMs": 0.000224,
		"CPUUsageTotalDeltaNs": 2462000,
		"CPUUsageUserDeltaNs": 2462000,
		"CPUUsageKernelDeltaNs": 0,
		"CPUThrottledTimeDeltaNs": 0,
		"CPUThrottledPeriodsDelta": 0,
		"OnlineCPUs": 32,
		"UtilizedCPUs": 0.002453340588471965,
		"MemoryUsageBeforeBytes": 19689472,
		"MemoryUsageAfterBytes": 19456000,
		"MemoryUsageDeltaBytes": -233472,
		"MemoryLimitBytes": 134217728,
		"PageFaultsDelta": 0,
		"MajorPageFaultsDelta": 0,
		"PageFaultsAvailable": true,
		"MajorPageFaultsAvailable": true,
		"BlockReadBytesDelta": 0,
		"BlockWriteBytesDelta": 1794048,
		"BlockReadOpsDelta": 0,
		"BlockWriteOpsDelta": 0,
		"BlockIOAvailable": true,
		"BlockIOBytesAvailable": true,
		"BlockIOOpsAvailable": false,
		"NetworkRxBytesDelta": 1170,
		"NetworkTxBytesDelta": 513,
		"NetworkAvailable": true,
		"PIDsBefore": 1,
		"PIDsAfter": 1,
		"ExecutionWallTimeMs": 1003.529641,
		"ProfilingStartOverheadMs": 2.357393,
		"ProfilingEndOverheadMs": 3.454675,
		"ProfilingTotalOverheadMs": 5.812068
	}
}
