{
	"Success": true,
	"Result": "\"\"",
	"ResponseTime": 1.010647131,
	"IsWarmStart": true,
	"InitTime": 0.000091228,
	"QueueingTime": 0,
	"OffloadLatency": 0,
	"Duration": 1.003274526,
	"Output": "\n",
	"ExecutionArea": "PROFILE_AGGREGATION_TEST",
	"ExecutionNode": "profiling-aggregation-node-20260812_105224",
	"ResourceProfile": {
		"Enabled": true,
		"Collected": true,
		"Valid": true,
		"InvalidReason": "",
		"ContainerID": "480fed9879d4e0437c0d50ed0eea91db23abe9a07172a4b3e1ae06e4932542a0",
		"ExclusiveContainer": true,
		"MaxConcurrency": 1,
		"ProfilingLockWaitMs": 0.00038,
		"CPUUsageTotalDeltaNs": 2123000,
		"CPUUsageUserDeltaNs": 1102000,
		"CPUUsageKernelDeltaNs": 1021000,
		"CPUThrottledTimeDeltaNs": 0,
		"CPUThrottledPeriodsDelta": 0,
		"OnlineCPUs": 32,
		"UtilizedCPUs": 0.002116070870915345,
		"MemoryUsageBeforeBytes": 19398656,
		"MemoryUsageAfterBytes": 20135936,
		"MemoryUsageDeltaBytes": 737280,
		"MemoryLimitBytes": 134217728,
		"PageFaultsDelta": 0,
		"MajorPageFaultsDelta": 0,
		"PageFaultsAvailable": true,
		"MajorPageFaultsAvailable": true,
		"BlockReadBytesDelta": 0,
		"BlockWriteBytesDelta": 0,
		"BlockReadOpsDelta": 0,
		"BlockWriteOpsDelta": 0,
		"BlockIOAvailable": true,
		"BlockIOBytesAvailable": true,
		"BlockIOOpsAvailable": false,
		"NetworkRxBytesDelta": 1119,
		"NetworkTxBytesDelta": 513,
		"NetworkAvailable": true,
		"PIDsBefore": 1,
		"PIDsAfter": 1,
		"ExecutionWallTimeMs": 1003.274526,
		"ProfilingStartOverheadMs": 2.509529,
		"ProfilingEndOverheadMs": 3.520988,
		"ProfilingTotalOverheadMs": 6.030517
	}
}
