{
	"Success": true,
	"Result": "\"\"",
	"ResponseTime": 1.017188249,
	"IsWarmStart": true,
	"InitTime": 0.000122969,
	"QueueingTime": 0,
	"OffloadLatency": 0,
	"Duration": 1.003715098,
	"Output": "\n",
	"ExecutionArea": "PROFILE_AGGREGATION_TEST",
	"ExecutionNode": "profiling-aggregation-node-20260812_105224",
	"ResourceProfile": {
		"Enabled": true,
		"Collected": true,
		"Valid": true,
		"InvalidReason": "",
		"ContainerID": "480fed9879d4e0437c0d50ed0eea91db23abe9a07172a4b3e1ae06e4932542a0",
		"ExclusiveContainer": true,
		"MaxConcurrency": 1,
		"ProfilingLockWaitMs": 0.000253,
		"CPUUsageTotalDeltaNs": 2547000,
		"CPUUsageUserDeltaNs": 665000,
		"CPUUsageKernelDeltaNs": 1881000,
		"CPUThrottledTimeDeltaNs": 0,
		"CPUThrottledPeriodsDelta": 0,
		"OnlineCPUs": 32,
		"UtilizedCPUs": 0.0025375726688530893,
		"MemoryUsageBeforeBytes": 19464192,
		"MemoryUsageAfterBytes": 19779584,
		"MemoryUsageDeltaBytes": 315392,
		"MemoryLimitBytes": 134217728,
		"PageFaultsDelta": 0,
		"MajorPageFaultsDelta": 0,
		"PageFaultsAvailable": true,
		"MajorPageFaultsAvailable": true,
		"BlockReadBytesDelta": 0,
		"BlockWriteBytesDelta": 0,
		"BlockReadOpsDelta": 0,
		"BlockWriteOpsDelta": 0,
		"BlockIOAvailable": true,
		"BlockIOBytesAvailable": true,
		"BlockIOOpsAvailable": false,
		"NetworkRxBytesDelta": 2471,
		"NetworkTxBytesDelta": 555,
		"NetworkAvailable": true,
		"PIDsBefore": 1,
		"PIDsAfter": 1,
		"ExecutionWallTimeMs": 1003.715098,
		"ProfilingStartOverheadMs": 7.943512,
		"ProfilingEndOverheadMs": 3.480506,
		"ProfilingTotalOverheadMs": 11.424018
	}
}
