{
	"Success": true,
	"Result": "\"\"",
	"ResponseTime": 1.011163383,
	"IsWarmStart": true,
	"InitTime": 0.000076712,
	"QueueingTime": 0,
	"OffloadLatency": 0,
	"Duration": 1.003411186,
	"Output": "\n",
	"ExecutionArea": "PROFILE_AGGREGATION_TEST",
	"ExecutionNode": "profiling-aggregation-node-20260812_105224",
	"ResourceProfile": {
		"Enabled": true,
		"Collected": true,
		"Valid": true,
		"InvalidReason": "",
		"ContainerID": "480fed9879d4e0437c0d50ed0eea91db23abe9a07172a4b3e1ae06e4932542a0",
		"ExclusiveContainer": true,
		"MaxConcurrency": 1,
		"ProfilingLockWaitMs": 0.000284,
		"CPUUsageTotalDeltaNs": 2266000,
		"CPUUsageUserDeltaNs": 1215000,
		"CPUUsageKernelDeltaNs": 1051000,
		"CPUThrottledTimeDeltaNs": 0,
		"CPUThrottledPeriodsDelta": 0,
		"OnlineCPUs": 32,
		"UtilizedCPUs": 0.0022582965304913396,
		"MemoryUsageBeforeBytes": 19083264,
		"MemoryUsageAfterBytes": 19398656,
		"MemoryUsageDeltaBytes": 315392,
		"MemoryLimitBytes": 134217728,
		"PageFaultsDelta": 0,
		"MajorPageFaultsDelta": 0,
		"PageFaultsAvailable": true,
		"MajorPageFaultsAvailable": true,
		"BlockReadBytesDelta": 0,
		"BlockWriteBytesDelta": 0,
		"BlockReadOpsDelta": 0,
		"BlockWriteOpsDelta": 0,
		"BlockIOAvailable": true,
		"BlockIOBytesAvailable": true,
		"BlockIOOpsAvailable": false,
		"NetworkRxBytesDelta": 752,
		"NetworkTxBytesDelta": 579,
		"NetworkAvailable": true,
		"PIDsBefore": 1,
		"PIDsAfter": 1,
		"ExecutionWallTimeMs": 1003.411186,
		"ProfilingStartOverheadMs": 3.096752,
		"ProfilingEndOverheadMs": 3.572475,
		"ProfilingTotalOverheadMs": 6.669227
	}
}
