{
	"Success": true,
	"Result": "\"\"",
	"ResponseTime": 1.008758429,
	"IsWarmStart": true,
	"InitTime": 0.000120379,
	"QueueingTime": 0,
	"OffloadLatency": 0,
	"Duration": 1.002779696,
	"Output": "\n",
	"ExecutionArea": "PROFILE_AGGREGATION_TEST",
	"ExecutionNode": "profiling-aggregation-node-20260812_105224",
	"ResourceProfile": {
		"Enabled": true,
		"Collected": true,
		"Valid": true,
		"InvalidReason": "",
		"ContainerID": "480fed9879d4e0437c0d50ed0eea91db23abe9a07172a4b3e1ae06e4932542a0",
		"ExclusiveContainer": true,
		"MaxConcurrency": 1,
		"ProfilingLockWaitMs": 0.000434,
		"CPUUsageTotalDeltaNs": 1679000,
		"CPUUsageUserDeltaNs": 651000,
		"CPUUsageKernelDeltaNs": 1028000,
		"CPUThrottledTimeDeltaNs": 0,
		"CPUThrottledPeriodsDelta": 0,
		"OnlineCPUs": 32,
		"UtilizedCPUs": 0.0016743458276004025,
		"MemoryUsageBeforeBytes": 19435520,
		"MemoryUsageAfterBytes": 19673088,
		"MemoryUsageDeltaBytes": 237568,
		"MemoryLimitBytes": 134217728,
		"PageFaultsDelta": 0,
		"MajorPageFaultsDelta": 0,
		"PageFaultsAvailable": true,
		"MajorPageFaultsAvailable": true,
		"BlockReadBytesDelta": 0,
		"BlockWriteBytesDelta": 0,
		"BlockReadOpsDelta": 0,
		"BlockWriteOpsDelta": 0,
		"BlockIOAvailable": true,
		"BlockIOBytesAvailable": true,
		"BlockIOOpsAvailable": false,
		"NetworkRxBytesDelta": 1254,
		"NetworkTxBytesDelta": 513,
		"NetworkAvailable": true,
		"PIDsBefore": 1,
		"PIDsAfter": 1,
		"ExecutionWallTimeMs": 1002.779696,
		"ProfilingStartOverheadMs": 2.941681,
		"ProfilingEndOverheadMs": 1.621856,
		"ProfilingTotalOverheadMs": 4.563537
	}
}
