{
	"Success": true,
	"Result": "\"\"",
	"ResponseTime": 1.011963192,
	"IsWarmStart": true,
	"InitTime": 0.000115781,
	"QueueingTime": 0,
	"OffloadLatency": 0,
	"Duration": 1.003488448,
	"Output": "\n",
	"ExecutionArea": "PROFILE_AGGREGATION_TEST",
	"ExecutionNode": "profiling-aggregation-node-20260812_105224",
	"ResourceProfile": {
		"Enabled": true,
		"Collected": true,
		"Valid": true,
		"InvalidReason": "",
		"ContainerID": "480fed9879d4e0437c0d50ed0eea91db23abe9a07172a4b3e1ae06e4932542a0",
		"ExclusiveContainer": true,
		"MaxConcurrency": 1,
		"ProfilingLockWaitMs": 0.000299,
		"CPUUsageTotalDeltaNs": 2364000,
		"CPUUsageUserDeltaNs": 1292000,
		"CPUUsageKernelDeltaNs": 1072000,
		"CPUThrottledTimeDeltaNs": 0,
		"CPUThrottledPeriodsDelta": 0,
		"OnlineCPUs": 32,
		"UtilizedCPUs": 0.0023557819770736415,
		"MemoryUsageBeforeBytes": 19632128,
		"MemoryUsageAfterBytes": 19349504,
		"MemoryUsageDeltaBytes": -282624,
		"MemoryLimitBytes": 134217728,
		"PageFaultsDelta": 0,
		"MajorPageFaultsDelta": 0,
		"PageFaultsAvailable": true,
		"MajorPageFaultsAvailable": true,
		"BlockReadBytesDelta": 0,
		"BlockWriteBytesDelta": 0,
		"BlockReadOpsDelta": 0,
		"BlockWriteOpsDelta": 0,
		"BlockIOAvailable": true,
		"BlockIOBytesAvailable": true,
		"BlockIOOpsAvailable": false,
		"NetworkRxBytesDelta": 1295,
		"NetworkTxBytesDelta": 513,
		"NetworkAvailable": true,
		"PIDsBefore": 1,
		"PIDsAfter": 1,
		"ExecutionWallTimeMs": 1003.488448,
		"ProfilingStartOverheadMs": 2.658767,
		"ProfilingEndOverheadMs": 4.184651,
		"ProfilingTotalOverheadMs": 6.843418
	}
}
