{
	"Success": true,
	"Result": "\"\"",
	"ResponseTime": 1.009987443,
	"IsWarmStart": true,
	"InitTime": 0.000079326,
	"QueueingTime": 0,
	"OffloadLatency": 0,
	"Duration": 1.002952092,
	"Output": "\n",
	"ExecutionArea": "PROFILE_AGGREGATION_TEST",
	"ExecutionNode": "profiling-aggregation-node-20260812_105224",
	"ResourceProfile": {
		"Enabled": true,
		"Collected": true,
		"Valid": true,
		"InvalidReason": "",
		"ContainerID": "480fed9879d4e0437c0d50ed0eea91db23abe9a07172a4b3e1ae06e4932542a0",
		"ExclusiveContainer": true,
		"MaxConcurrency": 1,
		"ProfilingLockWaitMs": 0.00038,
		"CPUUsageTotalDeltaNs": 2324000,
		"CPUUsageUserDeltaNs": 1258000,
		"CPUUsageKernelDeltaNs": 1066000,
		"CPUThrottledTimeDeltaNs": 0,
		"CPUThrottledPeriodsDelta": 0,
		"OnlineCPUs": 32,
		"UtilizedCPUs": 0.0023171595318832038,
		"MemoryUsageBeforeBytes": 19853312,
		"MemoryUsageAfterBytes": 19623936,
		"MemoryUsageDeltaBytes": -229376,
		"MemoryLimitBytes": 134217728,
		"PageFaultsDelta": 0,
		"MajorPageFaultsDelta": 0,
		"PageFaultsAvailable": true,
		"MajorPageFaultsAvailable": true,
		"BlockReadBytesDelta": 0,
		"BlockWriteBytesDelta": 0,
		"BlockReadOpsDelta": 0,
		"BlockWriteOpsDelta": 0,
		"BlockIOAvailable": true,
		"BlockIOBytesAvailable": true,
		"BlockIOOpsAvailable": false,
		"NetworkRxBytesDelta": 752,
		"NetworkTxBytesDelta": 579,
		"NetworkAvailable": true,
		"PIDsBefore": 1,
		"PIDsAfter": 1,
		"ExecutionWallTimeMs": 1002.952092,
		"ProfilingStartOverheadMs": 1.631973,
		"ProfilingEndOverheadMs": 4.025204,
		"ProfilingTotalOverheadMs": 5.657177
	}
}
