{
	"Success": true,
	"Result": "\"\"",
	"ResponseTime": 1.010785277,
	"IsWarmStart": true,
	"InitTime": 0.000129939,
	"QueueingTime": 0,
	"OffloadLatency": 0,
	"Duration": 1.003510552,
	"Output": "\n",
	"ExecutionArea": "PROFILE_AGGREGATION_TEST",
	"ExecutionNode": "profiling-aggregation-node-20260812_105224",
	"ResourceProfile": {
		"Enabled": true,
		"Collected": true,
		"Valid": true,
		"InvalidReason": "",
		"ContainerID": "480fed9879d4e0437c0d50ed0eea91db23abe9a07172a4b3e1ae06e4932542a0",
		"ExclusiveContainer": true,
		"MaxConcurrency": 1,
		"ProfilingLockWaitMs": 0.000305,
		"CPUUsageTotalDeltaNs": 2152000,
		"CPUUsageUserDeltaNs": 2112000,
		"CPUUsageKernelDeltaNs": 40000,
		"CPUThrottledTimeDeltaNs": 0,
		"CPUThrottledPeriodsDelta": 0,
		"OnlineCPUs": 32,
		"UtilizedCPUs": 0.002144471720512611,
		"MemoryUsageBeforeBytes": 19468288,
		"MemoryUsageAfterBytes": 19992576,
		"MemoryUsageDeltaBytes": 524288,
		"MemoryLimitBytes": 134217728,
		"PageFaultsDelta": 0,
		"MajorPageFaultsDelta": 0,
		"PageFaultsAvailable": true,
		"MajorPageFaultsAvailable": true,
		"BlockReadBytesDelta": 0,
		"BlockWriteBytesDelta": 0,
		"BlockReadOpsDelta": 0,
		"BlockWriteOpsDelta": 0,
		"BlockIOAvailable": true,
		"BlockIOBytesAvailable": true,
		"BlockIOOpsAvailable": false,
		"NetworkRxBytesDelta": 1270,
		"NetworkTxBytesDelta": 579,
		"NetworkAvailable": true,
		"PIDsBefore": 1,
		"PIDsAfter": 1,
		"ExecutionWallTimeMs": 1003.510552,
		"ProfilingStartOverheadMs": 2.829856,
		"ProfilingEndOverheadMs": 3.025284,
		"ProfilingTotalOverheadMs": 5.85514
	}
}
