{
	"Success": true,
	"Result": "\"\"",
	"ResponseTime": 1.011181831,
	"IsWarmStart": true,
	"InitTime": 0.000106974,
	"QueueingTime": 0,
	"OffloadLatency": 0,
	"Duration": 1.003625416,
	"Output": "\n",
	"ExecutionArea": "PROFILE_AGGREGATION_TEST",
	"ExecutionNode": "profiling-aggregation-node-20260812_105224",
	"ResourceProfile": {
		"Enabled": true,
		"Collected": true,
		"Valid": true,
		"InvalidReason": "",
		"ContainerID": "480fed9879d4e0437c0d50ed0eea91db23abe9a07172a4b3e1ae06e4932542a0",
		"ExclusiveContainer": true,
		"MaxConcurrency": 1,
		"ProfilingLockWaitMs": 0.000451,
		"CPUUsageTotalDeltaNs": 2342000,
		"CPUUsageUserDeltaNs": 1270000,
		"CPUUsageKernelDeltaNs": 1072000,
		"CPUThrottledTimeDeltaNs": 0,
		"CPUThrottledPeriodsDelta": 0,
		"OnlineCPUs": 32,
		"UtilizedCPUs": 0.0023335399469397258,
		"MemoryUsageBeforeBytes": 19312640,
		"MemoryUsageAfterBytes": 19550208,
		"MemoryUsageDeltaBytes": 237568,
		"MemoryLimitBytes": 134217728,
		"PageFaultsDelta": 0,
		"MajorPageFaultsDelta": 0,
		"PageFaultsAvailable": true,
		"MajorPageFaultsAvailable": true,
		"BlockReadBytesDelta": 0,
		"BlockWriteBytesDelta": 0,
		"BlockReadOpsDelta": 0,
		"BlockWriteOpsDelta": 0,
		"BlockIOAvailable": true,
		"BlockIOBytesAvailable": true,
		"BlockIOOpsAvailable": false,
		"NetworkRxBytesDelta": 686,
		"NetworkTxBytesDelta": 579,
		"NetworkAvailable": true,
		"PIDsBefore": 1,
		"PIDsAfter": 1,
		"ExecutionWallTimeMs": 1003.625416,
		"ProfilingStartOverheadMs": 2.582904,
		"ProfilingEndOverheadMs": 3.706483,
		"ProfilingTotalOverheadMs": 6.289387
	}
}
