{
	"Success": true,
	"Result": "\"\"",
	"ResponseTime": 2.008709286,
	"IsWarmStart": true,
	"InitTime": 0.000051259,
	"QueueingTime": 0,
	"OffloadLatency": 0,
	"Duration": 2.003091837,
	"Output": "\n",
	"ExecutionArea": "PROFILE_TEST",
	"ExecutionNode": "profiling-node-20260803_114649",
	"ResourceProfile": {
		"Enabled": true,
		"Collected": true,
		"Valid": true,
		"InvalidReason": "",
		"ContainerID": "c5bbaf043fbba724fc894f3e8d8a053370452327773a8490007c669d188f1569",
		"ExclusiveContainer": true,
		"MaxConcurrency": 1,
		"ProfilingLockWaitMs": 0.000122,
		"CPUUsageTotalDeltaNs": 2897000,
		"CPUUsageUserDeltaNs": 900000,
		"CPUUsageKernelDeltaNs": 1997000,
		"CPUThrottledTimeDeltaNs": 0,
		"CPUThrottledPeriodsDelta": 0,
		"OnlineCPUs": 32,
		"UtilizedCPUs": 0.0014462641934274928,
		"MemoryUsageBeforeBytes": 16138240,
		"MemoryUsageAfterBytes": 15556608,
		"MemoryUsageDeltaBytes": -581632,
		"MemoryLimitBytes": 134217728,
		"PageFaultsDelta": 16,
		"MajorPageFaultsDelta": 0,
		"PageFaultsAvailable": true,
		"MajorPageFaultsAvailable": true,
		"BlockReadBytesDelta": 0,
		"BlockWriteBytesDelta": 0,
		"BlockReadOpsDelta": 0,
		"BlockWriteOpsDelta": 0,
		"BlockIOAvailable": false,
		"BlockIOBytesAvailable": false,
		"BlockIOOpsAvailable": false,
		"NetworkRxBytesDelta": 2572,
		"NetworkTxBytesDelta": 663,
		"NetworkAvailable": true,
		"PIDsBefore": 1,
		"PIDsAfter": 1,
		"ExecutionWallTimeMs": 2003.091837,
		"ProfilingStartOverheadMs": 1.926229,
		"ProfilingEndOverheadMs": 3.524735,
		"ProfilingTotalOverheadMs": 5.450964
	}
}
