{
	"Success": true,
	"Result": "\"\"",
	"ResponseTime": 2.008286217,
	"IsWarmStart": true,
	"InitTime": 0.00002223,
	"QueueingTime": 0,
	"OffloadLatency": 0,
	"Duration": 2.003331384,
	"Output": "\n",
	"ExecutionArea": "PROFILE_TEST",
	"ExecutionNode": "profiling-node-20260803_114649",
	"ResourceProfile": {
		"Enabled": true,
		"Collected": true,
		"Valid": true,
		"InvalidReason": "",
		"ContainerID": "9f711dc460696ad19b4e983e9948addb6dfd512dc02f7d6f9a1ecc097b1757f4",
		"ExclusiveContainer": true,
		"MaxConcurrency": 1,
		"ProfilingLockWaitMs": 0.000076,
		"CPUUsageTotalDeltaNs": 2853000,
		"CPUUsageUserDeltaNs": 1884000,
		"CPUUsageKernelDeltaNs": 969000,
		"CPUThrottledTimeDeltaNs": 0,
		"CPUThrottledPeriodsDelta": 0,
		"OnlineCPUs": 32,
		"UtilizedCPUs": 0.001424127841647191,
		"MemoryUsageBeforeBytes": 15654912,
		"MemoryUsageAfterBytes": 15708160,
		"MemoryUsageDeltaBytes": 53248,
		"MemoryLimitBytes": 134217728,
		"PageFaultsDelta": 16,
		"MajorPageFaultsDelta": 0,
		"PageFaultsAvailable": true,
		"MajorPageFaultsAvailable": true,
		"BlockReadBytesDelta": 0,
		"BlockWriteBytesDelta": 0,
		"BlockReadOpsDelta": 0,
		"BlockWriteOpsDelta": 0,
		"BlockIOAvailable": true,
		"BlockIOBytesAvailable": true,
		"BlockIOOpsAvailable": false,
		"NetworkRxBytesDelta": 2495,
		"NetworkTxBytesDelta": 663,
		"NetworkAvailable": true,
		"PIDsBefore": 1,
		"PIDsAfter": 1,
		"ExecutionWallTimeMs": 2003.331384,
		"ProfilingStartOverheadMs": 1.492549,
		"ProfilingEndOverheadMs": 3.367679,
		"ProfilingTotalOverheadMs": 4.860228
	}
}
