2026/08/03 11:46:52 Local node id: (PROFILE_TEST)profiling-node-20260803_114649 - profiling-test (arch: amd64)
2026/08/03 11:46:52 Registration for node: (PROFILE_TEST)profiling-node-20260803_114649 - profiling-test
2026/08/03 11:46:52 Connecting to etcd
2026/08/03 11:46:52 Connected to etcd
2026/08/03 11:46:52 etcd connection state: READY
2026/08/03 11:46:52 etcd: connected and ready
2026/08/03 11:46:52 Registering to etcd: registry/PROFILE_TEST/profiling-test/profiling-node-20260803_114649
2026/08/03 11:46:52 Configured scheduling policy: default
2026/08/03 11:46:52 Configured offloading policy: disable
2026/08/03 11:46:52 Current resources: [CPUs: 0.000000/8.000000 - Mem: 0(+0 warm)/768]
2026/08/03 11:46:52 Scheduler started.
2026/08/03 11:46:52 No remote area is configured; vertical offloading disabled
2026/08/03 11:46:52 UDP server up and listening on port 9899
⇨ http server started on [::]:1333
2026/08/03 11:46:53 New request: creation of profiling_same_container_20260803_114649
2026/08/03 11:46:53 Container f131f13d450d0657332189b439c1fbdb1b780453be431e8ea54b6f6ad03980fc has name /awesome_engelbart
2026/08/03 11:46:54 Using warm f131f13d450d0657332189b439c1fbdb1b780453be431e8ea54b6f6ad03980fc for profiling_same_container_20260803_114649. Now: [CPUs: 0.000000/8.000000 - Mem: 128(+0 warm)/768]
2026/08/03 11:46:54 [profiling_same_container_20260803_114649] Executing on container: f131f13d450d0657332189b439c1fbdb1b780453be431e8ea54b6f6ad03980fc
2026/08/03 11:46:54 Re-Using busy f131f13d450d0657332189b439c1fbdb1b780453be431e8ea54b6f6ad03980fc for profiling_same_container_20260803_114649. 
2026/08/03 11:46:54 [profiling_same_container_20260803_114649] Executing on container: f131f13d450d0657332189b439c1fbdb1b780453be431e8ea54b6f6ad03980fc
2026/08/03 11:46:54 Re-Using busy f131f13d450d0657332189b439c1fbdb1b780453be431e8ea54b6f6ad03980fc for profiling_same_container_20260803_114649. 
2026/08/03 11:46:54 [profiling_same_container_20260803_114649] Executing on container: f131f13d450d0657332189b439c1fbdb1b780453be431e8ea54b6f6ad03980fc
2026/08/03 11:46:54 Re-Using busy f131f13d450d0657332189b439c1fbdb1b780453be431e8ea54b6f6ad03980fc for profiling_same_container_20260803_114649. 
2026/08/03 11:46:54 [profiling_same_container_20260803_114649] Executing on container: f131f13d450d0657332189b439c1fbdb1b780453be431e8ea54b6f6ad03980fc
2026/08/03 11:46:56 [PROFILING] event=invocation_resource_profile ts=1785750416284 request_id="profiling_same_container_20260803_114649--test269541814" function=profiling_same_container_20260803_114649 machine_tag=profiling-test node=profiling-node-20260803_114649 container_id=f131f13d450d0657332189b439c1fbdb1b780453be431e8ea54b6f6ad03980fc warm_start=true collected=true valid=true invalid_reason="" exclusive_container=true max_concurrency=4 profiling_lock_wait_ms=0.000394 execution_wall_time_ms=2005.366841 profiling_start_overhead_ms=5.277676 profiling_end_overhead_ms=4.538420 profiling_total_overhead_ms=9.816096 cpu_total_delta_ns=4461000 cpu_user_delta_ns=3587000 cpu_kernel_delta_ns=874000 cpu_throttled_time_delta_ns=0 cpu_throttled_periods_delta=0 online_cpus=32 utilized_cpus=0.002225 memory_before_bytes=28622848 memory_after_bytes=28319744 memory_delta_bytes=-303104 memory_limit_bytes=134217728 page_faults_available=true page_faults_delta=0 major_page_faults_available=true major_page_faults_delta=0 block_io_available=true block_io_bytes_available=true block_io_ops_available=false block_read_bytes_delta=45056 block_write_bytes_delta=0 block_read_ops_delta=0 block_write_ops_delta=0 network_available=true network_rx_bytes_delta=3146 network_tx_bytes_delta=663 pids_before=1 pids_after=1
2026/08/03 11:46:58 [PROFILING] event=invocation_resource_profile ts=1785750418292 request_id="profiling_same_container_20260803_114649--test269618978" function=profiling_same_container_20260803_114649 machine_tag=profiling-test node=profiling-node-20260803_114649 container_id=f131f13d450d0657332189b439c1fbdb1b780453be431e8ea54b6f6ad03980fc warm_start=true collected=true valid=true invalid_reason="" exclusive_container=true max_concurrency=4 profiling_lock_wait_ms=2015.243270 execution_wall_time_ms=2003.223998 profiling_start_overhead_ms=2.850846 profiling_end_overhead_ms=1.832530 profiling_total_overhead_ms=4.683376 cpu_total_delta_ns=1966000 cpu_user_delta_ns=1967000 cpu_kernel_delta_ns=0 cpu_throttled_time_delta_ns=0 cpu_throttled_periods_delta=0 online_cpus=32 utilized_cpus=0.000981 memory_before_bytes=28319744 memory_after_bytes=28778496 memory_delta_bytes=458752 memory_limit_bytes=134217728 page_faults_available=true page_faults_delta=25 major_page_faults_available=true major_page_faults_delta=1 block_io_available=true block_io_bytes_available=true block_io_ops_available=false block_read_bytes_delta=0 block_write_bytes_delta=0 block_read_ops_delta=0 block_write_ops_delta=0 network_available=true network_rx_bytes_delta=1764 network_tx_bytes_delta=513 pids_before=1 pids_after=1
2026/08/03 11:47:00 [PROFILING] event=invocation_resource_profile ts=1785750420300 request_id="profiling_same_container_20260803_114649--test269948294" function=profiling_same_container_20260803_114649 machine_tag=profiling-test node=profiling-node-20260803_114649 container_id=f131f13d450d0657332189b439c1fbdb1b780453be431e8ea54b6f6ad03980fc warm_start=true collected=true valid=true invalid_reason="" exclusive_container=true max_concurrency=4 profiling_lock_wait_ms=4022.913283 execution_wall_time_ms=2002.126004 profiling_start_overhead_ms=1.334613 profiling_end_overhead_ms=3.961000 profiling_total_overhead_ms=5.295613 cpu_total_delta_ns=1992000 cpu_user_delta_ns=1770000 cpu_kernel_delta_ns=221000 cpu_throttled_time_delta_ns=0 cpu_throttled_periods_delta=0 online_cpus=32 utilized_cpus=0.000995 memory_before_bytes=28778496 memory_after_bytes=28528640 memory_delta_bytes=-249856 memory_limit_bytes=134217728 page_faults_available=true page_faults_delta=7 major_page_faults_available=true major_page_faults_delta=0 block_io_available=true block_io_bytes_available=true block_io_ops_available=false block_read_bytes_delta=0 block_write_bytes_delta=1794048 block_read_ops_delta=0 block_write_ops_delta=0 network_available=true network_rx_bytes_delta=1631 network_tx_bytes_delta=513 pids_before=1 pids_after=1
2026/08/03 11:47:02 [PROFILING] event=invocation_resource_profile ts=1785750422311 request_id="profiling_same_container_20260803_114649--test270177019" function=profiling_same_container_20260803_114649 machine_tag=profiling-test node=profiling-node-20260803_114649 container_id=f131f13d450d0657332189b439c1fbdb1b780453be431e8ea54b6f6ad03980fc warm_start=true collected=true valid=true invalid_reason="" exclusive_container=true max_concurrency=4 profiling_lock_wait_ms=6030.921472 execution_wall_time_ms=2003.560699 profiling_start_overhead_ms=3.286803 profiling_end_overhead_ms=3.970058 profiling_total_overhead_ms=7.256861 cpu_total_delta_ns=2632000 cpu_user_delta_ns=1484000 cpu_kernel_delta_ns=1149000 cpu_throttled_time_delta_ns=0 cpu_throttled_periods_delta=0 online_cpus=32 utilized_cpus=0.001314 memory_before_bytes=28487680 memory_after_bytes=29057024 memory_delta_bytes=569344 memory_limit_bytes=134217728 page_faults_available=true page_faults_delta=7 major_page_faults_available=true major_page_faults_delta=0 block_io_available=true block_io_bytes_available=true block_io_ops_available=false block_read_bytes_delta=0 block_write_bytes_delta=0 block_read_ops_delta=0 block_write_ops_delta=0 network_available=true network_rx_bytes_delta=1119 network_tx_bytes_delta=513 pids_before=1 pids_after=1
2026/08/03 11:47:03 New request: creation of profiling_different_containers_20260803_114649
2026/08/03 11:47:03 Container 9f711dc460696ad19b4e983e9948addb6dfd512dc02f7d6f9a1ecc097b1757f4 has name /hungry_euclid
2026/08/03 11:47:03 Container c5bbaf043fbba724fc894f3e8d8a053370452327773a8490007c669d188f1569 has name /zealous_babbage
2026/08/03 11:47:04 Using warm c5bbaf043fbba724fc894f3e8d8a053370452327773a8490007c669d188f1569 for profiling_different_containers_20260803_114649. Now: [CPUs: 0.000000/8.000000 - Mem: 128(+256 warm)/768]
2026/08/03 11:47:04 [profiling_different_containers_20260803_114649] Executing on container: c5bbaf043fbba724fc894f3e8d8a053370452327773a8490007c669d188f1569
2026/08/03 11:47:04 Using warm 9f711dc460696ad19b4e983e9948addb6dfd512dc02f7d6f9a1ecc097b1757f4 for profiling_different_containers_20260803_114649. Now: [CPUs: 0.000000/8.000000 - Mem: 256(+128 warm)/768]
2026/08/03 11:47:04 [profiling_different_containers_20260803_114649] Executing on container: 9f711dc460696ad19b4e983e9948addb6dfd512dc02f7d6f9a1ecc097b1757f4
2026/08/03 11:47:06 [PROFILING] event=invocation_resource_profile ts=1785750426603 request_id="profiling_different_containers_20260803_114649--test594887591" function=profiling_different_containers_20260803_114649 machine_tag=profiling-test node=profiling-node-20260803_114649 container_id=9f711dc460696ad19b4e983e9948addb6dfd512dc02f7d6f9a1ecc097b1757f4 warm_start=true collected=true valid=true invalid_reason="" exclusive_container=true max_concurrency=1 profiling_lock_wait_ms=0.000076 execution_wall_time_ms=2003.331384 profiling_start_overhead_ms=1.492549 profiling_end_overhead_ms=3.367679 profiling_total_overhead_ms=4.860228 cpu_total_delta_ns=2853000 cpu_user_delta_ns=1884000 cpu_kernel_delta_ns=969000 cpu_throttled_time_delta_ns=0 cpu_throttled_periods_delta=0 online_cpus=32 utilized_cpus=0.001424 memory_before_bytes=15654912 memory_after_bytes=15708160 memory_delta_bytes=53248 memory_limit_bytes=134217728 page_faults_available=true page_faults_delta=16 major_page_faults_available=true major_page_faults_delta=0 block_io_available=true block_io_bytes_available=true block_io_ops_available=false block_read_bytes_delta=0 block_write_bytes_delta=0 block_read_ops_delta=0 block_write_ops_delta=0 network_available=true network_rx_bytes_delta=2495 network_tx_bytes_delta=663 pids_before=1 pids_after=1
2026/08/03 11:47:06 [PROFILING] event=invocation_resource_profile ts=1785750426603 request_id="profiling_different_containers_20260803_114649--test594496733" function=profiling_different_containers_20260803_114649 machine_tag=profiling-test node=profiling-node-20260803_114649 container_id=c5bbaf043fbba724fc894f3e8d8a053370452327773a8490007c669d188f1569 warm_start=true collected=true valid=true invalid_reason="" exclusive_container=true max_concurrency=1 profiling_lock_wait_ms=0.000122 execution_wall_time_ms=2003.091837 profiling_start_overhead_ms=1.926229 profiling_end_overhead_ms=3.524735 profiling_total_overhead_ms=5.450964 cpu_total_delta_ns=2897000 cpu_user_delta_ns=900000 cpu_kernel_delta_ns=1997000 cpu_throttled_time_delta_ns=0 cpu_throttled_periods_delta=0 online_cpus=32 utilized_cpus=0.001446 memory_before_bytes=16138240 memory_after_bytes=15556608 memory_delta_bytes=-581632 memory_limit_bytes=134217728 page_faults_available=true page_faults_delta=16 major_page_faults_available=true major_page_faults_delta=0 block_io_available=false block_io_bytes_available=false block_io_ops_available=false block_read_bytes_delta=0 block_write_bytes_delta=0 block_read_ops_delta=0 block_write_ops_delta=0 network_available=true network_rx_bytes_delta=2572 network_tx_bytes_delta=663 pids_before=1 pids_after=1
Got interrupt signal. Terminating...
2026/08/03 11:47:07 Shutting down ALL containers
2026/08/03 11:47:07 Removing container with ID f131f13d450d0657332189b439c1fbdb1b780453be431e8ea54b6f6ad03980fc
2026/08/03 11:47:07 Removing container with ID 9f711dc460696ad19b4e983e9948addb6dfd512dc02f7d6f9a1ecc097b1757f4
2026/08/03 11:47:07 Removing container with ID c5bbaf043fbba724fc894f3e8d8a053370452327773a8490007c669d188f1569
