{
	"Success": true,
	"Result": "\"\"",
	"ResponseTime": 8.041846042,
	"IsWarmStart": true,
	"InitTime": 0.000015741,
	"QueueingTime": 0,
	"OffloadLatency": 0,
	"Duration": 2.003560699,
	"Output": "\n",
	"ExecutionArea": "PROFILE_TEST",
	"ExecutionNode": "profiling-node-20260803_114649",
	"ResourceProfile": {
		"Enabled": true,
		"Collected": true,
		"Valid": true,
		"InvalidReason": "",
		"ContainerID": "f131f13d450d0657332189b439c1fbdb1b780453be431e8ea54b6f6ad03980fc",
		"ExclusiveContainer": true,
		"MaxConcurrency": 4,
		"ProfilingLockWaitMs": 6030.921472,
		"CPUUsageTotalDeltaNs": 2632000,
		"CPUUsageUserDeltaNs": 1484000,
		"CPUUsageKernelDeltaNs": 1149000,
		"CPUThrottledTimeDeltaNs": 0,
		"CPUThrottledPeriodsDelta": 0,
		"OnlineCPUs": 32,
		"UtilizedCPUs": 0.001313661223896866,
		"MemoryUsageBeforeBytes": 28487680,
		"MemoryUsageAfterBytes": 29057024,
		"MemoryUsageDeltaBytes": 569344,
		"MemoryLimitBytes": 134217728,
		"PageFaultsDelta": 7,
		"MajorPageFaultsDelta": 0,
		"PageFaultsAvailable": true,
		"MajorPageFaultsAvailable": true,
		"BlockReadBytesDelta": 0,
		"BlockWriteBytesDelta": 0,
		"BlockReadOpsDelta": 0,
		"BlockWriteOpsDelta": 0,
		"BlockIOAvailable": true,
		"BlockIOBytesAvailable": true,
		"BlockIOOpsAvailable": false,
		"NetworkRxBytesDelta": 1119,
		"NetworkTxBytesDelta": 513,
		"NetworkAvailable": true,
		"PIDsBefore": 1,
		"PIDsAfter": 1,
		"ExecutionWallTimeMs": 2003.560699,
		"ProfilingStartOverheadMs": 3.286803,
		"ProfilingEndOverheadMs": 3.970058,
		"ProfilingTotalOverheadMs": 7.256861
	}
}
