{
	"Success": true,
	"Result": "\"\"",
	"ResponseTime": 6.031068676,
	"IsWarmStart": true,
	"InitTime": 0.00002989,
	"QueueingTime": 0,
	"OffloadLatency": 0,
	"Duration": 2.002126004,
	"Output": "\n",
	"ExecutionArea": "PROFILE_TEST",
	"ExecutionNode": "profiling-node-20260803_114649",
	"ResourceProfile": {
		"Enabled": true,
		"Collected": true,
		"Valid": true,
		"InvalidReason": "",
		"ContainerID": "f131f13d450d0657332189b439c1fbdb1b780453be431e8ea54b6f6ad03980fc",
		"ExclusiveContainer": true,
		"MaxConcurrency": 4,
		"ProfilingLockWaitMs": 4022.913283,
		"CPUUsageTotalDeltaNs": 1992000,
		"CPUUsageUserDeltaNs": 1770000,
		"CPUUsageKernelDeltaNs": 221000,
		"CPUThrottledTimeDeltaNs": 0,
		"CPUThrottledPeriodsDelta": 0,
		"OnlineCPUs": 32,
		"UtilizedCPUs": 0.0009949423742662703,
		"MemoryUsageBeforeBytes": 28778496,
		"MemoryUsageAfterBytes": 28528640,
		"MemoryUsageDeltaBytes": -249856,
		"MemoryLimitBytes": 134217728,
		"PageFaultsDelta": 7,
		"MajorPageFaultsDelta": 0,
		"PageFaultsAvailable": true,
		"MajorPageFaultsAvailable": true,
		"BlockReadBytesDelta": 0,
		"BlockWriteBytesDelta": 1794048,
		"BlockReadOpsDelta": 0,
		"BlockWriteOpsDelta": 0,
		"BlockIOAvailable": true,
		"BlockIOBytesAvailable": true,
		"BlockIOOpsAvailable": false,
		"NetworkRxBytesDelta": 1631,
		"NetworkTxBytesDelta": 513,
		"NetworkAvailable": true,
		"PIDsBefore": 1,
		"PIDsAfter": 1,
		"ExecutionWallTimeMs": 2002.126004,
		"ProfilingStartOverheadMs": 1.334613,
		"ProfilingEndOverheadMs": 3.961,
		"ProfilingTotalOverheadMs": 5.295613
	}
}
