{
	"Success": true,
	"Result": "\"\"",
	"ResponseTime": 2.015369053,
	"IsWarmStart": true,
	"InitTime": 0.000086454,
	"QueueingTime": 0,
	"OffloadLatency": 0,
	"Duration": 2.005366841,
	"Output": "\n",
	"ExecutionArea": "PROFILE_TEST",
	"ExecutionNode": "profiling-node-20260803_114649",
	"ResourceProfile": {
		"Enabled": true,
		"Collected": true,
		"Valid": true,
		"InvalidReason": "",
		"ContainerID": "f131f13d450d0657332189b439c1fbdb1b780453be431e8ea54b6f6ad03980fc",
		"ExclusiveContainer": true,
		"MaxConcurrency": 4,
		"ProfilingLockWaitMs": 0.000394,
		"CPUUsageTotalDeltaNs": 4461000,
		"CPUUsageUserDeltaNs": 3587000,
		"CPUUsageKernelDeltaNs": 874000,
		"CPUThrottledTimeDeltaNs": 0,
		"CPUThrottledPeriodsDelta": 0,
		"OnlineCPUs": 32,
		"UtilizedCPUs": 0.0022245306488539868,
		"MemoryUsageBeforeBytes": 28622848,
		"MemoryUsageAfterBytes": 28319744,
		"MemoryUsageDeltaBytes": -303104,
		"MemoryLimitBytes": 134217728,
		"PageFaultsDelta": 0,
		"MajorPageFaultsDelta": 0,
		"PageFaultsAvailable": true,
		"MajorPageFaultsAvailable": true,
		"BlockReadBytesDelta": 45056,
		"BlockWriteBytesDelta": 0,
		"BlockReadOpsDelta": 0,
		"BlockWriteOpsDelta": 0,
		"BlockIOAvailable": true,
		"BlockIOBytesAvailable": true,
		"BlockIOOpsAvailable": false,
		"NetworkRxBytesDelta": 3146,
		"NetworkTxBytesDelta": 663,
		"NetworkAvailable": true,
		"PIDsBefore": 1,
		"PIDsAfter": 1,
		"ExecutionWallTimeMs": 2005.366841,
		"ProfilingStartOverheadMs": 5.277676,
		"ProfilingEndOverheadMs": 4.53842,
		"ProfilingTotalOverheadMs": 9.816096
	}
}
