{
	"Success": true,
	"Result": "\"\"",
	"ResponseTime": 4.023248503,
	"IsWarmStart": true,
	"InitTime": 0.000044205,
	"QueueingTime": 0,
	"OffloadLatency": 0,
	"Duration": 2.003223998,
	"Output": "\n",
	"ExecutionArea": "PROFILE_TEST",
	"ExecutionNode": "profiling-node-20260803_114649",
	"ResourceProfile": {
		"Enabled": true,
		"Collected": true,
		"Valid": true,
		"InvalidReason": "",
		"ContainerID": "f131f13d450d0657332189b439c1fbdb1b780453be431e8ea54b6f6ad03980fc",
		"ExclusiveContainer": true,
		"MaxConcurrency": 4,
		"ProfilingLockWaitMs": 2015.24327,
		"CPUUsageTotalDeltaNs": 1966000,
		"CPUUsageUserDeltaNs": 1967000,
		"CPUUsageKernelDeltaNs": 0,
		"CPUThrottledTimeDeltaNs": 0,
		"CPUThrottledPeriodsDelta": 0,
		"OnlineCPUs": 32,
		"UtilizedCPUs": 0.000981417955237575,
		"MemoryUsageBeforeBytes": 28319744,
		"MemoryUsageAfterBytes": 28778496,
		"MemoryUsageDeltaBytes": 458752,
		"MemoryLimitBytes": 134217728,
		"PageFaultsDelta": 25,
		"MajorPageFaultsDelta": 1,
		"PageFaultsAvailable": true,
		"MajorPageFaultsAvailable": true,
		"BlockReadBytesDelta": 0,
		"BlockWriteBytesDelta": 0,
		"BlockReadOpsDelta": 0,
		"BlockWriteOpsDelta": 0,
		"BlockIOAvailable": true,
		"BlockIOBytesAvailable": true,
		"BlockIOOpsAvailable": false,
		"NetworkRxBytesDelta": 1764,
		"NetworkTxBytesDelta": 513,
		"NetworkAvailable": true,
		"PIDsBefore": 1,
		"PIDsAfter": 1,
		"ExecutionWallTimeMs": 2003.223998,
		"ProfilingStartOverheadMs": 2.850846,
		"ProfilingEndOverheadMs": 1.83253,
		"ProfilingTotalOverheadMs": 4.683376
	}
}
