2026/08/04 14:35:08 Local node id: (PROFILE_EXPORT_TEST)profiling-export-node-20260804_143507 - profiling-test (arch: amd64)
2026/08/04 14:35:08 Registration for node: (PROFILE_EXPORT_TEST)profiling-export-node-20260804_143507 - profiling-test
2026/08/04 14:35:08 Connecting to etcd
2026/08/04 14:35:08 Connected to etcd
2026/08/04 14:35:08 etcd connection state: READY
2026/08/04 14:35:08 etcd: connected and ready
2026/08/04 14:35:08 Registering to etcd: registry/PROFILE_EXPORT_TEST/profiling-test/profiling-export-node-20260804_143507
2026/08/04 14:35:08 Configured scheduling policy: default
2026/08/04 14:35:08 Configured offloading policy: disable
2026/08/04 14:35:08 Current resources: [CPUs: 0.000000/8.000000 - Mem: 0(+0 warm)/768]
2026/08/04 14:35:08 Scheduler started.
2026/08/04 14:35:08 No remote area is configured; vertical offloading disabled
2026/08/04 14:35:08 UDP server up and listening on port 9899
⇨ http server started on [::]:1333
2026/08/04 14:35:08 New request: creation of profiling_export_20260804_143507
2026/08/04 14:35:08 Container ccf5f56b7b4bbe2a6b1c73820d9a642d7c3cc63f65ff7cc7f5ff0bea8fc0b402 has name /sad_lewin
2026/08/04 14:35:09 [profiling_export_20260804_143507] Executing on container: ccf5f56b7b4bbe2a6b1c73820d9a642d7c3cc63f65ff7cc7f5ff0bea8fc0b402
2026/08/04 14:35:10 Using warm ccf5f56b7b4bbe2a6b1c73820d9a642d7c3cc63f65ff7cc7f5ff0bea8fc0b402 for profiling_export_20260804_143507. Now: [CPUs: 0.000000/8.000000 - Mem: 128(+0 warm)/768]
2026/08/04 14:35:10 [profiling_export_20260804_143507] Executing on container: ccf5f56b7b4bbe2a6b1c73820d9a642d7c3cc63f65ff7cc7f5ff0bea8fc0b402
2026/08/04 14:35:11 [PROFILING] event=invocation_resource_profile ts=1785846911466 request_id="profiling_export_20260804_143507--test456291615" function=profiling_export_20260804_143507 machine_tag=profiling-test node=profiling-export-node-20260804_143507 container_id=ccf5f56b7b4bbe2a6b1c73820d9a642d7c3cc63f65ff7cc7f5ff0bea8fc0b402 warm_start=true collected=true valid=true invalid_reason="" exclusive_container=true max_concurrency=1 profiling_lock_wait_ms=0.000428 execution_wall_time_ms=1002.370245 profiling_start_overhead_ms=3.692254 profiling_end_overhead_ms=2.474569 profiling_total_overhead_ms=6.166823 cpu_total_delta_ns=1752000 cpu_user_delta_ns=1597000 cpu_kernel_delta_ns=156000 cpu_throttled_time_delta_ns=0 cpu_throttled_periods_delta=0 online_cpus=32 utilized_cpus=0.001748 memory_before_bytes=28983296 memory_after_bytes=28553216 memory_delta_bytes=-430080 memory_limit_bytes=134217728 page_faults_available=true page_faults_delta=0 major_page_faults_available=true major_page_faults_delta=0 block_io_available=true block_io_bytes_available=true block_io_ops_available=false block_read_bytes_delta=0 block_write_bytes_delta=0 block_read_ops_delta=0 block_write_ops_delta=0 network_available=true network_rx_bytes_delta=1877 network_tx_bytes_delta=555 pids_before=1 pids_after=1
2026/08/04 14:35:11 Using warm ccf5f56b7b4bbe2a6b1c73820d9a642d7c3cc63f65ff7cc7f5ff0bea8fc0b402 for profiling_export_20260804_143507. Now: [CPUs: 0.000000/8.000000 - Mem: 128(+0 warm)/768]
2026/08/04 14:35:11 [profiling_export_20260804_143507] Executing on container: ccf5f56b7b4bbe2a6b1c73820d9a642d7c3cc63f65ff7cc7f5ff0bea8fc0b402
2026/08/04 14:35:11 [PROFILING] event=invocation_resource_profile ts=1785846911484 request_id="profiling_export_20260804_143507--test478579096" function=profiling_export_20260804_143507 machine_tag=profiling-test node=profiling-export-node-20260804_143507 container_id=ccf5f56b7b4bbe2a6b1c73820d9a642d7c3cc63f65ff7cc7f5ff0bea8fc0b402 warm_start=true collected=true valid=true invalid_reason="" exclusive_container=true max_concurrency=1 profiling_lock_wait_ms=0.000294 execution_wall_time_ms=2.434272 profiling_start_overhead_ms=2.098635 profiling_end_overhead_ms=1.212834 profiling_total_overhead_ms=3.311469 cpu_total_delta_ns=1464000 cpu_user_delta_ns=578000 cpu_kernel_delta_ns=886000 cpu_throttled_time_delta_ns=0 cpu_throttled_periods_delta=0 online_cpus=32 utilized_cpus=0.601412 memory_before_bytes=28536832 memory_after_bytes=29077504 memory_delta_bytes=540672 memory_limit_bytes=134217728 page_faults_available=true page_faults_delta=0 major_page_faults_available=true major_page_faults_delta=0 block_io_available=true block_io_bytes_available=true block_io_ops_available=false block_read_bytes_delta=0 block_write_bytes_delta=0 block_read_ops_delta=0 block_write_ops_delta=0 network_available=true network_rx_bytes_delta=763 network_tx_bytes_delta=480 pids_before=1 pids_after=1
2026/08/04 14:35:11 Invocation failed: [[profiling_export_20260804_143507] Rq-profiling_export_20260804_143507--test478579096] Function execution failed ccf5f56b7b4bbe2a6b1c73820d9a642d7c3cc63f65ff7cc7f5ff0bea8fc0b402
Got interrupt signal. Terminating...
2026/08/04 14:35:11 Shutting down ALL containers
2026/08/04 14:35:11 Removing container with ID ccf5f56b7b4bbe2a6b1c73820d9a642d7c3cc63f65ff7cc7f5ff0bea8fc0b402
