{
	"Success": true,
	"Result": "\"\"",
	"ResponseTime": 1.010285089,
	"IsWarmStart": true,
	"InitTime": 0.000150463,
	"QueueingTime": 0,
	"OffloadLatency": 0,
	"Duration": 1.002370245,
	"Output": "\n",
	"ExecutionArea": "PROFILE_EXPORT_TEST",
	"ExecutionNode": "profiling-export-node-20260804_143507",
	"ResourceProfile": {
		"Enabled": true,
		"Collected": true,
		"Valid": true,
		"InvalidReason": "",
		"ContainerID": "ccf5f56b7b4bbe2a6b1c73820d9a642d7c3cc63f65ff7cc7f5ff0bea8fc0b402",
		"ExclusiveContainer": true,
		"MaxConcurrency": 1,
		"ProfilingLockWaitMs": 0.000428,
		"CPUUsageTotalDeltaNs": 1752000,
		"CPUUsageUserDeltaNs": 1597000,
		"CPUUsageKernelDeltaNs": 156000,
		"CPUThrottledTimeDeltaNs": 0,
		"CPUThrottledPeriodsDelta": 0,
		"OnlineCPUs": 32,
		"UtilizedCPUs": 0.001747857150328719,
		"MemoryUsageBeforeBytes": 28983296,
		"MemoryUsageAfterBytes": 28553216,
		"MemoryUsageDeltaBytes": -430080,
		"MemoryLimitBytes": 134217728,
		"PageFaultsDelta": 0,
		"MajorPageFaultsDelta": 0,
		"PageFaultsAvailable": true,
		"MajorPageFaultsAvailable": true,
		"BlockReadBytesDelta": 0,
		"BlockWriteBytesDelta": 0,
		"BlockReadOpsDelta": 0,
		"BlockWriteOpsDelta": 0,
		"BlockIOAvailable": true,
		"BlockIOBytesAvailable": true,
		"BlockIOOpsAvailable": false,
		"NetworkRxBytesDelta": 1877,
		"NetworkTxBytesDelta": 555,
		"NetworkAvailable": true,
		"PIDsBefore": 1,
		"PIDsAfter": 1,
		"ExecutionWallTimeMs": 1002.370245,
		"ProfilingStartOverheadMs": 3.692254,
		"ProfilingEndOverheadMs": 2.474569,
		"ProfilingTotalOverheadMs": 6.166823
	}
}
