2026/07/04 18:43:17 [LB][MAB] event=new_machine_tag_discovered tag=x86 arch=amd64 action=create_ring_and_add_mab_arm
2026/07/04 18:43:17 [LB] Adding target x86
2026/07/04 18:43:17 [LB] Adding target x86
2026/07/04 18:43:20 [LB]: Periodic targets update
2026/07/04 18:43:23 [LB] Compatible tag found: function=mab_dynamic_1783183391 tag=x86 arch=amd64 pattern="" ring_size=2
2026/07/04 18:43:23 [LB] Compatible tags for function 'mab_dynamic_1783183391': [x86]
2026/07/04 18:43:23 [LB] Selected target for function 'mab_dynamic_1783183391': target_tag=x86 candidate=JPSvxyRs3tnWs5gniKAy61783183392964657713 candidate_tag=x86
2026/07/04 18:43:23 BanditManager GetBandit: policy type: UCB1
2026/07/04 18:43:23 [LB] Compatible tag found: function=mab_dynamic_1783183391 tag=x86 arch=amd64 pattern="" ring_size=2
2026/07/04 18:43:23 [LB] Compatible tags for function 'mab_dynamic_1783183391': [x86]
2026/07/04 18:43:23 [LB] Selected target for function 'mab_dynamic_1783183391': target_tag=x86 candidate=JPSvxyRs3tnWs5gniKAy61783183392964657713 candidate_tag=x86
2026/07/04 18:43:23 [LB] Compatible tag found: function=mab_dynamic_1783183391 tag=x86 arch=amd64 pattern="" ring_size=2
2026/07/04 18:43:23 [LB] Compatible tags for function 'mab_dynamic_1783183391': [x86]
2026/07/04 18:43:23 [LB] Selected target for function 'mab_dynamic_1783183391': target_tag=x86 candidate=JPSvxyRs3tnWs5gniKAy61783183392964657713 candidate_tag=x86
2026/07/04 18:43:23 [LB]: Periodic targets update
2026/07/04 18:43:24 [LB] Compatible tag found: function=mab_dynamic_1783183391 tag=x86 arch=amd64 pattern="" ring_size=2
2026/07/04 18:43:24 [LB] Compatible tags for function 'mab_dynamic_1783183391': [x86]
2026/07/04 18:43:24 [LB] Selected target for function 'mab_dynamic_1783183391': target_tag=x86 candidate=JPSvxyRs3tnWs5gniKAy61783183392964657713 candidate_tag=x86
2026/07/04 18:43:24 [LB] Compatible tag found: function=mab_dynamic_1783183391 tag=x86 arch=amd64 pattern="" ring_size=2
2026/07/04 18:43:24 [LB] Compatible tags for function 'mab_dynamic_1783183391': [x86]
2026/07/04 18:43:24 [LB] Selected target for function 'mab_dynamic_1783183391': target_tag=x86 candidate=JPSvxyRs3tnWs5gniKAy61783183392964657713 candidate_tag=x86
2026/07/04 18:43:24 [LB] Compatible tag found: function=mab_dynamic_1783183391 tag=x86 arch=amd64 pattern="" ring_size=2
2026/07/04 18:43:24 [LB] Compatible tags for function 'mab_dynamic_1783183391': [x86]
2026/07/04 18:43:24 [LB] Selected target for function 'mab_dynamic_1783183391': target_tag=x86 candidate=JPSvxyRs3tnWs5gniKAy61783183392964657713 candidate_tag=x86
2026/07/04 18:43:24 [LB] Compatible tag found: function=mab_dynamic_1783183391 tag=x86 arch=amd64 pattern="" ring_size=2
2026/07/04 18:43:24 [LB] Compatible tags for function 'mab_dynamic_1783183391': [x86]
2026/07/04 18:43:24 [LB] Selected target for function 'mab_dynamic_1783183391': target_tag=x86 candidate=JPSvxyRs3tnWs5gniKAy61783183392964657713 candidate_tag=x86
2026/07/04 18:43:25 [LB] Compatible tag found: function=mab_dynamic_1783183391 tag=x86 arch=amd64 pattern="" ring_size=2
2026/07/04 18:43:25 [LB] Compatible tags for function 'mab_dynamic_1783183391': [x86]
2026/07/04 18:43:25 [LB] Selected target for function 'mab_dynamic_1783183391': target_tag=x86 candidate=JPSvxyRs3tnWs5gniKAy61783183392964657713 candidate_tag=x86
2026/07/04 18:43:25 [LB] Compatible tag found: function=mab_dynamic_1783183391 tag=x86 arch=amd64 pattern="" ring_size=2
2026/07/04 18:43:25 [LB] Compatible tags for function 'mab_dynamic_1783183391': [x86]
2026/07/04 18:43:25 [LB] Selected target for function 'mab_dynamic_1783183391': target_tag=x86 candidate=JPSvxyRs3tnWs5gniKAy61783183392964657713 candidate_tag=x86
2026/07/04 18:43:25 [LB] Compatible tag found: function=mab_dynamic_1783183391 tag=x86 arch=amd64 pattern="" ring_size=2
2026/07/04 18:43:25 [LB] Compatible tags for function 'mab_dynamic_1783183391': [x86]
2026/07/04 18:43:25 [LB] Selected target for function 'mab_dynamic_1783183391': target_tag=x86 candidate=JPSvxyRs3tnWs5gniKAy61783183392964657713 candidate_tag=x86
2026/07/04 18:43:25 [LB] Compatible tag found: function=mab_dynamic_1783183391 tag=x86 arch=amd64 pattern="" ring_size=2
2026/07/04 18:43:25 [LB] Compatible tags for function 'mab_dynamic_1783183391': [x86]
2026/07/04 18:43:25 [LB] Selected target for function 'mab_dynamic_1783183391': target_tag=x86 candidate=JPSvxyRs3tnWs5gniKAy61783183392964657713 candidate_tag=x86
2026/07/04 18:43:26 [LB] Compatible tag found: function=mab_dynamic_1783183391 tag=x86 arch=amd64 pattern="" ring_size=2
2026/07/04 18:43:26 [LB] Compatible tags for function 'mab_dynamic_1783183391': [x86]
2026/07/04 18:43:26 [LB] Selected target for function 'mab_dynamic_1783183391': target_tag=x86 candidate=JPSvxyRs3tnWs5gniKAy61783183392964657713 candidate_tag=x86
2026/07/04 18:43:26 [LB] Compatible tag found: function=mab_dynamic_1783183391 tag=x86 arch=amd64 pattern="" ring_size=2
2026/07/04 18:43:26 [LB] Compatible tags for function 'mab_dynamic_1783183391': [x86]
2026/07/04 18:43:26 [LB] Selected target for function 'mab_dynamic_1783183391': target_tag=x86 candidate=JPSvxyRs3tnWs5gniKAy61783183392964657713 candidate_tag=x86
2026/07/04 18:43:26 [LB] Compatible tag found: function=mab_dynamic_1783183391 tag=x86 arch=amd64 pattern="" ring_size=2
2026/07/04 18:43:26 [LB] Compatible tags for function 'mab_dynamic_1783183391': [x86]
2026/07/04 18:43:26 [LB] Selected target for function 'mab_dynamic_1783183391': target_tag=x86 candidate=JPSvxyRs3tnWs5gniKAy61783183392964657713 candidate_tag=x86
2026/07/04 18:43:26 [LB] Compatible tag found: function=mab_dynamic_1783183391 tag=x86 arch=amd64 pattern="" ring_size=2
2026/07/04 18:43:26 [LB] Compatible tags for function 'mab_dynamic_1783183391': [x86]
2026/07/04 18:43:26 [LB] Selected target for function 'mab_dynamic_1783183391': target_tag=x86 candidate=JPSvxyRs3tnWs5gniKAy61783183392964657713 candidate_tag=x86
2026/07/04 18:43:26 [LB]: Periodic targets update
2026/07/04 18:43:26 Adding AeEVFJeFpUcbPzPUXEi6b81783183406924160355
2026/07/04 18:43:26 [LB][MAB] event=new_machine_tag_discovered tag=arm arch=amd64 action=create_ring_and_add_mab_arm
2026/07/04 18:43:26 [LB] Adding target arm
2026/07/04 18:43:29 [LB]: Periodic targets update
2026/07/04 18:43:32 [LB]: Periodic targets update
2026/07/04 18:43:34 [LB] Compatible tag found: function=mab_dynamic_1783183391 tag=x86 arch=amd64 pattern="" ring_size=2
2026/07/04 18:43:34 [LB] Compatible tag found: function=mab_dynamic_1783183391 tag=arm arch=amd64 pattern="" ring_size=1
2026/07/04 18:43:34 [LB] Compatible tags for function 'mab_dynamic_1783183391': [x86 arm]
2026/07/04 18:43:34 [LB][MAB] event=before_select function=mab_dynamic_1783183391 compatible_tags=[x86 arm] has_context=true
2026/07/04 18:43:34 [LB][MAB] event=after_select function=mab_dynamic_1783183391 selected_tag=arm compatible_tags=[x86 arm]
2026/07/04 18:43:34 [LB] Selected target for function 'mab_dynamic_1783183391': target_tag=arm candidate=AeEVFJeFpUcbPzPUXEi6b81783183406924160355 candidate_tag=arm
2026/07/04 18:43:35 [LB] Compatible tag found: function=mab_dynamic_1783183391 tag=x86 arch=amd64 pattern="" ring_size=2
2026/07/04 18:43:35 [LB] Compatible tag found: function=mab_dynamic_1783183391 tag=arm arch=amd64 pattern="" ring_size=1
2026/07/04 18:43:35 [LB] Compatible tags for function 'mab_dynamic_1783183391': [x86 arm]
2026/07/04 18:43:35 [LB][MAB] event=before_select function=mab_dynamic_1783183391 compatible_tags=[x86 arm] has_context=true
2026/07/04 18:43:35 [LB][MAB] event=after_select function=mab_dynamic_1783183391 selected_tag=arm compatible_tags=[x86 arm]
2026/07/04 18:43:35 [LB] Selected target for function 'mab_dynamic_1783183391': target_tag=arm candidate=AeEVFJeFpUcbPzPUXEi6b81783183406924160355 candidate_tag=arm
2026/07/04 18:43:35 [LB] Compatible tag found: function=mab_dynamic_1783183391 tag=x86 arch=amd64 pattern="" ring_size=2
2026/07/04 18:43:35 [LB] Compatible tag found: function=mab_dynamic_1783183391 tag=arm arch=amd64 pattern="" ring_size=1
2026/07/04 18:43:35 [LB] Compatible tags for function 'mab_dynamic_1783183391': [x86 arm]
2026/07/04 18:43:35 [LB][MAB] event=before_select function=mab_dynamic_1783183391 compatible_tags=[x86 arm] has_context=true
2026/07/04 18:43:35 [LB][MAB] event=after_select function=mab_dynamic_1783183391 selected_tag=arm compatible_tags=[x86 arm]
2026/07/04 18:43:35 [LB] Selected target for function 'mab_dynamic_1783183391': target_tag=arm candidate=AeEVFJeFpUcbPzPUXEi6b81783183406924160355 candidate_tag=arm
2026/07/04 18:43:36 [LB]: Periodic targets update
2026/07/04 18:43:36 [LB] Compatible tag found: function=mab_dynamic_1783183391 tag=x86 arch=amd64 pattern="" ring_size=2
2026/07/04 18:43:36 [LB] Compatible tag found: function=mab_dynamic_1783183391 tag=arm arch=amd64 pattern="" ring_size=1
2026/07/04 18:43:36 [LB] Compatible tags for function 'mab_dynamic_1783183391': [x86 arm]
2026/07/04 18:43:36 [LB][MAB] event=before_select function=mab_dynamic_1783183391 compatible_tags=[x86 arm] has_context=true
2026/07/04 18:43:36 [LB][MAB] event=after_select function=mab_dynamic_1783183391 selected_tag=arm compatible_tags=[x86 arm]
2026/07/04 18:43:36 [LB] Selected target for function 'mab_dynamic_1783183391': target_tag=arm candidate=AeEVFJeFpUcbPzPUXEi6b81783183406924160355 candidate_tag=arm
2026/07/04 18:43:36 [LB] Compatible tag found: function=mab_dynamic_1783183391 tag=x86 arch=amd64 pattern="" ring_size=2
2026/07/04 18:43:36 [LB] Compatible tag found: function=mab_dynamic_1783183391 tag=arm arch=amd64 pattern="" ring_size=1
2026/07/04 18:43:36 [LB] Compatible tags for function 'mab_dynamic_1783183391': [x86 arm]
2026/07/04 18:43:36 [LB][MAB] event=before_select function=mab_dynamic_1783183391 compatible_tags=[x86 arm] has_context=true
2026/07/04 18:43:36 [LB][MAB] event=after_select function=mab_dynamic_1783183391 selected_tag=arm compatible_tags=[x86 arm]
2026/07/04 18:43:36 [LB] Selected target for function 'mab_dynamic_1783183391': target_tag=arm candidate=AeEVFJeFpUcbPzPUXEi6b81783183406924160355 candidate_tag=arm
2026/07/04 18:43:36 [LB] Compatible tag found: function=mab_dynamic_1783183391 tag=x86 arch=amd64 pattern="" ring_size=2
2026/07/04 18:43:36 [LB] Compatible tag found: function=mab_dynamic_1783183391 tag=arm arch=amd64 pattern="" ring_size=1
2026/07/04 18:43:36 [LB] Compatible tags for function 'mab_dynamic_1783183391': [x86 arm]
2026/07/04 18:43:36 [LB][MAB] event=before_select function=mab_dynamic_1783183391 compatible_tags=[x86 arm] has_context=true
2026/07/04 18:43:36 [LB][MAB] event=after_select function=mab_dynamic_1783183391 selected_tag=arm compatible_tags=[x86 arm]
2026/07/04 18:43:36 [LB] Selected target for function 'mab_dynamic_1783183391': target_tag=arm candidate=AeEVFJeFpUcbPzPUXEi6b81783183406924160355 candidate_tag=arm
2026/07/04 18:43:36 [LB] Compatible tag found: function=mab_dynamic_1783183391 tag=x86 arch=amd64 pattern="" ring_size=2
2026/07/04 18:43:36 [LB] Compatible tag found: function=mab_dynamic_1783183391 tag=arm arch=amd64 pattern="" ring_size=1
2026/07/04 18:43:36 [LB] Compatible tags for function 'mab_dynamic_1783183391': [x86 arm]
2026/07/04 18:43:36 [LB][MAB] event=before_select function=mab_dynamic_1783183391 compatible_tags=[x86 arm] has_context=true
2026/07/04 18:43:36 [LB][MAB] event=after_select function=mab_dynamic_1783183391 selected_tag=arm compatible_tags=[x86 arm]
2026/07/04 18:43:36 [LB] Selected target for function 'mab_dynamic_1783183391': target_tag=arm candidate=AeEVFJeFpUcbPzPUXEi6b81783183406924160355 candidate_tag=arm
2026/07/04 18:43:37 [LB] Compatible tag found: function=mab_dynamic_1783183391 tag=x86 arch=amd64 pattern="" ring_size=2
2026/07/04 18:43:37 [LB] Compatible tag found: function=mab_dynamic_1783183391 tag=arm arch=amd64 pattern="" ring_size=1
2026/07/04 18:43:37 [LB] Compatible tags for function 'mab_dynamic_1783183391': [x86 arm]
2026/07/04 18:43:37 [LB][MAB] event=before_select function=mab_dynamic_1783183391 compatible_tags=[x86 arm] has_context=true
2026/07/04 18:43:37 [LB][MAB] event=after_select function=mab_dynamic_1783183391 selected_tag=arm compatible_tags=[x86 arm]
2026/07/04 18:43:37 [LB] Selected target for function 'mab_dynamic_1783183391': target_tag=arm candidate=AeEVFJeFpUcbPzPUXEi6b81783183406924160355 candidate_tag=arm
2026/07/04 18:43:37 [LB] Compatible tag found: function=mab_dynamic_1783183391 tag=x86 arch=amd64 pattern="" ring_size=2
2026/07/04 18:43:37 [LB] Compatible tag found: function=mab_dynamic_1783183391 tag=arm arch=amd64 pattern="" ring_size=1
2026/07/04 18:43:37 [LB] Compatible tags for function 'mab_dynamic_1783183391': [x86 arm]
2026/07/04 18:43:37 [LB][MAB] event=before_select function=mab_dynamic_1783183391 compatible_tags=[x86 arm] has_context=true
2026/07/04 18:43:37 [LB][MAB] event=after_select function=mab_dynamic_1783183391 selected_tag=arm compatible_tags=[x86 arm]
2026/07/04 18:43:37 [LB] Selected target for function 'mab_dynamic_1783183391': target_tag=arm candidate=AeEVFJeFpUcbPzPUXEi6b81783183406924160355 candidate_tag=arm
2026/07/04 18:43:37 [LB] Compatible tag found: function=mab_dynamic_1783183391 tag=x86 arch=amd64 pattern="" ring_size=2
2026/07/04 18:43:37 [LB] Compatible tag found: function=mab_dynamic_1783183391 tag=arm arch=amd64 pattern="" ring_size=1
2026/07/04 18:43:37 [LB] Compatible tags for function 'mab_dynamic_1783183391': [x86 arm]
2026/07/04 18:43:37 [LB][MAB] event=before_select function=mab_dynamic_1783183391 compatible_tags=[x86 arm] has_context=true
2026/07/04 18:43:37 [LB][MAB] event=after_select function=mab_dynamic_1783183391 selected_tag=arm compatible_tags=[x86 arm]
2026/07/04 18:43:37 [LB] Selected target for function 'mab_dynamic_1783183391': target_tag=arm candidate=AeEVFJeFpUcbPzPUXEi6b81783183406924160355 candidate_tag=arm
2026/07/04 18:43:37 [LB] Compatible tag found: function=mab_dynamic_1783183391 tag=x86 arch=amd64 pattern="" ring_size=2
2026/07/04 18:43:37 [LB] Compatible tag found: function=mab_dynamic_1783183391 tag=arm arch=amd64 pattern="" ring_size=1
2026/07/04 18:43:37 [LB] Compatible tags for function 'mab_dynamic_1783183391': [x86 arm]
2026/07/04 18:43:37 [LB][MAB] event=before_select function=mab_dynamic_1783183391 compatible_tags=[x86 arm] has_context=true
2026/07/04 18:43:37 [LB][MAB] event=after_select function=mab_dynamic_1783183391 selected_tag=arm compatible_tags=[x86 arm]
2026/07/04 18:43:37 [LB] Selected target for function 'mab_dynamic_1783183391': target_tag=arm candidate=AeEVFJeFpUcbPzPUXEi6b81783183406924160355 candidate_tag=arm
2026/07/04 18:43:37 [LB] Compatible tag found: function=mab_dynamic_1783183391 tag=x86 arch=amd64 pattern="" ring_size=2
2026/07/04 18:43:37 [LB] Compatible tag found: function=mab_dynamic_1783183391 tag=arm arch=amd64 pattern="" ring_size=1
2026/07/04 18:43:37 [LB] Compatible tags for function 'mab_dynamic_1783183391': [x86 arm]
2026/07/04 18:43:37 [LB][MAB] event=before_select function=mab_dynamic_1783183391 compatible_tags=[x86 arm] has_context=true
2026/07/04 18:43:37 [LB][MAB] event=after_select function=mab_dynamic_1783183391 selected_tag=arm compatible_tags=[x86 arm]
2026/07/04 18:43:37 [LB] Selected target for function 'mab_dynamic_1783183391': target_tag=arm candidate=AeEVFJeFpUcbPzPUXEi6b81783183406924160355 candidate_tag=arm
2026/07/04 18:43:38 [LB] Compatible tag found: function=mab_dynamic_1783183391 tag=x86 arch=amd64 pattern="" ring_size=2
2026/07/04 18:43:38 [LB] Compatible tag found: function=mab_dynamic_1783183391 tag=arm arch=amd64 pattern="" ring_size=1
2026/07/04 18:43:38 [LB] Compatible tags for function 'mab_dynamic_1783183391': [x86 arm]
2026/07/04 18:43:38 [LB][MAB] event=before_select function=mab_dynamic_1783183391 compatible_tags=[x86 arm] has_context=true
2026/07/04 18:43:38 [LB][MAB] event=after_select function=mab_dynamic_1783183391 selected_tag=arm compatible_tags=[x86 arm]
2026/07/04 18:43:38 [LB] Selected target for function 'mab_dynamic_1783183391': target_tag=arm candidate=AeEVFJeFpUcbPzPUXEi6b81783183406924160355 candidate_tag=arm
2026/07/04 18:43:38 [LB] Compatible tag found: function=mab_dynamic_1783183391 tag=x86 arch=amd64 pattern="" ring_size=2
2026/07/04 18:43:38 [LB] Compatible tag found: function=mab_dynamic_1783183391 tag=arm arch=amd64 pattern="" ring_size=1
2026/07/04 18:43:38 [LB] Compatible tags for function 'mab_dynamic_1783183391': [x86 arm]
2026/07/04 18:43:38 [LB][MAB] event=before_select function=mab_dynamic_1783183391 compatible_tags=[x86 arm] has_context=true
2026/07/04 18:43:38 [LB][MAB] event=after_select function=mab_dynamic_1783183391 selected_tag=arm compatible_tags=[x86 arm]
2026/07/04 18:43:38 [LB] Selected target for function 'mab_dynamic_1783183391': target_tag=arm candidate=AeEVFJeFpUcbPzPUXEi6b81783183406924160355 candidate_tag=arm
2026/07/04 18:43:38 [LB] Compatible tag found: function=mab_dynamic_1783183391 tag=x86 arch=amd64 pattern="" ring_size=2
2026/07/04 18:43:38 [LB] Compatible tag found: function=mab_dynamic_1783183391 tag=arm arch=amd64 pattern="" ring_size=1
2026/07/04 18:43:38 [LB] Compatible tags for function 'mab_dynamic_1783183391': [x86 arm]
2026/07/04 18:43:38 [LB][MAB] event=before_select function=mab_dynamic_1783183391 compatible_tags=[x86 arm] has_context=true
2026/07/04 18:43:38 [LB][MAB] event=after_select function=mab_dynamic_1783183391 selected_tag=arm compatible_tags=[x86 arm]
2026/07/04 18:43:38 [LB] Selected target for function 'mab_dynamic_1783183391': target_tag=arm candidate=AeEVFJeFpUcbPzPUXEi6b81783183406924160355 candidate_tag=arm
2026/07/04 18:43:38 [LB] Compatible tag found: function=mab_dynamic_1783183391 tag=x86 arch=amd64 pattern="" ring_size=2
2026/07/04 18:43:38 [LB] Compatible tag found: function=mab_dynamic_1783183391 tag=arm arch=amd64 pattern="" ring_size=1
2026/07/04 18:43:38 [LB] Compatible tags for function 'mab_dynamic_1783183391': [x86 arm]
2026/07/04 18:43:38 [LB][MAB] event=before_select function=mab_dynamic_1783183391 compatible_tags=[x86 arm] has_context=true
2026/07/04 18:43:38 [LB][MAB] event=after_select function=mab_dynamic_1783183391 selected_tag=arm compatible_tags=[x86 arm]
2026/07/04 18:43:38 [LB] Selected target for function 'mab_dynamic_1783183391': target_tag=arm candidate=AeEVFJeFpUcbPzPUXEi6b81783183406924160355 candidate_tag=arm
2026/07/04 18:43:39 [LB]: Periodic targets update
2026/07/04 18:43:39 [LB] Compatible tag found: function=mab_dynamic_1783183391 tag=x86 arch=amd64 pattern="" ring_size=2
2026/07/04 18:43:39 [LB] Compatible tag found: function=mab_dynamic_1783183391 tag=arm arch=amd64 pattern="" ring_size=1
2026/07/04 18:43:39 [LB] Compatible tags for function 'mab_dynamic_1783183391': [x86 arm]
2026/07/04 18:43:39 [LB][MAB] event=before_select function=mab_dynamic_1783183391 compatible_tags=[x86 arm] has_context=true
2026/07/04 18:43:39 [LB][MAB] event=after_select function=mab_dynamic_1783183391 selected_tag=arm compatible_tags=[x86 arm]
2026/07/04 18:43:39 [LB] Selected target for function 'mab_dynamic_1783183391': target_tag=arm candidate=AeEVFJeFpUcbPzPUXEi6b81783183406924160355 candidate_tag=arm
2026/07/04 18:43:39 [LB] Compatible tag found: function=mab_dynamic_1783183391 tag=x86 arch=amd64 pattern="" ring_size=2
2026/07/04 18:43:39 [LB] Compatible tag found: function=mab_dynamic_1783183391 tag=arm arch=amd64 pattern="" ring_size=1
2026/07/04 18:43:39 [LB] Compatible tags for function 'mab_dynamic_1783183391': [x86 arm]
2026/07/04 18:43:39 [LB][MAB] event=before_select function=mab_dynamic_1783183391 compatible_tags=[x86 arm] has_context=true
2026/07/04 18:43:39 [LB][MAB] event=after_select function=mab_dynamic_1783183391 selected_tag=arm compatible_tags=[x86 arm]
2026/07/04 18:43:39 [LB] Selected target for function 'mab_dynamic_1783183391': target_tag=arm candidate=AeEVFJeFpUcbPzPUXEi6b81783183406924160355 candidate_tag=arm
2026/07/04 18:43:39 [LB] Compatible tag found: function=mab_dynamic_1783183391 tag=x86 arch=amd64 pattern="" ring_size=2
2026/07/04 18:43:39 [LB] Compatible tag found: function=mab_dynamic_1783183391 tag=arm arch=amd64 pattern="" ring_size=1
2026/07/04 18:43:39 [LB] Compatible tags for function 'mab_dynamic_1783183391': [x86 arm]
2026/07/04 18:43:39 [LB][MAB] event=before_select function=mab_dynamic_1783183391 compatible_tags=[x86 arm] has_context=true
2026/07/04 18:43:39 [LB][MAB] event=after_select function=mab_dynamic_1783183391 selected_tag=x86 compatible_tags=[x86 arm]
2026/07/04 18:43:39 [LB] Selected target for function 'mab_dynamic_1783183391': target_tag=x86 candidate=JPSvxyRs3tnWs5gniKAy61783183392964657713 candidate_tag=x86
2026/07/04 18:43:39 [LB] Compatible tag found: function=mab_dynamic_1783183391 tag=x86 arch=amd64 pattern="" ring_size=2
2026/07/04 18:43:39 [LB] Compatible tag found: function=mab_dynamic_1783183391 tag=arm arch=amd64 pattern="" ring_size=1
2026/07/04 18:43:39 [LB] Compatible tags for function 'mab_dynamic_1783183391': [x86 arm]
2026/07/04 18:43:39 [LB][MAB] event=before_select function=mab_dynamic_1783183391 compatible_tags=[x86 arm] has_context=true
2026/07/04 18:43:39 [LB][MAB] event=after_select function=mab_dynamic_1783183391 selected_tag=x86 compatible_tags=[x86 arm]
2026/07/04 18:43:39 [LB] Selected target for function 'mab_dynamic_1783183391': target_tag=x86 candidate=JPSvxyRs3tnWs5gniKAy61783183392964657713 candidate_tag=x86
2026/07/04 18:43:40 [LB] Compatible tag found: function=mab_dynamic_1783183391 tag=x86 arch=amd64 pattern="" ring_size=2
2026/07/04 18:43:40 [LB] Compatible tag found: function=mab_dynamic_1783183391 tag=arm arch=amd64 pattern="" ring_size=1
2026/07/04 18:43:40 [LB] Compatible tags for function 'mab_dynamic_1783183391': [x86 arm]
2026/07/04 18:43:40 [LB][MAB] event=before_select function=mab_dynamic_1783183391 compatible_tags=[x86 arm] has_context=true
2026/07/04 18:43:40 [LB][MAB] event=after_select function=mab_dynamic_1783183391 selected_tag=x86 compatible_tags=[x86 arm]
2026/07/04 18:43:40 [LB] Selected target for function 'mab_dynamic_1783183391': target_tag=x86 candidate=JPSvxyRs3tnWs5gniKAy61783183392964657713 candidate_tag=x86
2026/07/04 18:43:40 [LB] Compatible tag found: function=mab_dynamic_1783183391 tag=x86 arch=amd64 pattern="" ring_size=2
2026/07/04 18:43:40 [LB] Compatible tag found: function=mab_dynamic_1783183391 tag=arm arch=amd64 pattern="" ring_size=1
2026/07/04 18:43:40 [LB] Compatible tags for function 'mab_dynamic_1783183391': [x86 arm]
2026/07/04 18:43:40 [LB][MAB] event=before_select function=mab_dynamic_1783183391 compatible_tags=[x86 arm] has_context=true
2026/07/04 18:43:40 [LB][MAB] event=after_select function=mab_dynamic_1783183391 selected_tag=x86 compatible_tags=[x86 arm]
2026/07/04 18:43:40 [LB] Selected target for function 'mab_dynamic_1783183391': target_tag=x86 candidate=JPSvxyRs3tnWs5gniKAy61783183392964657713 candidate_tag=x86
2026/07/04 18:43:40 [LB] Compatible tag found: function=mab_dynamic_1783183391 tag=x86 arch=amd64 pattern="" ring_size=2
2026/07/04 18:43:40 [LB] Compatible tag found: function=mab_dynamic_1783183391 tag=arm arch=amd64 pattern="" ring_size=1
2026/07/04 18:43:40 [LB] Compatible tags for function 'mab_dynamic_1783183391': [x86 arm]
2026/07/04 18:43:40 [LB][MAB] event=before_select function=mab_dynamic_1783183391 compatible_tags=[x86 arm] has_context=true
2026/07/04 18:43:40 [LB][MAB] event=after_select function=mab_dynamic_1783183391 selected_tag=x86 compatible_tags=[x86 arm]
2026/07/04 18:43:40 [LB] Selected target for function 'mab_dynamic_1783183391': target_tag=x86 candidate=JPSvxyRs3tnWs5gniKAy61783183392964657713 candidate_tag=x86
2026/07/04 18:43:40 [LB] Compatible tag found: function=mab_dynamic_1783183391 tag=x86 arch=amd64 pattern="" ring_size=2
2026/07/04 18:43:40 [LB] Compatible tag found: function=mab_dynamic_1783183391 tag=arm arch=amd64 pattern="" ring_size=1
2026/07/04 18:43:40 [LB] Compatible tags for function 'mab_dynamic_1783183391': [x86 arm]
2026/07/04 18:43:40 [LB][MAB] event=before_select function=mab_dynamic_1783183391 compatible_tags=[x86 arm] has_context=true
2026/07/04 18:43:40 [LB][MAB] event=after_select function=mab_dynamic_1783183391 selected_tag=arm compatible_tags=[x86 arm]
2026/07/04 18:43:40 [LB] Selected target for function 'mab_dynamic_1783183391': target_tag=arm candidate=AeEVFJeFpUcbPzPUXEi6b81783183406924160355 candidate_tag=arm
2026/07/04 18:43:40 [LB] Compatible tag found: function=mab_dynamic_1783183391 tag=x86 arch=amd64 pattern="" ring_size=2
2026/07/04 18:43:40 [LB] Compatible tag found: function=mab_dynamic_1783183391 tag=arm arch=amd64 pattern="" ring_size=1
2026/07/04 18:43:40 [LB] Compatible tags for function 'mab_dynamic_1783183391': [x86 arm]
2026/07/04 18:43:40 [LB][MAB] event=before_select function=mab_dynamic_1783183391 compatible_tags=[x86 arm] has_context=true
2026/07/04 18:43:40 [LB][MAB] event=after_select function=mab_dynamic_1783183391 selected_tag=x86 compatible_tags=[x86 arm]
2026/07/04 18:43:40 [LB] Selected target for function 'mab_dynamic_1783183391': target_tag=x86 candidate=JPSvxyRs3tnWs5gniKAy61783183392964657713 candidate_tag=x86
2026/07/04 18:43:41 [LB] Compatible tag found: function=mab_dynamic_1783183391 tag=x86 arch=amd64 pattern="" ring_size=2
2026/07/04 18:43:41 [LB] Compatible tag found: function=mab_dynamic_1783183391 tag=arm arch=amd64 pattern="" ring_size=1
2026/07/04 18:43:41 [LB] Compatible tags for function 'mab_dynamic_1783183391': [x86 arm]
2026/07/04 18:43:41 [LB][MAB] event=before_select function=mab_dynamic_1783183391 compatible_tags=[x86 arm] has_context=true
2026/07/04 18:43:41 [LB][MAB] event=after_select function=mab_dynamic_1783183391 selected_tag=x86 compatible_tags=[x86 arm]
2026/07/04 18:43:41 [LB] Selected target for function 'mab_dynamic_1783183391': target_tag=x86 candidate=JPSvxyRs3tnWs5gniKAy61783183392964657713 candidate_tag=x86
2026/07/04 18:43:41 [LB] Compatible tag found: function=mab_dynamic_1783183391 tag=x86 arch=amd64 pattern="" ring_size=2
2026/07/04 18:43:41 [LB] Compatible tag found: function=mab_dynamic_1783183391 tag=arm arch=amd64 pattern="" ring_size=1
2026/07/04 18:43:41 [LB] Compatible tags for function 'mab_dynamic_1783183391': [x86 arm]
2026/07/04 18:43:41 [LB][MAB] event=before_select function=mab_dynamic_1783183391 compatible_tags=[x86 arm] has_context=true
2026/07/04 18:43:41 [LB][MAB] event=after_select function=mab_dynamic_1783183391 selected_tag=x86 compatible_tags=[x86 arm]
2026/07/04 18:43:41 [LB] Selected target for function 'mab_dynamic_1783183391': target_tag=x86 candidate=JPSvxyRs3tnWs5gniKAy61783183392964657713 candidate_tag=x86
2026/07/04 18:43:41 [LB] Compatible tag found: function=mab_dynamic_1783183391 tag=x86 arch=amd64 pattern="" ring_size=2
2026/07/04 18:43:41 [LB] Compatible tag found: function=mab_dynamic_1783183391 tag=arm arch=amd64 pattern="" ring_size=1
2026/07/04 18:43:41 [LB] Compatible tags for function 'mab_dynamic_1783183391': [x86 arm]
2026/07/04 18:43:41 [LB][MAB] event=before_select function=mab_dynamic_1783183391 compatible_tags=[x86 arm] has_context=true
2026/07/04 18:43:41 [LB][MAB] event=after_select function=mab_dynamic_1783183391 selected_tag=arm compatible_tags=[x86 arm]
2026/07/04 18:43:41 [LB] Selected target for function 'mab_dynamic_1783183391': target_tag=arm candidate=AeEVFJeFpUcbPzPUXEi6b81783183406924160355 candidate_tag=arm
2026/07/04 18:43:41 [LB] Compatible tag found: function=mab_dynamic_1783183391 tag=x86 arch=amd64 pattern="" ring_size=2
2026/07/04 18:43:41 [LB] Compatible tag found: function=mab_dynamic_1783183391 tag=arm arch=amd64 pattern="" ring_size=1
2026/07/04 18:43:41 [LB] Compatible tags for function 'mab_dynamic_1783183391': [x86 arm]
2026/07/04 18:43:41 [LB][MAB] event=before_select function=mab_dynamic_1783183391 compatible_tags=[x86 arm] has_context=true
2026/07/04 18:43:41 [LB][MAB] event=after_select function=mab_dynamic_1783183391 selected_tag=x86 compatible_tags=[x86 arm]
2026/07/04 18:43:41 [LB] Selected target for function 'mab_dynamic_1783183391': target_tag=x86 candidate=JPSvxyRs3tnWs5gniKAy61783183392964657713 candidate_tag=x86
2026/07/04 18:43:42 [LB]: Periodic targets update
2026/07/04 18:43:42 [LB] Compatible tag found: function=mab_dynamic_1783183391 tag=x86 arch=amd64 pattern="" ring_size=2
2026/07/04 18:43:42 [LB] Compatible tag found: function=mab_dynamic_1783183391 tag=arm arch=amd64 pattern="" ring_size=1
2026/07/04 18:43:42 [LB] Compatible tags for function 'mab_dynamic_1783183391': [x86 arm]
2026/07/04 18:43:42 [LB][MAB] event=before_select function=mab_dynamic_1783183391 compatible_tags=[x86 arm] has_context=true
2026/07/04 18:43:42 [LB][MAB] event=after_select function=mab_dynamic_1783183391 selected_tag=arm compatible_tags=[x86 arm]
2026/07/04 18:43:42 [LB] Selected target for function 'mab_dynamic_1783183391': target_tag=arm candidate=AeEVFJeFpUcbPzPUXEi6b81783183406924160355 candidate_tag=arm
2026/07/04 18:43:42 [LB] Compatible tag found: function=mab_dynamic_1783183391 tag=x86 arch=amd64 pattern="" ring_size=2
2026/07/04 18:43:42 [LB] Compatible tag found: function=mab_dynamic_1783183391 tag=arm arch=amd64 pattern="" ring_size=1
2026/07/04 18:43:42 [LB] Compatible tags for function 'mab_dynamic_1783183391': [x86 arm]
2026/07/04 18:43:42 [LB][MAB] event=before_select function=mab_dynamic_1783183391 compatible_tags=[x86 arm] has_context=true
2026/07/04 18:43:42 [LB][MAB] event=after_select function=mab_dynamic_1783183391 selected_tag=arm compatible_tags=[x86 arm]
2026/07/04 18:43:42 [LB] Selected target for function 'mab_dynamic_1783183391': target_tag=arm candidate=AeEVFJeFpUcbPzPUXEi6b81783183406924160355 candidate_tag=arm
2026/07/04 18:43:42 [LB] Compatible tag found: function=mab_dynamic_1783183391 tag=x86 arch=amd64 pattern="" ring_size=2
2026/07/04 18:43:42 [LB] Compatible tag found: function=mab_dynamic_1783183391 tag=arm arch=amd64 pattern="" ring_size=1
2026/07/04 18:43:42 [LB] Compatible tags for function 'mab_dynamic_1783183391': [x86 arm]
2026/07/04 18:43:42 [LB][MAB] event=before_select function=mab_dynamic_1783183391 compatible_tags=[x86 arm] has_context=true
2026/07/04 18:43:42 [LB][MAB] event=after_select function=mab_dynamic_1783183391 selected_tag=arm compatible_tags=[x86 arm]
2026/07/04 18:43:42 [LB] Selected target for function 'mab_dynamic_1783183391': target_tag=arm candidate=AeEVFJeFpUcbPzPUXEi6b81783183406924160355 candidate_tag=arm
2026/07/04 18:43:42 [LB] Compatible tag found: function=mab_dynamic_1783183391 tag=x86 arch=amd64 pattern="" ring_size=2
2026/07/04 18:43:42 [LB] Compatible tag found: function=mab_dynamic_1783183391 tag=arm arch=amd64 pattern="" ring_size=1
2026/07/04 18:43:42 [LB] Compatible tags for function 'mab_dynamic_1783183391': [x86 arm]
2026/07/04 18:43:42 [LB][MAB] event=before_select function=mab_dynamic_1783183391 compatible_tags=[x86 arm] has_context=true
2026/07/04 18:43:42 [LB][MAB] event=after_select function=mab_dynamic_1783183391 selected_tag=arm compatible_tags=[x86 arm]
2026/07/04 18:43:42 [LB] Selected target for function 'mab_dynamic_1783183391': target_tag=arm candidate=AeEVFJeFpUcbPzPUXEi6b81783183406924160355 candidate_tag=arm
2026/07/04 18:43:42 [LB] Compatible tag found: function=mab_dynamic_1783183391 tag=x86 arch=amd64 pattern="" ring_size=2
2026/07/04 18:43:42 [LB] Compatible tag found: function=mab_dynamic_1783183391 tag=arm arch=amd64 pattern="" ring_size=1
2026/07/04 18:43:42 [LB] Compatible tags for function 'mab_dynamic_1783183391': [x86 arm]
2026/07/04 18:43:42 [LB][MAB] event=before_select function=mab_dynamic_1783183391 compatible_tags=[x86 arm] has_context=true
2026/07/04 18:43:42 [LB][MAB] event=after_select function=mab_dynamic_1783183391 selected_tag=arm compatible_tags=[x86 arm]
2026/07/04 18:43:42 [LB] Selected target for function 'mab_dynamic_1783183391': target_tag=arm candidate=AeEVFJeFpUcbPzPUXEi6b81783183406924160355 candidate_tag=arm
2026/07/04 18:43:43 [LB] Compatible tag found: function=mab_dynamic_1783183391 tag=x86 arch=amd64 pattern="" ring_size=2
2026/07/04 18:43:43 [LB] Compatible tag found: function=mab_dynamic_1783183391 tag=arm arch=amd64 pattern="" ring_size=1
2026/07/04 18:43:43 [LB] Compatible tags for function 'mab_dynamic_1783183391': [x86 arm]
2026/07/04 18:43:43 [LB][MAB] event=before_select function=mab_dynamic_1783183391 compatible_tags=[x86 arm] has_context=true
2026/07/04 18:43:43 [LB][MAB] event=after_select function=mab_dynamic_1783183391 selected_tag=arm compatible_tags=[x86 arm]
2026/07/04 18:43:43 [LB] Selected target for function 'mab_dynamic_1783183391': target_tag=arm candidate=AeEVFJeFpUcbPzPUXEi6b81783183406924160355 candidate_tag=arm
2026/07/04 18:43:43 [LB] Compatible tag found: function=mab_dynamic_1783183391 tag=x86 arch=amd64 pattern="" ring_size=2
2026/07/04 18:43:43 [LB] Compatible tag found: function=mab_dynamic_1783183391 tag=arm arch=amd64 pattern="" ring_size=1
2026/07/04 18:43:43 [LB] Compatible tags for function 'mab_dynamic_1783183391': [x86 arm]
2026/07/04 18:43:43 [LB][MAB] event=before_select function=mab_dynamic_1783183391 compatible_tags=[x86 arm] has_context=true
2026/07/04 18:43:43 [LB][MAB] event=after_select function=mab_dynamic_1783183391 selected_tag=arm compatible_tags=[x86 arm]
2026/07/04 18:43:43 [LB] Selected target for function 'mab_dynamic_1783183391': target_tag=arm candidate=AeEVFJeFpUcbPzPUXEi6b81783183406924160355 candidate_tag=arm
2026/07/04 18:43:43 [LB] Compatible tag found: function=mab_dynamic_1783183391 tag=x86 arch=amd64 pattern="" ring_size=2
2026/07/04 18:43:43 [LB] Compatible tag found: function=mab_dynamic_1783183391 tag=arm arch=amd64 pattern="" ring_size=1
2026/07/04 18:43:43 [LB] Compatible tags for function 'mab_dynamic_1783183391': [x86 arm]
2026/07/04 18:43:43 [LB][MAB] event=before_select function=mab_dynamic_1783183391 compatible_tags=[x86 arm] has_context=true
2026/07/04 18:43:43 [LB][MAB] event=after_select function=mab_dynamic_1783183391 selected_tag=x86 compatible_tags=[x86 arm]
2026/07/04 18:43:43 [LB] Selected target for function 'mab_dynamic_1783183391': target_tag=x86 candidate=JPSvxyRs3tnWs5gniKAy61783183392964657713 candidate_tag=x86
2026/07/04 18:43:43 [LB] Compatible tag found: function=mab_dynamic_1783183391 tag=x86 arch=amd64 pattern="" ring_size=2
2026/07/04 18:43:43 [LB] Compatible tag found: function=mab_dynamic_1783183391 tag=arm arch=amd64 pattern="" ring_size=1
2026/07/04 18:43:43 [LB] Compatible tags for function 'mab_dynamic_1783183391': [x86 arm]
2026/07/04 18:43:43 [LB][MAB] event=before_select function=mab_dynamic_1783183391 compatible_tags=[x86 arm] has_context=true
2026/07/04 18:43:43 [LB][MAB] event=after_select function=mab_dynamic_1783183391 selected_tag=x86 compatible_tags=[x86 arm]
2026/07/04 18:43:43 [LB] Selected target for function 'mab_dynamic_1783183391': target_tag=x86 candidate=JPSvxyRs3tnWs5gniKAy61783183392964657713 candidate_tag=x86
2026/07/04 18:43:44 [LB] Compatible tag found: function=mab_dynamic_1783183391 tag=x86 arch=amd64 pattern="" ring_size=2
2026/07/04 18:43:44 [LB] Compatible tag found: function=mab_dynamic_1783183391 tag=arm arch=amd64 pattern="" ring_size=1
2026/07/04 18:43:44 [LB] Compatible tags for function 'mab_dynamic_1783183391': [x86 arm]
2026/07/04 18:43:44 [LB][MAB] event=before_select function=mab_dynamic_1783183391 compatible_tags=[x86 arm] has_context=true
2026/07/04 18:43:44 [LB][MAB] event=after_select function=mab_dynamic_1783183391 selected_tag=x86 compatible_tags=[x86 arm]
2026/07/04 18:43:44 [LB] Selected target for function 'mab_dynamic_1783183391': target_tag=x86 candidate=JPSvxyRs3tnWs5gniKAy61783183392964657713 candidate_tag=x86
2026/07/04 18:43:44 [LB] Compatible tag found: function=mab_dynamic_1783183391 tag=x86 arch=amd64 pattern="" ring_size=2
2026/07/04 18:43:44 [LB] Compatible tag found: function=mab_dynamic_1783183391 tag=arm arch=amd64 pattern="" ring_size=1
2026/07/04 18:43:44 [LB] Compatible tags for function 'mab_dynamic_1783183391': [x86 arm]
2026/07/04 18:43:44 [LB][MAB] event=before_select function=mab_dynamic_1783183391 compatible_tags=[x86 arm] has_context=true
2026/07/04 18:43:44 [LB][MAB] event=after_select function=mab_dynamic_1783183391 selected_tag=x86 compatible_tags=[x86 arm]
2026/07/04 18:43:44 [LB] Selected target for function 'mab_dynamic_1783183391': target_tag=x86 candidate=JPSvxyRs3tnWs5gniKAy61783183392964657713 candidate_tag=x86
2026/07/04 18:43:44 [LB] Compatible tag found: function=mab_dynamic_1783183391 tag=x86 arch=amd64 pattern="" ring_size=2
2026/07/04 18:43:44 [LB] Compatible tag found: function=mab_dynamic_1783183391 tag=arm arch=amd64 pattern="" ring_size=1
2026/07/04 18:43:44 [LB] Compatible tags for function 'mab_dynamic_1783183391': [x86 arm]
2026/07/04 18:43:44 [LB][MAB] event=before_select function=mab_dynamic_1783183391 compatible_tags=[x86 arm] has_context=true
2026/07/04 18:43:44 [LB][MAB] event=after_select function=mab_dynamic_1783183391 selected_tag=x86 compatible_tags=[x86 arm]
2026/07/04 18:43:44 [LB] Selected target for function 'mab_dynamic_1783183391': target_tag=x86 candidate=JPSvxyRs3tnWs5gniKAy61783183392964657713 candidate_tag=x86
2026/07/04 18:43:44 [LB] Compatible tag found: function=mab_dynamic_1783183391 tag=x86 arch=amd64 pattern="" ring_size=2
2026/07/04 18:43:44 [LB] Compatible tag found: function=mab_dynamic_1783183391 tag=arm arch=amd64 pattern="" ring_size=1
2026/07/04 18:43:44 [LB] Compatible tags for function 'mab_dynamic_1783183391': [x86 arm]
2026/07/04 18:43:44 [LB][MAB] event=before_select function=mab_dynamic_1783183391 compatible_tags=[x86 arm] has_context=true
2026/07/04 18:43:44 [LB][MAB] event=after_select function=mab_dynamic_1783183391 selected_tag=x86 compatible_tags=[x86 arm]
2026/07/04 18:43:44 [LB] Selected target for function 'mab_dynamic_1783183391': target_tag=x86 candidate=JPSvxyRs3tnWs5gniKAy61783183392964657713 candidate_tag=x86
2026/07/04 18:43:44 [LB] Compatible tag found: function=mab_dynamic_1783183391 tag=x86 arch=amd64 pattern="" ring_size=2
2026/07/04 18:43:44 [LB] Compatible tag found: function=mab_dynamic_1783183391 tag=arm arch=amd64 pattern="" ring_size=1
2026/07/04 18:43:44 [LB] Compatible tags for function 'mab_dynamic_1783183391': [x86 arm]
2026/07/04 18:43:44 [LB][MAB] event=before_select function=mab_dynamic_1783183391 compatible_tags=[x86 arm] has_context=true
2026/07/04 18:43:44 [LB][MAB] event=after_select function=mab_dynamic_1783183391 selected_tag=x86 compatible_tags=[x86 arm]
2026/07/04 18:43:44 [LB] Selected target for function 'mab_dynamic_1783183391': target_tag=x86 candidate=JPSvxyRs3tnWs5gniKAy61783183392964657713 candidate_tag=x86
2026/07/04 18:43:45 [LB]: Periodic targets update
2026/07/04 18:43:45 [LB] Compatible tag found: function=mab_dynamic_1783183391 tag=x86 arch=amd64 pattern="" ring_size=2
2026/07/04 18:43:45 [LB] Compatible tag found: function=mab_dynamic_1783183391 tag=arm arch=amd64 pattern="" ring_size=1
2026/07/04 18:43:45 [LB] Compatible tags for function 'mab_dynamic_1783183391': [x86 arm]
2026/07/04 18:43:45 [LB][MAB] event=before_select function=mab_dynamic_1783183391 compatible_tags=[x86 arm] has_context=true
2026/07/04 18:43:45 [LB][MAB] event=after_select function=mab_dynamic_1783183391 selected_tag=x86 compatible_tags=[x86 arm]
2026/07/04 18:43:45 [LB] Selected target for function 'mab_dynamic_1783183391': target_tag=x86 candidate=JPSvxyRs3tnWs5gniKAy61783183392964657713 candidate_tag=x86
2026/07/04 18:43:45 [LB] Compatible tag found: function=mab_dynamic_1783183391 tag=x86 arch=amd64 pattern="" ring_size=2
2026/07/04 18:43:45 [LB] Compatible tag found: function=mab_dynamic_1783183391 tag=arm arch=amd64 pattern="" ring_size=1
2026/07/04 18:43:45 [LB] Compatible tags for function 'mab_dynamic_1783183391': [x86 arm]
2026/07/04 18:43:45 [LB][MAB] event=before_select function=mab_dynamic_1783183391 compatible_tags=[x86 arm] has_context=true
2026/07/04 18:43:45 [LB][MAB] event=after_select function=mab_dynamic_1783183391 selected_tag=x86 compatible_tags=[x86 arm]
2026/07/04 18:43:45 [LB] Selected target for function 'mab_dynamic_1783183391': target_tag=x86 candidate=JPSvxyRs3tnWs5gniKAy61783183392964657713 candidate_tag=x86
2026/07/04 18:43:45 [LB] Compatible tag found: function=mab_dynamic_1783183391 tag=x86 arch=amd64 pattern="" ring_size=2
2026/07/04 18:43:45 [LB] Compatible tag found: function=mab_dynamic_1783183391 tag=arm arch=amd64 pattern="" ring_size=1
2026/07/04 18:43:45 [LB] Compatible tags for function 'mab_dynamic_1783183391': [x86 arm]
2026/07/04 18:43:45 [LB][MAB] event=before_select function=mab_dynamic_1783183391 compatible_tags=[x86 arm] has_context=true
2026/07/04 18:43:45 [LB][MAB] event=after_select function=mab_dynamic_1783183391 selected_tag=x86 compatible_tags=[x86 arm]
2026/07/04 18:43:45 [LB] Selected target for function 'mab_dynamic_1783183391': target_tag=x86 candidate=JPSvxyRs3tnWs5gniKAy61783183392964657713 candidate_tag=x86
2026/07/04 18:43:45 [LB] Compatible tag found: function=mab_dynamic_1783183391 tag=x86 arch=amd64 pattern="" ring_size=2
2026/07/04 18:43:45 [LB] Compatible tag found: function=mab_dynamic_1783183391 tag=arm arch=amd64 pattern="" ring_size=1
2026/07/04 18:43:45 [LB] Compatible tags for function 'mab_dynamic_1783183391': [x86 arm]
2026/07/04 18:43:45 [LB][MAB] event=before_select function=mab_dynamic_1783183391 compatible_tags=[x86 arm] has_context=true
2026/07/04 18:43:45 [LB][MAB] event=after_select function=mab_dynamic_1783183391 selected_tag=x86 compatible_tags=[x86 arm]
2026/07/04 18:43:45 [LB] Selected target for function 'mab_dynamic_1783183391': target_tag=x86 candidate=JPSvxyRs3tnWs5gniKAy61783183392964657713 candidate_tag=x86
2026/07/04 18:43:46 [LB] Compatible tag found: function=mab_dynamic_1783183391 tag=x86 arch=amd64 pattern="" ring_size=2
2026/07/04 18:43:46 [LB] Compatible tag found: function=mab_dynamic_1783183391 tag=arm arch=amd64 pattern="" ring_size=1
2026/07/04 18:43:46 [LB] Compatible tags for function 'mab_dynamic_1783183391': [x86 arm]
2026/07/04 18:43:46 [LB][MAB] event=before_select function=mab_dynamic_1783183391 compatible_tags=[x86 arm] has_context=true
2026/07/04 18:43:46 [LB][MAB] event=after_select function=mab_dynamic_1783183391 selected_tag=x86 compatible_tags=[x86 arm]
2026/07/04 18:43:46 [LB] Selected target for function 'mab_dynamic_1783183391': target_tag=x86 candidate=JPSvxyRs3tnWs5gniKAy61783183392964657713 candidate_tag=x86
2026/07/04 18:43:46 [LB] Compatible tag found: function=mab_dynamic_1783183391 tag=x86 arch=amd64 pattern="" ring_size=2
2026/07/04 18:43:46 [LB] Compatible tag found: function=mab_dynamic_1783183391 tag=arm arch=amd64 pattern="" ring_size=1
2026/07/04 18:43:46 [LB] Compatible tags for function 'mab_dynamic_1783183391': [x86 arm]
2026/07/04 18:43:46 [LB][MAB] event=before_select function=mab_dynamic_1783183391 compatible_tags=[x86 arm] has_context=true
2026/07/04 18:43:46 [LB][MAB] event=after_select function=mab_dynamic_1783183391 selected_tag=x86 compatible_tags=[x86 arm]
2026/07/04 18:43:46 [LB] Selected target for function 'mab_dynamic_1783183391': target_tag=x86 candidate=JPSvxyRs3tnWs5gniKAy61783183392964657713 candidate_tag=x86
2026/07/04 18:43:46 [LB] Compatible tag found: function=mab_dynamic_1783183391 tag=x86 arch=amd64 pattern="" ring_size=2
2026/07/04 18:43:46 [LB] Compatible tag found: function=mab_dynamic_1783183391 tag=arm arch=amd64 pattern="" ring_size=1
2026/07/04 18:43:46 [LB] Compatible tags for function 'mab_dynamic_1783183391': [x86 arm]
2026/07/04 18:43:46 [LB][MAB] event=before_select function=mab_dynamic_1783183391 compatible_tags=[x86 arm] has_context=true
2026/07/04 18:43:46 [LB][MAB] event=after_select function=mab_dynamic_1783183391 selected_tag=x86 compatible_tags=[x86 arm]
2026/07/04 18:43:46 [LB] Selected target for function 'mab_dynamic_1783183391': target_tag=x86 candidate=JPSvxyRs3tnWs5gniKAy61783183392964657713 candidate_tag=x86
