2026/07/04 18:43:26 Local node id: (ROME)AeEVFJeFpUcbPzPUXEi6b81783183406924160355 - arm (arch: amd64)
2026/07/04 18:43:26 Registration for node: (ROME)AeEVFJeFpUcbPzPUXEi6b81783183406924160355 - arm
2026/07/04 18:43:26 Connecting to etcd
2026/07/04 18:43:26 Connected to etcd
2026/07/04 18:43:26 etcd connection state: READY
2026/07/04 18:43:26 etcd: connected and ready
2026/07/04 18:43:26 Registering to etcd: registry/ROME/arm/AeEVFJeFpUcbPzPUXEi6b81783183406924160355
2026/07/04 18:43:26 Configured scheduling policy: default
2026/07/04 18:43:26 Configured offloading policy: disable
2026/07/04 18:43:26 Current resources: [CPUs: 0.000000/32.000000 - Mem: 0(+0 warm)/512]
2026/07/04 18:43:26 Scheduler started.
2026/07/04 18:43:26 No remote area is configured; vertical offloading disabled
2026/07/04 18:43:26 UDP server up and listening on port 9876
⇨ http server started on [::]:1323
2026/07/04 18:43:34 Container 9f7fc92bd320132adc3981521c634179f21ff1a910546cb9d446b7f68d1da3fe has name /cranky_hertz
2026/07/04 18:43:35 [mab_dynamic_1783183391] Executing on container: 9f7fc92bd320132adc3981521c634179f21ff1a910546cb9d446b7f68d1da3fe
2026/07/04 18:43:35 Using warm 9f7fc92bd320132adc3981521c634179f21ff1a910546cb9d446b7f68d1da3fe for mab_dynamic_1783183391. Now: [CPUs: 0.000000/32.000000 - Mem: 128(+0 warm)/512]
2026/07/04 18:43:35 [mab_dynamic_1783183391] Executing on container: 9f7fc92bd320132adc3981521c634179f21ff1a910546cb9d446b7f68d1da3fe
2026/07/04 18:43:35 Using warm 9f7fc92bd320132adc3981521c634179f21ff1a910546cb9d446b7f68d1da3fe for mab_dynamic_1783183391. Now: [CPUs: 0.000000/32.000000 - Mem: 128(+0 warm)/512]
2026/07/04 18:43:35 [mab_dynamic_1783183391] Executing on container: 9f7fc92bd320132adc3981521c634179f21ff1a910546cb9d446b7f68d1da3fe
2026/07/04 18:43:36 Using warm 9f7fc92bd320132adc3981521c634179f21ff1a910546cb9d446b7f68d1da3fe for mab_dynamic_1783183391. Now: [CPUs: 0.000000/32.000000 - Mem: 128(+0 warm)/512]
2026/07/04 18:43:36 [mab_dynamic_1783183391] Executing on container: 9f7fc92bd320132adc3981521c634179f21ff1a910546cb9d446b7f68d1da3fe
2026/07/04 18:43:36 Using warm 9f7fc92bd320132adc3981521c634179f21ff1a910546cb9d446b7f68d1da3fe for mab_dynamic_1783183391. Now: [CPUs: 0.000000/32.000000 - Mem: 128(+0 warm)/512]
2026/07/04 18:43:36 [mab_dynamic_1783183391] Executing on container: 9f7fc92bd320132adc3981521c634179f21ff1a910546cb9d446b7f68d1da3fe
2026/07/04 18:43:36 Using warm 9f7fc92bd320132adc3981521c634179f21ff1a910546cb9d446b7f68d1da3fe for mab_dynamic_1783183391. Now: [CPUs: 0.000000/32.000000 - Mem: 128(+0 warm)/512]
2026/07/04 18:43:36 [mab_dynamic_1783183391] Executing on container: 9f7fc92bd320132adc3981521c634179f21ff1a910546cb9d446b7f68d1da3fe
2026/07/04 18:43:36 Using warm 9f7fc92bd320132adc3981521c634179f21ff1a910546cb9d446b7f68d1da3fe for mab_dynamic_1783183391. Now: [CPUs: 0.000000/32.000000 - Mem: 128(+0 warm)/512]
2026/07/04 18:43:36 [mab_dynamic_1783183391] Executing on container: 9f7fc92bd320132adc3981521c634179f21ff1a910546cb9d446b7f68d1da3fe
2026/07/04 18:43:37 Using warm 9f7fc92bd320132adc3981521c634179f21ff1a910546cb9d446b7f68d1da3fe for mab_dynamic_1783183391. Now: [CPUs: 0.000000/32.000000 - Mem: 128(+0 warm)/512]
2026/07/04 18:43:37 [mab_dynamic_1783183391] Executing on container: 9f7fc92bd320132adc3981521c634179f21ff1a910546cb9d446b7f68d1da3fe
2026/07/04 18:43:37 Using warm 9f7fc92bd320132adc3981521c634179f21ff1a910546cb9d446b7f68d1da3fe for mab_dynamic_1783183391. Now: [CPUs: 0.000000/32.000000 - Mem: 128(+0 warm)/512]
2026/07/04 18:43:37 [mab_dynamic_1783183391] Executing on container: 9f7fc92bd320132adc3981521c634179f21ff1a910546cb9d446b7f68d1da3fe
2026/07/04 18:43:37 Using warm 9f7fc92bd320132adc3981521c634179f21ff1a910546cb9d446b7f68d1da3fe for mab_dynamic_1783183391. Now: [CPUs: 0.000000/32.000000 - Mem: 128(+0 warm)/512]
2026/07/04 18:43:37 [mab_dynamic_1783183391] Executing on container: 9f7fc92bd320132adc3981521c634179f21ff1a910546cb9d446b7f68d1da3fe
2026/07/04 18:43:37 Using warm 9f7fc92bd320132adc3981521c634179f21ff1a910546cb9d446b7f68d1da3fe for mab_dynamic_1783183391. Now: [CPUs: 0.000000/32.000000 - Mem: 128(+0 warm)/512]
2026/07/04 18:43:37 [mab_dynamic_1783183391] Executing on container: 9f7fc92bd320132adc3981521c634179f21ff1a910546cb9d446b7f68d1da3fe
2026/07/04 18:43:37 Using warm 9f7fc92bd320132adc3981521c634179f21ff1a910546cb9d446b7f68d1da3fe for mab_dynamic_1783183391. Now: [CPUs: 0.000000/32.000000 - Mem: 128(+0 warm)/512]
2026/07/04 18:43:37 [mab_dynamic_1783183391] Executing on container: 9f7fc92bd320132adc3981521c634179f21ff1a910546cb9d446b7f68d1da3fe
2026/07/04 18:43:38 Using warm 9f7fc92bd320132adc3981521c634179f21ff1a910546cb9d446b7f68d1da3fe for mab_dynamic_1783183391. Now: [CPUs: 0.000000/32.000000 - Mem: 128(+0 warm)/512]
2026/07/04 18:43:38 [mab_dynamic_1783183391] Executing on container: 9f7fc92bd320132adc3981521c634179f21ff1a910546cb9d446b7f68d1da3fe
2026/07/04 18:43:38 Using warm 9f7fc92bd320132adc3981521c634179f21ff1a910546cb9d446b7f68d1da3fe for mab_dynamic_1783183391. Now: [CPUs: 0.000000/32.000000 - Mem: 128(+0 warm)/512]
2026/07/04 18:43:38 [mab_dynamic_1783183391] Executing on container: 9f7fc92bd320132adc3981521c634179f21ff1a910546cb9d446b7f68d1da3fe
2026/07/04 18:43:38 Using warm 9f7fc92bd320132adc3981521c634179f21ff1a910546cb9d446b7f68d1da3fe for mab_dynamic_1783183391. Now: [CPUs: 0.000000/32.000000 - Mem: 128(+0 warm)/512]
2026/07/04 18:43:38 [mab_dynamic_1783183391] Executing on container: 9f7fc92bd320132adc3981521c634179f21ff1a910546cb9d446b7f68d1da3fe
2026/07/04 18:43:38 Using warm 9f7fc92bd320132adc3981521c634179f21ff1a910546cb9d446b7f68d1da3fe for mab_dynamic_1783183391. Now: [CPUs: 0.000000/32.000000 - Mem: 128(+0 warm)/512]
2026/07/04 18:43:38 [mab_dynamic_1783183391] Executing on container: 9f7fc92bd320132adc3981521c634179f21ff1a910546cb9d446b7f68d1da3fe
2026/07/04 18:43:39 Using warm 9f7fc92bd320132adc3981521c634179f21ff1a910546cb9d446b7f68d1da3fe for mab_dynamic_1783183391. Now: [CPUs: 0.000000/32.000000 - Mem: 128(+0 warm)/512]
2026/07/04 18:43:39 [mab_dynamic_1783183391] Executing on container: 9f7fc92bd320132adc3981521c634179f21ff1a910546cb9d446b7f68d1da3fe
2026/07/04 18:43:39 Using warm 9f7fc92bd320132adc3981521c634179f21ff1a910546cb9d446b7f68d1da3fe for mab_dynamic_1783183391. Now: [CPUs: 0.000000/32.000000 - Mem: 128(+0 warm)/512]
2026/07/04 18:43:39 [mab_dynamic_1783183391] Executing on container: 9f7fc92bd320132adc3981521c634179f21ff1a910546cb9d446b7f68d1da3fe
2026/07/04 18:43:40 Using warm 9f7fc92bd320132adc3981521c634179f21ff1a910546cb9d446b7f68d1da3fe for mab_dynamic_1783183391. Now: [CPUs: 0.000000/32.000000 - Mem: 128(+0 warm)/512]
2026/07/04 18:43:40 [mab_dynamic_1783183391] Executing on container: 9f7fc92bd320132adc3981521c634179f21ff1a910546cb9d446b7f68d1da3fe
2026/07/04 18:43:41 Using warm 9f7fc92bd320132adc3981521c634179f21ff1a910546cb9d446b7f68d1da3fe for mab_dynamic_1783183391. Now: [CPUs: 0.000000/32.000000 - Mem: 128(+0 warm)/512]
2026/07/04 18:43:41 [mab_dynamic_1783183391] Executing on container: 9f7fc92bd320132adc3981521c634179f21ff1a910546cb9d446b7f68d1da3fe
2026/07/04 18:43:42 Using warm 9f7fc92bd320132adc3981521c634179f21ff1a910546cb9d446b7f68d1da3fe for mab_dynamic_1783183391. Now: [CPUs: 0.000000/32.000000 - Mem: 128(+0 warm)/512]
2026/07/04 18:43:42 [mab_dynamic_1783183391] Executing on container: 9f7fc92bd320132adc3981521c634179f21ff1a910546cb9d446b7f68d1da3fe
2026/07/04 18:43:42 Using warm 9f7fc92bd320132adc3981521c634179f21ff1a910546cb9d446b7f68d1da3fe for mab_dynamic_1783183391. Now: [CPUs: 0.000000/32.000000 - Mem: 128(+0 warm)/512]
2026/07/04 18:43:42 [mab_dynamic_1783183391] Executing on container: 9f7fc92bd320132adc3981521c634179f21ff1a910546cb9d446b7f68d1da3fe
2026/07/04 18:43:42 Using warm 9f7fc92bd320132adc3981521c634179f21ff1a910546cb9d446b7f68d1da3fe for mab_dynamic_1783183391. Now: [CPUs: 0.000000/32.000000 - Mem: 128(+0 warm)/512]
2026/07/04 18:43:42 [mab_dynamic_1783183391] Executing on container: 9f7fc92bd320132adc3981521c634179f21ff1a910546cb9d446b7f68d1da3fe
2026/07/04 18:43:42 Using warm 9f7fc92bd320132adc3981521c634179f21ff1a910546cb9d446b7f68d1da3fe for mab_dynamic_1783183391. Now: [CPUs: 0.000000/32.000000 - Mem: 128(+0 warm)/512]
2026/07/04 18:43:42 [mab_dynamic_1783183391] Executing on container: 9f7fc92bd320132adc3981521c634179f21ff1a910546cb9d446b7f68d1da3fe
2026/07/04 18:43:42 Using warm 9f7fc92bd320132adc3981521c634179f21ff1a910546cb9d446b7f68d1da3fe for mab_dynamic_1783183391. Now: [CPUs: 0.000000/32.000000 - Mem: 128(+0 warm)/512]
2026/07/04 18:43:42 [mab_dynamic_1783183391] Executing on container: 9f7fc92bd320132adc3981521c634179f21ff1a910546cb9d446b7f68d1da3fe
2026/07/04 18:43:43 Using warm 9f7fc92bd320132adc3981521c634179f21ff1a910546cb9d446b7f68d1da3fe for mab_dynamic_1783183391. Now: [CPUs: 0.000000/32.000000 - Mem: 128(+0 warm)/512]
2026/07/04 18:43:43 [mab_dynamic_1783183391] Executing on container: 9f7fc92bd320132adc3981521c634179f21ff1a910546cb9d446b7f68d1da3fe
2026/07/04 18:43:43 Using warm 9f7fc92bd320132adc3981521c634179f21ff1a910546cb9d446b7f68d1da3fe for mab_dynamic_1783183391. Now: [CPUs: 0.000000/32.000000 - Mem: 128(+0 warm)/512]
2026/07/04 18:43:43 [mab_dynamic_1783183391] Executing on container: 9f7fc92bd320132adc3981521c634179f21ff1a910546cb9d446b7f68d1da3fe
