2026/07/04 18:43:12 Local node id: (ROME)gqZ66fNcfZCr6YoaMNshSc1783183392965483491 - x86 (arch: amd64)
2026/07/04 18:43:12 Registration for node: (ROME)gqZ66fNcfZCr6YoaMNshSc1783183392965483491 - x86
2026/07/04 18:43:12 Connecting to etcd
2026/07/04 18:43:12 Connected to etcd
2026/07/04 18:43:12 etcd connection state: TRANSIENT_FAILURE
2026/07/04 18:43:12 etcd: transient failure, triggering reconnect
2026/07/04 18:43:13 etcd connection state: READY
2026/07/04 18:43:13 etcd: connected and ready
2026/07/04 18:43:13 Registering to etcd: registry/ROME/x86/gqZ66fNcfZCr6YoaMNshSc1783183392965483491
2026/07/04 18:43:13 Configured scheduling policy: default
2026/07/04 18:43:13 Configured offloading policy: disable
2026/07/04 18:43:13 Current resources: [CPUs: 0.000000/32.000000 - Mem: 0(+0 warm)/512]
2026/07/04 18:43:13 Scheduler started.
2026/07/04 18:43:13 No remote area is configured; vertical offloading disabled
2026/07/04 18:43:13 UDP server up and listening on port 9877
⇨ http server started on [::]:1324
2026/07/04 18:43:22 New request: creation of mab_dynamic_1783183391
2026/07/04 18:43:33 Periodic nearby Monitoring
2026/07/04 18:43:33 Requesting status information for 192.168.0.46:9881
2026/07/04 18:43:43 No remote area is configured; vertical offloading disabled
