2026/07/04 18:43:12 Local node id: (ROME)JPSvxyRs3tnWs5gniKAy61783183392964657713 - x86 (arch: amd64)
2026/07/04 18:43:12 Registration for node: (ROME)JPSvxyRs3tnWs5gniKAy61783183392964657713 - x86
2026/07/04 18:43:12 Connecting to etcd
2026/07/04 18:43:12 Connected to etcd
2026/07/04 18:43:12 etcd connection state: TRANSIENT_FAILURE
2026/07/04 18:43:12 etcd: transient failure, triggering reconnect
2026/07/04 18:43:13 etcd connection state: READY
2026/07/04 18:43:13 etcd: connected and ready
2026/07/04 18:43:13 Registering to etcd: registry/ROME/x86/JPSvxyRs3tnWs5gniKAy61783183392964657713
2026/07/04 18:43:13 Configured scheduling policy: default
2026/07/04 18:43:13 Configured offloading policy: disable
2026/07/04 18:43:13 Current resources: [CPUs: 0.000000/32.000000 - Mem: 0(+0 warm)/512]
2026/07/04 18:43:13 Scheduler started.
2026/07/04 18:43:13 No remote area is configured; vertical offloading disabled
2026/07/04 18:43:13 UDP server up and listening on port 9881
⇨ http server started on [::]:1328
2026/07/04 18:43:23 Container 79f2b297b354fe35d7ea394fb7739dcc79cd90ae4868f00410d058f30ef811b6 has name /strange_curran
2026/07/04 18:43:23 [mab_dynamic_1783183391] Executing on container: 79f2b297b354fe35d7ea394fb7739dcc79cd90ae4868f00410d058f30ef811b6
2026/07/04 18:43:23 Using warm 79f2b297b354fe35d7ea394fb7739dcc79cd90ae4868f00410d058f30ef811b6 for mab_dynamic_1783183391. Now: [CPUs: 0.000000/32.000000 - Mem: 128(+0 warm)/512]
2026/07/04 18:43:23 [mab_dynamic_1783183391] Executing on container: 79f2b297b354fe35d7ea394fb7739dcc79cd90ae4868f00410d058f30ef811b6
2026/07/04 18:43:23 Using warm 79f2b297b354fe35d7ea394fb7739dcc79cd90ae4868f00410d058f30ef811b6 for mab_dynamic_1783183391. Now: [CPUs: 0.000000/32.000000 - Mem: 128(+0 warm)/512]
2026/07/04 18:43:23 [mab_dynamic_1783183391] Executing on container: 79f2b297b354fe35d7ea394fb7739dcc79cd90ae4868f00410d058f30ef811b6
2026/07/04 18:43:24 Using warm 79f2b297b354fe35d7ea394fb7739dcc79cd90ae4868f00410d058f30ef811b6 for mab_dynamic_1783183391. Now: [CPUs: 0.000000/32.000000 - Mem: 128(+0 warm)/512]
2026/07/04 18:43:24 [mab_dynamic_1783183391] Executing on container: 79f2b297b354fe35d7ea394fb7739dcc79cd90ae4868f00410d058f30ef811b6
2026/07/04 18:43:24 Using warm 79f2b297b354fe35d7ea394fb7739dcc79cd90ae4868f00410d058f30ef811b6 for mab_dynamic_1783183391. Now: [CPUs: 0.000000/32.000000 - Mem: 128(+0 warm)/512]
2026/07/04 18:43:24 [mab_dynamic_1783183391] Executing on container: 79f2b297b354fe35d7ea394fb7739dcc79cd90ae4868f00410d058f30ef811b6
2026/07/04 18:43:24 Using warm 79f2b297b354fe35d7ea394fb7739dcc79cd90ae4868f00410d058f30ef811b6 for mab_dynamic_1783183391. Now: [CPUs: 0.000000/32.000000 - Mem: 128(+0 warm)/512]
2026/07/04 18:43:24 [mab_dynamic_1783183391] Executing on container: 79f2b297b354fe35d7ea394fb7739dcc79cd90ae4868f00410d058f30ef811b6
2026/07/04 18:43:24 Using warm 79f2b297b354fe35d7ea394fb7739dcc79cd90ae4868f00410d058f30ef811b6 for mab_dynamic_1783183391. Now: [CPUs: 0.000000/32.000000 - Mem: 128(+0 warm)/512]
2026/07/04 18:43:24 [mab_dynamic_1783183391] Executing on container: 79f2b297b354fe35d7ea394fb7739dcc79cd90ae4868f00410d058f30ef811b6
2026/07/04 18:43:25 Using warm 79f2b297b354fe35d7ea394fb7739dcc79cd90ae4868f00410d058f30ef811b6 for mab_dynamic_1783183391. Now: [CPUs: 0.000000/32.000000 - Mem: 128(+0 warm)/512]
2026/07/04 18:43:25 [mab_dynamic_1783183391] Executing on container: 79f2b297b354fe35d7ea394fb7739dcc79cd90ae4868f00410d058f30ef811b6
2026/07/04 18:43:25 Using warm 79f2b297b354fe35d7ea394fb7739dcc79cd90ae4868f00410d058f30ef811b6 for mab_dynamic_1783183391. Now: [CPUs: 0.000000/32.000000 - Mem: 128(+0 warm)/512]
2026/07/04 18:43:25 [mab_dynamic_1783183391] Executing on container: 79f2b297b354fe35d7ea394fb7739dcc79cd90ae4868f00410d058f30ef811b6
2026/07/04 18:43:25 Using warm 79f2b297b354fe35d7ea394fb7739dcc79cd90ae4868f00410d058f30ef811b6 for mab_dynamic_1783183391. Now: [CPUs: 0.000000/32.000000 - Mem: 128(+0 warm)/512]
2026/07/04 18:43:25 [mab_dynamic_1783183391] Executing on container: 79f2b297b354fe35d7ea394fb7739dcc79cd90ae4868f00410d058f30ef811b6
2026/07/04 18:43:25 Using warm 79f2b297b354fe35d7ea394fb7739dcc79cd90ae4868f00410d058f30ef811b6 for mab_dynamic_1783183391. Now: [CPUs: 0.000000/32.000000 - Mem: 128(+0 warm)/512]
2026/07/04 18:43:25 [mab_dynamic_1783183391] Executing on container: 79f2b297b354fe35d7ea394fb7739dcc79cd90ae4868f00410d058f30ef811b6
2026/07/04 18:43:26 Using warm 79f2b297b354fe35d7ea394fb7739dcc79cd90ae4868f00410d058f30ef811b6 for mab_dynamic_1783183391. Now: [CPUs: 0.000000/32.000000 - Mem: 128(+0 warm)/512]
2026/07/04 18:43:26 [mab_dynamic_1783183391] Executing on container: 79f2b297b354fe35d7ea394fb7739dcc79cd90ae4868f00410d058f30ef811b6
2026/07/04 18:43:26 Using warm 79f2b297b354fe35d7ea394fb7739dcc79cd90ae4868f00410d058f30ef811b6 for mab_dynamic_1783183391. Now: [CPUs: 0.000000/32.000000 - Mem: 128(+0 warm)/512]
2026/07/04 18:43:26 [mab_dynamic_1783183391] Executing on container: 79f2b297b354fe35d7ea394fb7739dcc79cd90ae4868f00410d058f30ef811b6
2026/07/04 18:43:26 Using warm 79f2b297b354fe35d7ea394fb7739dcc79cd90ae4868f00410d058f30ef811b6 for mab_dynamic_1783183391. Now: [CPUs: 0.000000/32.000000 - Mem: 128(+0 warm)/512]
2026/07/04 18:43:26 [mab_dynamic_1783183391] Executing on container: 79f2b297b354fe35d7ea394fb7739dcc79cd90ae4868f00410d058f30ef811b6
2026/07/04 18:43:26 Using warm 79f2b297b354fe35d7ea394fb7739dcc79cd90ae4868f00410d058f30ef811b6 for mab_dynamic_1783183391. Now: [CPUs: 0.000000/32.000000 - Mem: 128(+0 warm)/512]
2026/07/04 18:43:26 [mab_dynamic_1783183391] Executing on container: 79f2b297b354fe35d7ea394fb7739dcc79cd90ae4868f00410d058f30ef811b6
2026/07/04 18:43:33 Periodic nearby Monitoring
2026/07/04 18:43:33 Requesting status information for 192.168.0.46:9877
2026/07/04 18:43:39 Using warm 79f2b297b354fe35d7ea394fb7739dcc79cd90ae4868f00410d058f30ef811b6 for mab_dynamic_1783183391. Now: [CPUs: 0.000000/32.000000 - Mem: 128(+0 warm)/512]
2026/07/04 18:43:39 [mab_dynamic_1783183391] Executing on container: 79f2b297b354fe35d7ea394fb7739dcc79cd90ae4868f00410d058f30ef811b6
2026/07/04 18:43:39 Using warm 79f2b297b354fe35d7ea394fb7739dcc79cd90ae4868f00410d058f30ef811b6 for mab_dynamic_1783183391. Now: [CPUs: 0.000000/32.000000 - Mem: 128(+0 warm)/512]
2026/07/04 18:43:39 [mab_dynamic_1783183391] Executing on container: 79f2b297b354fe35d7ea394fb7739dcc79cd90ae4868f00410d058f30ef811b6
2026/07/04 18:43:40 Using warm 79f2b297b354fe35d7ea394fb7739dcc79cd90ae4868f00410d058f30ef811b6 for mab_dynamic_1783183391. Now: [CPUs: 0.000000/32.000000 - Mem: 128(+0 warm)/512]
2026/07/04 18:43:40 [mab_dynamic_1783183391] Executing on container: 79f2b297b354fe35d7ea394fb7739dcc79cd90ae4868f00410d058f30ef811b6
2026/07/04 18:43:40 Using warm 79f2b297b354fe35d7ea394fb7739dcc79cd90ae4868f00410d058f30ef811b6 for mab_dynamic_1783183391. Now: [CPUs: 0.000000/32.000000 - Mem: 128(+0 warm)/512]
2026/07/04 18:43:40 [mab_dynamic_1783183391] Executing on container: 79f2b297b354fe35d7ea394fb7739dcc79cd90ae4868f00410d058f30ef811b6
2026/07/04 18:43:40 Using warm 79f2b297b354fe35d7ea394fb7739dcc79cd90ae4868f00410d058f30ef811b6 for mab_dynamic_1783183391. Now: [CPUs: 0.000000/32.000000 - Mem: 128(+0 warm)/512]
2026/07/04 18:43:40 [mab_dynamic_1783183391] Executing on container: 79f2b297b354fe35d7ea394fb7739dcc79cd90ae4868f00410d058f30ef811b6
2026/07/04 18:43:40 Using warm 79f2b297b354fe35d7ea394fb7739dcc79cd90ae4868f00410d058f30ef811b6 for mab_dynamic_1783183391. Now: [CPUs: 0.000000/32.000000 - Mem: 128(+0 warm)/512]
2026/07/04 18:43:40 [mab_dynamic_1783183391] Executing on container: 79f2b297b354fe35d7ea394fb7739dcc79cd90ae4868f00410d058f30ef811b6
2026/07/04 18:43:41 Using warm 79f2b297b354fe35d7ea394fb7739dcc79cd90ae4868f00410d058f30ef811b6 for mab_dynamic_1783183391. Now: [CPUs: 0.000000/32.000000 - Mem: 128(+0 warm)/512]
2026/07/04 18:43:41 [mab_dynamic_1783183391] Executing on container: 79f2b297b354fe35d7ea394fb7739dcc79cd90ae4868f00410d058f30ef811b6
2026/07/04 18:43:41 Using warm 79f2b297b354fe35d7ea394fb7739dcc79cd90ae4868f00410d058f30ef811b6 for mab_dynamic_1783183391. Now: [CPUs: 0.000000/32.000000 - Mem: 128(+0 warm)/512]
2026/07/04 18:43:41 [mab_dynamic_1783183391] Executing on container: 79f2b297b354fe35d7ea394fb7739dcc79cd90ae4868f00410d058f30ef811b6
2026/07/04 18:43:41 Using warm 79f2b297b354fe35d7ea394fb7739dcc79cd90ae4868f00410d058f30ef811b6 for mab_dynamic_1783183391. Now: [CPUs: 0.000000/32.000000 - Mem: 128(+0 warm)/512]
2026/07/04 18:43:41 [mab_dynamic_1783183391] Executing on container: 79f2b297b354fe35d7ea394fb7739dcc79cd90ae4868f00410d058f30ef811b6
2026/07/04 18:43:43 Using warm 79f2b297b354fe35d7ea394fb7739dcc79cd90ae4868f00410d058f30ef811b6 for mab_dynamic_1783183391. Now: [CPUs: 0.000000/32.000000 - Mem: 128(+0 warm)/512]
2026/07/04 18:43:43 [mab_dynamic_1783183391] Executing on container: 79f2b297b354fe35d7ea394fb7739dcc79cd90ae4868f00410d058f30ef811b6
2026/07/04 18:43:43 Using warm 79f2b297b354fe35d7ea394fb7739dcc79cd90ae4868f00410d058f30ef811b6 for mab_dynamic_1783183391. Now: [CPUs: 0.000000/32.000000 - Mem: 128(+0 warm)/512]
2026/07/04 18:43:43 [mab_dynamic_1783183391] Executing on container: 79f2b297b354fe35d7ea394fb7739dcc79cd90ae4868f00410d058f30ef811b6
2026/07/04 18:43:43 No remote area is configured; vertical offloading disabled
2026/07/04 18:43:44 Using warm 79f2b297b354fe35d7ea394fb7739dcc79cd90ae4868f00410d058f30ef811b6 for mab_dynamic_1783183391. Now: [CPUs: 0.000000/32.000000 - Mem: 128(+0 warm)/512]
2026/07/04 18:43:44 [mab_dynamic_1783183391] Executing on container: 79f2b297b354fe35d7ea394fb7739dcc79cd90ae4868f00410d058f30ef811b6
2026/07/04 18:43:44 Using warm 79f2b297b354fe35d7ea394fb7739dcc79cd90ae4868f00410d058f30ef811b6 for mab_dynamic_1783183391. Now: [CPUs: 0.000000/32.000000 - Mem: 128(+0 warm)/512]
2026/07/04 18:43:44 [mab_dynamic_1783183391] Executing on container: 79f2b297b354fe35d7ea394fb7739dcc79cd90ae4868f00410d058f30ef811b6
2026/07/04 18:43:44 Using warm 79f2b297b354fe35d7ea394fb7739dcc79cd90ae4868f00410d058f30ef811b6 for mab_dynamic_1783183391. Now: [CPUs: 0.000000/32.000000 - Mem: 128(+0 warm)/512]
2026/07/04 18:43:44 [mab_dynamic_1783183391] Executing on container: 79f2b297b354fe35d7ea394fb7739dcc79cd90ae4868f00410d058f30ef811b6
2026/07/04 18:43:44 Using warm 79f2b297b354fe35d7ea394fb7739dcc79cd90ae4868f00410d058f30ef811b6 for mab_dynamic_1783183391. Now: [CPUs: 0.000000/32.000000 - Mem: 128(+0 warm)/512]
2026/07/04 18:43:44 [mab_dynamic_1783183391] Executing on container: 79f2b297b354fe35d7ea394fb7739dcc79cd90ae4868f00410d058f30ef811b6
2026/07/04 18:43:44 Using warm 79f2b297b354fe35d7ea394fb7739dcc79cd90ae4868f00410d058f30ef811b6 for mab_dynamic_1783183391. Now: [CPUs: 0.000000/32.000000 - Mem: 128(+0 warm)/512]
2026/07/04 18:43:44 [mab_dynamic_1783183391] Executing on container: 79f2b297b354fe35d7ea394fb7739dcc79cd90ae4868f00410d058f30ef811b6
2026/07/04 18:43:45 Using warm 79f2b297b354fe35d7ea394fb7739dcc79cd90ae4868f00410d058f30ef811b6 for mab_dynamic_1783183391. Now: [CPUs: 0.000000/32.000000 - Mem: 128(+0 warm)/512]
2026/07/04 18:43:45 [mab_dynamic_1783183391] Executing on container: 79f2b297b354fe35d7ea394fb7739dcc79cd90ae4868f00410d058f30ef811b6
2026/07/04 18:43:45 Using warm 79f2b297b354fe35d7ea394fb7739dcc79cd90ae4868f00410d058f30ef811b6 for mab_dynamic_1783183391. Now: [CPUs: 0.000000/32.000000 - Mem: 128(+0 warm)/512]
2026/07/04 18:43:45 [mab_dynamic_1783183391] Executing on container: 79f2b297b354fe35d7ea394fb7739dcc79cd90ae4868f00410d058f30ef811b6
2026/07/04 18:43:45 Using warm 79f2b297b354fe35d7ea394fb7739dcc79cd90ae4868f00410d058f30ef811b6 for mab_dynamic_1783183391. Now: [CPUs: 0.000000/32.000000 - Mem: 128(+0 warm)/512]
2026/07/04 18:43:45 [mab_dynamic_1783183391] Executing on container: 79f2b297b354fe35d7ea394fb7739dcc79cd90ae4868f00410d058f30ef811b6
2026/07/04 18:43:45 Using warm 79f2b297b354fe35d7ea394fb7739dcc79cd90ae4868f00410d058f30ef811b6 for mab_dynamic_1783183391. Now: [CPUs: 0.000000/32.000000 - Mem: 128(+0 warm)/512]
2026/07/04 18:43:45 [mab_dynamic_1783183391] Executing on container: 79f2b297b354fe35d7ea394fb7739dcc79cd90ae4868f00410d058f30ef811b6
2026/07/04 18:43:46 Using warm 79f2b297b354fe35d7ea394fb7739dcc79cd90ae4868f00410d058f30ef811b6 for mab_dynamic_1783183391. Now: [CPUs: 0.000000/32.000000 - Mem: 128(+0 warm)/512]
2026/07/04 18:43:46 [mab_dynamic_1783183391] Executing on container: 79f2b297b354fe35d7ea394fb7739dcc79cd90ae4868f00410d058f30ef811b6
2026/07/04 18:43:46 Using warm 79f2b297b354fe35d7ea394fb7739dcc79cd90ae4868f00410d058f30ef811b6 for mab_dynamic_1783183391. Now: [CPUs: 0.000000/32.000000 - Mem: 128(+0 warm)/512]
2026/07/04 18:43:46 [mab_dynamic_1783183391] Executing on container: 79f2b297b354fe35d7ea394fb7739dcc79cd90ae4868f00410d058f30ef811b6
2026/07/04 18:43:46 Using warm 79f2b297b354fe35d7ea394fb7739dcc79cd90ae4868f00410d058f30ef811b6 for mab_dynamic_1783183391. Now: [CPUs: 0.000000/32.000000 - Mem: 128(+0 warm)/512]
2026/07/04 18:43:46 [mab_dynamic_1783183391] Executing on container: 79f2b297b354fe35d7ea394fb7739dcc79cd90ae4868f00410d058f30ef811b6
