{
	"Success": true,
	"Result": "\"\"",
	"ResponseTime": 1.012527112,
	"IsWarmStart": true,
	"InitTime": 0.000050236,
	"QueueingTime": 0,
	"OffloadLatency": 0,
	"Duration": 1.002858481,
	"Output": "\n",
	"ExecutionArea": "PROFILE_EXPORT_TEST",
	"ExecutionNode": "profiling-export-node-20260804_113705",
	"ResourceProfile": {
		"Enabled": true,
		"Collected": true,
		"Valid": true,
		"InvalidReason": "",
		"ContainerID": "58e259f32b343ce3c78dc725054aadad3bcec4e96a7d21a7ed6b96a269ae1dbb",
		"ExclusiveContainer": true,
		"MaxConcurrency": 1,
		"ProfilingLockWaitMs": 0.000093,
		"CPUUsageTotalDeltaNs": 2296000,
		"CPUUsageUserDeltaNs": 2242000,
		"CPUUsageKernelDeltaNs": 53000,
		"CPUThrottledTimeDeltaNs": 0,
		"CPUThrottledPeriodsDelta": 0,
		"OnlineCPUs": 32,
		"UtilizedCPUs": 0.0022894556345682436,
		"MemoryUsageBeforeBytes": 18272256,
		"MemoryUsageAfterBytes": 18776064,
		"MemoryUsageDeltaBytes": 503808,
		"MemoryLimitBytes": 134217728,
		"PageFaultsDelta": 0,
		"MajorPageFaultsDelta": 0,
		"PageFaultsAvailable": true,
		"MajorPageFaultsAvailable": true,
		"BlockReadBytesDelta": 0,
		"BlockWriteBytesDelta": 0,
		"BlockReadOpsDelta": 0,
		"BlockWriteOpsDelta": 0,
		"BlockIOAvailable": true,
		"BlockIOBytesAvailable": true,
		"BlockIOOpsAvailable": false,
		"NetworkRxBytesDelta": 2208,
		"NetworkTxBytesDelta": 555,
		"NetworkAvailable": true,
		"PIDsBefore": 1,
		"PIDsAfter": 1,
		"ExecutionWallTimeMs": 1002.858481,
		"ProfilingStartOverheadMs": 5.961086,
		"ProfilingEndOverheadMs": 3.635797,
		"ProfilingTotalOverheadMs": 9.596883
	}
}
