{
	"Success": true,
	"Result": "\"\"",
	"ResponseTime": 1.011436396,
	"IsWarmStart": true,
	"InitTime": 0.00008613,
	"QueueingTime": 0,
	"OffloadLatency": 0,
	"Duration": 1.003470168,
	"Output": "\n",
	"ExecutionArea": "PROFILE_AGGREGATION_TEST",
	"ExecutionNode": "profiling-aggregation-node-20260811_112338",
	"ResourceProfile": {
		"Enabled": true,
		"Collected": true,
		"Valid": true,
		"InvalidReason": "",
		"ContainerID": "9aa971b35b19250c9ed454164c60c1c010156b8d933a58ea41a6a75e43ed7705",
		"ExclusiveContainer": true,
		"MaxConcurrency": 1,
		"ProfilingLockWaitMs": 0.000311,
		"CPUUsageTotalDeltaNs": 2156000,
		"CPUUsageUserDeltaNs": 1121000,
		"CPUUsageKernelDeltaNs": 1035000,
		"CPUThrottledTimeDeltaNs": 0,
		"CPUThrottledPeriodsDelta": 0,
		"OnlineCPUs": 32,
		"UtilizedCPUs": 0.0021485441907028373,
		"MemoryUsageBeforeBytes": 19210240,
		"MemoryUsageAfterBytes": 19025920,
		"MemoryUsageDeltaBytes": -184320,
		"MemoryLimitBytes": 134217728,
		"PageFaultsDelta": 13,
		"MajorPageFaultsDelta": 0,
		"PageFaultsAvailable": true,
		"MajorPageFaultsAvailable": true,
		"BlockReadBytesDelta": 0,
		"BlockWriteBytesDelta": 0,
		"BlockReadOpsDelta": 0,
		"BlockWriteOpsDelta": 0,
		"BlockIOAvailable": true,
		"BlockIOBytesAvailable": true,
		"BlockIOOpsAvailable": false,
		"NetworkRxBytesDelta": 1348,
		"NetworkTxBytesDelta": 513,
		"NetworkAvailable": true,
		"PIDsBefore": 1,
		"PIDsAfter": 1,
		"ExecutionWallTimeMs": 1003.470168,
		"ProfilingStartOverheadMs": 2.55003,
		"ProfilingEndOverheadMs": 4.042641,
		"ProfilingTotalOverheadMs": 6.592671
	}
}
