{
	"Success": true,
	"Result": "\"\"",
	"ResponseTime": 1.014331892,
	"IsWarmStart": true,
	"InitTime": 0.000105445,
	"QueueingTime": 0,
	"OffloadLatency": 0,
	"Duration": 1.003531406,
	"Output": "\n",
	"ExecutionArea": "PROFILE_AGGREGATION_TEST",
	"ExecutionNode": "profiling-aggregation-node-20260811_112338",
	"ResourceProfile": {
		"Enabled": true,
		"Collected": true,
		"Valid": true,
		"InvalidReason": "",
		"ContainerID": "9aa971b35b19250c9ed454164c60c1c010156b8d933a58ea41a6a75e43ed7705",
		"ExclusiveContainer": true,
		"MaxConcurrency": 1,
		"ProfilingLockWaitMs": 0.000465,
		"CPUUsageTotalDeltaNs": 2418000,
		"CPUUsageUserDeltaNs": 1329000,
		"CPUUsageKernelDeltaNs": 1090000,
		"CPUThrottledTimeDeltaNs": 0,
		"CPUThrottledPeriodsDelta": 0,
		"OnlineCPUs": 32,
		"UtilizedCPUs": 0.002409491108641995,
		"MemoryUsageBeforeBytes": 19169280,
		"MemoryUsageAfterBytes": 19210240,
		"MemoryUsageDeltaBytes": 40960,
		"MemoryLimitBytes": 134217728,
		"PageFaultsDelta": 0,
		"MajorPageFaultsDelta": 0,
		"PageFaultsAvailable": true,
		"MajorPageFaultsAvailable": true,
		"BlockReadBytesDelta": 0,
		"BlockWriteBytesDelta": 0,
		"BlockReadOpsDelta": 0,
		"BlockWriteOpsDelta": 0,
		"BlockIOAvailable": true,
		"BlockIOBytesAvailable": true,
		"BlockIOOpsAvailable": false,
		"NetworkRxBytesDelta": 2209,
		"NetworkTxBytesDelta": 555,
		"NetworkAvailable": true,
		"PIDsBefore": 1,
		"PIDsAfter": 1,
		"ExecutionWallTimeMs": 1003.531406,
		"ProfilingStartOverheadMs": 6.545881,
		"ProfilingEndOverheadMs": 2.897153,
		"ProfilingTotalOverheadMs": 9.443034
	}
}
