{
	"Success": true,
	"Result": "\"\"",
	"ResponseTime": 1.009019406,
	"IsWarmStart": true,
	"InitTime": 0.000110822,
	"QueueingTime": 0,
	"OffloadLatency": 0,
	"Duration": 1.002637315,
	"Output": "\n",
	"ExecutionArea": "PROFILE_AGGREGATION_TEST",
	"ExecutionNode": "profiling-aggregation-node-20260811_112338",
	"ResourceProfile": {
		"Enabled": true,
		"Collected": true,
		"Valid": true,
		"InvalidReason": "",
		"ContainerID": "9aa971b35b19250c9ed454164c60c1c010156b8d933a58ea41a6a75e43ed7705",
		"ExclusiveContainer": true,
		"MaxConcurrency": 1,
		"ProfilingLockWaitMs": 0.000509,
		"CPUUsageTotalDeltaNs": 1838000,
		"CPUUsageUserDeltaNs": 957000,
		"CPUUsageKernelDeltaNs": 881000,
		"CPUThrottledTimeDeltaNs": 0,
		"CPUThrottledPeriodsDelta": 0,
		"OnlineCPUs": 32,
		"UtilizedCPUs": 0.0018331653654841283,
		"MemoryUsageBeforeBytes": 18960384,
		"MemoryUsageAfterBytes": 18853888,
		"MemoryUsageDeltaBytes": -106496,
		"MemoryLimitBytes": 134217728,
		"PageFaultsDelta": 14,
		"MajorPageFaultsDelta": 0,
		"PageFaultsAvailable": true,
		"MajorPageFaultsAvailable": true,
		"BlockReadBytesDelta": 0,
		"BlockWriteBytesDelta": 1794048,
		"BlockReadOpsDelta": 0,
		"BlockWriteOpsDelta": 0,
		"BlockIOAvailable": true,
		"BlockIOBytesAvailable": true,
		"BlockIOOpsAvailable": false,
		"NetworkRxBytesDelta": 1118,
		"NetworkTxBytesDelta": 579,
		"NetworkAvailable": true,
		"PIDsBefore": 1,
		"PIDsAfter": 1,
		"ExecutionWallTimeMs": 1002.637315,
		"ProfilingStartOverheadMs": 2.260985,
		"ProfilingEndOverheadMs": 2.995751,
		"ProfilingTotalOverheadMs": 5.256736
	}
}
