{
	"Success": true,
	"Result": "\"\"",
	"ResponseTime": 1.009827724,
	"IsWarmStart": true,
	"InitTime": 0.000080282,
	"QueueingTime": 0,
	"OffloadLatency": 0,
	"Duration": 1.002951733,
	"Output": "\n",
	"ExecutionArea": "PROFILE_AGGREGATION_TEST",
	"ExecutionNode": "profiling-aggregation-node-20260811_112338",
	"ResourceProfile": {
		"Enabled": true,
		"Collected": true,
		"Valid": true,
		"InvalidReason": "",
		"ContainerID": "9aa971b35b19250c9ed454164c60c1c010156b8d933a58ea41a6a75e43ed7705",
		"ExclusiveContainer": true,
		"MaxConcurrency": 1,
		"ProfilingLockWaitMs": 0.000174,
		"CPUUsageTotalDeltaNs": 2196000,
		"CPUUsageUserDeltaNs": 1155000,
		"CPUUsageKernelDeltaNs": 1041000,
		"CPUThrottledTimeDeltaNs": 0,
		"CPUThrottledPeriodsDelta": 0,
		"OnlineCPUs": 32,
		"UtilizedCPUs": 0.0021895370711722973,
		"MemoryUsageBeforeBytes": 19578880,
		"MemoryUsageAfterBytes": 19640320,
		"MemoryUsageDeltaBytes": 61440,
		"MemoryLimitBytes": 134217728,
		"PageFaultsDelta": 0,
		"MajorPageFaultsDelta": 0,
		"PageFaultsAvailable": true,
		"MajorPageFaultsAvailable": true,
		"BlockReadBytesDelta": 0,
		"BlockWriteBytesDelta": 0,
		"BlockReadOpsDelta": 0,
		"BlockWriteOpsDelta": 0,
		"BlockIOAvailable": true,
		"BlockIOBytesAvailable": true,
		"BlockIOOpsAvailable": false,
		"NetworkRxBytesDelta": 889,
		"NetworkTxBytesDelta": 579,
		"NetworkAvailable": true,
		"PIDsBefore": 1,
		"PIDsAfter": 1,
		"ExecutionWallTimeMs": 1002.951733,
		"ProfilingStartOverheadMs": 2.150554,
		"ProfilingEndOverheadMs": 3.652971,
		"ProfilingTotalOverheadMs": 5.803525
	}
}
