{
	"Success": true,
	"Result": "\"\"",
	"ResponseTime": 1.009413495,
	"IsWarmStart": true,
	"InitTime": 0.000083662,
	"QueueingTime": 0,
	"OffloadLatency": 0,
	"Duration": 1.002951834,
	"Output": "\n",
	"ExecutionArea": "PROFILE_AGGREGATION_TEST",
	"ExecutionNode": "profiling-aggregation-node-20260811_112338",
	"ResourceProfile": {
		"Enabled": true,
		"Collected": true,
		"Valid": true,
		"InvalidReason": "",
		"ContainerID": "9aa971b35b19250c9ed454164c60c1c010156b8d933a58ea41a6a75e43ed7705",
		"ExclusiveContainer": true,
		"MaxConcurrency": 1,
		"ProfilingLockWaitMs": 0.0003,
		"CPUUsageTotalDeltaNs": 1634000,
		"CPUUsageUserDeltaNs": 1634000,
		"CPUUsageKernelDeltaNs": 0,
		"CPUThrottledTimeDeltaNs": 0,
		"CPUThrottledPeriodsDelta": 0,
		"OnlineCPUs": 32,
		"UtilizedCPUs": 0.0016291908989121008,
		"MemoryUsageBeforeBytes": 18853888,
		"MemoryUsageAfterBytes": 19120128,
		"MemoryUsageDeltaBytes": 266240,
		"MemoryLimitBytes": 134217728,
		"PageFaultsDelta": 0,
		"MajorPageFaultsDelta": 0,
		"PageFaultsAvailable": true,
		"MajorPageFaultsAvailable": true,
		"BlockReadBytesDelta": 0,
		"BlockWriteBytesDelta": 0,
		"BlockReadOpsDelta": 0,
		"BlockWriteOpsDelta": 0,
		"BlockIOAvailable": true,
		"BlockIOBytesAvailable": true,
		"BlockIOOpsAvailable": false,
		"NetworkRxBytesDelta": 1201,
		"NetworkTxBytesDelta": 513,
		"NetworkAvailable": true,
		"PIDsBefore": 1,
		"PIDsAfter": 1,
		"ExecutionWallTimeMs": 1002.951834,
		"ProfilingStartOverheadMs": 2.423043,
		"ProfilingEndOverheadMs": 2.735131,
		"ProfilingTotalOverheadMs": 5.158174
	}
}
