{
	"Success": true,
	"Result": "\"\"",
	"ResponseTime": 1.009519394,
	"IsWarmStart": true,
	"InitTime": 0.000094648,
	"QueueingTime": 0,
	"OffloadLatency": 0,
	"Duration": 1.003789627,
	"Output": "\n",
	"ExecutionArea": "PROFILE_AGGREGATION_TEST",
	"ExecutionNode": "profiling-aggregation-node-20260811_112338",
	"ResourceProfile": {
		"Enabled": true,
		"Collected": true,
		"Valid": true,
		"InvalidReason": "",
		"ContainerID": "9aa971b35b19250c9ed454164c60c1c010156b8d933a58ea41a6a75e43ed7705",
		"ExclusiveContainer": true,
		"MaxConcurrency": 1,
		"ProfilingLockWaitMs": 0.000278,
		"CPUUsageTotalDeltaNs": 2610000,
		"CPUUsageUserDeltaNs": 2610000,
		"CPUUsageKernelDeltaNs": 0,
		"CPUThrottledTimeDeltaNs": 0,
		"CPUThrottledPeriodsDelta": 0,
		"OnlineCPUs": 32,
		"UtilizedCPUs": 0.0026001464149419825,
		"MemoryUsageBeforeBytes": 19009536,
		"MemoryUsageAfterBytes": 18960384,
		"MemoryUsageDeltaBytes": -49152,
		"MemoryLimitBytes": 134217728,
		"PageFaultsDelta": 0,
		"MajorPageFaultsDelta": 0,
		"PageFaultsAvailable": true,
		"MajorPageFaultsAvailable": true,
		"BlockReadBytesDelta": 0,
		"BlockWriteBytesDelta": 0,
		"BlockReadOpsDelta": 0,
		"BlockWriteOpsDelta": 0,
		"BlockIOAvailable": true,
		"BlockIOBytesAvailable": true,
		"BlockIOOpsAvailable": false,
		"NetworkRxBytesDelta": 1170,
		"NetworkTxBytesDelta": 513,
		"NetworkAvailable": true,
		"PIDsBefore": 1,
		"PIDsAfter": 1,
		"ExecutionWallTimeMs": 1003.789627,
		"ProfilingStartOverheadMs": 2.411239,
		"ProfilingEndOverheadMs": 2.163806,
		"ProfilingTotalOverheadMs": 4.575045
	}
}
