{
	"Success": true,
	"Result": "\"\"",
	"ResponseTime": 1.006115206,
	"IsWarmStart": true,
	"InitTime": 0.000039778,
	"QueueingTime": 0,
	"OffloadLatency": 0,
	"Duration": 1.002140581,
	"Output": "\n",
	"ExecutionArea": "PROFILE_AGGREGATION_TEST",
	"ExecutionNode": "profiling-aggregation-node-20260811_112338",
	"ResourceProfile": {
		"Enabled": true,
		"Collected": true,
		"Valid": true,
		"InvalidReason": "",
		"ContainerID": "9aa971b35b19250c9ed454164c60c1c010156b8d933a58ea41a6a75e43ed7705",
		"ExclusiveContainer": true,
		"MaxConcurrency": 1,
		"ProfilingLockWaitMs": 0.000206,
		"CPUUsageTotalDeltaNs": 1426000,
		"CPUUsageUserDeltaNs": 0,
		"CPUUsageKernelDeltaNs": 1426000,
		"CPUThrottledTimeDeltaNs": 0,
		"CPUThrottledPeriodsDelta": 0,
		"OnlineCPUs": 32,
		"UtilizedCPUs": 0.0014229540515932864,
		"MemoryUsageBeforeBytes": 19652608,
		"MemoryUsageAfterBytes": 19615744,
		"MemoryUsageDeltaBytes": -36864,
		"MemoryLimitBytes": 134217728,
		"PageFaultsDelta": 0,
		"MajorPageFaultsDelta": 0,
		"PageFaultsAvailable": true,
		"MajorPageFaultsAvailable": true,
		"BlockReadBytesDelta": 0,
		"BlockWriteBytesDelta": 0,
		"BlockReadOpsDelta": 0,
		"BlockWriteOpsDelta": 0,
		"BlockIOAvailable": true,
		"BlockIOBytesAvailable": true,
		"BlockIOOpsAvailable": false,
		"NetworkRxBytesDelta": 752,
		"NetworkTxBytesDelta": 513,
		"NetworkAvailable": true,
		"PIDsBefore": 1,
		"PIDsAfter": 1,
		"ExecutionWallTimeMs": 1002.140581,
		"ProfilingStartOverheadMs": 1.23743,
		"ProfilingEndOverheadMs": 2.205534,
		"ProfilingTotalOverheadMs": 3.442964
	}
}
