{
	"Success": true,
	"Result": "\"\"",
	"ResponseTime": 1.007677071,
	"IsWarmStart": true,
	"InitTime": 0.00005332,
	"QueueingTime": 0,
	"OffloadLatency": 0,
	"Duration": 1.002201328,
	"Output": "\n",
	"ExecutionArea": "PROFILE_AGGREGATION_TEST",
	"ExecutionNode": "profiling-aggregation-node-20260811_112338",
	"ResourceProfile": {
		"Enabled": true,
		"Collected": true,
		"Valid": true,
		"InvalidReason": "",
		"ContainerID": "9aa971b35b19250c9ed454164c60c1c010156b8d933a58ea41a6a75e43ed7705",
		"ExclusiveContainer": true,
		"MaxConcurrency": 1,
		"ProfilingLockWaitMs": 0.000133,
		"CPUUsageTotalDeltaNs": 1860000,
		"CPUUsageUserDeltaNs": 220000,
		"CPUUsageKernelDeltaNs": 1640000,
		"CPUThrottledTimeDeltaNs": 0,
		"CPUThrottledPeriodsDelta": 0,
		"OnlineCPUs": 32,
		"UtilizedCPUs": 0.001855914523394046,
		"MemoryUsageBeforeBytes": 19615744,
		"MemoryUsageAfterBytes": 19861504,
		"MemoryUsageDeltaBytes": 245760,
		"MemoryLimitBytes": 134217728,
		"PageFaultsDelta": 14,
		"MajorPageFaultsDelta": 0,
		"PageFaultsAvailable": true,
		"MajorPageFaultsAvailable": true,
		"BlockReadBytesDelta": 0,
		"BlockWriteBytesDelta": 0,
		"BlockReadOpsDelta": 0,
		"BlockWriteOpsDelta": 0,
		"BlockIOAvailable": true,
		"BlockIOBytesAvailable": true,
		"BlockIOOpsAvailable": false,
		"NetworkRxBytesDelta": 752,
		"NetworkTxBytesDelta": 513,
		"NetworkAvailable": true,
		"PIDsBefore": 1,
		"PIDsAfter": 1,
		"ExecutionWallTimeMs": 1002.201328,
		"ProfilingStartOverheadMs": 0.973782,
		"ProfilingEndOverheadMs": 3.595448,
		"ProfilingTotalOverheadMs": 4.56923
	}
}
