2026/07/16 16:19:44 Local node id: (ROME)hxsMNuuVDxppPkrW3AnUim1784211584844035541 - x86-tiny/gpu/nvidia (arch: amd64)
2026/07/16 16:19:44 Registration for node: (ROME)hxsMNuuVDxppPkrW3AnUim1784211584844035541 - x86-tiny/gpu/nvidia
2026/07/16 16:19:44 Connecting to etcd
2026/07/16 16:19:44 Connected to etcd
2026/07/16 16:19:45 etcd connection state: READY
2026/07/16 16:19:45 etcd: connected and ready
2026/07/16 16:19:45 Registering to etcd: registry/ROME/x86-tiny/gpu/nvidia/hxsMNuuVDxppPkrW3AnUim1784211584844035541
2026/07/16 16:19:45 Configured scheduling policy: default
2026/07/16 16:19:45 Configured offloading policy: disable
2026/07/16 16:19:45 Current resources: [CPUs: 0.000000/32.000000 - Mem: 0(+0 warm)/512]
2026/07/16 16:19:45 Scheduler started.
2026/07/16 16:19:45 No remote area is configured; vertical offloading disabled
2026/07/16 16:19:45 UDP server up and listening on port 9879
⇨ http server started on [::]:1326
2026/07/16 16:19:54 Container c0add2ca5efe36f7b536be072310c9222be88cabb0dea6b94a7aa266dca72040 has name /eloquent_ramanujan
2026/07/16 16:19:55 [mab_cost_aware_1784211584] Executing on container: c0add2ca5efe36f7b536be072310c9222be88cabb0dea6b94a7aa266dca72040
2026/07/16 16:19:55 Using warm c0add2ca5efe36f7b536be072310c9222be88cabb0dea6b94a7aa266dca72040 for mab_cost_aware_1784211584. Now: [CPUs: 0.000000/32.000000 - Mem: 128(+0 warm)/512]
2026/07/16 16:19:55 [mab_cost_aware_1784211584] Executing on container: c0add2ca5efe36f7b536be072310c9222be88cabb0dea6b94a7aa266dca72040
2026/07/16 16:19:55 Using warm c0add2ca5efe36f7b536be072310c9222be88cabb0dea6b94a7aa266dca72040 for mab_cost_aware_1784211584. Now: [CPUs: 0.000000/32.000000 - Mem: 128(+0 warm)/512]
2026/07/16 16:19:55 [mab_cost_aware_1784211584] Executing on container: c0add2ca5efe36f7b536be072310c9222be88cabb0dea6b94a7aa266dca72040
2026/07/16 16:19:56 Using warm c0add2ca5efe36f7b536be072310c9222be88cabb0dea6b94a7aa266dca72040 for mab_cost_aware_1784211584. Now: [CPUs: 0.000000/32.000000 - Mem: 128(+0 warm)/512]
2026/07/16 16:19:56 [mab_cost_aware_1784211584] Executing on container: c0add2ca5efe36f7b536be072310c9222be88cabb0dea6b94a7aa266dca72040
2026/07/16 16:19:56 Using warm c0add2ca5efe36f7b536be072310c9222be88cabb0dea6b94a7aa266dca72040 for mab_cost_aware_1784211584. Now: [CPUs: 0.000000/32.000000 - Mem: 128(+0 warm)/512]
2026/07/16 16:19:56 [mab_cost_aware_1784211584] Executing on container: c0add2ca5efe36f7b536be072310c9222be88cabb0dea6b94a7aa266dca72040
2026/07/16 16:19:56 Using warm c0add2ca5efe36f7b536be072310c9222be88cabb0dea6b94a7aa266dca72040 for mab_cost_aware_1784211584. Now: [CPUs: 0.000000/32.000000 - Mem: 128(+0 warm)/512]
2026/07/16 16:19:56 [mab_cost_aware_1784211584] Executing on container: c0add2ca5efe36f7b536be072310c9222be88cabb0dea6b94a7aa266dca72040
2026/07/16 16:19:56 Using warm c0add2ca5efe36f7b536be072310c9222be88cabb0dea6b94a7aa266dca72040 for mab_cost_aware_1784211584. Now: [CPUs: 0.000000/32.000000 - Mem: 128(+0 warm)/512]
2026/07/16 16:19:56 [mab_cost_aware_1784211584] Executing on container: c0add2ca5efe36f7b536be072310c9222be88cabb0dea6b94a7aa266dca72040
2026/07/16 16:19:56 Using warm c0add2ca5efe36f7b536be072310c9222be88cabb0dea6b94a7aa266dca72040 for mab_cost_aware_1784211584. Now: [CPUs: 0.000000/32.000000 - Mem: 128(+0 warm)/512]
2026/07/16 16:19:56 [mab_cost_aware_1784211584] Executing on container: c0add2ca5efe36f7b536be072310c9222be88cabb0dea6b94a7aa266dca72040
2026/07/16 16:19:57 Using warm c0add2ca5efe36f7b536be072310c9222be88cabb0dea6b94a7aa266dca72040 for mab_cost_aware_1784211584. Now: [CPUs: 0.000000/32.000000 - Mem: 128(+0 warm)/512]
2026/07/16 16:19:57 [mab_cost_aware_1784211584] Executing on container: c0add2ca5efe36f7b536be072310c9222be88cabb0dea6b94a7aa266dca72040
2026/07/16 16:19:57 Using warm c0add2ca5efe36f7b536be072310c9222be88cabb0dea6b94a7aa266dca72040 for mab_cost_aware_1784211584. Now: [CPUs: 0.000000/32.000000 - Mem: 128(+0 warm)/512]
2026/07/16 16:19:57 [mab_cost_aware_1784211584] Executing on container: c0add2ca5efe36f7b536be072310c9222be88cabb0dea6b94a7aa266dca72040
2026/07/16 16:19:57 Using warm c0add2ca5efe36f7b536be072310c9222be88cabb0dea6b94a7aa266dca72040 for mab_cost_aware_1784211584. Now: [CPUs: 0.000000/32.000000 - Mem: 128(+0 warm)/512]
2026/07/16 16:19:57 [mab_cost_aware_1784211584] Executing on container: c0add2ca5efe36f7b536be072310c9222be88cabb0dea6b94a7aa266dca72040
2026/07/16 16:19:57 Using warm c0add2ca5efe36f7b536be072310c9222be88cabb0dea6b94a7aa266dca72040 for mab_cost_aware_1784211584. Now: [CPUs: 0.000000/32.000000 - Mem: 128(+0 warm)/512]
2026/07/16 16:19:57 [mab_cost_aware_1784211584] Executing on container: c0add2ca5efe36f7b536be072310c9222be88cabb0dea6b94a7aa266dca72040
2026/07/16 16:19:58 Using warm c0add2ca5efe36f7b536be072310c9222be88cabb0dea6b94a7aa266dca72040 for mab_cost_aware_1784211584. Now: [CPUs: 0.000000/32.000000 - Mem: 128(+0 warm)/512]
2026/07/16 16:19:58 [mab_cost_aware_1784211584] Executing on container: c0add2ca5efe36f7b536be072310c9222be88cabb0dea6b94a7aa266dca72040
2026/07/16 16:19:58 Using warm c0add2ca5efe36f7b536be072310c9222be88cabb0dea6b94a7aa266dca72040 for mab_cost_aware_1784211584. Now: [CPUs: 0.000000/32.000000 - Mem: 128(+0 warm)/512]
2026/07/16 16:19:58 [mab_cost_aware_1784211584] Executing on container: c0add2ca5efe36f7b536be072310c9222be88cabb0dea6b94a7aa266dca72040
2026/07/16 16:19:58 Using warm c0add2ca5efe36f7b536be072310c9222be88cabb0dea6b94a7aa266dca72040 for mab_cost_aware_1784211584. Now: [CPUs: 0.000000/32.000000 - Mem: 128(+0 warm)/512]
2026/07/16 16:19:58 [mab_cost_aware_1784211584] Executing on container: c0add2ca5efe36f7b536be072310c9222be88cabb0dea6b94a7aa266dca72040
2026/07/16 16:19:58 Using warm c0add2ca5efe36f7b536be072310c9222be88cabb0dea6b94a7aa266dca72040 for mab_cost_aware_1784211584. Now: [CPUs: 0.000000/32.000000 - Mem: 128(+0 warm)/512]
2026/07/16 16:19:58 [mab_cost_aware_1784211584] Executing on container: c0add2ca5efe36f7b536be072310c9222be88cabb0dea6b94a7aa266dca72040
2026/07/16 16:19:58 Using warm c0add2ca5efe36f7b536be072310c9222be88cabb0dea6b94a7aa266dca72040 for mab_cost_aware_1784211584. Now: [CPUs: 0.000000/32.000000 - Mem: 128(+0 warm)/512]
2026/07/16 16:19:58 [mab_cost_aware_1784211584] Executing on container: c0add2ca5efe36f7b536be072310c9222be88cabb0dea6b94a7aa266dca72040
2026/07/16 16:19:59 Using warm c0add2ca5efe36f7b536be072310c9222be88cabb0dea6b94a7aa266dca72040 for mab_cost_aware_1784211584. Now: [CPUs: 0.000000/32.000000 - Mem: 128(+0 warm)/512]
2026/07/16 16:19:59 [mab_cost_aware_1784211584] Executing on container: c0add2ca5efe36f7b536be072310c9222be88cabb0dea6b94a7aa266dca72040
2026/07/16 16:19:59 Using warm c0add2ca5efe36f7b536be072310c9222be88cabb0dea6b94a7aa266dca72040 for mab_cost_aware_1784211584. Now: [CPUs: 0.000000/32.000000 - Mem: 128(+0 warm)/512]
2026/07/16 16:19:59 [mab_cost_aware_1784211584] Executing on container: c0add2ca5efe36f7b536be072310c9222be88cabb0dea6b94a7aa266dca72040
2026/07/16 16:19:59 Using warm c0add2ca5efe36f7b536be072310c9222be88cabb0dea6b94a7aa266dca72040 for mab_cost_aware_1784211584. Now: [CPUs: 0.000000/32.000000 - Mem: 128(+0 warm)/512]
2026/07/16 16:19:59 [mab_cost_aware_1784211584] Executing on container: c0add2ca5efe36f7b536be072310c9222be88cabb0dea6b94a7aa266dca72040
