2026/07/05 16:12:14 Registration for node: (ROME)3kYrCrommMtABsGicmeCt41783260734391113909 - amd64
2026/07/05 16:12:14 Connecting to etcd
2026/07/05 16:12:14 Connected to etcd
2026/07/05 16:12:14 etcd connection state: READY
2026/07/05 16:12:14 etcd: connected and ready
2026/07/05 16:12:14 Registering to etcd: registry/ROME/__lb/amd64/3kYrCrommMtABsGicmeCt41783260734391113909
2026/07/05 16:12:14 Found target: ubQWUtZi3FeeMHLdEN8TCn1783260729385580925
2026/07/05 16:12:14 Found target: VZwHpZzt8UyUuGVuiXtpw71783260729385586971
2026/07/05 16:12:14 Found 2 targets
2026/07/05 16:12:14 Initializing with 2 targets.
2026/07/05 16:12:14 Running ArchitectureAwareLB with 128 replicas per node in the hash rings
2026/07/05 16:12:14 LB mode set to MAB
2026/07/05 16:12:14 [LB][MAB] event=new_machine_tag_discovered tag=x86 arch=amd64 action=create_ring_and_add_mab_arm
2026/07/05 16:12:14 [LB] Adding target x86
2026/07/05 16:12:14 [LB] Adding target x86
⇨ http server started on [::]:8080
2026/07/05 16:12:17 [LB]: Periodic targets update
2026/07/05 16:12:17 Found target: VZwHpZzt8UyUuGVuiXtpw71783260729385586971
2026/07/05 16:12:17 Found target: ubQWUtZi3FeeMHLdEN8TCn1783260729385580925
2026/07/05 16:12:17 Found 2 targets
2026/07/05 16:12:19 [LB] Compatible tag found: function=mab_dynamic_1783260728 tag=x86 arch=amd64 pattern="" ring_size=2
2026/07/05 16:12:19 [LB] Compatible tags for function 'mab_dynamic_1783260728': [x86]
2026/07/05 16:12:19 Candidate has: 512 MB free memory. Function needs: 128 MB
2026/07/05 16:12:19 [LB] Selected target for function 'mab_dynamic_1783260728': target_tag=x86 candidate=VZwHpZzt8UyUuGVuiXtpw71783260729385586971 candidate_tag=x86
2026/07/05 16:12:19 [LB-Update] Node VZwHpZzt8UyUuGVuiXtpw71783260729385586971 reported 512 MB free
2026/07/05 16:12:19 BanditManager GetBandit: policy type: UCB1
2026/07/05 16:12:19 Initialized UCB1 bandit for mab_dynamic_1783260728
2026/07/05 16:12:19 [MAB] event=arm_added ts=1783260739938 policy=UCB1 function=mab_dynamic_1783260728 arm=x86 arms=[x86]
2026/07/05 16:12:19 [MAB] event=skip_cold_start ts=1783260739938 policy=UCB1 function=mab_dynamic_1783260728 arm=x86 duration_ms=8.373294 reason=cold_start
2026/07/05 16:12:20 [LB] Compatible tag found: function=mab_dynamic_1783260728 tag=x86 arch=amd64 pattern="" ring_size=2
2026/07/05 16:12:20 [LB] Compatible tags for function 'mab_dynamic_1783260728': [x86]
2026/07/05 16:12:20 Candidate has: 512 MB free memory. Function needs: 128 MB
2026/07/05 16:12:20 [LB] Selected target for function 'mab_dynamic_1783260728': target_tag=x86 candidate=VZwHpZzt8UyUuGVuiXtpw71783260729385586971 candidate_tag=x86
2026/07/05 16:12:20 [LB-Update] Node VZwHpZzt8UyUuGVuiXtpw71783260729385586971 reported 512 MB free
2026/07/05 16:12:20 [MAB] event=update_reward ts=1783260740172 policy=UCB1 function=mab_dynamic_1783260728 arm=x86 duration_ms=3.605483 warm_start=true reward=-1.282456 count=1 avg_reward=-1.282456 total_counts=1
2026/07/05 16:12:20 [LB] Compatible tag found: function=mab_dynamic_1783260728 tag=x86 arch=amd64 pattern="" ring_size=2
2026/07/05 16:12:20 [LB] Compatible tags for function 'mab_dynamic_1783260728': [x86]
2026/07/05 16:12:20 Candidate has: 512 MB free memory. Function needs: 128 MB
2026/07/05 16:12:20 [LB] Selected target for function 'mab_dynamic_1783260728': target_tag=x86 candidate=VZwHpZzt8UyUuGVuiXtpw71783260729385586971 candidate_tag=x86
2026/07/05 16:12:20 [LB-Update] Node VZwHpZzt8UyUuGVuiXtpw71783260729385586971 reported 512 MB free
2026/07/05 16:12:20 [MAB] event=update_reward ts=1783260740404 policy=UCB1 function=mab_dynamic_1783260728 arm=x86 duration_ms=3.639206 warm_start=true reward=-1.291766 count=2 avg_reward=-1.287111 total_counts=2
2026/07/05 16:12:20 [LB]: Periodic targets update
2026/07/05 16:12:20 Found target: VZwHpZzt8UyUuGVuiXtpw71783260729385586971
2026/07/05 16:12:20 Found target: ubQWUtZi3FeeMHLdEN8TCn1783260729385580925
2026/07/05 16:12:20 Found 2 targets
2026/07/05 16:12:20 [LB] Compatible tag found: function=mab_dynamic_1783260728 tag=x86 arch=amd64 pattern="" ring_size=2
2026/07/05 16:12:20 [LB] Compatible tags for function 'mab_dynamic_1783260728': [x86]
2026/07/05 16:12:20 Candidate has: 512 MB free memory. Function needs: 128 MB
2026/07/05 16:12:20 [LB] Selected target for function 'mab_dynamic_1783260728': target_tag=x86 candidate=VZwHpZzt8UyUuGVuiXtpw71783260729385586971 candidate_tag=x86
2026/07/05 16:12:20 [LB-Update] Node VZwHpZzt8UyUuGVuiXtpw71783260729385586971 reported 512 MB free
2026/07/05 16:12:20 [MAB] event=update_reward ts=1783260740633 policy=UCB1 function=mab_dynamic_1783260728 arm=x86 duration_ms=3.004129 warm_start=true reward=-1.099988 count=3 avg_reward=-1.224736 total_counts=3
2026/07/05 16:12:20 [LB] Compatible tag found: function=mab_dynamic_1783260728 tag=x86 arch=amd64 pattern="" ring_size=2
2026/07/05 16:12:20 [LB] Compatible tags for function 'mab_dynamic_1783260728': [x86]
2026/07/05 16:12:20 Candidate has: 512 MB free memory. Function needs: 128 MB
2026/07/05 16:12:20 [LB] Selected target for function 'mab_dynamic_1783260728': target_tag=x86 candidate=VZwHpZzt8UyUuGVuiXtpw71783260729385586971 candidate_tag=x86
2026/07/05 16:12:20 [LB-Update] Node VZwHpZzt8UyUuGVuiXtpw71783260729385586971 reported 512 MB free
2026/07/05 16:12:20 [MAB] event=update_reward ts=1783260740854 policy=UCB1 function=mab_dynamic_1783260728 arm=x86 duration_ms=2.197547 warm_start=true reward=-0.787342 count=4 avg_reward=-1.115388 total_counts=4
2026/07/05 16:12:21 [LB] Compatible tag found: function=mab_dynamic_1783260728 tag=x86 arch=amd64 pattern="" ring_size=2
2026/07/05 16:12:21 [LB] Compatible tags for function 'mab_dynamic_1783260728': [x86]
2026/07/05 16:12:21 Candidate has: 512 MB free memory. Function needs: 128 MB
2026/07/05 16:12:21 [LB] Selected target for function 'mab_dynamic_1783260728': target_tag=x86 candidate=VZwHpZzt8UyUuGVuiXtpw71783260729385586971 candidate_tag=x86
2026/07/05 16:12:21 [LB-Update] Node VZwHpZzt8UyUuGVuiXtpw71783260729385586971 reported 512 MB free
2026/07/05 16:12:21 [MAB] event=update_reward ts=1783260741087 policy=UCB1 function=mab_dynamic_1783260728 arm=x86 duration_ms=4.049252 warm_start=true reward=-1.398532 count=5 avg_reward=-1.172017 total_counts=5
2026/07/05 16:12:21 [LB] Compatible tag found: function=mab_dynamic_1783260728 tag=x86 arch=amd64 pattern="" ring_size=2
2026/07/05 16:12:21 [LB] Compatible tags for function 'mab_dynamic_1783260728': [x86]
2026/07/05 16:12:21 Candidate has: 512 MB free memory. Function needs: 128 MB
2026/07/05 16:12:21 [LB] Selected target for function 'mab_dynamic_1783260728': target_tag=x86 candidate=VZwHpZzt8UyUuGVuiXtpw71783260729385586971 candidate_tag=x86
2026/07/05 16:12:21 [LB-Update] Node VZwHpZzt8UyUuGVuiXtpw71783260729385586971 reported 512 MB free
2026/07/05 16:12:21 [MAB] event=update_reward ts=1783260741322 policy=UCB1 function=mab_dynamic_1783260728 arm=x86 duration_ms=5.023608 warm_start=true reward=-1.614148 count=6 avg_reward=-1.245705 total_counts=6
2026/07/05 16:12:21 [LB] Compatible tag found: function=mab_dynamic_1783260728 tag=x86 arch=amd64 pattern="" ring_size=2
2026/07/05 16:12:21 [LB] Compatible tags for function 'mab_dynamic_1783260728': [x86]
2026/07/05 16:12:21 Candidate has: 512 MB free memory. Function needs: 128 MB
2026/07/05 16:12:21 [LB] Selected target for function 'mab_dynamic_1783260728': target_tag=x86 candidate=VZwHpZzt8UyUuGVuiXtpw71783260729385586971 candidate_tag=x86
2026/07/05 16:12:21 [LB-Update] Node VZwHpZzt8UyUuGVuiXtpw71783260729385586971 reported 512 MB free
2026/07/05 16:12:21 [MAB] event=update_reward ts=1783260741543 policy=UCB1 function=mab_dynamic_1783260728 arm=x86 duration_ms=1.962859 warm_start=true reward=-0.674402 count=7 avg_reward=-1.164090 total_counts=7
2026/07/05 16:12:21 [LB] Compatible tag found: function=mab_dynamic_1783260728 tag=x86 arch=amd64 pattern="" ring_size=2
2026/07/05 16:12:21 [LB] Compatible tags for function 'mab_dynamic_1783260728': [x86]
2026/07/05 16:12:21 Candidate has: 512 MB free memory. Function needs: 128 MB
2026/07/05 16:12:21 [LB] Selected target for function 'mab_dynamic_1783260728': target_tag=x86 candidate=VZwHpZzt8UyUuGVuiXtpw71783260729385586971 candidate_tag=x86
2026/07/05 16:12:21 [LB-Update] Node VZwHpZzt8UyUuGVuiXtpw71783260729385586971 reported 512 MB free
2026/07/05 16:12:21 [MAB] event=update_reward ts=1783260741769 policy=UCB1 function=mab_dynamic_1783260728 arm=x86 duration_ms=3.862473 warm_start=true reward=-1.351308 count=8 avg_reward=-1.187493 total_counts=8
2026/07/05 16:12:21 [LB] Compatible tag found: function=mab_dynamic_1783260728 tag=x86 arch=amd64 pattern="" ring_size=2
2026/07/05 16:12:21 [LB] Compatible tags for function 'mab_dynamic_1783260728': [x86]
2026/07/05 16:12:21 Candidate has: 512 MB free memory. Function needs: 128 MB
2026/07/05 16:12:21 [LB] Selected target for function 'mab_dynamic_1783260728': target_tag=x86 candidate=VZwHpZzt8UyUuGVuiXtpw71783260729385586971 candidate_tag=x86
2026/07/05 16:12:21 [LB-Update] Node VZwHpZzt8UyUuGVuiXtpw71783260729385586971 reported 512 MB free
2026/07/05 16:12:21 [MAB] event=update_reward ts=1783260741994 policy=UCB1 function=mab_dynamic_1783260728 arm=x86 duration_ms=2.661757 warm_start=true reward=-0.978986 count=9 avg_reward=-1.164325 total_counts=9
2026/07/05 16:12:22 [LB] Compatible tag found: function=mab_dynamic_1783260728 tag=x86 arch=amd64 pattern="" ring_size=2
2026/07/05 16:12:22 [LB] Compatible tags for function 'mab_dynamic_1783260728': [x86]
2026/07/05 16:12:22 Candidate has: 512 MB free memory. Function needs: 128 MB
2026/07/05 16:12:22 [LB] Selected target for function 'mab_dynamic_1783260728': target_tag=x86 candidate=VZwHpZzt8UyUuGVuiXtpw71783260729385586971 candidate_tag=x86
2026/07/05 16:12:22 [LB-Update] Node VZwHpZzt8UyUuGVuiXtpw71783260729385586971 reported 512 MB free
2026/07/05 16:12:22 [MAB] event=update_reward ts=1783260742221 policy=UCB1 function=mab_dynamic_1783260728 arm=x86 duration_ms=2.444625 warm_start=true reward=-0.893892 count=10 avg_reward=-1.137282 total_counts=10
2026/07/05 16:12:22 [LB] Compatible tag found: function=mab_dynamic_1783260728 tag=x86 arch=amd64 pattern="" ring_size=2
2026/07/05 16:12:22 [LB] Compatible tags for function 'mab_dynamic_1783260728': [x86]
2026/07/05 16:12:22 Candidate has: 512 MB free memory. Function needs: 128 MB
2026/07/05 16:12:22 [LB] Selected target for function 'mab_dynamic_1783260728': target_tag=x86 candidate=VZwHpZzt8UyUuGVuiXtpw71783260729385586971 candidate_tag=x86
2026/07/05 16:12:22 [LB-Update] Node VZwHpZzt8UyUuGVuiXtpw71783260729385586971 reported 512 MB free
2026/07/05 16:12:22 [MAB] event=update_reward ts=1783260742453 policy=UCB1 function=mab_dynamic_1783260728 arm=x86 duration_ms=4.019443 warm_start=true reward=-1.391143 count=11 avg_reward=-1.160360 total_counts=11
2026/07/05 16:12:22 [LB] Compatible tag found: function=mab_dynamic_1783260728 tag=x86 arch=amd64 pattern="" ring_size=2
2026/07/05 16:12:22 [LB] Compatible tags for function 'mab_dynamic_1783260728': [x86]
2026/07/05 16:12:22 Candidate has: 512 MB free memory. Function needs: 128 MB
2026/07/05 16:12:22 [LB] Selected target for function 'mab_dynamic_1783260728': target_tag=x86 candidate=VZwHpZzt8UyUuGVuiXtpw71783260729385586971 candidate_tag=x86
2026/07/05 16:12:22 [LB-Update] Node VZwHpZzt8UyUuGVuiXtpw71783260729385586971 reported 512 MB free
2026/07/05 16:12:22 [MAB] event=update_reward ts=1783260742679 policy=UCB1 function=mab_dynamic_1783260728 arm=x86 duration_ms=3.163694 warm_start=true reward=-1.151740 count=12 avg_reward=-1.159642 total_counts=12
2026/07/05 16:12:22 [LB] Compatible tag found: function=mab_dynamic_1783260728 tag=x86 arch=amd64 pattern="" ring_size=2
2026/07/05 16:12:22 [LB] Compatible tags for function 'mab_dynamic_1783260728': [x86]
2026/07/05 16:12:22 Candidate has: 512 MB free memory. Function needs: 128 MB
2026/07/05 16:12:22 [LB] Selected target for function 'mab_dynamic_1783260728': target_tag=x86 candidate=VZwHpZzt8UyUuGVuiXtpw71783260729385586971 candidate_tag=x86
2026/07/05 16:12:22 [LB-Update] Node VZwHpZzt8UyUuGVuiXtpw71783260729385586971 reported 512 MB free
2026/07/05 16:12:22 [MAB] event=update_reward ts=1783260742908 policy=UCB1 function=mab_dynamic_1783260728 arm=x86 duration_ms=3.986616 warm_start=true reward=-1.382943 count=13 avg_reward=-1.176819 total_counts=13
2026/07/05 16:12:23 [LB] Compatible tag found: function=mab_dynamic_1783260728 tag=x86 arch=amd64 pattern="" ring_size=2
2026/07/05 16:12:23 [LB] Compatible tags for function 'mab_dynamic_1783260728': [x86]
2026/07/05 16:12:23 Candidate has: 512 MB free memory. Function needs: 128 MB
2026/07/05 16:12:23 [LB] Selected target for function 'mab_dynamic_1783260728': target_tag=x86 candidate=VZwHpZzt8UyUuGVuiXtpw71783260729385586971 candidate_tag=x86
2026/07/05 16:12:23 [LB-Update] Node VZwHpZzt8UyUuGVuiXtpw71783260729385586971 reported 512 MB free
2026/07/05 16:12:23 [MAB] event=update_reward ts=1783260743137 policy=UCB1 function=mab_dynamic_1783260728 arm=x86 duration_ms=2.848095 warm_start=true reward=-1.046650 count=14 avg_reward=-1.167521 total_counts=14
2026/07/05 16:12:23 [LB]: Periodic targets update
2026/07/05 16:12:23 Found target: VZwHpZzt8UyUuGVuiXtpw71783260729385586971
2026/07/05 16:12:23 Found target: ubQWUtZi3FeeMHLdEN8TCn1783260729385580925
2026/07/05 16:12:23 Found target: S6nkJ7Pk9WvVuQEqbDNt3F1783260743367764363
2026/07/05 16:12:23 Found 3 targets
2026/07/05 16:12:23 Adding S6nkJ7Pk9WvVuQEqbDNt3F1783260743367764363
2026/07/05 16:12:23 [LB][MAB] event=new_machine_tag_discovered tag=arm arch=amd64 action=create_ring_and_add_mab_arm
2026/07/05 16:12:23 [MAB] event=arm_added ts=1783260743417 policy=UCB1 function=mab_dynamic_1783260728 arm=arm arms=[arm,x86]
2026/07/05 16:12:23 [LB] Adding target arm
2026/07/05 16:12:26 [LB]: Periodic targets update
2026/07/05 16:12:26 Found target: S6nkJ7Pk9WvVuQEqbDNt3F1783260743367764363
2026/07/05 16:12:26 Found target: VZwHpZzt8UyUuGVuiXtpw71783260729385586971
2026/07/05 16:12:26 Found target: ubQWUtZi3FeeMHLdEN8TCn1783260729385580925
2026/07/05 16:12:26 Found 3 targets
2026/07/05 16:12:29 [LB]: Periodic targets update
2026/07/05 16:12:29 Found target: S6nkJ7Pk9WvVuQEqbDNt3F1783260743367764363
2026/07/05 16:12:29 Found target: VZwHpZzt8UyUuGVuiXtpw71783260729385586971
2026/07/05 16:12:29 Found target: ubQWUtZi3FeeMHLdEN8TCn1783260729385580925
2026/07/05 16:12:29 Found 3 targets
2026/07/05 16:12:31 [LB] Compatible tag found: function=mab_dynamic_1783260728 tag=x86 arch=amd64 pattern="" ring_size=2
2026/07/05 16:12:31 [LB] Compatible tag found: function=mab_dynamic_1783260728 tag=arm arch=amd64 pattern="" ring_size=1
2026/07/05 16:12:31 [LB] Compatible tags for function 'mab_dynamic_1783260728': [x86 arm]
2026/07/05 16:12:31 [LB][MAB] event=before_select function=mab_dynamic_1783260728 compatible_tags=[x86 arm] has_context=true
2026/07/05 16:12:31 [MAB] event=select_arm ts=1783260751372 policy=UCB1 function=mab_dynamic_1783260728 selected_arm=arm reason=least_tried score=0.000000 total_counts=14 arms=[arm,x86]
2026/07/05 16:12:31 [LB][MAB] event=after_select function=mab_dynamic_1783260728 selected_tag=arm compatible_tags=[x86 arm]
2026/07/05 16:12:31 Candidate has: 512 MB free memory. Function needs: 128 MB
2026/07/05 16:12:31 [LB] Selected target for function 'mab_dynamic_1783260728': target_tag=arm candidate=S6nkJ7Pk9WvVuQEqbDNt3F1783260743367764363 candidate_tag=arm
2026/07/05 16:12:31 [LB-Update] Node S6nkJ7Pk9WvVuQEqbDNt3F1783260743367764363 reported 512 MB free
2026/07/05 16:12:31 [MAB] event=skip_cold_start ts=1783260751861 policy=UCB1 function=mab_dynamic_1783260728 arm=arm duration_ms=7.090886 reason=cold_start
2026/07/05 16:12:32 [LB] Compatible tag found: function=mab_dynamic_1783260728 tag=x86 arch=amd64 pattern="" ring_size=2
2026/07/05 16:12:32 [LB] Compatible tag found: function=mab_dynamic_1783260728 tag=arm arch=amd64 pattern="" ring_size=1
2026/07/05 16:12:32 [LB] Compatible tags for function 'mab_dynamic_1783260728': [x86 arm]
2026/07/05 16:12:32 [LB][MAB] event=before_select function=mab_dynamic_1783260728 compatible_tags=[x86 arm] has_context=true
2026/07/05 16:12:32 [MAB] event=select_arm ts=1783260752091 policy=UCB1 function=mab_dynamic_1783260728 selected_arm=arm reason=least_tried score=0.000000 total_counts=14 arms=[arm,x86]
2026/07/05 16:12:32 [LB][MAB] event=after_select function=mab_dynamic_1783260728 selected_tag=arm compatible_tags=[x86 arm]
2026/07/05 16:12:32 Candidate has: 512 MB free memory. Function needs: 128 MB
2026/07/05 16:12:32 [LB] Selected target for function 'mab_dynamic_1783260728': target_tag=arm candidate=S6nkJ7Pk9WvVuQEqbDNt3F1783260743367764363 candidate_tag=arm
2026/07/05 16:12:32 [LB-Update] Node S6nkJ7Pk9WvVuQEqbDNt3F1783260743367764363 reported 512 MB free
2026/07/05 16:12:32 [MAB] event=update_reward ts=1783260752097 policy=UCB1 function=mab_dynamic_1783260728 arm=arm duration_ms=4.816432 warm_start=true reward=-1.572033 count=1 avg_reward=-1.572033 total_counts=15
2026/07/05 16:12:32 [LB] Compatible tag found: function=mab_dynamic_1783260728 tag=x86 arch=amd64 pattern="" ring_size=2
2026/07/05 16:12:32 [LB] Compatible tag found: function=mab_dynamic_1783260728 tag=arm arch=amd64 pattern="" ring_size=1
2026/07/05 16:12:32 [LB] Compatible tags for function 'mab_dynamic_1783260728': [x86 arm]
2026/07/05 16:12:32 [LB][MAB] event=before_select function=mab_dynamic_1783260728 compatible_tags=[x86 arm] has_context=true
2026/07/05 16:12:32 [MAB] event=arm_score ts=1783260752324 policy=UCB1 function=mab_dynamic_1783260728 arm=x86 score=-0.815674 count=14 avg_reward=-1.167521 total_counts=15
2026/07/05 16:12:32 [MAB] event=arm_score ts=1783260752324 policy=UCB1 function=mab_dynamic_1783260728 arm=arm score=-0.255541 count=1 avg_reward=-1.572033 total_counts=15
2026/07/05 16:12:32 [MAB] event=select_arm ts=1783260752324 policy=UCB1 function=mab_dynamic_1783260728 selected_arm=arm reason=ucb_score score=-0.255541 total_counts=15 arms=[arm,x86]
2026/07/05 16:12:32 [LB][MAB] event=after_select function=mab_dynamic_1783260728 selected_tag=arm compatible_tags=[x86 arm]
2026/07/05 16:12:32 Candidate has: 512 MB free memory. Function needs: 128 MB
2026/07/05 16:12:32 [LB] Selected target for function 'mab_dynamic_1783260728': target_tag=arm candidate=S6nkJ7Pk9WvVuQEqbDNt3F1783260743367764363 candidate_tag=arm
2026/07/05 16:12:32 [LB-Update] Node S6nkJ7Pk9WvVuQEqbDNt3F1783260743367764363 reported 512 MB free
2026/07/05 16:12:32 [MAB] event=update_reward ts=1783260752330 policy=UCB1 function=mab_dynamic_1783260728 arm=arm duration_ms=4.650470 warm_start=true reward=-1.536968 count=2 avg_reward=-1.554501 total_counts=16
2026/07/05 16:12:32 [LB]: Periodic targets update
2026/07/05 16:12:32 Found target: S6nkJ7Pk9WvVuQEqbDNt3F1783260743367764363
2026/07/05 16:12:32 Found target: VZwHpZzt8UyUuGVuiXtpw71783260729385586971
2026/07/05 16:12:32 Found target: ubQWUtZi3FeeMHLdEN8TCn1783260729385580925
2026/07/05 16:12:32 Found 3 targets
2026/07/05 16:12:32 [LB] Compatible tag found: function=mab_dynamic_1783260728 tag=x86 arch=amd64 pattern="" ring_size=2
2026/07/05 16:12:32 [LB] Compatible tag found: function=mab_dynamic_1783260728 tag=arm arch=amd64 pattern="" ring_size=1
2026/07/05 16:12:32 [LB] Compatible tags for function 'mab_dynamic_1783260728': [x86 arm]
2026/07/05 16:12:32 [LB][MAB] event=before_select function=mab_dynamic_1783260728 compatible_tags=[x86 arm] has_context=true
2026/07/05 16:12:32 [MAB] event=arm_score ts=1783260752550 policy=UCB1 function=mab_dynamic_1783260728 arm=x86 score=-0.811506 count=14 avg_reward=-1.167521 total_counts=16
2026/07/05 16:12:32 [MAB] event=arm_score ts=1783260752550 policy=UCB1 function=mab_dynamic_1783260728 arm=arm score=-0.612573 count=2 avg_reward=-1.554501 total_counts=16
2026/07/05 16:12:32 [MAB] event=select_arm ts=1783260752550 policy=UCB1 function=mab_dynamic_1783260728 selected_arm=arm reason=ucb_score score=-0.612573 total_counts=16 arms=[arm,x86]
2026/07/05 16:12:32 [LB][MAB] event=after_select function=mab_dynamic_1783260728 selected_tag=arm compatible_tags=[x86 arm]
2026/07/05 16:12:32 Candidate has: 512 MB free memory. Function needs: 128 MB
2026/07/05 16:12:32 [LB] Selected target for function 'mab_dynamic_1783260728': target_tag=arm candidate=S6nkJ7Pk9WvVuQEqbDNt3F1783260743367764363 candidate_tag=arm
2026/07/05 16:12:32 [LB-Update] Node S6nkJ7Pk9WvVuQEqbDNt3F1783260743367764363 reported 512 MB free
2026/07/05 16:12:32 [MAB] event=update_reward ts=1783260752555 policy=UCB1 function=mab_dynamic_1783260728 arm=arm duration_ms=3.893994 warm_start=true reward=-1.359435 count=3 avg_reward=-1.489479 total_counts=17
2026/07/05 16:12:32 [LB] Compatible tag found: function=mab_dynamic_1783260728 tag=x86 arch=amd64 pattern="" ring_size=2
2026/07/05 16:12:32 [LB] Compatible tag found: function=mab_dynamic_1783260728 tag=arm arch=amd64 pattern="" ring_size=1
2026/07/05 16:12:32 [LB] Compatible tags for function 'mab_dynamic_1783260728': [x86 arm]
2026/07/05 16:12:32 [LB][MAB] event=before_select function=mab_dynamic_1783260728 compatible_tags=[x86 arm] has_context=true
2026/07/05 16:12:32 [MAB] event=arm_score ts=1783260752769 policy=UCB1 function=mab_dynamic_1783260728 arm=x86 score=-0.807635 count=14 avg_reward=-1.167521 total_counts=17
2026/07/05 16:12:32 [MAB] event=arm_score ts=1783260752769 policy=UCB1 function=mab_dynamic_1783260728 arm=arm score=-0.712035 count=3 avg_reward=-1.489479 total_counts=17
2026/07/05 16:12:32 [MAB] event=select_arm ts=1783260752769 policy=UCB1 function=mab_dynamic_1783260728 selected_arm=arm reason=ucb_score score=-0.712035 total_counts=17 arms=[arm,x86]
2026/07/05 16:12:32 [LB][MAB] event=after_select function=mab_dynamic_1783260728 selected_tag=arm compatible_tags=[x86 arm]
2026/07/05 16:12:32 Candidate has: 512 MB free memory. Function needs: 128 MB
2026/07/05 16:12:32 [LB] Selected target for function 'mab_dynamic_1783260728': target_tag=arm candidate=S6nkJ7Pk9WvVuQEqbDNt3F1783260743367764363 candidate_tag=arm
2026/07/05 16:12:32 [LB-Update] Node S6nkJ7Pk9WvVuQEqbDNt3F1783260743367764363 reported 512 MB free
2026/07/05 16:12:32 [MAB] event=update_reward ts=1783260752773 policy=UCB1 function=mab_dynamic_1783260728 arm=arm duration_ms=2.768813 warm_start=true reward=-1.018419 count=4 avg_reward=-1.371714 total_counts=18
2026/07/05 16:12:32 [LB] Compatible tag found: function=mab_dynamic_1783260728 tag=x86 arch=amd64 pattern="" ring_size=2
2026/07/05 16:12:32 [LB] Compatible tag found: function=mab_dynamic_1783260728 tag=arm arch=amd64 pattern="" ring_size=1
2026/07/05 16:12:32 [LB] Compatible tags for function 'mab_dynamic_1783260728': [x86 arm]
2026/07/05 16:12:32 [LB][MAB] event=before_select function=mab_dynamic_1783260728 compatible_tags=[x86 arm] has_context=true
2026/07/05 16:12:32 [MAB] event=arm_score ts=1783260752997 policy=UCB1 function=mab_dynamic_1783260728 arm=x86 score=-0.804022 count=14 avg_reward=-1.167521 total_counts=18
2026/07/05 16:12:32 [MAB] event=arm_score ts=1783260752997 policy=UCB1 function=mab_dynamic_1783260728 arm=arm score=-0.691670 count=4 avg_reward=-1.371714 total_counts=18
2026/07/05 16:12:32 [MAB] event=select_arm ts=1783260752997 policy=UCB1 function=mab_dynamic_1783260728 selected_arm=arm reason=ucb_score score=-0.691670 total_counts=18 arms=[arm,x86]
2026/07/05 16:12:32 [LB][MAB] event=after_select function=mab_dynamic_1783260728 selected_tag=arm compatible_tags=[x86 arm]
2026/07/05 16:12:32 Candidate has: 512 MB free memory. Function needs: 128 MB
2026/07/05 16:12:32 [LB] Selected target for function 'mab_dynamic_1783260728': target_tag=arm candidate=S6nkJ7Pk9WvVuQEqbDNt3F1783260743367764363 candidate_tag=arm
2026/07/05 16:12:33 [LB-Update] Node S6nkJ7Pk9WvVuQEqbDNt3F1783260743367764363 reported 512 MB free
2026/07/05 16:12:33 [MAB] event=update_reward ts=1783260753003 policy=UCB1 function=mab_dynamic_1783260728 arm=arm duration_ms=4.369010 warm_start=true reward=-1.474536 count=5 avg_reward=-1.392278 total_counts=19
2026/07/05 16:12:33 [LB] Compatible tag found: function=mab_dynamic_1783260728 tag=x86 arch=amd64 pattern="" ring_size=2
2026/07/05 16:12:33 [LB] Compatible tag found: function=mab_dynamic_1783260728 tag=arm arch=amd64 pattern="" ring_size=1
2026/07/05 16:12:33 [LB] Compatible tags for function 'mab_dynamic_1783260728': [x86 arm]
2026/07/05 16:12:33 [LB][MAB] event=before_select function=mab_dynamic_1783260728 compatible_tags=[x86 arm] has_context=true
2026/07/05 16:12:33 [MAB] event=arm_score ts=1783260753230 policy=UCB1 function=mab_dynamic_1783260728 arm=x86 score=-0.800638 count=14 avg_reward=-1.167521 total_counts=19
2026/07/05 16:12:33 [MAB] event=arm_score ts=1783260753230 policy=UCB1 function=mab_dynamic_1783260728 arm=arm score=-0.778366 count=5 avg_reward=-1.392278 total_counts=19
2026/07/05 16:12:33 [MAB] event=select_arm ts=1783260753230 policy=UCB1 function=mab_dynamic_1783260728 selected_arm=arm reason=ucb_score score=-0.778366 total_counts=19 arms=[arm,x86]
2026/07/05 16:12:33 [LB][MAB] event=after_select function=mab_dynamic_1783260728 selected_tag=arm compatible_tags=[x86 arm]
2026/07/05 16:12:33 Candidate has: 512 MB free memory. Function needs: 128 MB
2026/07/05 16:12:33 [LB] Selected target for function 'mab_dynamic_1783260728': target_tag=arm candidate=S6nkJ7Pk9WvVuQEqbDNt3F1783260743367764363 candidate_tag=arm
2026/07/05 16:12:33 [LB-Update] Node S6nkJ7Pk9WvVuQEqbDNt3F1783260743367764363 reported 512 MB free
2026/07/05 16:12:33 [MAB] event=update_reward ts=1783260753238 policy=UCB1 function=mab_dynamic_1783260728 arm=arm duration_ms=4.961424 warm_start=true reward=-1.601693 count=6 avg_reward=-1.427181 total_counts=20
2026/07/05 16:12:33 [LB] Compatible tag found: function=mab_dynamic_1783260728 tag=x86 arch=amd64 pattern="" ring_size=2
2026/07/05 16:12:33 [LB] Compatible tag found: function=mab_dynamic_1783260728 tag=arm arch=amd64 pattern="" ring_size=1
2026/07/05 16:12:33 [LB] Compatible tags for function 'mab_dynamic_1783260728': [x86 arm]
2026/07/05 16:12:33 [LB][MAB] event=before_select function=mab_dynamic_1783260728 compatible_tags=[x86 arm] has_context=true
2026/07/05 16:12:33 [MAB] event=arm_score ts=1783260753468 policy=UCB1 function=mab_dynamic_1783260728 arm=x86 score=-0.797457 count=14 avg_reward=-1.167521 total_counts=20
2026/07/05 16:12:33 [MAB] event=arm_score ts=1783260753468 policy=UCB1 function=mab_dynamic_1783260728 arm=arm score=-0.861898 count=6 avg_reward=-1.427181 total_counts=20
2026/07/05 16:12:33 [MAB] event=select_arm ts=1783260753468 policy=UCB1 function=mab_dynamic_1783260728 selected_arm=x86 reason=ucb_score score=-0.797457 total_counts=20 arms=[arm,x86]
2026/07/05 16:12:33 [LB][MAB] event=after_select function=mab_dynamic_1783260728 selected_tag=x86 compatible_tags=[x86 arm]
2026/07/05 16:12:33 Candidate has: 512 MB free memory. Function needs: 128 MB
2026/07/05 16:12:33 [LB] Selected target for function 'mab_dynamic_1783260728': target_tag=x86 candidate=VZwHpZzt8UyUuGVuiXtpw71783260729385586971 candidate_tag=x86
2026/07/05 16:12:33 [LB-Update] Node VZwHpZzt8UyUuGVuiXtpw71783260729385586971 reported 512 MB free
2026/07/05 16:12:33 [MAB] event=update_reward ts=1783260753473 policy=UCB1 function=mab_dynamic_1783260728 arm=x86 duration_ms=4.454826 warm_start=true reward=-1.493988 count=15 avg_reward=-1.189286 total_counts=21
2026/07/05 16:12:33 [LB] Compatible tag found: function=mab_dynamic_1783260728 tag=x86 arch=amd64 pattern="" ring_size=2
2026/07/05 16:12:33 [LB] Compatible tag found: function=mab_dynamic_1783260728 tag=arm arch=amd64 pattern="" ring_size=1
2026/07/05 16:12:33 [LB] Compatible tags for function 'mab_dynamic_1783260728': [x86 arm]
2026/07/05 16:12:33 [LB][MAB] event=before_select function=mab_dynamic_1783260728 compatible_tags=[x86 arm] has_context=true
2026/07/05 16:12:33 [MAB] event=arm_score ts=1783260753697 policy=UCB1 function=mab_dynamic_1783260728 arm=x86 score=-0.828870 count=15 avg_reward=-1.189286 total_counts=21
2026/07/05 16:12:33 [MAB] event=arm_score ts=1783260753697 policy=UCB1 function=mab_dynamic_1783260728 arm=arm score=-0.857313 count=6 avg_reward=-1.427181 total_counts=21
2026/07/05 16:12:33 [MAB] event=select_arm ts=1783260753697 policy=UCB1 function=mab_dynamic_1783260728 selected_arm=x86 reason=ucb_score score=-0.828870 total_counts=21 arms=[arm,x86]
2026/07/05 16:12:33 [LB][MAB] event=after_select function=mab_dynamic_1783260728 selected_tag=x86 compatible_tags=[x86 arm]
2026/07/05 16:12:33 Candidate has: 512 MB free memory. Function needs: 128 MB
2026/07/05 16:12:33 [LB] Selected target for function 'mab_dynamic_1783260728': target_tag=x86 candidate=VZwHpZzt8UyUuGVuiXtpw71783260729385586971 candidate_tag=x86
2026/07/05 16:12:33 [LB-Update] Node VZwHpZzt8UyUuGVuiXtpw71783260729385586971 reported 512 MB free
2026/07/05 16:12:33 [MAB] event=update_reward ts=1783260753704 policy=UCB1 function=mab_dynamic_1783260728 arm=x86 duration_ms=2.982530 warm_start=true reward=-1.092772 count=16 avg_reward=-1.183253 total_counts=22
2026/07/05 16:12:33 [LB] Compatible tag found: function=mab_dynamic_1783260728 tag=x86 arch=amd64 pattern="" ring_size=2
2026/07/05 16:12:33 [LB] Compatible tag found: function=mab_dynamic_1783260728 tag=arm arch=amd64 pattern="" ring_size=1
2026/07/05 16:12:33 [LB] Compatible tags for function 'mab_dynamic_1783260728': [x86 arm]
2026/07/05 16:12:33 [LB][MAB] event=before_select function=mab_dynamic_1783260728 compatible_tags=[x86 arm] has_context=true
2026/07/05 16:12:33 [MAB] event=arm_score ts=1783260753923 policy=UCB1 function=mab_dynamic_1783260728 arm=x86 score=-0.831626 count=16 avg_reward=-1.183253 total_counts=22
2026/07/05 16:12:33 [MAB] event=arm_score ts=1783260753923 policy=UCB1 function=mab_dynamic_1783260728 arm=arm score=-0.852976 count=6 avg_reward=-1.427181 total_counts=22
2026/07/05 16:12:33 [MAB] event=select_arm ts=1783260753923 policy=UCB1 function=mab_dynamic_1783260728 selected_arm=x86 reason=ucb_score score=-0.831626 total_counts=22 arms=[arm,x86]
2026/07/05 16:12:33 [LB][MAB] event=after_select function=mab_dynamic_1783260728 selected_tag=x86 compatible_tags=[x86 arm]
2026/07/05 16:12:33 Candidate has: 512 MB free memory. Function needs: 128 MB
2026/07/05 16:12:33 [LB] Selected target for function 'mab_dynamic_1783260728': target_tag=x86 candidate=VZwHpZzt8UyUuGVuiXtpw71783260729385586971 candidate_tag=x86
2026/07/05 16:12:33 [LB-Update] Node VZwHpZzt8UyUuGVuiXtpw71783260729385586971 reported 512 MB free
2026/07/05 16:12:33 [MAB] event=update_reward ts=1783260753926 policy=UCB1 function=mab_dynamic_1783260728 arm=x86 duration_ms=2.499409 warm_start=true reward=-0.916054 count=17 avg_reward=-1.167536 total_counts=23
2026/07/05 16:12:34 [LB] Compatible tag found: function=mab_dynamic_1783260728 tag=x86 arch=amd64 pattern="" ring_size=2
2026/07/05 16:12:34 [LB] Compatible tag found: function=mab_dynamic_1783260728 tag=arm arch=amd64 pattern="" ring_size=1
2026/07/05 16:12:34 [LB] Compatible tags for function 'mab_dynamic_1783260728': [x86 arm]
2026/07/05 16:12:34 [LB][MAB] event=before_select function=mab_dynamic_1783260728 compatible_tags=[x86 arm] has_context=true
2026/07/05 16:12:34 [MAB] event=arm_score ts=1783260754146 policy=UCB1 function=mab_dynamic_1783260728 arm=x86 score=-0.823963 count=17 avg_reward=-1.167536 total_counts=23
2026/07/05 16:12:34 [MAB] event=arm_score ts=1783260754146 policy=UCB1 function=mab_dynamic_1783260728 arm=arm score=-0.848862 count=6 avg_reward=-1.427181 total_counts=23
2026/07/05 16:12:34 [MAB] event=select_arm ts=1783260754146 policy=UCB1 function=mab_dynamic_1783260728 selected_arm=x86 reason=ucb_score score=-0.823963 total_counts=23 arms=[arm,x86]
2026/07/05 16:12:34 [LB][MAB] event=after_select function=mab_dynamic_1783260728 selected_tag=x86 compatible_tags=[x86 arm]
2026/07/05 16:12:34 Candidate has: 512 MB free memory. Function needs: 128 MB
2026/07/05 16:12:34 [LB] Selected target for function 'mab_dynamic_1783260728': target_tag=x86 candidate=VZwHpZzt8UyUuGVuiXtpw71783260729385586971 candidate_tag=x86
2026/07/05 16:12:34 [LB-Update] Node VZwHpZzt8UyUuGVuiXtpw71783260729385586971 reported 512 MB free
2026/07/05 16:12:34 [MAB] event=update_reward ts=1783260754149 policy=UCB1 function=mab_dynamic_1783260728 arm=x86 duration_ms=2.071696 warm_start=true reward=-0.728368 count=18 avg_reward=-1.143138 total_counts=24
2026/07/05 16:12:34 [LB] Compatible tag found: function=mab_dynamic_1783260728 tag=x86 arch=amd64 pattern="" ring_size=2
2026/07/05 16:12:34 [LB] Compatible tag found: function=mab_dynamic_1783260728 tag=arm arch=amd64 pattern="" ring_size=1
2026/07/05 16:12:34 [LB] Compatible tags for function 'mab_dynamic_1783260728': [x86 arm]
2026/07/05 16:12:34 [LB][MAB] event=before_select function=mab_dynamic_1783260728 compatible_tags=[x86 arm] has_context=true
2026/07/05 16:12:34 [MAB] event=arm_score ts=1783260754376 policy=UCB1 function=mab_dynamic_1783260728 arm=x86 score=-0.806987 count=18 avg_reward=-1.143138 total_counts=24
2026/07/05 16:12:34 [MAB] event=arm_score ts=1783260754376 policy=UCB1 function=mab_dynamic_1783260728 arm=arm score=-0.844950 count=6 avg_reward=-1.427181 total_counts=24
2026/07/05 16:12:34 [MAB] event=select_arm ts=1783260754376 policy=UCB1 function=mab_dynamic_1783260728 selected_arm=x86 reason=ucb_score score=-0.806987 total_counts=24 arms=[arm,x86]
2026/07/05 16:12:34 [LB][MAB] event=after_select function=mab_dynamic_1783260728 selected_tag=x86 compatible_tags=[x86 arm]
2026/07/05 16:12:34 Candidate has: 512 MB free memory. Function needs: 128 MB
2026/07/05 16:12:34 [LB] Selected target for function 'mab_dynamic_1783260728': target_tag=x86 candidate=VZwHpZzt8UyUuGVuiXtpw71783260729385586971 candidate_tag=x86
2026/07/05 16:12:34 [LB-Update] Node VZwHpZzt8UyUuGVuiXtpw71783260729385586971 reported 512 MB free
2026/07/05 16:12:34 [MAB] event=update_reward ts=1783260754381 policy=UCB1 function=mab_dynamic_1783260728 arm=x86 duration_ms=4.169203 warm_start=true reward=-1.427725 count=19 avg_reward=-1.158116 total_counts=25
2026/07/05 16:12:34 [LB] Compatible tag found: function=mab_dynamic_1783260728 tag=x86 arch=amd64 pattern="" ring_size=2
2026/07/05 16:12:34 [LB] Compatible tag found: function=mab_dynamic_1783260728 tag=arm arch=amd64 pattern="" ring_size=1
2026/07/05 16:12:34 [LB] Compatible tags for function 'mab_dynamic_1783260728': [x86 arm]
2026/07/05 16:12:34 [LB][MAB] event=before_select function=mab_dynamic_1783260728 compatible_tags=[x86 arm] has_context=true
2026/07/05 16:12:34 [MAB] event=arm_score ts=1783260754602 policy=UCB1 function=mab_dynamic_1783260728 arm=x86 score=-0.828836 count=19 avg_reward=-1.158116 total_counts=25
2026/07/05 16:12:34 [MAB] event=arm_score ts=1783260754602 policy=UCB1 function=mab_dynamic_1783260728 arm=arm score=-0.841223 count=6 avg_reward=-1.427181 total_counts=25
2026/07/05 16:12:34 [MAB] event=select_arm ts=1783260754602 policy=UCB1 function=mab_dynamic_1783260728 selected_arm=x86 reason=ucb_score score=-0.828836 total_counts=25 arms=[arm,x86]
2026/07/05 16:12:34 [LB][MAB] event=after_select function=mab_dynamic_1783260728 selected_tag=x86 compatible_tags=[x86 arm]
2026/07/05 16:12:34 Candidate has: 512 MB free memory. Function needs: 128 MB
2026/07/05 16:12:34 [LB] Selected target for function 'mab_dynamic_1783260728': target_tag=x86 candidate=VZwHpZzt8UyUuGVuiXtpw71783260729385586971 candidate_tag=x86
2026/07/05 16:12:34 [LB-Update] Node VZwHpZzt8UyUuGVuiXtpw71783260729385586971 reported 512 MB free
2026/07/05 16:12:34 [MAB] event=update_reward ts=1783260754607 policy=UCB1 function=mab_dynamic_1783260728 arm=x86 duration_ms=3.447494 warm_start=true reward=-1.237648 count=20 avg_reward=-1.162093 total_counts=26
2026/07/05 16:12:34 [LB] Compatible tag found: function=mab_dynamic_1783260728 tag=x86 arch=amd64 pattern="" ring_size=2
2026/07/05 16:12:34 [LB] Compatible tag found: function=mab_dynamic_1783260728 tag=arm arch=amd64 pattern="" ring_size=1
2026/07/05 16:12:34 [LB] Compatible tags for function 'mab_dynamic_1783260728': [x86 arm]
2026/07/05 16:12:34 [LB][MAB] event=before_select function=mab_dynamic_1783260728 compatible_tags=[x86 arm] has_context=true
2026/07/05 16:12:34 [MAB] event=arm_score ts=1783260754832 policy=UCB1 function=mab_dynamic_1783260728 arm=x86 score=-0.839201 count=20 avg_reward=-1.162093 total_counts=26
2026/07/05 16:12:34 [MAB] event=arm_score ts=1783260754832 policy=UCB1 function=mab_dynamic_1783260728 arm=arm score=-0.837664 count=6 avg_reward=-1.427181 total_counts=26
2026/07/05 16:12:34 [MAB] event=select_arm ts=1783260754832 policy=UCB1 function=mab_dynamic_1783260728 selected_arm=arm reason=ucb_score score=-0.837664 total_counts=26 arms=[arm,x86]
2026/07/05 16:12:34 [LB][MAB] event=after_select function=mab_dynamic_1783260728 selected_tag=arm compatible_tags=[x86 arm]
2026/07/05 16:12:34 Candidate has: 512 MB free memory. Function needs: 128 MB
2026/07/05 16:12:34 [LB] Selected target for function 'mab_dynamic_1783260728': target_tag=arm candidate=S6nkJ7Pk9WvVuQEqbDNt3F1783260743367764363 candidate_tag=arm
2026/07/05 16:12:34 [LB-Update] Node S6nkJ7Pk9WvVuQEqbDNt3F1783260743367764363 reported 512 MB free
2026/07/05 16:12:34 [MAB] event=update_reward ts=1783260754837 policy=UCB1 function=mab_dynamic_1783260728 arm=arm duration_ms=3.870620 warm_start=true reward=-1.353415 count=7 avg_reward=-1.416643 total_counts=27
2026/07/05 16:12:35 [LB] Compatible tag found: function=mab_dynamic_1783260728 tag=x86 arch=amd64 pattern="" ring_size=2
2026/07/05 16:12:35 [LB] Compatible tag found: function=mab_dynamic_1783260728 tag=arm arch=amd64 pattern="" ring_size=1
2026/07/05 16:12:35 [LB] Compatible tags for function 'mab_dynamic_1783260728': [x86 arm]
2026/07/05 16:12:35 [LB][MAB] event=before_select function=mab_dynamic_1783260728 compatible_tags=[x86 arm] has_context=true
2026/07/05 16:12:35 [MAB] event=arm_score ts=1783260755067 policy=UCB1 function=mab_dynamic_1783260728 arm=x86 score=-0.837336 count=20 avg_reward=-1.162093 total_counts=27
2026/07/05 16:12:35 [MAB] event=arm_score ts=1783260755067 policy=UCB1 function=mab_dynamic_1783260728 arm=arm score=-0.867704 count=7 avg_reward=-1.416643 total_counts=27
2026/07/05 16:12:35 [MAB] event=select_arm ts=1783260755067 policy=UCB1 function=mab_dynamic_1783260728 selected_arm=x86 reason=ucb_score score=-0.837336 total_counts=27 arms=[arm,x86]
2026/07/05 16:12:35 [LB][MAB] event=after_select function=mab_dynamic_1783260728 selected_tag=x86 compatible_tags=[x86 arm]
2026/07/05 16:12:35 Candidate has: 512 MB free memory. Function needs: 128 MB
2026/07/05 16:12:35 [LB] Selected target for function 'mab_dynamic_1783260728': target_tag=x86 candidate=VZwHpZzt8UyUuGVuiXtpw71783260729385586971 candidate_tag=x86
2026/07/05 16:12:35 [LB-Update] Node VZwHpZzt8UyUuGVuiXtpw71783260729385586971 reported 512 MB free
2026/07/05 16:12:35 [MAB] event=update_reward ts=1783260755072 policy=UCB1 function=mab_dynamic_1783260728 arm=x86 duration_ms=4.558456 warm_start=true reward=-1.516984 count=21 avg_reward=-1.178992 total_counts=28
2026/07/05 16:12:35 [LB] Compatible tag found: function=mab_dynamic_1783260728 tag=x86 arch=amd64 pattern="" ring_size=2
2026/07/05 16:12:35 [LB] Compatible tag found: function=mab_dynamic_1783260728 tag=arm arch=amd64 pattern="" ring_size=1
2026/07/05 16:12:35 [LB] Compatible tags for function 'mab_dynamic_1783260728': [x86 arm]
2026/07/05 16:12:35 [LB][MAB] event=before_select function=mab_dynamic_1783260728 compatible_tags=[x86 arm] has_context=true
2026/07/05 16:12:35 [MAB] event=arm_score ts=1783260755304 policy=UCB1 function=mab_dynamic_1783260728 arm=x86 score=-0.860318 count=21 avg_reward=-1.178992 total_counts=28
2026/07/05 16:12:35 [MAB] event=arm_score ts=1783260755304 policy=UCB1 function=mab_dynamic_1783260728 arm=arm score=-0.864684 count=7 avg_reward=-1.416643 total_counts=28
2026/07/05 16:12:35 [MAB] event=select_arm ts=1783260755304 policy=UCB1 function=mab_dynamic_1783260728 selected_arm=x86 reason=ucb_score score=-0.860318 total_counts=28 arms=[arm,x86]
2026/07/05 16:12:35 [LB][MAB] event=after_select function=mab_dynamic_1783260728 selected_tag=x86 compatible_tags=[x86 arm]
2026/07/05 16:12:35 Candidate has: 512 MB free memory. Function needs: 128 MB
2026/07/05 16:12:35 [LB] Selected target for function 'mab_dynamic_1783260728': target_tag=x86 candidate=VZwHpZzt8UyUuGVuiXtpw71783260729385586971 candidate_tag=x86
2026/07/05 16:12:35 [LB-Update] Node VZwHpZzt8UyUuGVuiXtpw71783260729385586971 reported 512 MB free
2026/07/05 16:12:35 [MAB] event=update_reward ts=1783260755309 policy=UCB1 function=mab_dynamic_1783260728 arm=x86 duration_ms=4.482615 warm_start=true reward=-1.500207 count=22 avg_reward=-1.193593 total_counts=29
2026/07/05 16:12:35 [LB]: Periodic targets update
2026/07/05 16:12:35 Found target: S6nkJ7Pk9WvVuQEqbDNt3F1783260743367764363
2026/07/05 16:12:35 Found target: VZwHpZzt8UyUuGVuiXtpw71783260729385586971
2026/07/05 16:12:35 Found target: ubQWUtZi3FeeMHLdEN8TCn1783260729385580925
2026/07/05 16:12:35 Found 3 targets
2026/07/05 16:12:35 [LB] Compatible tag found: function=mab_dynamic_1783260728 tag=x86 arch=amd64 pattern="" ring_size=2
2026/07/05 16:12:35 [LB] Compatible tag found: function=mab_dynamic_1783260728 tag=arm arch=amd64 pattern="" ring_size=1
2026/07/05 16:12:35 [LB] Compatible tags for function 'mab_dynamic_1783260728': [x86 arm]
2026/07/05 16:12:35 [LB][MAB] event=before_select function=mab_dynamic_1783260728 compatible_tags=[x86 arm] has_context=true
2026/07/05 16:12:35 [MAB] event=arm_score ts=1783260755533 policy=UCB1 function=mab_dynamic_1783260728 arm=x86 score=-0.880611 count=22 avg_reward=-1.193593 total_counts=29
2026/07/05 16:12:35 [MAB] event=arm_score ts=1783260755533 policy=UCB1 function=mab_dynamic_1783260728 arm=arm score=-0.861785 count=7 avg_reward=-1.416643 total_counts=29
2026/07/05 16:12:35 [MAB] event=select_arm ts=1783260755533 policy=UCB1 function=mab_dynamic_1783260728 selected_arm=arm reason=ucb_score score=-0.861785 total_counts=29 arms=[arm,x86]
2026/07/05 16:12:35 [LB][MAB] event=after_select function=mab_dynamic_1783260728 selected_tag=arm compatible_tags=[x86 arm]
2026/07/05 16:12:35 Candidate has: 512 MB free memory. Function needs: 128 MB
2026/07/05 16:12:35 [LB] Selected target for function 'mab_dynamic_1783260728': target_tag=arm candidate=S6nkJ7Pk9WvVuQEqbDNt3F1783260743367764363 candidate_tag=arm
2026/07/05 16:12:35 [LB-Update] Node S6nkJ7Pk9WvVuQEqbDNt3F1783260743367764363 reported 512 MB free
2026/07/05 16:12:35 [MAB] event=update_reward ts=1783260755536 policy=UCB1 function=mab_dynamic_1783260728 arm=arm duration_ms=2.843892 warm_start=true reward=-1.045174 count=8 avg_reward=-1.370209 total_counts=30
2026/07/05 16:12:35 [LB] Compatible tag found: function=mab_dynamic_1783260728 tag=x86 arch=amd64 pattern="" ring_size=2
2026/07/05 16:12:35 [LB] Compatible tag found: function=mab_dynamic_1783260728 tag=arm arch=amd64 pattern="" ring_size=1
2026/07/05 16:12:35 [LB] Compatible tags for function 'mab_dynamic_1783260728': [x86 arm]
2026/07/05 16:12:35 [LB][MAB] event=before_select function=mab_dynamic_1783260728 compatible_tags=[x86 arm] has_context=true
2026/07/05 16:12:35 [MAB] event=arm_score ts=1783260755759 policy=UCB1 function=mab_dynamic_1783260728 arm=x86 score=-0.879039 count=22 avg_reward=-1.193593 total_counts=30
2026/07/05 16:12:35 [MAB] event=arm_score ts=1783260755759 policy=UCB1 function=mab_dynamic_1783260728 arm=arm score=-0.848581 count=8 avg_reward=-1.370209 total_counts=30
2026/07/05 16:12:35 [MAB] event=select_arm ts=1783260755759 policy=UCB1 function=mab_dynamic_1783260728 selected_arm=arm reason=ucb_score score=-0.848581 total_counts=30 arms=[arm,x86]
2026/07/05 16:12:35 [LB][MAB] event=after_select function=mab_dynamic_1783260728 selected_tag=arm compatible_tags=[x86 arm]
2026/07/05 16:12:35 Candidate has: 512 MB free memory. Function needs: 128 MB
2026/07/05 16:12:35 [LB] Selected target for function 'mab_dynamic_1783260728': target_tag=arm candidate=S6nkJ7Pk9WvVuQEqbDNt3F1783260743367764363 candidate_tag=arm
2026/07/05 16:12:35 [LB-Update] Node S6nkJ7Pk9WvVuQEqbDNt3F1783260743367764363 reported 512 MB free
2026/07/05 16:12:35 [MAB] event=update_reward ts=1783260755763 policy=UCB1 function=mab_dynamic_1783260728 arm=arm duration_ms=2.707585 warm_start=true reward=-0.996057 count=9 avg_reward=-1.328637 total_counts=31
2026/07/05 16:12:35 [LB] Compatible tag found: function=mab_dynamic_1783260728 tag=x86 arch=amd64 pattern="" ring_size=2
2026/07/05 16:12:35 [LB] Compatible tag found: function=mab_dynamic_1783260728 tag=arm arch=amd64 pattern="" ring_size=1
2026/07/05 16:12:35 [LB] Compatible tags for function 'mab_dynamic_1783260728': [x86 arm]
2026/07/05 16:12:35 [LB][MAB] event=before_select function=mab_dynamic_1783260728 compatible_tags=[x86 arm] has_context=true
2026/07/05 16:12:35 [MAB] event=arm_score ts=1783260755991 policy=UCB1 function=mab_dynamic_1783260728 arm=x86 score=-0.877527 count=22 avg_reward=-1.193593 total_counts=31
2026/07/05 16:12:35 [MAB] event=arm_score ts=1783260755991 policy=UCB1 function=mab_dynamic_1783260728 arm=arm score=-0.834476 count=9 avg_reward=-1.328637 total_counts=31
2026/07/05 16:12:35 [MAB] event=select_arm ts=1783260755991 policy=UCB1 function=mab_dynamic_1783260728 selected_arm=arm reason=ucb_score score=-0.834476 total_counts=31 arms=[arm,x86]
2026/07/05 16:12:35 [LB][MAB] event=after_select function=mab_dynamic_1783260728 selected_tag=arm compatible_tags=[x86 arm]
2026/07/05 16:12:35 Candidate has: 512 MB free memory. Function needs: 128 MB
2026/07/05 16:12:35 [LB] Selected target for function 'mab_dynamic_1783260728': target_tag=arm candidate=S6nkJ7Pk9WvVuQEqbDNt3F1783260743367764363 candidate_tag=arm
2026/07/05 16:12:35 [LB-Update] Node S6nkJ7Pk9WvVuQEqbDNt3F1783260743367764363 reported 512 MB free
2026/07/05 16:12:35 [MAB] event=update_reward ts=1783260755997 policy=UCB1 function=mab_dynamic_1783260728 arm=arm duration_ms=4.792878 warm_start=true reward=-1.567131 count=10 avg_reward=-1.352486 total_counts=32
2026/07/05 16:12:36 [LB] Compatible tag found: function=mab_dynamic_1783260728 tag=x86 arch=amd64 pattern="" ring_size=2
2026/07/05 16:12:36 [LB] Compatible tag found: function=mab_dynamic_1783260728 tag=arm arch=amd64 pattern="" ring_size=1
2026/07/05 16:12:36 [LB] Compatible tags for function 'mab_dynamic_1783260728': [x86 arm]
2026/07/05 16:12:36 [LB][MAB] event=before_select function=mab_dynamic_1783260728 compatible_tags=[x86 arm] has_context=true
2026/07/05 16:12:36 [MAB] event=arm_score ts=1783260756228 policy=UCB1 function=mab_dynamic_1783260728 arm=x86 score=-0.876069 count=22 avg_reward=-1.193593 total_counts=32
2026/07/05 16:12:36 [MAB] event=arm_score ts=1783260756228 policy=UCB1 function=mab_dynamic_1783260728 arm=arm score=-0.881522 count=10 avg_reward=-1.352486 total_counts=32
2026/07/05 16:12:36 [MAB] event=select_arm ts=1783260756228 policy=UCB1 function=mab_dynamic_1783260728 selected_arm=x86 reason=ucb_score score=-0.876069 total_counts=32 arms=[arm,x86]
2026/07/05 16:12:36 [LB][MAB] event=after_select function=mab_dynamic_1783260728 selected_tag=x86 compatible_tags=[x86 arm]
2026/07/05 16:12:36 Candidate has: 512 MB free memory. Function needs: 128 MB
2026/07/05 16:12:36 [LB] Selected target for function 'mab_dynamic_1783260728': target_tag=x86 candidate=VZwHpZzt8UyUuGVuiXtpw71783260729385586971 candidate_tag=x86
2026/07/05 16:12:36 [LB-Update] Node VZwHpZzt8UyUuGVuiXtpw71783260729385586971 reported 512 MB free
2026/07/05 16:12:36 [MAB] event=update_reward ts=1783260756233 policy=UCB1 function=mab_dynamic_1783260728 arm=x86 duration_ms=4.058173 warm_start=true reward=-1.400733 count=23 avg_reward=-1.202599 total_counts=33
2026/07/05 16:12:36 [LB] Compatible tag found: function=mab_dynamic_1783260728 tag=x86 arch=amd64 pattern="" ring_size=2
2026/07/05 16:12:36 [LB] Compatible tag found: function=mab_dynamic_1783260728 tag=arm arch=amd64 pattern="" ring_size=1
2026/07/05 16:12:36 [LB] Compatible tags for function 'mab_dynamic_1783260728': [x86 arm]
2026/07/05 16:12:36 [LB][MAB] event=before_select function=mab_dynamic_1783260728 compatible_tags=[x86 arm] has_context=true
2026/07/05 16:12:36 [MAB] event=arm_score ts=1783260756460 policy=UCB1 function=mab_dynamic_1783260728 arm=arm score=-0.879436 count=10 avg_reward=-1.352486 total_counts=33
2026/07/05 16:12:36 [MAB] event=arm_score ts=1783260756460 policy=UCB1 function=mab_dynamic_1783260728 arm=x86 score=-0.890679 count=23 avg_reward=-1.202599 total_counts=33
2026/07/05 16:12:36 [MAB] event=select_arm ts=1783260756460 policy=UCB1 function=mab_dynamic_1783260728 selected_arm=arm reason=ucb_score score=-0.879436 total_counts=33 arms=[arm,x86]
2026/07/05 16:12:36 [LB][MAB] event=after_select function=mab_dynamic_1783260728 selected_tag=arm compatible_tags=[x86 arm]
2026/07/05 16:12:36 Candidate has: 512 MB free memory. Function needs: 128 MB
2026/07/05 16:12:36 [LB] Selected target for function 'mab_dynamic_1783260728': target_tag=arm candidate=S6nkJ7Pk9WvVuQEqbDNt3F1783260743367764363 candidate_tag=arm
2026/07/05 16:12:36 [LB-Update] Node S6nkJ7Pk9WvVuQEqbDNt3F1783260743367764363 reported 512 MB free
2026/07/05 16:12:36 [MAB] event=update_reward ts=1783260756465 policy=UCB1 function=mab_dynamic_1783260728 arm=arm duration_ms=4.023944 warm_start=true reward=-1.392263 count=11 avg_reward=-1.356102 total_counts=34
2026/07/05 16:12:36 [LB] Compatible tag found: function=mab_dynamic_1783260728 tag=x86 arch=amd64 pattern="" ring_size=2
2026/07/05 16:12:36 [LB] Compatible tag found: function=mab_dynamic_1783260728 tag=arm arch=amd64 pattern="" ring_size=1
2026/07/05 16:12:36 [LB] Compatible tags for function 'mab_dynamic_1783260728': [x86 arm]
2026/07/05 16:12:36 [LB][MAB] event=before_select function=mab_dynamic_1783260728 compatible_tags=[x86 arm] has_context=true
2026/07/05 16:12:36 [MAB] event=arm_score ts=1783260756691 policy=UCB1 function=mab_dynamic_1783260728 arm=x86 score=-0.889350 count=23 avg_reward=-1.202599 total_counts=34
2026/07/05 16:12:36 [MAB] event=arm_score ts=1783260756691 policy=UCB1 function=mab_dynamic_1783260728 arm=arm score=-0.903145 count=11 avg_reward=-1.356102 total_counts=34
2026/07/05 16:12:36 [MAB] event=select_arm ts=1783260756691 policy=UCB1 function=mab_dynamic_1783260728 selected_arm=x86 reason=ucb_score score=-0.889350 total_counts=34 arms=[arm,x86]
2026/07/05 16:12:36 [LB][MAB] event=after_select function=mab_dynamic_1783260728 selected_tag=x86 compatible_tags=[x86 arm]
2026/07/05 16:12:36 Candidate has: 512 MB free memory. Function needs: 128 MB
2026/07/05 16:12:36 [LB] Selected target for function 'mab_dynamic_1783260728': target_tag=x86 candidate=VZwHpZzt8UyUuGVuiXtpw71783260729385586971 candidate_tag=x86
2026/07/05 16:12:36 [LB-Update] Node VZwHpZzt8UyUuGVuiXtpw71783260729385586971 reported 512 MB free
2026/07/05 16:12:36 [MAB] event=update_reward ts=1783260756695 policy=UCB1 function=mab_dynamic_1783260728 arm=x86 duration_ms=3.224025 warm_start=true reward=-1.170631 count=24 avg_reward=-1.201267 total_counts=35
2026/07/05 16:12:36 [LB] Compatible tag found: function=mab_dynamic_1783260728 tag=x86 arch=amd64 pattern="" ring_size=2
2026/07/05 16:12:36 [LB] Compatible tag found: function=mab_dynamic_1783260728 tag=arm arch=amd64 pattern="" ring_size=1
2026/07/05 16:12:36 [LB] Compatible tags for function 'mab_dynamic_1783260728': [x86 arm]
2026/07/05 16:12:36 [LB][MAB] event=before_select function=mab_dynamic_1783260728 compatible_tags=[x86 arm] has_context=true
2026/07/05 16:12:36 [MAB] event=arm_score ts=1783260756924 policy=UCB1 function=mab_dynamic_1783260728 arm=arm score=-0.901287 count=11 avg_reward=-1.356102 total_counts=35
2026/07/05 16:12:36 [MAB] event=arm_score ts=1783260756924 policy=UCB1 function=mab_dynamic_1783260728 arm=x86 score=-0.893356 count=24 avg_reward=-1.201267 total_counts=35
2026/07/05 16:12:36 [MAB] event=select_arm ts=1783260756924 policy=UCB1 function=mab_dynamic_1783260728 selected_arm=x86 reason=ucb_score score=-0.893356 total_counts=35 arms=[arm,x86]
2026/07/05 16:12:36 [LB][MAB] event=after_select function=mab_dynamic_1783260728 selected_tag=x86 compatible_tags=[x86 arm]
2026/07/05 16:12:36 Candidate has: 512 MB free memory. Function needs: 128 MB
2026/07/05 16:12:36 [LB] Selected target for function 'mab_dynamic_1783260728': target_tag=x86 candidate=VZwHpZzt8UyUuGVuiXtpw71783260729385586971 candidate_tag=x86
2026/07/05 16:12:36 [LB-Update] Node VZwHpZzt8UyUuGVuiXtpw71783260729385586971 reported 512 MB free
2026/07/05 16:12:36 [MAB] event=update_reward ts=1783260756930 policy=UCB1 function=mab_dynamic_1783260728 arm=x86 duration_ms=4.555948 warm_start=true reward=-1.516434 count=25 avg_reward=-1.213874 total_counts=36
2026/07/05 16:12:37 [LB] Compatible tag found: function=mab_dynamic_1783260728 tag=x86 arch=amd64 pattern="" ring_size=2
2026/07/05 16:12:37 [LB] Compatible tag found: function=mab_dynamic_1783260728 tag=arm arch=amd64 pattern="" ring_size=1
2026/07/05 16:12:37 [LB] Compatible tags for function 'mab_dynamic_1783260728': [x86 arm]
2026/07/05 16:12:37 [LB][MAB] event=before_select function=mab_dynamic_1783260728 compatible_tags=[x86 arm] has_context=true
2026/07/05 16:12:37 [MAB] event=arm_score ts=1783260757160 policy=UCB1 function=mab_dynamic_1783260728 arm=x86 score=-0.910991 count=25 avg_reward=-1.213874 total_counts=36
2026/07/05 16:12:37 [MAB] event=arm_score ts=1783260757160 policy=UCB1 function=mab_dynamic_1783260728 arm=arm score=-0.899489 count=11 avg_reward=-1.356102 total_counts=36
2026/07/05 16:12:37 [MAB] event=select_arm ts=1783260757160 policy=UCB1 function=mab_dynamic_1783260728 selected_arm=arm reason=ucb_score score=-0.899489 total_counts=36 arms=[arm,x86]
2026/07/05 16:12:37 [LB][MAB] event=after_select function=mab_dynamic_1783260728 selected_tag=arm compatible_tags=[x86 arm]
2026/07/05 16:12:37 Candidate has: 512 MB free memory. Function needs: 128 MB
2026/07/05 16:12:37 [LB] Selected target for function 'mab_dynamic_1783260728': target_tag=arm candidate=S6nkJ7Pk9WvVuQEqbDNt3F1783260743367764363 candidate_tag=arm
2026/07/05 16:12:37 [LB-Update] Node S6nkJ7Pk9WvVuQEqbDNt3F1783260743367764363 reported 512 MB free
2026/07/05 16:12:37 [MAB] event=update_reward ts=1783260757165 policy=UCB1 function=mab_dynamic_1783260728 arm=arm duration_ms=4.047208 warm_start=true reward=-1.398027 count=12 avg_reward=-1.359596 total_counts=37
2026/07/05 16:12:37 [LB] Compatible tag found: function=mab_dynamic_1783260728 tag=x86 arch=amd64 pattern="" ring_size=2
2026/07/05 16:12:37 [LB] Compatible tag found: function=mab_dynamic_1783260728 tag=arm arch=amd64 pattern="" ring_size=1
2026/07/05 16:12:37 [LB] Compatible tags for function 'mab_dynamic_1783260728': [x86 arm]
2026/07/05 16:12:37 [LB][MAB] event=before_select function=mab_dynamic_1783260728 compatible_tags=[x86 arm] has_context=true
2026/07/05 16:12:37 [MAB] event=arm_score ts=1783260757393 policy=UCB1 function=mab_dynamic_1783260728 arm=x86 score=-0.909835 count=25 avg_reward=-1.213874 total_counts=37
2026/07/05 16:12:37 [MAB] event=arm_score ts=1783260757393 policy=UCB1 function=mab_dynamic_1783260728 arm=arm score=-0.920754 count=12 avg_reward=-1.359596 total_counts=37
2026/07/05 16:12:37 [MAB] event=select_arm ts=1783260757393 policy=UCB1 function=mab_dynamic_1783260728 selected_arm=x86 reason=ucb_score score=-0.909835 total_counts=37 arms=[arm,x86]
2026/07/05 16:12:37 [LB][MAB] event=after_select function=mab_dynamic_1783260728 selected_tag=x86 compatible_tags=[x86 arm]
2026/07/05 16:12:37 Candidate has: 512 MB free memory. Function needs: 128 MB
2026/07/05 16:12:37 [LB] Selected target for function 'mab_dynamic_1783260728': target_tag=x86 candidate=VZwHpZzt8UyUuGVuiXtpw71783260729385586971 candidate_tag=x86
2026/07/05 16:12:37 [LB-Update] Node VZwHpZzt8UyUuGVuiXtpw71783260729385586971 reported 512 MB free
2026/07/05 16:12:37 [MAB] event=update_reward ts=1783260757399 policy=UCB1 function=mab_dynamic_1783260728 arm=x86 duration_ms=4.724721 warm_start=true reward=-1.552809 count=26 avg_reward=-1.226909 total_counts=38
2026/07/05 16:12:37 [LB] Compatible tag found: function=mab_dynamic_1783260728 tag=x86 arch=amd64 pattern="" ring_size=2
2026/07/05 16:12:37 [LB] Compatible tag found: function=mab_dynamic_1783260728 tag=arm arch=amd64 pattern="" ring_size=1
2026/07/05 16:12:37 [LB] Compatible tags for function 'mab_dynamic_1783260728': [x86 arm]
2026/07/05 16:12:37 [LB][MAB] event=before_select function=mab_dynamic_1783260728 compatible_tags=[x86 arm] has_context=true
2026/07/05 16:12:37 [MAB] event=arm_score ts=1783260757622 policy=UCB1 function=mab_dynamic_1783260728 arm=x86 score=-0.927676 count=26 avg_reward=-1.226909 total_counts=38
2026/07/05 16:12:37 [MAB] event=arm_score ts=1783260757622 policy=UCB1 function=mab_dynamic_1783260728 arm=arm score=-0.919136 count=12 avg_reward=-1.359596 total_counts=38
2026/07/05 16:12:37 [MAB] event=select_arm ts=1783260757622 policy=UCB1 function=mab_dynamic_1783260728 selected_arm=arm reason=ucb_score score=-0.919136 total_counts=38 arms=[arm,x86]
2026/07/05 16:12:37 [LB][MAB] event=after_select function=mab_dynamic_1783260728 selected_tag=arm compatible_tags=[x86 arm]
2026/07/05 16:12:37 Candidate has: 512 MB free memory. Function needs: 128 MB
2026/07/05 16:12:37 [LB] Selected target for function 'mab_dynamic_1783260728': target_tag=arm candidate=S6nkJ7Pk9WvVuQEqbDNt3F1783260743367764363 candidate_tag=arm
2026/07/05 16:12:37 [LB-Update] Node S6nkJ7Pk9WvVuQEqbDNt3F1783260743367764363 reported 512 MB free
2026/07/05 16:12:37 [MAB] event=update_reward ts=1783260757626 policy=UCB1 function=mab_dynamic_1783260728 arm=arm duration_ms=2.726848 warm_start=true reward=-1.003146 count=13 avg_reward=-1.332177 total_counts=39
2026/07/05 16:12:37 [LB] Compatible tag found: function=mab_dynamic_1783260728 tag=x86 arch=amd64 pattern="" ring_size=2
2026/07/05 16:12:37 [LB] Compatible tag found: function=mab_dynamic_1783260728 tag=arm arch=amd64 pattern="" ring_size=1
2026/07/05 16:12:37 [LB] Compatible tags for function 'mab_dynamic_1783260728': [x86 arm]
2026/07/05 16:12:37 [LB][MAB] event=before_select function=mab_dynamic_1783260728 compatible_tags=[x86 arm] has_context=true
2026/07/05 16:12:37 [MAB] event=arm_score ts=1783260757853 policy=UCB1 function=mab_dynamic_1783260728 arm=x86 score=-0.926610 count=26 avg_reward=-1.226909 total_counts=39
2026/07/05 16:12:37 [MAB] event=arm_score ts=1783260757853 policy=UCB1 function=mab_dynamic_1783260728 arm=arm score=-0.907489 count=13 avg_reward=-1.332177 total_counts=39
2026/07/05 16:12:37 [MAB] event=select_arm ts=1783260757853 policy=UCB1 function=mab_dynamic_1783260728 selected_arm=arm reason=ucb_score score=-0.907489 total_counts=39 arms=[arm,x86]
2026/07/05 16:12:37 [LB][MAB] event=after_select function=mab_dynamic_1783260728 selected_tag=arm compatible_tags=[x86 arm]
2026/07/05 16:12:37 Candidate has: 512 MB free memory. Function needs: 128 MB
2026/07/05 16:12:37 [LB] Selected target for function 'mab_dynamic_1783260728': target_tag=arm candidate=S6nkJ7Pk9WvVuQEqbDNt3F1783260743367764363 candidate_tag=arm
2026/07/05 16:12:37 [LB-Update] Node S6nkJ7Pk9WvVuQEqbDNt3F1783260743367764363 reported 512 MB free
2026/07/05 16:12:37 [MAB] event=update_reward ts=1783260757859 policy=UCB1 function=mab_dynamic_1783260728 arm=arm duration_ms=4.585693 warm_start=true reward=-1.522941 count=14 avg_reward=-1.345803 total_counts=40
2026/07/05 16:12:38 [LB] Compatible tag found: function=mab_dynamic_1783260728 tag=x86 arch=amd64 pattern="" ring_size=2
2026/07/05 16:12:38 [LB] Compatible tag found: function=mab_dynamic_1783260728 tag=arm arch=amd64 pattern="" ring_size=1
2026/07/05 16:12:38 [LB] Compatible tags for function 'mab_dynamic_1783260728': [x86 arm]
2026/07/05 16:12:38 [LB][MAB] event=before_select function=mab_dynamic_1783260728 compatible_tags=[x86 arm] has_context=true
2026/07/05 16:12:38 [MAB] event=arm_score ts=1783260758090 policy=UCB1 function=mab_dynamic_1783260728 arm=x86 score=-0.925574 count=26 avg_reward=-1.226909 total_counts=40
2026/07/05 16:12:38 [MAB] event=arm_score ts=1783260758090 policy=UCB1 function=mab_dynamic_1783260728 arm=arm score=-0.935151 count=14 avg_reward=-1.345803 total_counts=40
2026/07/05 16:12:38 [MAB] event=select_arm ts=1783260758090 policy=UCB1 function=mab_dynamic_1783260728 selected_arm=x86 reason=ucb_score score=-0.925574 total_counts=40 arms=[arm,x86]
2026/07/05 16:12:38 [LB][MAB] event=after_select function=mab_dynamic_1783260728 selected_tag=x86 compatible_tags=[x86 arm]
2026/07/05 16:12:38 Candidate has: 512 MB free memory. Function needs: 128 MB
2026/07/05 16:12:38 [LB] Selected target for function 'mab_dynamic_1783260728': target_tag=x86 candidate=VZwHpZzt8UyUuGVuiXtpw71783260729385586971 candidate_tag=x86
2026/07/05 16:12:38 [LB-Update] Node VZwHpZzt8UyUuGVuiXtpw71783260729385586971 reported 512 MB free
2026/07/05 16:12:38 [MAB] event=update_reward ts=1783260758095 policy=UCB1 function=mab_dynamic_1783260728 arm=x86 duration_ms=3.853056 warm_start=true reward=-1.348867 count=27 avg_reward=-1.231426 total_counts=41
2026/07/05 16:12:38 [LB] Compatible tag found: function=mab_dynamic_1783260728 tag=x86 arch=amd64 pattern="" ring_size=2
2026/07/05 16:12:38 [LB] Compatible tag found: function=mab_dynamic_1783260728 tag=arm arch=amd64 pattern="" ring_size=1
2026/07/05 16:12:38 [LB] Compatible tags for function 'mab_dynamic_1783260728': [x86 arm]
2026/07/05 16:12:38 [LB][MAB] event=before_select function=mab_dynamic_1783260728 compatible_tags=[x86 arm] has_context=true
2026/07/05 16:12:38 [MAB] event=arm_score ts=1783260758322 policy=UCB1 function=mab_dynamic_1783260728 arm=x86 score=-0.934736 count=27 avg_reward=-1.231426 total_counts=41
2026/07/05 16:12:38 [MAB] event=arm_score ts=1783260758322 policy=UCB1 function=mab_dynamic_1783260728 arm=arm score=-0.933779 count=14 avg_reward=-1.345803 total_counts=41
2026/07/05 16:12:38 [MAB] event=select_arm ts=1783260758322 policy=UCB1 function=mab_dynamic_1783260728 selected_arm=arm reason=ucb_score score=-0.933779 total_counts=41 arms=[arm,x86]
2026/07/05 16:12:38 [LB][MAB] event=after_select function=mab_dynamic_1783260728 selected_tag=arm compatible_tags=[x86 arm]
2026/07/05 16:12:38 Candidate has: 512 MB free memory. Function needs: 128 MB
2026/07/05 16:12:38 [LB] Selected target for function 'mab_dynamic_1783260728': target_tag=arm candidate=S6nkJ7Pk9WvVuQEqbDNt3F1783260743367764363 candidate_tag=arm
2026/07/05 16:12:38 [LB-Update] Node S6nkJ7Pk9WvVuQEqbDNt3F1783260743367764363 reported 512 MB free
2026/07/05 16:12:38 [MAB] event=update_reward ts=1783260758327 policy=UCB1 function=mab_dynamic_1783260728 arm=arm duration_ms=4.051070 warm_start=true reward=-1.398981 count=15 avg_reward=-1.349348 total_counts=42
2026/07/05 16:12:38 [LB]: Periodic targets update
2026/07/05 16:12:38 Found target: ubQWUtZi3FeeMHLdEN8TCn1783260729385580925
2026/07/05 16:12:38 Found target: S6nkJ7Pk9WvVuQEqbDNt3F1783260743367764363
2026/07/05 16:12:38 Found target: VZwHpZzt8UyUuGVuiXtpw71783260729385586971
2026/07/05 16:12:38 Found 3 targets
2026/07/05 16:12:38 [LB] Compatible tag found: function=mab_dynamic_1783260728 tag=x86 arch=amd64 pattern="" ring_size=2
2026/07/05 16:12:38 [LB] Compatible tag found: function=mab_dynamic_1783260728 tag=arm arch=amd64 pattern="" ring_size=1
2026/07/05 16:12:38 [LB] Compatible tags for function 'mab_dynamic_1783260728': [x86 arm]
2026/07/05 16:12:38 [LB][MAB] event=before_select function=mab_dynamic_1783260728 compatible_tags=[x86 arm] has_context=true
2026/07/05 16:12:38 [MAB] event=arm_score ts=1783260758553 policy=UCB1 function=mab_dynamic_1783260728 arm=x86 score=-0.933775 count=27 avg_reward=-1.231426 total_counts=42
2026/07/05 16:12:38 [MAB] event=arm_score ts=1783260758553 policy=UCB1 function=mab_dynamic_1783260728 arm=arm score=-0.950006 count=15 avg_reward=-1.349348 total_counts=42
2026/07/05 16:12:38 [MAB] event=select_arm ts=1783260758553 policy=UCB1 function=mab_dynamic_1783260728 selected_arm=x86 reason=ucb_score score=-0.933775 total_counts=42 arms=[arm,x86]
2026/07/05 16:12:38 [LB][MAB] event=after_select function=mab_dynamic_1783260728 selected_tag=x86 compatible_tags=[x86 arm]
2026/07/05 16:12:38 Candidate has: 512 MB free memory. Function needs: 128 MB
2026/07/05 16:12:38 [LB] Selected target for function 'mab_dynamic_1783260728': target_tag=x86 candidate=VZwHpZzt8UyUuGVuiXtpw71783260729385586971 candidate_tag=x86
2026/07/05 16:12:38 [LB-Update] Node VZwHpZzt8UyUuGVuiXtpw71783260729385586971 reported 512 MB free
2026/07/05 16:12:38 [MAB] event=update_reward ts=1783260758557 policy=UCB1 function=mab_dynamic_1783260728 arm=x86 duration_ms=3.365130 warm_start=true reward=-1.213467 count=28 avg_reward=-1.230785 total_counts=43
2026/07/05 16:12:38 [LB] Compatible tag found: function=mab_dynamic_1783260728 tag=x86 arch=amd64 pattern="" ring_size=2
2026/07/05 16:12:38 [LB] Compatible tag found: function=mab_dynamic_1783260728 tag=arm arch=amd64 pattern="" ring_size=1
2026/07/05 16:12:38 [LB] Compatible tags for function 'mab_dynamic_1783260728': [x86 arm]
2026/07/05 16:12:38 [LB][MAB] event=before_select function=mab_dynamic_1783260728 compatible_tags=[x86 arm] has_context=true
2026/07/05 16:12:38 [MAB] event=arm_score ts=1783260758781 policy=UCB1 function=mab_dynamic_1783260728 arm=x86 score=-0.937578 count=28 avg_reward=-1.230785 total_counts=43
2026/07/05 16:12:38 [MAB] event=arm_score ts=1783260758781 policy=UCB1 function=mab_dynamic_1783260728 arm=arm score=-0.948751 count=15 avg_reward=-1.349348 total_counts=43
2026/07/05 16:12:38 [MAB] event=select_arm ts=1783260758781 policy=UCB1 function=mab_dynamic_1783260728 selected_arm=x86 reason=ucb_score score=-0.937578 total_counts=43 arms=[arm,x86]
2026/07/05 16:12:38 [LB][MAB] event=after_select function=mab_dynamic_1783260728 selected_tag=x86 compatible_tags=[x86 arm]
2026/07/05 16:12:38 Candidate has: 512 MB free memory. Function needs: 128 MB
2026/07/05 16:12:38 [LB] Selected target for function 'mab_dynamic_1783260728': target_tag=x86 candidate=VZwHpZzt8UyUuGVuiXtpw71783260729385586971 candidate_tag=x86
2026/07/05 16:12:38 [LB-Update] Node VZwHpZzt8UyUuGVuiXtpw71783260729385586971 reported 512 MB free
2026/07/05 16:12:38 [MAB] event=update_reward ts=1783260758786 policy=UCB1 function=mab_dynamic_1783260728 arm=x86 duration_ms=3.692868 warm_start=true reward=-1.306403 count=29 avg_reward=-1.233393 total_counts=44
2026/07/05 16:12:39 [LB] Compatible tag found: function=mab_dynamic_1783260728 tag=x86 arch=amd64 pattern="" ring_size=2
2026/07/05 16:12:39 [LB] Compatible tag found: function=mab_dynamic_1783260728 tag=arm arch=amd64 pattern="" ring_size=1
2026/07/05 16:12:39 [LB] Compatible tags for function 'mab_dynamic_1783260728': [x86 arm]
2026/07/05 16:12:39 [LB][MAB] event=before_select function=mab_dynamic_1783260728 compatible_tags=[x86 arm] has_context=true
2026/07/05 16:12:39 [MAB] event=arm_score ts=1783260759014 policy=UCB1 function=mab_dynamic_1783260728 arm=x86 score=-0.944406 count=29 avg_reward=-1.233393 total_counts=44
2026/07/05 16:12:39 [MAB] event=arm_score ts=1783260759014 policy=UCB1 function=mab_dynamic_1783260728 arm=arm score=-0.947529 count=15 avg_reward=-1.349348 total_counts=44
2026/07/05 16:12:39 [MAB] event=select_arm ts=1783260759014 policy=UCB1 function=mab_dynamic_1783260728 selected_arm=x86 reason=ucb_score score=-0.944406 total_counts=44 arms=[arm,x86]
2026/07/05 16:12:39 [LB][MAB] event=after_select function=mab_dynamic_1783260728 selected_tag=x86 compatible_tags=[x86 arm]
2026/07/05 16:12:39 Candidate has: 512 MB free memory. Function needs: 128 MB
2026/07/05 16:12:39 [LB] Selected target for function 'mab_dynamic_1783260728': target_tag=x86 candidate=VZwHpZzt8UyUuGVuiXtpw71783260729385586971 candidate_tag=x86
2026/07/05 16:12:39 [LB-Update] Node VZwHpZzt8UyUuGVuiXtpw71783260729385586971 reported 512 MB free
2026/07/05 16:12:39 [MAB] event=update_reward ts=1783260759019 policy=UCB1 function=mab_dynamic_1783260728 arm=x86 duration_ms=3.264264 warm_start=true reward=-1.183034 count=30 avg_reward=-1.231714 total_counts=45
2026/07/05 16:12:39 [LB] Compatible tag found: function=mab_dynamic_1783260728 tag=x86 arch=amd64 pattern="" ring_size=2
2026/07/05 16:12:39 [LB] Compatible tag found: function=mab_dynamic_1783260728 tag=arm arch=amd64 pattern="" ring_size=1
2026/07/05 16:12:39 [LB] Compatible tags for function 'mab_dynamic_1783260728': [x86 arm]
2026/07/05 16:12:39 [LB][MAB] event=before_select function=mab_dynamic_1783260728 compatible_tags=[x86 arm] has_context=true
2026/07/05 16:12:39 [MAB] event=arm_score ts=1783260759244 policy=UCB1 function=mab_dynamic_1783260728 arm=x86 score=-0.946742 count=30 avg_reward=-1.231714 total_counts=45
2026/07/05 16:12:39 [MAB] event=arm_score ts=1783260759244 policy=UCB1 function=mab_dynamic_1783260728 arm=arm score=-0.946337 count=15 avg_reward=-1.349348 total_counts=45
2026/07/05 16:12:39 [MAB] event=select_arm ts=1783260759244 policy=UCB1 function=mab_dynamic_1783260728 selected_arm=arm reason=ucb_score score=-0.946337 total_counts=45 arms=[arm,x86]
2026/07/05 16:12:39 [LB][MAB] event=after_select function=mab_dynamic_1783260728 selected_tag=arm compatible_tags=[x86 arm]
2026/07/05 16:12:39 Candidate has: 512 MB free memory. Function needs: 128 MB
2026/07/05 16:12:39 [LB] Selected target for function 'mab_dynamic_1783260728': target_tag=arm candidate=S6nkJ7Pk9WvVuQEqbDNt3F1783260743367764363 candidate_tag=arm
2026/07/05 16:12:39 [LB-Update] Node S6nkJ7Pk9WvVuQEqbDNt3F1783260743367764363 reported 512 MB free
2026/07/05 16:12:39 [MAB] event=update_reward ts=1783260759249 policy=UCB1 function=mab_dynamic_1783260728 arm=arm duration_ms=3.667468 warm_start=true reward=-1.299502 count=16 avg_reward=-1.346233 total_counts=46
2026/07/05 16:12:39 [LB] Compatible tag found: function=mab_dynamic_1783260728 tag=x86 arch=amd64 pattern="" ring_size=2
2026/07/05 16:12:39 [LB] Compatible tag found: function=mab_dynamic_1783260728 tag=arm arch=amd64 pattern="" ring_size=1
2026/07/05 16:12:39 [LB] Compatible tags for function 'mab_dynamic_1783260728': [x86 arm]
2026/07/05 16:12:39 [LB][MAB] event=before_select function=mab_dynamic_1783260728 compatible_tags=[x86 arm] has_context=true
2026/07/05 16:12:39 [MAB] event=arm_score ts=1783260759476 policy=UCB1 function=mab_dynamic_1783260728 arm=x86 score=-0.945921 count=30 avg_reward=-1.231714 total_counts=46
2026/07/05 16:12:39 [MAB] event=arm_score ts=1783260759476 policy=UCB1 function=mab_dynamic_1783260728 arm=arm score=-0.954894 count=16 avg_reward=-1.346233 total_counts=46
2026/07/05 16:12:39 [MAB] event=select_arm ts=1783260759476 policy=UCB1 function=mab_dynamic_1783260728 selected_arm=x86 reason=ucb_score score=-0.945921 total_counts=46 arms=[arm,x86]
2026/07/05 16:12:39 [LB][MAB] event=after_select function=mab_dynamic_1783260728 selected_tag=x86 compatible_tags=[x86 arm]
2026/07/05 16:12:39 Candidate has: 512 MB free memory. Function needs: 128 MB
2026/07/05 16:12:39 [LB] Selected target for function 'mab_dynamic_1783260728': target_tag=x86 candidate=VZwHpZzt8UyUuGVuiXtpw71783260729385586971 candidate_tag=x86
2026/07/05 16:12:39 [LB-Update] Node VZwHpZzt8UyUuGVuiXtpw71783260729385586971 reported 512 MB free
2026/07/05 16:12:39 [MAB] event=update_reward ts=1783260759481 policy=UCB1 function=mab_dynamic_1783260728 arm=x86 duration_ms=3.907564 warm_start=true reward=-1.362914 count=31 avg_reward=-1.235946 total_counts=47
2026/07/05 16:12:39 [LB] Compatible tag found: function=mab_dynamic_1783260728 tag=x86 arch=amd64 pattern="" ring_size=2
2026/07/05 16:12:39 [LB] Compatible tag found: function=mab_dynamic_1783260728 tag=arm arch=amd64 pattern="" ring_size=1
2026/07/05 16:12:39 [LB] Compatible tags for function 'mab_dynamic_1783260728': [x86 arm]
2026/07/05 16:12:39 [LB][MAB] event=before_select function=mab_dynamic_1783260728 compatible_tags=[x86 arm] has_context=true
2026/07/05 16:12:39 [MAB] event=arm_score ts=1783260759703 policy=UCB1 function=mab_dynamic_1783260728 arm=x86 score=-0.954012 count=31 avg_reward=-1.235946 total_counts=47
2026/07/05 16:12:39 [MAB] event=arm_score ts=1783260759703 policy=UCB1 function=mab_dynamic_1783260728 arm=arm score=-0.953797 count=16 avg_reward=-1.346233 total_counts=47
2026/07/05 16:12:39 [MAB] event=select_arm ts=1783260759703 policy=UCB1 function=mab_dynamic_1783260728 selected_arm=arm reason=ucb_score score=-0.953797 total_counts=47 arms=[arm,x86]
2026/07/05 16:12:39 [LB][MAB] event=after_select function=mab_dynamic_1783260728 selected_tag=arm compatible_tags=[x86 arm]
2026/07/05 16:12:39 Candidate has: 512 MB free memory. Function needs: 128 MB
2026/07/05 16:12:39 [LB] Selected target for function 'mab_dynamic_1783260728': target_tag=arm candidate=S6nkJ7Pk9WvVuQEqbDNt3F1783260743367764363 candidate_tag=arm
2026/07/05 16:12:39 [LB-Update] Node S6nkJ7Pk9WvVuQEqbDNt3F1783260743367764363 reported 512 MB free
2026/07/05 16:12:39 [MAB] event=update_reward ts=1783260759708 policy=UCB1 function=mab_dynamic_1783260728 arm=arm duration_ms=3.507429 warm_start=true reward=-1.254883 count=17 avg_reward=-1.340859 total_counts=48
2026/07/05 16:12:39 [LB] Compatible tag found: function=mab_dynamic_1783260728 tag=x86 arch=amd64 pattern="" ring_size=2
2026/07/05 16:12:39 [LB] Compatible tag found: function=mab_dynamic_1783260728 tag=arm arch=amd64 pattern="" ring_size=1
2026/07/05 16:12:39 [LB] Compatible tags for function 'mab_dynamic_1783260728': [x86 arm]
2026/07/05 16:12:39 [LB][MAB] event=before_select function=mab_dynamic_1783260728 compatible_tags=[x86 arm] has_context=true
2026/07/05 16:12:39 [MAB] event=arm_score ts=1783260759932 policy=UCB1 function=mab_dynamic_1783260728 arm=arm score=-0.959101 count=17 avg_reward=-1.340859 total_counts=48
2026/07/05 16:12:39 [MAB] event=arm_score ts=1783260759932 policy=UCB1 function=mab_dynamic_1783260728 arm=x86 score=-0.953242 count=31 avg_reward=-1.235946 total_counts=48
2026/07/05 16:12:39 [MAB] event=select_arm ts=1783260759932 policy=UCB1 function=mab_dynamic_1783260728 selected_arm=x86 reason=ucb_score score=-0.953242 total_counts=48 arms=[arm,x86]
2026/07/05 16:12:39 [LB][MAB] event=after_select function=mab_dynamic_1783260728 selected_tag=x86 compatible_tags=[x86 arm]
2026/07/05 16:12:39 Candidate has: 512 MB free memory. Function needs: 128 MB
2026/07/05 16:12:39 [LB] Selected target for function 'mab_dynamic_1783260728': target_tag=x86 candidate=VZwHpZzt8UyUuGVuiXtpw71783260729385586971 candidate_tag=x86
2026/07/05 16:12:39 [LB-Update] Node VZwHpZzt8UyUuGVuiXtpw71783260729385586971 reported 512 MB free
2026/07/05 16:12:39 [MAB] event=update_reward ts=1783260759937 policy=UCB1 function=mab_dynamic_1783260728 arm=x86 duration_ms=4.074763 warm_start=true reward=-1.404813 count=32 avg_reward=-1.241223 total_counts=49
2026/07/05 16:12:40 [LB] Compatible tag found: function=mab_dynamic_1783260728 tag=x86 arch=amd64 pattern="" ring_size=2
2026/07/05 16:12:40 [LB] Compatible tag found: function=mab_dynamic_1783260728 tag=arm arch=amd64 pattern="" ring_size=1
2026/07/05 16:12:40 [LB] Compatible tags for function 'mab_dynamic_1783260728': [x86 arm]
2026/07/05 16:12:40 [LB][MAB] event=before_select function=mab_dynamic_1783260728 compatible_tags=[x86 arm] has_context=true
2026/07/05 16:12:40 [MAB] event=arm_score ts=1783260760165 policy=UCB1 function=mab_dynamic_1783260728 arm=x86 score=-0.962231 count=32 avg_reward=-1.241223 total_counts=49
2026/07/05 16:12:40 [MAB] event=arm_score ts=1783260760165 policy=UCB1 function=mab_dynamic_1783260728 arm=arm score=-0.958086 count=17 avg_reward=-1.340859 total_counts=49
2026/07/05 16:12:40 [MAB] event=select_arm ts=1783260760165 policy=UCB1 function=mab_dynamic_1783260728 selected_arm=arm reason=ucb_score score=-0.958086 total_counts=49 arms=[arm,x86]
2026/07/05 16:12:40 [LB][MAB] event=after_select function=mab_dynamic_1783260728 selected_tag=arm compatible_tags=[x86 arm]
2026/07/05 16:12:40 Candidate has: 512 MB free memory. Function needs: 128 MB
2026/07/05 16:12:40 [LB] Selected target for function 'mab_dynamic_1783260728': target_tag=arm candidate=S6nkJ7Pk9WvVuQEqbDNt3F1783260743367764363 candidate_tag=arm
2026/07/05 16:12:40 [LB-Update] Node S6nkJ7Pk9WvVuQEqbDNt3F1783260743367764363 reported 512 MB free
2026/07/05 16:12:40 [MAB] event=update_reward ts=1783260760169 policy=UCB1 function=mab_dynamic_1783260728 arm=arm duration_ms=3.017493 warm_start=true reward=-1.104426 count=18 avg_reward=-1.327724 total_counts=50
2026/07/05 16:12:40 [LB] Compatible tag found: function=mab_dynamic_1783260728 tag=x86 arch=amd64 pattern="" ring_size=2
2026/07/05 16:12:40 [LB] Compatible tag found: function=mab_dynamic_1783260728 tag=arm arch=amd64 pattern="" ring_size=1
2026/07/05 16:12:40 [LB] Compatible tags for function 'mab_dynamic_1783260728': [x86 arm]
2026/07/05 16:12:40 [LB][MAB] event=before_select function=mab_dynamic_1783260728 compatible_tags=[x86 arm] has_context=true
2026/07/05 16:12:40 [MAB] event=arm_score ts=1783260760398 policy=UCB1 function=mab_dynamic_1783260728 arm=arm score=-0.954771 count=18 avg_reward=-1.327724 total_counts=50
2026/07/05 16:12:40 [MAB] event=arm_score ts=1783260760398 policy=UCB1 function=mab_dynamic_1783260728 arm=x86 score=-0.961508 count=32 avg_reward=-1.241223 total_counts=50
2026/07/05 16:12:40 [MAB] event=select_arm ts=1783260760398 policy=UCB1 function=mab_dynamic_1783260728 selected_arm=arm reason=ucb_score score=-0.954771 total_counts=50 arms=[arm,x86]
2026/07/05 16:12:40 [LB][MAB] event=after_select function=mab_dynamic_1783260728 selected_tag=arm compatible_tags=[x86 arm]
2026/07/05 16:12:40 Candidate has: 512 MB free memory. Function needs: 128 MB
2026/07/05 16:12:40 [LB] Selected target for function 'mab_dynamic_1783260728': target_tag=arm candidate=S6nkJ7Pk9WvVuQEqbDNt3F1783260743367764363 candidate_tag=arm
2026/07/05 16:12:40 [LB-Update] Node S6nkJ7Pk9WvVuQEqbDNt3F1783260743367764363 reported 512 MB free
2026/07/05 16:12:40 [MAB] event=update_reward ts=1783260760402 policy=UCB1 function=mab_dynamic_1783260728 arm=arm duration_ms=2.956935 warm_start=true reward=-1.084153 count=19 avg_reward=-1.314904 total_counts=51
2026/07/05 16:12:40 [LB] Compatible tag found: function=mab_dynamic_1783260728 tag=x86 arch=amd64 pattern="" ring_size=2
2026/07/05 16:12:40 [LB] Compatible tag found: function=mab_dynamic_1783260728 tag=arm arch=amd64 pattern="" ring_size=1
2026/07/05 16:12:40 [LB] Compatible tags for function 'mab_dynamic_1783260728': [x86 arm]
2026/07/05 16:12:40 [LB][MAB] event=before_select function=mab_dynamic_1783260728 compatible_tags=[x86 arm] has_context=true
2026/07/05 16:12:40 [MAB] event=arm_score ts=1783260760625 policy=UCB1 function=mab_dynamic_1783260728 arm=x86 score=-0.960801 count=32 avg_reward=-1.241223 total_counts=51
2026/07/05 16:12:40 [MAB] event=arm_score ts=1783260760625 policy=UCB1 function=mab_dynamic_1783260728 arm=arm score=-0.950981 count=19 avg_reward=-1.314904 total_counts=51
2026/07/05 16:12:40 [MAB] event=select_arm ts=1783260760625 policy=UCB1 function=mab_dynamic_1783260728 selected_arm=arm reason=ucb_score score=-0.950981 total_counts=51 arms=[arm,x86]
2026/07/05 16:12:40 [LB][MAB] event=after_select function=mab_dynamic_1783260728 selected_tag=arm compatible_tags=[x86 arm]
2026/07/05 16:12:40 Candidate has: 512 MB free memory. Function needs: 128 MB
2026/07/05 16:12:40 [LB] Selected target for function 'mab_dynamic_1783260728': target_tag=arm candidate=S6nkJ7Pk9WvVuQEqbDNt3F1783260743367764363 candidate_tag=arm
2026/07/05 16:12:40 [LB-Update] Node S6nkJ7Pk9WvVuQEqbDNt3F1783260743367764363 reported 512 MB free
2026/07/05 16:12:40 [MAB] event=update_reward ts=1783260760629 policy=UCB1 function=mab_dynamic_1783260728 arm=arm duration_ms=2.825684 warm_start=true reward=-1.038750 count=20 avg_reward=-1.301097 total_counts=52
2026/07/05 16:12:40 [LB] Compatible tag found: function=mab_dynamic_1783260728 tag=x86 arch=amd64 pattern="" ring_size=2
2026/07/05 16:12:40 [LB] Compatible tag found: function=mab_dynamic_1783260728 tag=arm arch=amd64 pattern="" ring_size=1
2026/07/05 16:12:40 [LB] Compatible tags for function 'mab_dynamic_1783260728': [x86 arm]
2026/07/05 16:12:40 [LB][MAB] event=before_select function=mab_dynamic_1783260728 compatible_tags=[x86 arm] has_context=true
2026/07/05 16:12:40 [MAB] event=arm_score ts=1783260760855 policy=UCB1 function=mab_dynamic_1783260728 arm=x86 score=-0.960110 count=32 avg_reward=-1.241223 total_counts=52
2026/07/05 16:12:40 [MAB] event=arm_score ts=1783260760855 policy=UCB1 function=mab_dynamic_1783260728 arm=arm score=-0.945513 count=20 avg_reward=-1.301097 total_counts=52
2026/07/05 16:12:40 [MAB] event=select_arm ts=1783260760856 policy=UCB1 function=mab_dynamic_1783260728 selected_arm=arm reason=ucb_score score=-0.945513 total_counts=52 arms=[arm,x86]
2026/07/05 16:12:40 [LB][MAB] event=after_select function=mab_dynamic_1783260728 selected_tag=arm compatible_tags=[x86 arm]
2026/07/05 16:12:40 Candidate has: 512 MB free memory. Function needs: 128 MB
2026/07/05 16:12:40 [LB] Selected target for function 'mab_dynamic_1783260728': target_tag=arm candidate=S6nkJ7Pk9WvVuQEqbDNt3F1783260743367764363 candidate_tag=arm
2026/07/05 16:12:40 [LB-Update] Node S6nkJ7Pk9WvVuQEqbDNt3F1783260743367764363 reported 512 MB free
2026/07/05 16:12:40 [MAB] event=update_reward ts=1783260760860 policy=UCB1 function=mab_dynamic_1783260728 arm=arm duration_ms=3.600787 warm_start=true reward=-1.281152 count=21 avg_reward=-1.300147 total_counts=53
2026/07/05 16:12:41 [LB] Compatible tag found: function=mab_dynamic_1783260728 tag=x86 arch=amd64 pattern="" ring_size=2
2026/07/05 16:12:41 [LB] Compatible tag found: function=mab_dynamic_1783260728 tag=arm arch=amd64 pattern="" ring_size=1
2026/07/05 16:12:41 [LB] Compatible tags for function 'mab_dynamic_1783260728': [x86 arm]
2026/07/05 16:12:41 [LB][MAB] event=before_select function=mab_dynamic_1783260728 compatible_tags=[x86 arm] has_context=true
2026/07/05 16:12:41 [MAB] event=arm_score ts=1783260761083 policy=UCB1 function=mab_dynamic_1783260728 arm=x86 score=-0.959433 count=32 avg_reward=-1.241223 total_counts=53
2026/07/05 16:12:41 [MAB] event=arm_score ts=1783260761083 policy=UCB1 function=mab_dynamic_1783260728 arm=arm score=-0.952297 count=21 avg_reward=-1.300147 total_counts=53
2026/07/05 16:12:41 [MAB] event=select_arm ts=1783260761083 policy=UCB1 function=mab_dynamic_1783260728 selected_arm=arm reason=ucb_score score=-0.952297 total_counts=53 arms=[arm,x86]
2026/07/05 16:12:41 [LB][MAB] event=after_select function=mab_dynamic_1783260728 selected_tag=arm compatible_tags=[x86 arm]
2026/07/05 16:12:41 Candidate has: 512 MB free memory. Function needs: 128 MB
2026/07/05 16:12:41 [LB] Selected target for function 'mab_dynamic_1783260728': target_tag=arm candidate=S6nkJ7Pk9WvVuQEqbDNt3F1783260743367764363 candidate_tag=arm
2026/07/05 16:12:41 [LB-Update] Node S6nkJ7Pk9WvVuQEqbDNt3F1783260743367764363 reported 512 MB free
2026/07/05 16:12:41 [MAB] event=update_reward ts=1783260761086 policy=UCB1 function=mab_dynamic_1783260728 arm=arm duration_ms=2.304643 warm_start=true reward=-0.834926 count=22 avg_reward=-1.279001 total_counts=54
2026/07/05 16:12:41 [LB] Compatible tag found: function=mab_dynamic_1783260728 tag=x86 arch=amd64 pattern="" ring_size=2
2026/07/05 16:12:41 [LB] Compatible tag found: function=mab_dynamic_1783260728 tag=arm arch=amd64 pattern="" ring_size=1
2026/07/05 16:12:41 [LB] Compatible tags for function 'mab_dynamic_1783260728': [x86 arm]
2026/07/05 16:12:41 [LB][MAB] event=before_select function=mab_dynamic_1783260728 compatible_tags=[x86 arm] has_context=true
2026/07/05 16:12:41 [MAB] event=arm_score ts=1783260761312 policy=UCB1 function=mab_dynamic_1783260728 arm=arm score=-0.938349 count=22 avg_reward=-1.279001 total_counts=54
2026/07/05 16:12:41 [MAB] event=arm_score ts=1783260761312 policy=UCB1 function=mab_dynamic_1783260728 arm=x86 score=-0.958770 count=32 avg_reward=-1.241223 total_counts=54
2026/07/05 16:12:41 [MAB] event=select_arm ts=1783260761312 policy=UCB1 function=mab_dynamic_1783260728 selected_arm=arm reason=ucb_score score=-0.938349 total_counts=54 arms=[arm,x86]
2026/07/05 16:12:41 [LB][MAB] event=after_select function=mab_dynamic_1783260728 selected_tag=arm compatible_tags=[x86 arm]
2026/07/05 16:12:41 Candidate has: 512 MB free memory. Function needs: 128 MB
2026/07/05 16:12:41 [LB] Selected target for function 'mab_dynamic_1783260728': target_tag=arm candidate=S6nkJ7Pk9WvVuQEqbDNt3F1783260743367764363 candidate_tag=arm
2026/07/05 16:12:41 [LB-Update] Node S6nkJ7Pk9WvVuQEqbDNt3F1783260743367764363 reported 512 MB free
2026/07/05 16:12:41 [MAB] event=update_reward ts=1783260761318 policy=UCB1 function=mab_dynamic_1783260728 arm=arm duration_ms=4.221604 warm_start=true reward=-1.440215 count=23 avg_reward=-1.286010 total_counts=55
2026/07/05 16:12:41 [LB]: Periodic targets update
2026/07/05 16:12:41 Found target: S6nkJ7Pk9WvVuQEqbDNt3F1783260743367764363
2026/07/05 16:12:41 Found target: VZwHpZzt8UyUuGVuiXtpw71783260729385586971
2026/07/05 16:12:41 Found target: ubQWUtZi3FeeMHLdEN8TCn1783260729385580925
2026/07/05 16:12:41 Found 3 targets
2026/07/05 16:12:41 [LB] Compatible tag found: function=mab_dynamic_1783260728 tag=x86 arch=amd64 pattern="" ring_size=2
2026/07/05 16:12:41 [LB] Compatible tag found: function=mab_dynamic_1783260728 tag=arm arch=amd64 pattern="" ring_size=1
2026/07/05 16:12:41 [LB] Compatible tags for function 'mab_dynamic_1783260728': [x86 arm]
2026/07/05 16:12:41 [LB][MAB] event=before_select function=mab_dynamic_1783260728 compatible_tags=[x86 arm] has_context=true
2026/07/05 16:12:41 [MAB] event=arm_score ts=1783260761539 policy=UCB1 function=mab_dynamic_1783260728 arm=x86 score=-0.958121 count=32 avg_reward=-1.241223 total_counts=55
2026/07/05 16:12:41 [MAB] event=arm_score ts=1783260761539 policy=UCB1 function=mab_dynamic_1783260728 arm=arm score=-0.952081 count=23 avg_reward=-1.286010 total_counts=55
2026/07/05 16:12:41 [MAB] event=select_arm ts=1783260761539 policy=UCB1 function=mab_dynamic_1783260728 selected_arm=arm reason=ucb_score score=-0.952081 total_counts=55 arms=[arm,x86]
2026/07/05 16:12:41 [LB][MAB] event=after_select function=mab_dynamic_1783260728 selected_tag=arm compatible_tags=[x86 arm]
2026/07/05 16:12:41 Candidate has: 512 MB free memory. Function needs: 128 MB
2026/07/05 16:12:41 [LB] Selected target for function 'mab_dynamic_1783260728': target_tag=arm candidate=S6nkJ7Pk9WvVuQEqbDNt3F1783260743367764363 candidate_tag=arm
2026/07/05 16:12:41 [LB-Update] Node S6nkJ7Pk9WvVuQEqbDNt3F1783260743367764363 reported 512 MB free
2026/07/05 16:12:41 [MAB] event=update_reward ts=1783260761542 policy=UCB1 function=mab_dynamic_1783260728 arm=arm duration_ms=2.096309 warm_start=true reward=-0.740178 count=24 avg_reward=-1.263267 total_counts=56
2026/07/05 16:12:41 [LB] Compatible tag found: function=mab_dynamic_1783260728 tag=x86 arch=amd64 pattern="" ring_size=2
2026/07/05 16:12:41 [LB] Compatible tag found: function=mab_dynamic_1783260728 tag=arm arch=amd64 pattern="" ring_size=1
2026/07/05 16:12:41 [LB] Compatible tags for function 'mab_dynamic_1783260728': [x86 arm]
2026/07/05 16:12:41 [LB][MAB] event=before_select function=mab_dynamic_1783260728 compatible_tags=[x86 arm] has_context=true
2026/07/05 16:12:41 [MAB] event=arm_score ts=1783260761767 policy=UCB1 function=mab_dynamic_1783260728 arm=x86 score=-0.957486 count=32 avg_reward=-1.241223 total_counts=56
2026/07/05 16:12:41 [MAB] event=arm_score ts=1783260761767 policy=UCB1 function=mab_dynamic_1783260728 arm=arm score=-0.935635 count=24 avg_reward=-1.263267 total_counts=56
2026/07/05 16:12:41 [MAB] event=select_arm ts=1783260761767 policy=UCB1 function=mab_dynamic_1783260728 selected_arm=arm reason=ucb_score score=-0.935635 total_counts=56 arms=[arm,x86]
2026/07/05 16:12:41 [LB][MAB] event=after_select function=mab_dynamic_1783260728 selected_tag=arm compatible_tags=[x86 arm]
2026/07/05 16:12:41 Candidate has: 512 MB free memory. Function needs: 128 MB
2026/07/05 16:12:41 [LB] Selected target for function 'mab_dynamic_1783260728': target_tag=arm candidate=S6nkJ7Pk9WvVuQEqbDNt3F1783260743367764363 candidate_tag=arm
2026/07/05 16:12:41 [LB-Update] Node S6nkJ7Pk9WvVuQEqbDNt3F1783260743367764363 reported 512 MB free
2026/07/05 16:12:41 [MAB] event=update_reward ts=1783260761771 policy=UCB1 function=mab_dynamic_1783260728 arm=arm duration_ms=3.653739 warm_start=true reward=-1.295751 count=25 avg_reward=-1.264566 total_counts=57
2026/07/05 16:12:41 [LB] Compatible tag found: function=mab_dynamic_1783260728 tag=x86 arch=amd64 pattern="" ring_size=2
2026/07/05 16:12:41 [LB] Compatible tag found: function=mab_dynamic_1783260728 tag=arm arch=amd64 pattern="" ring_size=1
2026/07/05 16:12:41 [LB] Compatible tags for function 'mab_dynamic_1783260728': [x86 arm]
2026/07/05 16:12:41 [LB][MAB] event=before_select function=mab_dynamic_1783260728 compatible_tags=[x86 arm] has_context=true
2026/07/05 16:12:41 [MAB] event=arm_score ts=1783260761999 policy=UCB1 function=mab_dynamic_1783260728 arm=x86 score=-0.956863 count=32 avg_reward=-1.241223 total_counts=57
2026/07/05 16:12:41 [MAB] event=arm_score ts=1783260761999 policy=UCB1 function=mab_dynamic_1783260728 arm=arm score=-0.942849 count=25 avg_reward=-1.264566 total_counts=57
2026/07/05 16:12:41 [MAB] event=select_arm ts=1783260761999 policy=UCB1 function=mab_dynamic_1783260728 selected_arm=arm reason=ucb_score score=-0.942849 total_counts=57 arms=[arm,x86]
2026/07/05 16:12:41 [LB][MAB] event=after_select function=mab_dynamic_1783260728 selected_tag=arm compatible_tags=[x86 arm]
2026/07/05 16:12:41 Candidate has: 512 MB free memory. Function needs: 128 MB
2026/07/05 16:12:41 [LB] Selected target for function 'mab_dynamic_1783260728': target_tag=arm candidate=S6nkJ7Pk9WvVuQEqbDNt3F1783260743367764363 candidate_tag=arm
2026/07/05 16:12:42 [LB-Update] Node S6nkJ7Pk9WvVuQEqbDNt3F1783260743367764363 reported 512 MB free
2026/07/05 16:12:42 [MAB] event=update_reward ts=1783260762005 policy=UCB1 function=mab_dynamic_1783260728 arm=arm duration_ms=4.587257 warm_start=true reward=-1.523282 count=26 avg_reward=-1.274517 total_counts=58
2026/07/05 16:12:42 [LB] Compatible tag found: function=mab_dynamic_1783260728 tag=x86 arch=amd64 pattern="" ring_size=2
2026/07/05 16:12:42 [LB] Compatible tag found: function=mab_dynamic_1783260728 tag=arm arch=amd64 pattern="" ring_size=1
2026/07/05 16:12:42 [LB] Compatible tags for function 'mab_dynamic_1783260728': [x86 arm]
2026/07/05 16:12:42 [LB][MAB] event=before_select function=mab_dynamic_1783260728 compatible_tags=[x86 arm] has_context=true
2026/07/05 16:12:42 [MAB] event=arm_score ts=1783260762235 policy=UCB1 function=mab_dynamic_1783260728 arm=x86 score=-0.956252 count=32 avg_reward=-1.241223 total_counts=58
2026/07/05 16:12:42 [MAB] event=arm_score ts=1783260762235 policy=UCB1 function=mab_dynamic_1783260728 arm=arm score=-0.958369 count=26 avg_reward=-1.274517 total_counts=58
2026/07/05 16:12:42 [MAB] event=select_arm ts=1783260762235 policy=UCB1 function=mab_dynamic_1783260728 selected_arm=x86 reason=ucb_score score=-0.956252 total_counts=58 arms=[arm,x86]
2026/07/05 16:12:42 [LB][MAB] event=after_select function=mab_dynamic_1783260728 selected_tag=x86 compatible_tags=[x86 arm]
2026/07/05 16:12:42 Candidate has: 512 MB free memory. Function needs: 128 MB
2026/07/05 16:12:42 [LB] Selected target for function 'mab_dynamic_1783260728': target_tag=x86 candidate=VZwHpZzt8UyUuGVuiXtpw71783260729385586971 candidate_tag=x86
2026/07/05 16:12:42 [LB-Update] Node VZwHpZzt8UyUuGVuiXtpw71783260729385586971 reported 512 MB free
2026/07/05 16:12:42 [MAB] event=update_reward ts=1783260762239 policy=UCB1 function=mab_dynamic_1783260728 arm=x86 duration_ms=3.055301 warm_start=true reward=-1.116878 count=33 avg_reward=-1.237455 total_counts=59
2026/07/05 16:12:42 [LB] Compatible tag found: function=mab_dynamic_1783260728 tag=x86 arch=amd64 pattern="" ring_size=2
2026/07/05 16:12:42 [LB] Compatible tag found: function=mab_dynamic_1783260728 tag=arm arch=amd64 pattern="" ring_size=1
2026/07/05 16:12:42 [LB] Compatible tags for function 'mab_dynamic_1783260728': [x86 arm]
2026/07/05 16:12:42 [LB][MAB] event=before_select function=mab_dynamic_1783260728 compatible_tags=[x86 arm] has_context=true
2026/07/05 16:12:42 [MAB] event=arm_score ts=1783260762468 policy=UCB1 function=mab_dynamic_1783260728 arm=arm score=-0.957704 count=26 avg_reward=-1.274517 total_counts=59
2026/07/05 16:12:42 [MAB] event=arm_score ts=1783260762468 policy=UCB1 function=mab_dynamic_1783260728 arm=x86 score=-0.956244 count=33 avg_reward=-1.237455 total_counts=59
2026/07/05 16:12:42 [MAB] event=select_arm ts=1783260762468 policy=UCB1 function=mab_dynamic_1783260728 selected_arm=x86 reason=ucb_score score=-0.956244 total_counts=59 arms=[arm,x86]
2026/07/05 16:12:42 [LB][MAB] event=after_select function=mab_dynamic_1783260728 selected_tag=x86 compatible_tags=[x86 arm]
2026/07/05 16:12:42 Candidate has: 512 MB free memory. Function needs: 128 MB
2026/07/05 16:12:42 [LB] Selected target for function 'mab_dynamic_1783260728': target_tag=x86 candidate=VZwHpZzt8UyUuGVuiXtpw71783260729385586971 candidate_tag=x86
2026/07/05 16:12:42 [LB-Update] Node VZwHpZzt8UyUuGVuiXtpw71783260729385586971 reported 512 MB free
2026/07/05 16:12:42 [MAB] event=update_reward ts=1783260762474 policy=UCB1 function=mab_dynamic_1783260728 arm=x86 duration_ms=4.162407 warm_start=true reward=-1.426094 count=34 avg_reward=-1.243003 total_counts=60
2026/07/05 16:12:42 [LB] Compatible tag found: function=mab_dynamic_1783260728 tag=x86 arch=amd64 pattern="" ring_size=2
2026/07/05 16:12:42 [LB] Compatible tag found: function=mab_dynamic_1783260728 tag=arm arch=amd64 pattern="" ring_size=1
2026/07/05 16:12:42 [LB] Compatible tags for function 'mab_dynamic_1783260728': [x86 arm]
2026/07/05 16:12:42 [LB][MAB] event=before_select function=mab_dynamic_1783260728 compatible_tags=[x86 arm] has_context=true
2026/07/05 16:12:42 [MAB] event=arm_score ts=1783260762691 policy=UCB1 function=mab_dynamic_1783260728 arm=x86 score=-0.965389 count=34 avg_reward=-1.243003 total_counts=60
2026/07/05 16:12:42 [MAB] event=arm_score ts=1783260762691 policy=UCB1 function=mab_dynamic_1783260728 arm=arm score=-0.957052 count=26 avg_reward=-1.274517 total_counts=60
2026/07/05 16:12:42 [MAB] event=select_arm ts=1783260762691 policy=UCB1 function=mab_dynamic_1783260728 selected_arm=arm reason=ucb_score score=-0.957052 total_counts=60 arms=[arm,x86]
2026/07/05 16:12:42 [LB][MAB] event=after_select function=mab_dynamic_1783260728 selected_tag=arm compatible_tags=[x86 arm]
2026/07/05 16:12:42 Candidate has: 512 MB free memory. Function needs: 128 MB
2026/07/05 16:12:42 [LB] Selected target for function 'mab_dynamic_1783260728': target_tag=arm candidate=S6nkJ7Pk9WvVuQEqbDNt3F1783260743367764363 candidate_tag=arm
2026/07/05 16:12:42 [LB-Update] Node S6nkJ7Pk9WvVuQEqbDNt3F1783260743367764363 reported 512 MB free
2026/07/05 16:12:42 [MAB] event=update_reward ts=1783260762695 policy=UCB1 function=mab_dynamic_1783260728 arm=arm duration_ms=2.815462 warm_start=true reward=-1.035126 count=27 avg_reward=-1.265651 total_counts=61
2026/07/05 16:12:42 [LB] Compatible tag found: function=mab_dynamic_1783260728 tag=x86 arch=amd64 pattern="" ring_size=2
2026/07/05 16:12:42 [LB] Compatible tag found: function=mab_dynamic_1783260728 tag=arm arch=amd64 pattern="" ring_size=1
2026/07/05 16:12:42 [LB] Compatible tags for function 'mab_dynamic_1783260728': [x86 arm]
2026/07/05 16:12:42 [LB][MAB] event=before_select function=mab_dynamic_1783260728 compatible_tags=[x86 arm] has_context=true
2026/07/05 16:12:42 [MAB] event=arm_score ts=1783260762909 policy=UCB1 function=mab_dynamic_1783260728 arm=x86 score=-0.964829 count=34 avg_reward=-1.243003 total_counts=61
2026/07/05 16:12:42 [MAB] event=arm_score ts=1783260762909 policy=UCB1 function=mab_dynamic_1783260728 arm=arm score=-0.953492 count=27 avg_reward=-1.265651 total_counts=61
2026/07/05 16:12:42 [MAB] event=select_arm ts=1783260762909 policy=UCB1 function=mab_dynamic_1783260728 selected_arm=arm reason=ucb_score score=-0.953492 total_counts=61 arms=[arm,x86]
2026/07/05 16:12:42 [LB][MAB] event=after_select function=mab_dynamic_1783260728 selected_tag=arm compatible_tags=[x86 arm]
2026/07/05 16:12:42 Candidate has: 512 MB free memory. Function needs: 128 MB
2026/07/05 16:12:42 [LB] Selected target for function 'mab_dynamic_1783260728': target_tag=arm candidate=S6nkJ7Pk9WvVuQEqbDNt3F1783260743367764363 candidate_tag=arm
2026/07/05 16:12:42 [LB-Update] Node S6nkJ7Pk9WvVuQEqbDNt3F1783260743367764363 reported 512 MB free
2026/07/05 16:12:42 [MAB] event=update_reward ts=1783260762911 policy=UCB1 function=mab_dynamic_1783260728 arm=arm duration_ms=1.817498 warm_start=true reward=-0.597461 count=28 avg_reward=-1.241787 total_counts=62
2026/07/05 16:12:43 [LB] Compatible tag found: function=mab_dynamic_1783260728 tag=x86 arch=amd64 pattern="" ring_size=2
2026/07/05 16:12:43 [LB] Compatible tag found: function=mab_dynamic_1783260728 tag=arm arch=amd64 pattern="" ring_size=1
2026/07/05 16:12:43 [LB] Compatible tags for function 'mab_dynamic_1783260728': [x86 arm]
2026/07/05 16:12:43 [LB][MAB] event=before_select function=mab_dynamic_1783260728 compatible_tags=[x86 arm] has_context=true
2026/07/05 16:12:43 [MAB] event=arm_score ts=1783260763138 policy=UCB1 function=mab_dynamic_1783260728 arm=x86 score=-0.964279 count=34 avg_reward=-1.243003 total_counts=62
2026/07/05 16:12:43 [MAB] event=arm_score ts=1783260763138 policy=UCB1 function=mab_dynamic_1783260728 arm=arm score=-0.934647 count=28 avg_reward=-1.241787 total_counts=62
2026/07/05 16:12:43 [MAB] event=select_arm ts=1783260763138 policy=UCB1 function=mab_dynamic_1783260728 selected_arm=arm reason=ucb_score score=-0.934647 total_counts=62 arms=[arm,x86]
2026/07/05 16:12:43 [LB][MAB] event=after_select function=mab_dynamic_1783260728 selected_tag=arm compatible_tags=[x86 arm]
2026/07/05 16:12:43 Candidate has: 512 MB free memory. Function needs: 128 MB
2026/07/05 16:12:43 [LB] Selected target for function 'mab_dynamic_1783260728': target_tag=arm candidate=S6nkJ7Pk9WvVuQEqbDNt3F1783260743367764363 candidate_tag=arm
2026/07/05 16:12:43 [LB-Update] Node S6nkJ7Pk9WvVuQEqbDNt3F1783260743367764363 reported 512 MB free
2026/07/05 16:12:43 [MAB] event=update_reward ts=1783260763142 policy=UCB1 function=mab_dynamic_1783260728 arm=arm duration_ms=2.723161 warm_start=true reward=-1.001793 count=29 avg_reward=-1.233511 total_counts=63
