2026/07/05 16:12:23 Local node id: (ROME)S6nkJ7Pk9WvVuQEqbDNt3F1783260743367764363 - arm (arch: amd64)
2026/07/05 16:12:23 Registration for node: (ROME)S6nkJ7Pk9WvVuQEqbDNt3F1783260743367764363 - arm
2026/07/05 16:12:23 Connecting to etcd
2026/07/05 16:12:23 Connected to etcd
2026/07/05 16:12:23 etcd connection state: READY
2026/07/05 16:12:23 etcd: connected and ready
2026/07/05 16:12:23 Registering to etcd: registry/ROME/arm/S6nkJ7Pk9WvVuQEqbDNt3F1783260743367764363
2026/07/05 16:12:23 Configured scheduling policy: default
2026/07/05 16:12:23 Configured offloading policy: disable
2026/07/05 16:12:23 Current resources: [CPUs: 0.000000/32.000000 - Mem: 0(+0 warm)/512]
2026/07/05 16:12:23 Scheduler started.
2026/07/05 16:12:23 No remote area is configured; vertical offloading disabled
2026/07/05 16:12:23 UDP server up and listening on port 9876
⇨ http server started on [::]:1323
2026/07/05 16:12:31 Container 2b4299cf81a1a9c3a7116c5785cf49ba5f3d273e7027b658e68e679d13b5ff70 has name /focused_fermat
2026/07/05 16:12:31 [mab_dynamic_1783260728] Executing on container: 2b4299cf81a1a9c3a7116c5785cf49ba5f3d273e7027b658e68e679d13b5ff70
2026/07/05 16:12:32 Using warm 2b4299cf81a1a9c3a7116c5785cf49ba5f3d273e7027b658e68e679d13b5ff70 for mab_dynamic_1783260728. Now: [CPUs: 0.000000/32.000000 - Mem: 128(+0 warm)/512]
2026/07/05 16:12:32 [mab_dynamic_1783260728] Executing on container: 2b4299cf81a1a9c3a7116c5785cf49ba5f3d273e7027b658e68e679d13b5ff70
2026/07/05 16:12:32 Using warm 2b4299cf81a1a9c3a7116c5785cf49ba5f3d273e7027b658e68e679d13b5ff70 for mab_dynamic_1783260728. Now: [CPUs: 0.000000/32.000000 - Mem: 128(+0 warm)/512]
2026/07/05 16:12:32 [mab_dynamic_1783260728] Executing on container: 2b4299cf81a1a9c3a7116c5785cf49ba5f3d273e7027b658e68e679d13b5ff70
2026/07/05 16:12:32 Using warm 2b4299cf81a1a9c3a7116c5785cf49ba5f3d273e7027b658e68e679d13b5ff70 for mab_dynamic_1783260728. Now: [CPUs: 0.000000/32.000000 - Mem: 128(+0 warm)/512]
2026/07/05 16:12:32 [mab_dynamic_1783260728] Executing on container: 2b4299cf81a1a9c3a7116c5785cf49ba5f3d273e7027b658e68e679d13b5ff70
2026/07/05 16:12:32 Using warm 2b4299cf81a1a9c3a7116c5785cf49ba5f3d273e7027b658e68e679d13b5ff70 for mab_dynamic_1783260728. Now: [CPUs: 0.000000/32.000000 - Mem: 128(+0 warm)/512]
2026/07/05 16:12:32 [mab_dynamic_1783260728] Executing on container: 2b4299cf81a1a9c3a7116c5785cf49ba5f3d273e7027b658e68e679d13b5ff70
2026/07/05 16:12:32 Using warm 2b4299cf81a1a9c3a7116c5785cf49ba5f3d273e7027b658e68e679d13b5ff70 for mab_dynamic_1783260728. Now: [CPUs: 0.000000/32.000000 - Mem: 128(+0 warm)/512]
2026/07/05 16:12:32 [mab_dynamic_1783260728] Executing on container: 2b4299cf81a1a9c3a7116c5785cf49ba5f3d273e7027b658e68e679d13b5ff70
2026/07/05 16:12:33 Using warm 2b4299cf81a1a9c3a7116c5785cf49ba5f3d273e7027b658e68e679d13b5ff70 for mab_dynamic_1783260728. Now: [CPUs: 0.000000/32.000000 - Mem: 128(+0 warm)/512]
2026/07/05 16:12:33 [mab_dynamic_1783260728] Executing on container: 2b4299cf81a1a9c3a7116c5785cf49ba5f3d273e7027b658e68e679d13b5ff70
2026/07/05 16:12:34 Using warm 2b4299cf81a1a9c3a7116c5785cf49ba5f3d273e7027b658e68e679d13b5ff70 for mab_dynamic_1783260728. Now: [CPUs: 0.000000/32.000000 - Mem: 128(+0 warm)/512]
2026/07/05 16:12:34 [mab_dynamic_1783260728] Executing on container: 2b4299cf81a1a9c3a7116c5785cf49ba5f3d273e7027b658e68e679d13b5ff70
2026/07/05 16:12:35 Using warm 2b4299cf81a1a9c3a7116c5785cf49ba5f3d273e7027b658e68e679d13b5ff70 for mab_dynamic_1783260728. Now: [CPUs: 0.000000/32.000000 - Mem: 128(+0 warm)/512]
2026/07/05 16:12:35 [mab_dynamic_1783260728] Executing on container: 2b4299cf81a1a9c3a7116c5785cf49ba5f3d273e7027b658e68e679d13b5ff70
2026/07/05 16:12:35 Using warm 2b4299cf81a1a9c3a7116c5785cf49ba5f3d273e7027b658e68e679d13b5ff70 for mab_dynamic_1783260728. Now: [CPUs: 0.000000/32.000000 - Mem: 128(+0 warm)/512]
2026/07/05 16:12:35 [mab_dynamic_1783260728] Executing on container: 2b4299cf81a1a9c3a7116c5785cf49ba5f3d273e7027b658e68e679d13b5ff70
2026/07/05 16:12:35 Using warm 2b4299cf81a1a9c3a7116c5785cf49ba5f3d273e7027b658e68e679d13b5ff70 for mab_dynamic_1783260728. Now: [CPUs: 0.000000/32.000000 - Mem: 128(+0 warm)/512]
2026/07/05 16:12:35 [mab_dynamic_1783260728] Executing on container: 2b4299cf81a1a9c3a7116c5785cf49ba5f3d273e7027b658e68e679d13b5ff70
2026/07/05 16:12:36 Using warm 2b4299cf81a1a9c3a7116c5785cf49ba5f3d273e7027b658e68e679d13b5ff70 for mab_dynamic_1783260728. Now: [CPUs: 0.000000/32.000000 - Mem: 128(+0 warm)/512]
2026/07/05 16:12:36 [mab_dynamic_1783260728] Executing on container: 2b4299cf81a1a9c3a7116c5785cf49ba5f3d273e7027b658e68e679d13b5ff70
2026/07/05 16:12:37 Using warm 2b4299cf81a1a9c3a7116c5785cf49ba5f3d273e7027b658e68e679d13b5ff70 for mab_dynamic_1783260728. Now: [CPUs: 0.000000/32.000000 - Mem: 128(+0 warm)/512]
2026/07/05 16:12:37 [mab_dynamic_1783260728] Executing on container: 2b4299cf81a1a9c3a7116c5785cf49ba5f3d273e7027b658e68e679d13b5ff70
2026/07/05 16:12:37 Using warm 2b4299cf81a1a9c3a7116c5785cf49ba5f3d273e7027b658e68e679d13b5ff70 for mab_dynamic_1783260728. Now: [CPUs: 0.000000/32.000000 - Mem: 128(+0 warm)/512]
2026/07/05 16:12:37 [mab_dynamic_1783260728] Executing on container: 2b4299cf81a1a9c3a7116c5785cf49ba5f3d273e7027b658e68e679d13b5ff70
2026/07/05 16:12:37 Using warm 2b4299cf81a1a9c3a7116c5785cf49ba5f3d273e7027b658e68e679d13b5ff70 for mab_dynamic_1783260728. Now: [CPUs: 0.000000/32.000000 - Mem: 128(+0 warm)/512]
2026/07/05 16:12:37 [mab_dynamic_1783260728] Executing on container: 2b4299cf81a1a9c3a7116c5785cf49ba5f3d273e7027b658e68e679d13b5ff70
2026/07/05 16:12:38 Using warm 2b4299cf81a1a9c3a7116c5785cf49ba5f3d273e7027b658e68e679d13b5ff70 for mab_dynamic_1783260728. Now: [CPUs: 0.000000/32.000000 - Mem: 128(+0 warm)/512]
2026/07/05 16:12:38 [mab_dynamic_1783260728] Executing on container: 2b4299cf81a1a9c3a7116c5785cf49ba5f3d273e7027b658e68e679d13b5ff70
2026/07/05 16:12:39 Using warm 2b4299cf81a1a9c3a7116c5785cf49ba5f3d273e7027b658e68e679d13b5ff70 for mab_dynamic_1783260728. Now: [CPUs: 0.000000/32.000000 - Mem: 128(+0 warm)/512]
2026/07/05 16:12:39 [mab_dynamic_1783260728] Executing on container: 2b4299cf81a1a9c3a7116c5785cf49ba5f3d273e7027b658e68e679d13b5ff70
2026/07/05 16:12:39 Using warm 2b4299cf81a1a9c3a7116c5785cf49ba5f3d273e7027b658e68e679d13b5ff70 for mab_dynamic_1783260728. Now: [CPUs: 0.000000/32.000000 - Mem: 128(+0 warm)/512]
2026/07/05 16:12:39 [mab_dynamic_1783260728] Executing on container: 2b4299cf81a1a9c3a7116c5785cf49ba5f3d273e7027b658e68e679d13b5ff70
2026/07/05 16:12:40 Using warm 2b4299cf81a1a9c3a7116c5785cf49ba5f3d273e7027b658e68e679d13b5ff70 for mab_dynamic_1783260728. Now: [CPUs: 0.000000/32.000000 - Mem: 128(+0 warm)/512]
2026/07/05 16:12:40 [mab_dynamic_1783260728] Executing on container: 2b4299cf81a1a9c3a7116c5785cf49ba5f3d273e7027b658e68e679d13b5ff70
2026/07/05 16:12:40 Using warm 2b4299cf81a1a9c3a7116c5785cf49ba5f3d273e7027b658e68e679d13b5ff70 for mab_dynamic_1783260728. Now: [CPUs: 0.000000/32.000000 - Mem: 128(+0 warm)/512]
2026/07/05 16:12:40 [mab_dynamic_1783260728] Executing on container: 2b4299cf81a1a9c3a7116c5785cf49ba5f3d273e7027b658e68e679d13b5ff70
2026/07/05 16:12:40 Using warm 2b4299cf81a1a9c3a7116c5785cf49ba5f3d273e7027b658e68e679d13b5ff70 for mab_dynamic_1783260728. Now: [CPUs: 0.000000/32.000000 - Mem: 128(+0 warm)/512]
2026/07/05 16:12:40 [mab_dynamic_1783260728] Executing on container: 2b4299cf81a1a9c3a7116c5785cf49ba5f3d273e7027b658e68e679d13b5ff70
2026/07/05 16:12:40 Using warm 2b4299cf81a1a9c3a7116c5785cf49ba5f3d273e7027b658e68e679d13b5ff70 for mab_dynamic_1783260728. Now: [CPUs: 0.000000/32.000000 - Mem: 128(+0 warm)/512]
2026/07/05 16:12:40 [mab_dynamic_1783260728] Executing on container: 2b4299cf81a1a9c3a7116c5785cf49ba5f3d273e7027b658e68e679d13b5ff70
2026/07/05 16:12:41 Using warm 2b4299cf81a1a9c3a7116c5785cf49ba5f3d273e7027b658e68e679d13b5ff70 for mab_dynamic_1783260728. Now: [CPUs: 0.000000/32.000000 - Mem: 128(+0 warm)/512]
2026/07/05 16:12:41 [mab_dynamic_1783260728] Executing on container: 2b4299cf81a1a9c3a7116c5785cf49ba5f3d273e7027b658e68e679d13b5ff70
2026/07/05 16:12:41 Using warm 2b4299cf81a1a9c3a7116c5785cf49ba5f3d273e7027b658e68e679d13b5ff70 for mab_dynamic_1783260728. Now: [CPUs: 0.000000/32.000000 - Mem: 128(+0 warm)/512]
2026/07/05 16:12:41 [mab_dynamic_1783260728] Executing on container: 2b4299cf81a1a9c3a7116c5785cf49ba5f3d273e7027b658e68e679d13b5ff70
2026/07/05 16:12:41 Using warm 2b4299cf81a1a9c3a7116c5785cf49ba5f3d273e7027b658e68e679d13b5ff70 for mab_dynamic_1783260728. Now: [CPUs: 0.000000/32.000000 - Mem: 128(+0 warm)/512]
2026/07/05 16:12:41 [mab_dynamic_1783260728] Executing on container: 2b4299cf81a1a9c3a7116c5785cf49ba5f3d273e7027b658e68e679d13b5ff70
2026/07/05 16:12:41 Using warm 2b4299cf81a1a9c3a7116c5785cf49ba5f3d273e7027b658e68e679d13b5ff70 for mab_dynamic_1783260728. Now: [CPUs: 0.000000/32.000000 - Mem: 128(+0 warm)/512]
2026/07/05 16:12:41 [mab_dynamic_1783260728] Executing on container: 2b4299cf81a1a9c3a7116c5785cf49ba5f3d273e7027b658e68e679d13b5ff70
2026/07/05 16:12:42 Using warm 2b4299cf81a1a9c3a7116c5785cf49ba5f3d273e7027b658e68e679d13b5ff70 for mab_dynamic_1783260728. Now: [CPUs: 0.000000/32.000000 - Mem: 128(+0 warm)/512]
2026/07/05 16:12:42 [mab_dynamic_1783260728] Executing on container: 2b4299cf81a1a9c3a7116c5785cf49ba5f3d273e7027b658e68e679d13b5ff70
2026/07/05 16:12:42 Using warm 2b4299cf81a1a9c3a7116c5785cf49ba5f3d273e7027b658e68e679d13b5ff70 for mab_dynamic_1783260728. Now: [CPUs: 0.000000/32.000000 - Mem: 128(+0 warm)/512]
2026/07/05 16:12:42 [mab_dynamic_1783260728] Executing on container: 2b4299cf81a1a9c3a7116c5785cf49ba5f3d273e7027b658e68e679d13b5ff70
2026/07/05 16:12:42 Using warm 2b4299cf81a1a9c3a7116c5785cf49ba5f3d273e7027b658e68e679d13b5ff70 for mab_dynamic_1783260728. Now: [CPUs: 0.000000/32.000000 - Mem: 128(+0 warm)/512]
2026/07/05 16:12:42 [mab_dynamic_1783260728] Executing on container: 2b4299cf81a1a9c3a7116c5785cf49ba5f3d273e7027b658e68e679d13b5ff70
2026/07/05 16:12:43 Using warm 2b4299cf81a1a9c3a7116c5785cf49ba5f3d273e7027b658e68e679d13b5ff70 for mab_dynamic_1783260728. Now: [CPUs: 0.000000/32.000000 - Mem: 128(+0 warm)/512]
2026/07/05 16:12:43 [mab_dynamic_1783260728] Executing on container: 2b4299cf81a1a9c3a7116c5785cf49ba5f3d273e7027b658e68e679d13b5ff70
