{
	"Success": true,
	"Result": "\"\"",
	"ResponseTime": 2.012172709,
	"IsWarmStart": true,
	"InitTime": 0.000036816,
	"QueueingTime": 0,
	"OffloadLatency": 0,
	"Duration": 2.005179292,
	"Output": "\n",
	"ExecutionArea": "PROFILE_TEST",
	"ExecutionNode": "profiling-node-20260804_120501",
	"ResourceProfile": {
		"Enabled": true,
		"Collected": true,
		"Valid": true,
		"InvalidReason": "",
		"ContainerID": "7bc0cbf8ce45478a2d53671cf529916b8d528899d2c9906dbba2608f8e1eb9bc",
		"ExclusiveContainer": true,
		"MaxConcurrency": 1,
		"ProfilingLockWaitMs": 0.000094,
		"CPUUsageTotalDeltaNs": 4125000,
		"CPUUsageUserDeltaNs": 4093000,
		"CPUUsageKernelDeltaNs": 32000,
		"CPUThrottledTimeDeltaNs": 0,
		"CPUThrottledPeriodsDelta": 0,
		"OnlineCPUs": 32,
		"UtilizedCPUs": 0.0020571726510728396,
		"MemoryUsageBeforeBytes": 15183872,
		"MemoryUsageAfterBytes": 15495168,
		"MemoryUsageDeltaBytes": 311296,
		"MemoryLimitBytes": 134217728,
		"PageFaultsDelta": 16,
		"MajorPageFaultsDelta": 0,
		"PageFaultsAvailable": true,
		"MajorPageFaultsAvailable": true,
		"BlockReadBytesDelta": 0,
		"BlockWriteBytesDelta": 0,
		"BlockReadOpsDelta": 0,
		"BlockWriteOpsDelta": 0,
		"BlockIOAvailable": true,
		"BlockIOBytesAvailable": true,
		"BlockIOOpsAvailable": false,
		"NetworkRxBytesDelta": 2638,
		"NetworkTxBytesDelta": 597,
		"NetworkAvailable": true,
		"PIDsBefore": 1,
		"PIDsAfter": 1,
		"ExecutionWallTimeMs": 2005.179292,
		"ProfilingStartOverheadMs": 3.544138,
		"ProfilingEndOverheadMs": 3.396965,
		"ProfilingTotalOverheadMs": 6.941103
	}
}
