{
	"Success": true,
	"Result": "\"\"",
	"ResponseTime": 2.012091448,
	"IsWarmStart": true,
	"InitTime": 0.000044111,
	"QueueingTime": 0,
	"OffloadLatency": 0,
	"Duration": 2.005465911,
	"Output": "\n",
	"ExecutionArea": "PROFILE_TEST",
	"ExecutionNode": "profiling-node-20260804_120501",
	"ResourceProfile": {
		"Enabled": true,
		"Collected": true,
		"Valid": true,
		"InvalidReason": "",
		"ContainerID": "9f72c6ae45ea8c32665185cea4d48a04c76823f8aede78dd63d427c8d2fb790a",
		"ExclusiveContainer": true,
		"MaxConcurrency": 1,
		"ProfilingLockWaitMs": 0.00009,
		"CPUUsageTotalDeltaNs": 4309000,
		"CPUUsageUserDeltaNs": 2429000,
		"CPUUsageKernelDeltaNs": 1880000,
		"CPUThrottledTimeDeltaNs": 0,
		"CPUThrottledPeriodsDelta": 0,
		"OnlineCPUs": 32,
		"UtilizedCPUs": 0.002148627895575334,
		"MemoryUsageBeforeBytes": 15953920,
		"MemoryUsageAfterBytes": 15704064,
		"MemoryUsageDeltaBytes": -249856,
		"MemoryLimitBytes": 134217728,
		"PageFaultsDelta": 16,
		"MajorPageFaultsDelta": 0,
		"PageFaultsAvailable": true,
		"MajorPageFaultsAvailable": true,
		"BlockReadBytesDelta": 0,
		"BlockWriteBytesDelta": 0,
		"BlockReadOpsDelta": 0,
		"BlockWriteOpsDelta": 0,
		"BlockIOAvailable": false,
		"BlockIOBytesAvailable": false,
		"BlockIOOpsAvailable": false,
		"NetworkRxBytesDelta": 2638,
		"NetworkTxBytesDelta": 597,
		"NetworkAvailable": true,
		"PIDsBefore": 1,
		"PIDsAfter": 1,
		"ExecutionWallTimeMs": 2005.465911,
		"ProfilingStartOverheadMs": 3.356392,
		"ProfilingEndOverheadMs": 3.202683,
		"ProfilingTotalOverheadMs": 6.559075
	}
}
