2026/08/04 12:05:02 Local node id: (PROFILE_TEST)profiling-node-20260804_120501 - profiling-test (arch: amd64)
2026/08/04 12:05:02 Registration for node: (PROFILE_TEST)profiling-node-20260804_120501 - profiling-test
2026/08/04 12:05:02 Connecting to etcd
2026/08/04 12:05:02 Connected to etcd
2026/08/04 12:05:02 etcd connection state: READY
2026/08/04 12:05:02 etcd: connected and ready
2026/08/04 12:05:02 Registering to etcd: registry/PROFILE_TEST/profiling-test/profiling-node-20260804_120501
2026/08/04 12:05:02 Configured scheduling policy: default
2026/08/04 12:05:02 Configured offloading policy: disable
2026/08/04 12:05:02 Current resources: [CPUs: 0.000000/8.000000 - Mem: 0(+0 warm)/768]
2026/08/04 12:05:02 Scheduler started.
2026/08/04 12:05:02 No remote area is configured; vertical offloading disabled
2026/08/04 12:05:02 UDP server up and listening on port 9899
⇨ http server started on [::]:1333
2026/08/04 12:05:03 New request: creation of profiling_same_container_20260804_120501
2026/08/04 12:05:03 Container 9d112274b0213aae18acd42098a89c813b8c14d958605cb0a47eae65a571c909 has name /serene_beaver
2026/08/04 12:05:04 Using warm 9d112274b0213aae18acd42098a89c813b8c14d958605cb0a47eae65a571c909 for profiling_same_container_20260804_120501. Now: [CPUs: 0.000000/8.000000 - Mem: 128(+0 warm)/768]
2026/08/04 12:05:04 [profiling_same_container_20260804_120501] Executing on container: 9d112274b0213aae18acd42098a89c813b8c14d958605cb0a47eae65a571c909
2026/08/04 12:05:04 Re-Using busy 9d112274b0213aae18acd42098a89c813b8c14d958605cb0a47eae65a571c909 for profiling_same_container_20260804_120501. 
2026/08/04 12:05:04 [profiling_same_container_20260804_120501] Executing on container: 9d112274b0213aae18acd42098a89c813b8c14d958605cb0a47eae65a571c909
2026/08/04 12:05:04 Re-Using busy 9d112274b0213aae18acd42098a89c813b8c14d958605cb0a47eae65a571c909 for profiling_same_container_20260804_120501. 
2026/08/04 12:05:04 [profiling_same_container_20260804_120501] Executing on container: 9d112274b0213aae18acd42098a89c813b8c14d958605cb0a47eae65a571c909
2026/08/04 12:05:04 Re-Using busy 9d112274b0213aae18acd42098a89c813b8c14d958605cb0a47eae65a571c909 for profiling_same_container_20260804_120501. 
2026/08/04 12:05:04 [profiling_same_container_20260804_120501] Executing on container: 9d112274b0213aae18acd42098a89c813b8c14d958605cb0a47eae65a571c909
2026/08/04 12:05:06 [PROFILING] event=invocation_resource_profile ts=1785837906686 request_id="profiling_same_container_20260804_120501--test674453969" function=profiling_same_container_20260804_120501 machine_tag=profiling-test node=profiling-node-20260804_120501 container_id=9d112274b0213aae18acd42098a89c813b8c14d958605cb0a47eae65a571c909 warm_start=true collected=true valid=true invalid_reason="" exclusive_container=true max_concurrency=4 profiling_lock_wait_ms=0.000189 execution_wall_time_ms=2006.188422 profiling_start_overhead_ms=2.425275 profiling_end_overhead_ms=3.014580 profiling_total_overhead_ms=5.439855 cpu_total_delta_ns=3949000 cpu_user_delta_ns=3945000 cpu_kernel_delta_ns=4000 cpu_throttled_time_delta_ns=0 cpu_throttled_periods_delta=0 online_cpus=32 utilized_cpus=0.001968 memory_before_bytes=28184576 memory_after_bytes=28147712 memory_delta_bytes=-36864 memory_limit_bytes=134217728 page_faults_available=true page_faults_delta=19 major_page_faults_available=true major_page_faults_delta=2 block_io_available=true block_io_bytes_available=true block_io_ops_available=false block_read_bytes_delta=49152 block_write_bytes_delta=0 block_read_ops_delta=0 block_write_ops_delta=0 network_available=true network_rx_bytes_delta=3146 network_tx_bytes_delta=663 pids_before=1 pids_after=1
2026/08/04 12:05:08 [PROFILING] event=invocation_resource_profile ts=1785837908697 request_id="profiling_same_container_20260804_120501--test675143518" function=profiling_same_container_20260804_120501 machine_tag=profiling-test node=profiling-node-20260804_120501 container_id=9d112274b0213aae18acd42098a89c813b8c14d958605cb0a47eae65a571c909 warm_start=true collected=true valid=true invalid_reason="" exclusive_container=true max_concurrency=4 profiling_lock_wait_ms=2011.082046 execution_wall_time_ms=2003.555544 profiling_start_overhead_ms=2.946492 profiling_end_overhead_ms=4.184590 profiling_total_overhead_ms=7.131082 cpu_total_delta_ns=2454000 cpu_user_delta_ns=1372000 cpu_kernel_delta_ns=1081000 cpu_throttled_time_delta_ns=0 cpu_throttled_periods_delta=0 online_cpus=32 utilized_cpus=0.001225 memory_before_bytes=28147712 memory_after_bytes=27996160 memory_delta_bytes=-151552 memory_limit_bytes=134217728 page_faults_available=true page_faults_delta=6 major_page_faults_available=true major_page_faults_delta=0 block_io_available=true block_io_bytes_available=true block_io_ops_available=false block_read_bytes_delta=0 block_write_bytes_delta=0 block_read_ops_delta=0 block_write_ops_delta=0 network_available=true network_rx_bytes_delta=1834 network_tx_bytes_delta=513 pids_before=1 pids_after=1
2026/08/04 12:05:10 [PROFILING] event=invocation_resource_profile ts=1785837910709 request_id="profiling_same_container_20260804_120501--test675990936" function=profiling_same_container_20260804_120501 machine_tag=profiling-test node=profiling-node-20260804_120501 container_id=9d112274b0213aae18acd42098a89c813b8c14d958605cb0a47eae65a571c909 warm_start=true collected=true valid=true invalid_reason="" exclusive_container=true max_concurrency=4 profiling_lock_wait_ms=4021.026526 execution_wall_time_ms=2004.176152 profiling_start_overhead_ms=3.289941 profiling_end_overhead_ms=5.100205 profiling_total_overhead_ms=8.390146 cpu_total_delta_ns=2594000 cpu_user_delta_ns=2469000 cpu_kernel_delta_ns=126000 cpu_throttled_time_delta_ns=0 cpu_throttled_periods_delta=0 online_cpus=32 utilized_cpus=0.001294 memory_before_bytes=27983872 memory_after_bytes=28741632 memory_delta_bytes=757760 memory_limit_bytes=134217728 page_faults_available=true page_faults_delta=7 major_page_faults_available=true major_page_faults_delta=0 block_io_available=true block_io_bytes_available=true block_io_ops_available=false block_read_bytes_delta=0 block_write_bytes_delta=1794048 block_read_ops_delta=0 block_write_ops_delta=0 network_available=true network_rx_bytes_delta=1561 network_tx_bytes_delta=579 pids_before=1 pids_after=1
2026/08/04 12:05:12 [PROFILING] event=invocation_resource_profile ts=1785837912720 request_id="profiling_same_container_20260804_120501--test676431233" function=profiling_same_container_20260804_120501 machine_tag=profiling-test node=profiling-node-20260804_120501 container_id=9d112274b0213aae18acd42098a89c813b8c14d958605cb0a47eae65a571c909 warm_start=true collected=true valid=true invalid_reason="" exclusive_container=true max_concurrency=4 profiling_lock_wait_ms=6033.271947 execution_wall_time_ms=2004.218337 profiling_start_overhead_ms=3.232012 profiling_end_overhead_ms=3.726057 profiling_total_overhead_ms=6.958069 cpu_total_delta_ns=2767000 cpu_user_delta_ns=1619000 cpu_kernel_delta_ns=1147000 cpu_throttled_time_delta_ns=0 cpu_throttled_periods_delta=0 online_cpus=32 utilized_cpus=0.001381 memory_before_bytes=28741632 memory_after_bytes=28528640 memory_delta_bytes=-212992 memory_limit_bytes=134217728 page_faults_available=true page_faults_delta=7 major_page_faults_available=true major_page_faults_delta=0 block_io_available=true block_io_bytes_available=true block_io_ops_available=false block_read_bytes_delta=0 block_write_bytes_delta=0 block_read_ops_delta=0 block_write_ops_delta=0 network_available=true network_rx_bytes_delta=1119 network_tx_bytes_delta=579 pids_before=1 pids_after=1
2026/08/04 12:05:13 New request: creation of profiling_different_containers_20260804_120501
2026/08/04 12:05:13 Container 7bc0cbf8ce45478a2d53671cf529916b8d528899d2c9906dbba2608f8e1eb9bc has name /relaxed_wozniak
2026/08/04 12:05:13 Container 9f72c6ae45ea8c32665185cea4d48a04c76823f8aede78dd63d427c8d2fb790a has name /magical_booth
2026/08/04 12:05:15 Using warm 9f72c6ae45ea8c32665185cea4d48a04c76823f8aede78dd63d427c8d2fb790a for profiling_different_containers_20260804_120501. Now: [CPUs: 0.000000/8.000000 - Mem: 128(+256 warm)/768]
2026/08/04 12:05:15 [profiling_different_containers_20260804_120501] Executing on container: 9f72c6ae45ea8c32665185cea4d48a04c76823f8aede78dd63d427c8d2fb790a
2026/08/04 12:05:15 Using warm 7bc0cbf8ce45478a2d53671cf529916b8d528899d2c9906dbba2608f8e1eb9bc for profiling_different_containers_20260804_120501. Now: [CPUs: 0.000000/8.000000 - Mem: 256(+128 warm)/768]
2026/08/04 12:05:15 [profiling_different_containers_20260804_120501] Executing on container: 7bc0cbf8ce45478a2d53671cf529916b8d528899d2c9906dbba2608f8e1eb9bc
2026/08/04 12:05:17 [PROFILING] event=invocation_resource_profile ts=1785837917032 request_id="profiling_different_containers_20260804_120501--test19990551" function=profiling_different_containers_20260804_120501 machine_tag=profiling-test node=profiling-node-20260804_120501 container_id=9f72c6ae45ea8c32665185cea4d48a04c76823f8aede78dd63d427c8d2fb790a warm_start=true collected=true valid=true invalid_reason="" exclusive_container=true max_concurrency=1 profiling_lock_wait_ms=0.000090 execution_wall_time_ms=2005.465911 profiling_start_overhead_ms=3.356392 profiling_end_overhead_ms=3.202683 profiling_total_overhead_ms=6.559075 cpu_total_delta_ns=4309000 cpu_user_delta_ns=2429000 cpu_kernel_delta_ns=1880000 cpu_throttled_time_delta_ns=0 cpu_throttled_periods_delta=0 online_cpus=32 utilized_cpus=0.002149 memory_before_bytes=15953920 memory_after_bytes=15704064 memory_delta_bytes=-249856 memory_limit_bytes=134217728 page_faults_available=true page_faults_delta=16 major_page_faults_available=true major_page_faults_delta=0 block_io_available=false block_io_bytes_available=false block_io_ops_available=false block_read_bytes_delta=0 block_write_bytes_delta=0 block_read_ops_delta=0 block_write_ops_delta=0 network_available=true network_rx_bytes_delta=2638 network_tx_bytes_delta=597 pids_before=1 pids_after=1
2026/08/04 12:05:17 [PROFILING] event=invocation_resource_profile ts=1785837917032 request_id="profiling_different_containers_20260804_120501--test20108452" function=profiling_different_containers_20260804_120501 machine_tag=profiling-test node=profiling-node-20260804_120501 container_id=7bc0cbf8ce45478a2d53671cf529916b8d528899d2c9906dbba2608f8e1eb9bc warm_start=true collected=true valid=true invalid_reason="" exclusive_container=true max_concurrency=1 profiling_lock_wait_ms=0.000094 execution_wall_time_ms=2005.179292 profiling_start_overhead_ms=3.544138 profiling_end_overhead_ms=3.396965 profiling_total_overhead_ms=6.941103 cpu_total_delta_ns=4125000 cpu_user_delta_ns=4093000 cpu_kernel_delta_ns=32000 cpu_throttled_time_delta_ns=0 cpu_throttled_periods_delta=0 online_cpus=32 utilized_cpus=0.002057 memory_before_bytes=15183872 memory_after_bytes=15495168 memory_delta_bytes=311296 memory_limit_bytes=134217728 page_faults_available=true page_faults_delta=16 major_page_faults_available=true major_page_faults_delta=0 block_io_available=true block_io_bytes_available=true block_io_ops_available=false block_read_bytes_delta=0 block_write_bytes_delta=0 block_read_ops_delta=0 block_write_ops_delta=0 network_available=true network_rx_bytes_delta=2638 network_tx_bytes_delta=597 pids_before=1 pids_after=1
Got interrupt signal. Terminating...
2026/08/04 12:05:18 Shutting down ALL containers
2026/08/04 12:05:18 Removing container with ID 9d112274b0213aae18acd42098a89c813b8c14d958605cb0a47eae65a571c909
2026/08/04 12:05:18 Removing container with ID 9f72c6ae45ea8c32665185cea4d48a04c76823f8aede78dd63d427c8d2fb790a
2026/08/04 12:05:18 Removing container with ID 7bc0cbf8ce45478a2d53671cf529916b8d528899d2c9906dbba2608f8e1eb9bc
