{
	"Success": true,
	"Result": "\"\"",
	"ResponseTime": 2.011739956,
	"IsWarmStart": true,
	"InitTime": 0.000075952,
	"QueueingTime": 0,
	"OffloadLatency": 0,
	"Duration": 2.006188422,
	"Output": "\n",
	"ExecutionArea": "PROFILE_TEST",
	"ExecutionNode": "profiling-node-20260804_120501",
	"ResourceProfile": {
		"Enabled": true,
		"Collected": true,
		"Valid": true,
		"InvalidReason": "",
		"ContainerID": "9d112274b0213aae18acd42098a89c813b8c14d958605cb0a47eae65a571c909",
		"ExclusiveContainer": true,
		"MaxConcurrency": 4,
		"ProfilingLockWaitMs": 0.000189,
		"CPUUsageTotalDeltaNs": 3949000,
		"CPUUsageUserDeltaNs": 3945000,
		"CPUUsageKernelDeltaNs": 4000,
		"CPUThrottledTimeDeltaNs": 0,
		"CPUThrottledPeriodsDelta": 0,
		"OnlineCPUs": 32,
		"UtilizedCPUs": 0.0019684093262103373,
		"MemoryUsageBeforeBytes": 28184576,
		"MemoryUsageAfterBytes": 28147712,
		"MemoryUsageDeltaBytes": -36864,
		"MemoryLimitBytes": 134217728,
		"PageFaultsDelta": 19,
		"MajorPageFaultsDelta": 2,
		"PageFaultsAvailable": true,
		"MajorPageFaultsAvailable": true,
		"BlockReadBytesDelta": 49152,
		"BlockWriteBytesDelta": 0,
		"BlockReadOpsDelta": 0,
		"BlockWriteOpsDelta": 0,
		"BlockIOAvailable": true,
		"BlockIOBytesAvailable": true,
		"BlockIOOpsAvailable": false,
		"NetworkRxBytesDelta": 3146,
		"NetworkTxBytesDelta": 663,
		"NetworkAvailable": true,
		"PIDsBefore": 1,
		"PIDsAfter": 1,
		"ExecutionWallTimeMs": 2006.188422,
		"ProfilingStartOverheadMs": 2.425275,
		"ProfilingEndOverheadMs": 3.01458,
		"ProfilingTotalOverheadMs": 5.439855
	}
}
