{
	"Success": true,
	"Result": "\"\"",
	"ResponseTime": 8.044512458,
	"IsWarmStart": true,
	"InitTime": 0.000037013,
	"QueueingTime": 0,
	"OffloadLatency": 0,
	"Duration": 2.004218337,
	"Output": "\n",
	"ExecutionArea": "PROFILE_TEST",
	"ExecutionNode": "profiling-node-20260804_120501",
	"ResourceProfile": {
		"Enabled": true,
		"Collected": true,
		"Valid": true,
		"InvalidReason": "",
		"ContainerID": "9d112274b0213aae18acd42098a89c813b8c14d958605cb0a47eae65a571c909",
		"ExclusiveContainer": true,
		"MaxConcurrency": 4,
		"ProfilingLockWaitMs": 6033.271947,
		"CPUUsageTotalDeltaNs": 2767000,
		"CPUUsageUserDeltaNs": 1619000,
		"CPUUsageKernelDeltaNs": 1147000,
		"CPUThrottledTimeDeltaNs": 0,
		"CPUThrottledPeriodsDelta": 0,
		"OnlineCPUs": 32,
		"UtilizedCPUs": 0.0013805881070531288,
		"MemoryUsageBeforeBytes": 28741632,
		"MemoryUsageAfterBytes": 28528640,
		"MemoryUsageDeltaBytes": -212992,
		"MemoryLimitBytes": 134217728,
		"PageFaultsDelta": 7,
		"MajorPageFaultsDelta": 0,
		"PageFaultsAvailable": true,
		"MajorPageFaultsAvailable": true,
		"BlockReadBytesDelta": 0,
		"BlockWriteBytesDelta": 0,
		"BlockReadOpsDelta": 0,
		"BlockWriteOpsDelta": 0,
		"BlockIOAvailable": true,
		"BlockIOBytesAvailable": true,
		"BlockIOOpsAvailable": false,
		"NetworkRxBytesDelta": 1119,
		"NetworkTxBytesDelta": 579,
		"NetworkAvailable": true,
		"PIDsBefore": 1,
		"PIDsAfter": 1,
		"ExecutionWallTimeMs": 2004.218337,
		"ProfilingStartOverheadMs": 3.232012,
		"ProfilingEndOverheadMs": 3.726057,
		"ProfilingTotalOverheadMs": 6.958069
	}
}
