{
	"Success": true,
	"Result": "\"\"",
	"ResponseTime": 6.033676151,
	"IsWarmStart": true,
	"InitTime": 0.000044836,
	"QueueingTime": 0,
	"OffloadLatency": 0,
	"Duration": 2.004176152,
	"Output": "\n",
	"ExecutionArea": "PROFILE_TEST",
	"ExecutionNode": "profiling-node-20260804_120501",
	"ResourceProfile": {
		"Enabled": true,
		"Collected": true,
		"Valid": true,
		"InvalidReason": "",
		"ContainerID": "9d112274b0213aae18acd42098a89c813b8c14d958605cb0a47eae65a571c909",
		"ExclusiveContainer": true,
		"MaxConcurrency": 4,
		"ProfilingLockWaitMs": 4021.026526,
		"CPUUsageTotalDeltaNs": 2594000,
		"CPUUsageUserDeltaNs": 2469000,
		"CPUUsageKernelDeltaNs": 126000,
		"CPUThrottledTimeDeltaNs": 0,
		"CPUThrottledPeriodsDelta": 0,
		"OnlineCPUs": 32,
		"UtilizedCPUs": 0.001294297408644148,
		"MemoryUsageBeforeBytes": 27983872,
		"MemoryUsageAfterBytes": 28741632,
		"MemoryUsageDeltaBytes": 757760,
		"MemoryLimitBytes": 134217728,
		"PageFaultsDelta": 7,
		"MajorPageFaultsDelta": 0,
		"PageFaultsAvailable": true,
		"MajorPageFaultsAvailable": true,
		"BlockReadBytesDelta": 0,
		"BlockWriteBytesDelta": 1794048,
		"BlockReadOpsDelta": 0,
		"BlockWriteOpsDelta": 0,
		"BlockIOAvailable": true,
		"BlockIOBytesAvailable": true,
		"BlockIOOpsAvailable": false,
		"NetworkRxBytesDelta": 1561,
		"NetworkTxBytesDelta": 579,
		"NetworkAvailable": true,
		"PIDsBefore": 1,
		"PIDsAfter": 1,
		"ExecutionWallTimeMs": 2004.176152,
		"ProfilingStartOverheadMs": 3.289941,
		"ProfilingEndOverheadMs": 5.100205,
		"ProfilingTotalOverheadMs": 8.390146
	}
}
