{
	"Success": true,
	"Result": "\"\"",
	"ResponseTime": 4.02185636,
	"IsWarmStart": true,
	"InitTime": 0.000046745,
	"QueueingTime": 0,
	"OffloadLatency": 0,
	"Duration": 2.003555544,
	"Output": "\n",
	"ExecutionArea": "PROFILE_TEST",
	"ExecutionNode": "profiling-node-20260804_120501",
	"ResourceProfile": {
		"Enabled": true,
		"Collected": true,
		"Valid": true,
		"InvalidReason": "",
		"ContainerID": "9d112274b0213aae18acd42098a89c813b8c14d958605cb0a47eae65a571c909",
		"ExclusiveContainer": true,
		"MaxConcurrency": 4,
		"ProfilingLockWaitMs": 2011.082046,
		"CPUUsageTotalDeltaNs": 2454000,
		"CPUUsageUserDeltaNs": 1372000,
		"CPUUsageKernelDeltaNs": 1081000,
		"CPUThrottledTimeDeltaNs": 0,
		"CPUThrottledPeriodsDelta": 0,
		"OnlineCPUs": 32,
		"UtilizedCPUs": 0.0012248225447749304,
		"MemoryUsageBeforeBytes": 28147712,
		"MemoryUsageAfterBytes": 27996160,
		"MemoryUsageDeltaBytes": -151552,
		"MemoryLimitBytes": 134217728,
		"PageFaultsDelta": 6,
		"MajorPageFaultsDelta": 0,
		"PageFaultsAvailable": true,
		"MajorPageFaultsAvailable": true,
		"BlockReadBytesDelta": 0,
		"BlockWriteBytesDelta": 0,
		"BlockReadOpsDelta": 0,
		"BlockWriteOpsDelta": 0,
		"BlockIOAvailable": true,
		"BlockIOBytesAvailable": true,
		"BlockIOOpsAvailable": false,
		"NetworkRxBytesDelta": 1834,
		"NetworkTxBytesDelta": 513,
		"NetworkAvailable": true,
		"PIDsBefore": 1,
		"PIDsAfter": 1,
		"ExecutionWallTimeMs": 2003.555544,
		"ProfilingStartOverheadMs": 2.946492,
		"ProfilingEndOverheadMs": 4.18459,
		"ProfilingTotalOverheadMs": 7.131082
	}
}
