2026/07/16 16:36:36 [LB][MAB] event=new_machine_tag_discovered tag=arm-tiny arch=amd64 action=create_ring_and_add_mab_arm
2026/07/16 16:36:36 [LB][MAB] event=new_machine_tag_discovered tag=x86-large/gpu/amd arch=amd64 action=create_ring_and_add_mab_arm
2026/07/16 16:36:36 [LB][MAB] event=new_machine_tag_discovered tag=x86-tiny/gpu/nvidia arch=amd64 action=create_ring_and_add_mab_arm
2026/07/16 16:36:36 [LB][MAB] event=new_machine_tag_discovered tag=x86-tiny arch=amd64 action=create_ring_and_add_mab_arm
2026/07/16 16:36:41 [LB][MAB] event=before_select function=mab_cost_aware_1784212590 compatible_tags=[x86-large/gpu/amd x86-tiny/gpu/nvidia] has_context=true
2026/07/16 16:36:41 BanditManager GetBandit: policy type: UCB1
2026/07/16 16:36:41 [MAB] event=arm_added ts=1784212601314 policy=UCB1 function=mab_cost_aware_1784212590 arm=arm-tiny arms=[arm-tiny]
2026/07/16 16:36:41 [MAB] event=arm_added ts=1784212601314 policy=UCB1 function=mab_cost_aware_1784212590 arm=x86-large/gpu/amd arms=[arm-tiny,x86-large/gpu/amd]
2026/07/16 16:36:41 [MAB] event=arm_added ts=1784212601314 policy=UCB1 function=mab_cost_aware_1784212590 arm=x86-tiny/gpu/nvidia arms=[arm-tiny,x86-large/gpu/amd,x86-tiny/gpu/nvidia]
2026/07/16 16:36:41 [MAB] event=arm_added ts=1784212601314 policy=UCB1 function=mab_cost_aware_1784212590 arm=x86-tiny arms=[arm-tiny,x86-large/gpu/amd,x86-tiny,x86-tiny/gpu/nvidia]
2026/07/16 16:36:41 [MAB] event=select_arm ts=1784212601314 policy=UCB1 function=mab_cost_aware_1784212590 selected_arm=x86-large/gpu/amd reason=least_tried score=0.000000 total_counts=0 arms=[x86-large/gpu/amd,x86-tiny/gpu/nvidia]
2026/07/16 16:36:41 [LB][MAB] event=after_select function=mab_cost_aware_1784212590 selected_tag=x86-large/gpu/amd compatible_tags=[x86-large/gpu/amd x86-tiny/gpu/nvidia]
2026/07/16 16:36:41 [MAB] event=skip_cold_start ts=1784212601782 policy=UCB1 function=mab_cost_aware_1784212590 arm=x86-large/gpu/amd duration_ms=6.971697 reason=cold_start
2026/07/16 16:36:42 [LB][MAB] event=before_select function=mab_cost_aware_1784212590 compatible_tags=[x86-large/gpu/amd x86-tiny/gpu/nvidia] has_context=true
2026/07/16 16:36:42 [MAB] event=select_arm ts=1784212602002 policy=UCB1 function=mab_cost_aware_1784212590 selected_arm=x86-large/gpu/amd reason=least_tried score=0.000000 total_counts=0 arms=[x86-large/gpu/amd,x86-tiny/gpu/nvidia]
2026/07/16 16:36:42 [LB][MAB] event=after_select function=mab_cost_aware_1784212590 selected_tag=x86-large/gpu/amd compatible_tags=[x86-large/gpu/amd x86-tiny/gpu/nvidia]
2026/07/16 16:36:42 [MAB] event=reward_breakdown ts=1784212602007 policy=UCB1 function=mab_cost_aware_1784212590 arm=x86-large/gpu/amd base_tag=x86-large architecture=x86 specialization=large capabilities=[gpu,amd] duration_ms=3.096957 latency_reward=-1.130420 cost_weight=0.000000 cost_factor=1.200000 cost_term=0.000000 energy_weight=0.000000 energy_factor=1.200000 energy_term=0.000000 memory_weight=0.000000 memory_penalty=0.000000 memory_term=0.000000 final_reward=-1.130420
2026/07/16 16:36:42 [MAB] event=update_reward ts=1784212602007 policy=UCB1 function=mab_cost_aware_1784212590 arm=x86-large/gpu/amd duration_ms=3.096957 warm_start=true reward=-1.130420 count=1 avg_reward=-1.130420 total_counts=1
2026/07/16 16:36:42 [LB][MAB] event=before_select function=mab_cost_aware_1784212590 compatible_tags=[x86-large/gpu/amd x86-tiny/gpu/nvidia] has_context=true
2026/07/16 16:36:42 [MAB] event=select_arm ts=1784212602227 policy=UCB1 function=mab_cost_aware_1784212590 selected_arm=x86-tiny/gpu/nvidia reason=least_tried score=0.000000 total_counts=1 arms=[x86-large/gpu/amd,x86-tiny/gpu/nvidia]
2026/07/16 16:36:42 [LB][MAB] event=after_select function=mab_cost_aware_1784212590 selected_tag=x86-tiny/gpu/nvidia compatible_tags=[x86-large/gpu/amd x86-tiny/gpu/nvidia]
2026/07/16 16:36:42 [MAB] event=skip_cold_start ts=1784212602700 policy=UCB1 function=mab_cost_aware_1784212590 arm=x86-tiny/gpu/nvidia duration_ms=6.246362 reason=cold_start
2026/07/16 16:36:42 [LB][MAB] event=before_select function=mab_cost_aware_1784212590 compatible_tags=[x86-large/gpu/amd x86-tiny/gpu/nvidia] has_context=true
2026/07/16 16:36:42 [MAB] event=select_arm ts=1784212602921 policy=UCB1 function=mab_cost_aware_1784212590 selected_arm=x86-tiny/gpu/nvidia reason=least_tried score=0.000000 total_counts=1 arms=[x86-large/gpu/amd,x86-tiny/gpu/nvidia]
2026/07/16 16:36:42 [LB][MAB] event=after_select function=mab_cost_aware_1784212590 selected_tag=x86-tiny/gpu/nvidia compatible_tags=[x86-large/gpu/amd x86-tiny/gpu/nvidia]
2026/07/16 16:36:42 [MAB] event=reward_breakdown ts=1784212602925 policy=UCB1 function=mab_cost_aware_1784212590 arm=x86-tiny/gpu/nvidia base_tag=x86-tiny architecture=x86 specialization=tiny capabilities=[gpu,nvidia] duration_ms=2.647076 latency_reward=-0.973456 cost_weight=0.000000 cost_factor=1.600000 cost_term=0.000000 energy_weight=0.000000 energy_factor=1.800000 energy_term=0.000000 memory_weight=0.000000 memory_penalty=0.000000 memory_term=0.000000 final_reward=-0.973456
2026/07/16 16:36:42 [MAB] event=update_reward ts=1784212602925 policy=UCB1 function=mab_cost_aware_1784212590 arm=x86-tiny/gpu/nvidia duration_ms=2.647076 warm_start=true reward=-0.973456 count=1 avg_reward=-0.973456 total_counts=2
2026/07/16 16:36:43 [LB][MAB] event=before_select function=mab_cost_aware_1784212590 compatible_tags=[x86-large/gpu/amd x86-tiny/gpu/nvidia] has_context=true
2026/07/16 16:36:43 [MAB] event=arm_score ts=1784212603144 policy=UCB1 function=mab_cost_aware_1784212590 arm=x86-large/gpu/amd score=-0.464376 count=1 avg_reward=-1.130420 total_counts=2
2026/07/16 16:36:43 [MAB] event=arm_score ts=1784212603144 policy=UCB1 function=mab_cost_aware_1784212590 arm=x86-tiny/gpu/nvidia score=-0.307412 count=1 avg_reward=-0.973456 total_counts=2
2026/07/16 16:36:43 [MAB] event=select_arm ts=1784212603144 policy=UCB1 function=mab_cost_aware_1784212590 selected_arm=x86-tiny/gpu/nvidia reason=ucb_score score=-0.307412 total_counts=2 arms=[x86-large/gpu/amd,x86-tiny/gpu/nvidia]
2026/07/16 16:36:43 [LB][MAB] event=after_select function=mab_cost_aware_1784212590 selected_tag=x86-tiny/gpu/nvidia compatible_tags=[x86-large/gpu/amd x86-tiny/gpu/nvidia]
2026/07/16 16:36:43 [MAB] event=reward_breakdown ts=1784212603147 policy=UCB1 function=mab_cost_aware_1784212590 arm=x86-tiny/gpu/nvidia base_tag=x86-tiny architecture=x86 specialization=tiny capabilities=[gpu,nvidia] duration_ms=2.677883 latency_reward=-0.985027 cost_weight=0.000000 cost_factor=1.600000 cost_term=0.000000 energy_weight=0.000000 energy_factor=1.800000 energy_term=0.000000 memory_weight=0.000000 memory_penalty=0.000000 memory_term=0.000000 final_reward=-0.985027
2026/07/16 16:36:43 [MAB] event=update_reward ts=1784212603147 policy=UCB1 function=mab_cost_aware_1784212590 arm=x86-tiny/gpu/nvidia duration_ms=2.677883 warm_start=true reward=-0.985027 count=2 avg_reward=-0.979241 total_counts=3
2026/07/16 16:36:43 [LB][MAB] event=before_select function=mab_cost_aware_1784212590 compatible_tags=[x86-large/gpu/amd x86-tiny/gpu/nvidia] has_context=true
2026/07/16 16:36:43 [MAB] event=arm_score ts=1784212603370 policy=UCB1 function=mab_cost_aware_1784212590 arm=x86-large/gpu/amd score=-0.291902 count=1 avg_reward=-1.130420 total_counts=3
2026/07/16 16:36:43 [MAB] event=arm_score ts=1784212603370 policy=UCB1 function=mab_cost_aware_1784212590 arm=x86-tiny/gpu/nvidia score=-0.386320 count=2 avg_reward=-0.979241 total_counts=3
2026/07/16 16:36:43 [MAB] event=select_arm ts=1784212603370 policy=UCB1 function=mab_cost_aware_1784212590 selected_arm=x86-large/gpu/amd reason=ucb_score score=-0.291902 total_counts=3 arms=[x86-large/gpu/amd,x86-tiny/gpu/nvidia]
2026/07/16 16:36:43 [LB][MAB] event=after_select function=mab_cost_aware_1784212590 selected_tag=x86-large/gpu/amd compatible_tags=[x86-large/gpu/amd x86-tiny/gpu/nvidia]
2026/07/16 16:36:43 [MAB] event=reward_breakdown ts=1784212603375 policy=UCB1 function=mab_cost_aware_1784212590 arm=x86-large/gpu/amd base_tag=x86-large architecture=x86 specialization=large capabilities=[gpu,amd] duration_ms=3.858251 latency_reward=-1.350214 cost_weight=0.000000 cost_factor=1.200000 cost_term=0.000000 energy_weight=0.000000 energy_factor=1.200000 energy_term=0.000000 memory_weight=0.000000 memory_penalty=0.000000 memory_term=0.000000 final_reward=-1.350214
2026/07/16 16:36:43 [MAB] event=update_reward ts=1784212603375 policy=UCB1 function=mab_cost_aware_1784212590 arm=x86-large/gpu/amd duration_ms=3.858251 warm_start=true reward=-1.350214 count=2 avg_reward=-1.240317 total_counts=4
2026/07/16 16:36:43 [LB][MAB] event=before_select function=mab_cost_aware_1784212590 compatible_tags=[x86-large/gpu/amd x86-tiny/gpu/nvidia] has_context=true
2026/07/16 16:36:43 [MAB] event=arm_score ts=1784212603596 policy=UCB1 function=mab_cost_aware_1784212590 arm=x86-large/gpu/amd score=-0.574273 count=2 avg_reward=-1.240317 total_counts=4
2026/07/16 16:36:43 [MAB] event=arm_score ts=1784212603596 policy=UCB1 function=mab_cost_aware_1784212590 arm=x86-tiny/gpu/nvidia score=-0.313197 count=2 avg_reward=-0.979241 total_counts=4
2026/07/16 16:36:43 [MAB] event=select_arm ts=1784212603596 policy=UCB1 function=mab_cost_aware_1784212590 selected_arm=x86-tiny/gpu/nvidia reason=ucb_score score=-0.313197 total_counts=4 arms=[x86-large/gpu/amd,x86-tiny/gpu/nvidia]
2026/07/16 16:36:43 [LB][MAB] event=after_select function=mab_cost_aware_1784212590 selected_tag=x86-tiny/gpu/nvidia compatible_tags=[x86-large/gpu/amd x86-tiny/gpu/nvidia]
2026/07/16 16:36:43 [MAB] event=reward_breakdown ts=1784212603600 policy=UCB1 function=mab_cost_aware_1784212590 arm=x86-tiny/gpu/nvidia base_tag=x86-tiny architecture=x86 specialization=tiny capabilities=[gpu,nvidia] duration_ms=2.937871 latency_reward=-1.077685 cost_weight=0.000000 cost_factor=1.600000 cost_term=0.000000 energy_weight=0.000000 energy_factor=1.800000 energy_term=0.000000 memory_weight=0.000000 memory_penalty=0.000000 memory_term=0.000000 final_reward=-1.077685
2026/07/16 16:36:43 [MAB] event=update_reward ts=1784212603600 policy=UCB1 function=mab_cost_aware_1784212590 arm=x86-tiny/gpu/nvidia duration_ms=2.937871 warm_start=true reward=-1.077685 count=3 avg_reward=-1.012056 total_counts=5
2026/07/16 16:36:43 [LB][MAB] event=before_select function=mab_cost_aware_1784212590 compatible_tags=[x86-large/gpu/amd x86-tiny/gpu/nvidia] has_context=true
2026/07/16 16:36:43 [MAB] event=arm_score ts=1784212603824 policy=UCB1 function=mab_cost_aware_1784212590 arm=x86-large/gpu/amd score=-0.522668 count=2 avg_reward=-1.240317 total_counts=5
2026/07/16 16:36:43 [MAB] event=arm_score ts=1784212603824 policy=UCB1 function=mab_cost_aware_1784212590 arm=x86-tiny/gpu/nvidia score=-0.426098 count=3 avg_reward=-1.012056 total_counts=5
2026/07/16 16:36:43 [MAB] event=select_arm ts=1784212603824 policy=UCB1 function=mab_cost_aware_1784212590 selected_arm=x86-tiny/gpu/nvidia reason=ucb_score score=-0.426098 total_counts=5 arms=[x86-large/gpu/amd,x86-tiny/gpu/nvidia]
2026/07/16 16:36:43 [LB][MAB] event=after_select function=mab_cost_aware_1784212590 selected_tag=x86-tiny/gpu/nvidia compatible_tags=[x86-large/gpu/amd x86-tiny/gpu/nvidia]
2026/07/16 16:36:43 [MAB] event=reward_breakdown ts=1784212603829 policy=UCB1 function=mab_cost_aware_1784212590 arm=x86-tiny/gpu/nvidia base_tag=x86-tiny architecture=x86 specialization=tiny capabilities=[gpu,nvidia] duration_ms=3.546362 latency_reward=-1.265922 cost_weight=0.000000 cost_factor=1.600000 cost_term=0.000000 energy_weight=0.000000 energy_factor=1.800000 energy_term=0.000000 memory_weight=0.000000 memory_penalty=0.000000 memory_term=0.000000 final_reward=-1.265922
2026/07/16 16:36:43 [MAB] event=update_reward ts=1784212603829 policy=UCB1 function=mab_cost_aware_1784212590 arm=x86-tiny/gpu/nvidia duration_ms=3.546362 warm_start=true reward=-1.265922 count=4 avg_reward=-1.075522 total_counts=6
2026/07/16 16:36:44 [LB][MAB] event=before_select function=mab_cost_aware_1784212590 compatible_tags=[x86-large/gpu/amd x86-tiny/gpu/nvidia] has_context=true
2026/07/16 16:36:44 [MAB] event=arm_score ts=1784212604052 policy=UCB1 function=mab_cost_aware_1784212590 arm=x86-large/gpu/amd score=-0.483110 count=2 avg_reward=-1.240317 total_counts=6
2026/07/16 16:36:44 [MAB] event=arm_score ts=1784212604052 policy=UCB1 function=mab_cost_aware_1784212590 arm=x86-tiny/gpu/nvidia score=-0.540096 count=4 avg_reward=-1.075522 total_counts=6
2026/07/16 16:36:44 [MAB] event=select_arm ts=1784212604052 policy=UCB1 function=mab_cost_aware_1784212590 selected_arm=x86-large/gpu/amd reason=ucb_score score=-0.483110 total_counts=6 arms=[x86-large/gpu/amd,x86-tiny/gpu/nvidia]
2026/07/16 16:36:44 [LB][MAB] event=after_select function=mab_cost_aware_1784212590 selected_tag=x86-large/gpu/amd compatible_tags=[x86-large/gpu/amd x86-tiny/gpu/nvidia]
2026/07/16 16:36:44 [MAB] event=reward_breakdown ts=1784212604055 policy=UCB1 function=mab_cost_aware_1784212590 arm=x86-large/gpu/amd base_tag=x86-large architecture=x86 specialization=large capabilities=[gpu,amd] duration_ms=2.947572 latency_reward=-1.080982 cost_weight=0.000000 cost_factor=1.200000 cost_term=0.000000 energy_weight=0.000000 energy_factor=1.200000 energy_term=0.000000 memory_weight=0.000000 memory_penalty=0.000000 memory_term=0.000000 final_reward=-1.080982
2026/07/16 16:36:44 [MAB] event=update_reward ts=1784212604055 policy=UCB1 function=mab_cost_aware_1784212590 arm=x86-large/gpu/amd duration_ms=2.947572 warm_start=true reward=-1.080982 count=3 avg_reward=-1.187205 total_counts=7
2026/07/16 16:36:44 [LB][MAB] event=before_select function=mab_cost_aware_1784212590 compatible_tags=[x86-large/gpu/amd x86-tiny/gpu/nvidia] has_context=true
2026/07/16 16:36:44 [MAB] event=arm_score ts=1784212604278 policy=UCB1 function=mab_cost_aware_1784212590 arm=x86-large/gpu/amd score=-0.542901 count=3 avg_reward=-1.187205 total_counts=7
2026/07/16 16:36:44 [MAB] event=arm_score ts=1784212604278 policy=UCB1 function=mab_cost_aware_1784212590 arm=x86-tiny/gpu/nvidia score=-0.517539 count=4 avg_reward=-1.075522 total_counts=7
2026/07/16 16:36:44 [MAB] event=select_arm ts=1784212604278 policy=UCB1 function=mab_cost_aware_1784212590 selected_arm=x86-tiny/gpu/nvidia reason=ucb_score score=-0.517539 total_counts=7 arms=[x86-large/gpu/amd,x86-tiny/gpu/nvidia]
2026/07/16 16:36:44 [LB][MAB] event=after_select function=mab_cost_aware_1784212590 selected_tag=x86-tiny/gpu/nvidia compatible_tags=[x86-large/gpu/amd x86-tiny/gpu/nvidia]
2026/07/16 16:36:44 [MAB] event=reward_breakdown ts=1784212604282 policy=UCB1 function=mab_cost_aware_1784212590 arm=x86-tiny/gpu/nvidia base_tag=x86-tiny architecture=x86 specialization=tiny capabilities=[gpu,nvidia] duration_ms=2.806729 latency_reward=-1.032020 cost_weight=0.000000 cost_factor=1.600000 cost_term=0.000000 energy_weight=0.000000 energy_factor=1.800000 energy_term=0.000000 memory_weight=0.000000 memory_penalty=0.000000 memory_term=0.000000 final_reward=-1.032020
2026/07/16 16:36:44 [MAB] event=update_reward ts=1784212604282 policy=UCB1 function=mab_cost_aware_1784212590 arm=x86-tiny/gpu/nvidia duration_ms=2.806729 warm_start=true reward=-1.032020 count=5 avg_reward=-1.066822 total_counts=8
2026/07/16 16:36:44 [LB][MAB] event=before_select function=mab_cost_aware_1784212590 compatible_tags=[x86-large/gpu/amd x86-tiny/gpu/nvidia] has_context=true
2026/07/16 16:36:44 [MAB] event=arm_score ts=1784212604492 policy=UCB1 function=mab_cost_aware_1784212590 arm=x86-large/gpu/amd score=-0.521162 count=3 avg_reward=-1.187205 total_counts=8
2026/07/16 16:36:44 [MAB] event=arm_score ts=1784212604492 policy=UCB1 function=mab_cost_aware_1784212590 arm=x86-tiny/gpu/nvidia score=-0.550907 count=5 avg_reward=-1.066822 total_counts=8
2026/07/16 16:36:44 [MAB] event=select_arm ts=1784212604492 policy=UCB1 function=mab_cost_aware_1784212590 selected_arm=x86-large/gpu/amd reason=ucb_score score=-0.521162 total_counts=8 arms=[x86-large/gpu/amd,x86-tiny/gpu/nvidia]
2026/07/16 16:36:44 [LB][MAB] event=after_select function=mab_cost_aware_1784212590 selected_tag=x86-large/gpu/amd compatible_tags=[x86-large/gpu/amd x86-tiny/gpu/nvidia]
2026/07/16 16:36:44 [MAB] event=reward_breakdown ts=1784212604495 policy=UCB1 function=mab_cost_aware_1784212590 arm=x86-large/gpu/amd base_tag=x86-large architecture=x86 specialization=large capabilities=[gpu,amd] duration_ms=2.228647 latency_reward=-0.801395 cost_weight=0.000000 cost_factor=1.200000 cost_term=0.000000 energy_weight=0.000000 energy_factor=1.200000 energy_term=0.000000 memory_weight=0.000000 memory_penalty=0.000000 memory_term=0.000000 final_reward=-0.801395
2026/07/16 16:36:44 [MAB] event=update_reward ts=1784212604495 policy=UCB1 function=mab_cost_aware_1784212590 arm=x86-large/gpu/amd duration_ms=2.228647 warm_start=true reward=-0.801395 count=4 avg_reward=-1.090753 total_counts=9
2026/07/16 16:36:44 [LB][MAB] event=before_select function=mab_cost_aware_1784212590 compatible_tags=[x86-large/gpu/amd x86-tiny/gpu/nvidia] has_context=true
2026/07/16 16:36:44 [MAB] event=arm_score ts=1784212604705 policy=UCB1 function=mab_cost_aware_1784212590 arm=x86-large/gpu/amd score=-0.497831 count=4 avg_reward=-1.090753 total_counts=9
2026/07/16 16:36:44 [MAB] event=arm_score ts=1784212604705 policy=UCB1 function=mab_cost_aware_1784212590 arm=x86-tiny/gpu/nvidia score=-0.536497 count=5 avg_reward=-1.066822 total_counts=9
2026/07/16 16:36:44 [MAB] event=select_arm ts=1784212604705 policy=UCB1 function=mab_cost_aware_1784212590 selected_arm=x86-large/gpu/amd reason=ucb_score score=-0.497831 total_counts=9 arms=[x86-large/gpu/amd,x86-tiny/gpu/nvidia]
2026/07/16 16:36:44 [LB][MAB] event=after_select function=mab_cost_aware_1784212590 selected_tag=x86-large/gpu/amd compatible_tags=[x86-large/gpu/amd x86-tiny/gpu/nvidia]
2026/07/16 16:36:44 [MAB] event=reward_breakdown ts=1784212604708 policy=UCB1 function=mab_cost_aware_1784212590 arm=x86-large/gpu/amd base_tag=x86-large architecture=x86 specialization=large capabilities=[gpu,amd] duration_ms=1.965796 latency_reward=-0.675897 cost_weight=0.000000 cost_factor=1.200000 cost_term=0.000000 energy_weight=0.000000 energy_factor=1.200000 energy_term=0.000000 memory_weight=0.000000 memory_penalty=0.000000 memory_term=0.000000 final_reward=-0.675897
2026/07/16 16:36:44 [MAB] event=update_reward ts=1784212604708 policy=UCB1 function=mab_cost_aware_1784212590 arm=x86-large/gpu/amd duration_ms=1.965796 warm_start=true reward=-0.675897 count=5 avg_reward=-1.007782 total_counts=10
2026/07/16 16:36:44 [LB][MAB] event=before_select function=mab_cost_aware_1784212590 compatible_tags=[x86-large/gpu/amd x86-tiny/gpu/nvidia] has_context=true
2026/07/16 16:36:44 [MAB] event=arm_score ts=1784212604925 policy=UCB1 function=mab_cost_aware_1784212590 arm=x86-large/gpu/amd score=-0.464890 count=5 avg_reward=-1.007782 total_counts=10
2026/07/16 16:36:44 [MAB] event=arm_score ts=1784212604925 policy=UCB1 function=mab_cost_aware_1784212590 arm=x86-tiny/gpu/nvidia score=-0.523931 count=5 avg_reward=-1.066822 total_counts=10
2026/07/16 16:36:44 [MAB] event=select_arm ts=1784212604925 policy=UCB1 function=mab_cost_aware_1784212590 selected_arm=x86-large/gpu/amd reason=ucb_score score=-0.464890 total_counts=10 arms=[x86-large/gpu/amd,x86-tiny/gpu/nvidia]
2026/07/16 16:36:44 [LB][MAB] event=after_select function=mab_cost_aware_1784212590 selected_tag=x86-large/gpu/amd compatible_tags=[x86-large/gpu/amd x86-tiny/gpu/nvidia]
2026/07/16 16:36:44 [MAB] event=reward_breakdown ts=1784212604928 policy=UCB1 function=mab_cost_aware_1784212590 arm=x86-large/gpu/amd base_tag=x86-large architecture=x86 specialization=large capabilities=[gpu,amd] duration_ms=2.347764 latency_reward=-0.853463 cost_weight=0.000000 cost_factor=1.200000 cost_term=0.000000 energy_weight=0.000000 energy_factor=1.200000 energy_term=0.000000 memory_weight=0.000000 memory_penalty=0.000000 memory_term=0.000000 final_reward=-0.853463
2026/07/16 16:36:44 [MAB] event=update_reward ts=1784212604928 policy=UCB1 function=mab_cost_aware_1784212590 arm=x86-large/gpu/amd duration_ms=2.347764 warm_start=true reward=-0.853463 count=6 avg_reward=-0.982062 total_counts=11
2026/07/16 16:36:45 [LB][MAB] event=before_select function=mab_cost_aware_1784212590 compatible_tags=[x86-large/gpu/amd x86-tiny/gpu/nvidia] has_context=true
2026/07/16 16:36:45 [MAB] event=arm_score ts=1784212605148 policy=UCB1 function=mab_cost_aware_1784212590 arm=x86-large/gpu/amd score=-0.476319 count=6 avg_reward=-0.982062 total_counts=11
2026/07/16 16:36:45 [MAB] event=arm_score ts=1784212605148 policy=UCB1 function=mab_cost_aware_1784212590 arm=x86-tiny/gpu/nvidia score=-0.512809 count=5 avg_reward=-1.066822 total_counts=11
2026/07/16 16:36:45 [MAB] event=select_arm ts=1784212605148 policy=UCB1 function=mab_cost_aware_1784212590 selected_arm=x86-large/gpu/amd reason=ucb_score score=-0.476319 total_counts=11 arms=[x86-large/gpu/amd,x86-tiny/gpu/nvidia]
2026/07/16 16:36:45 [LB][MAB] event=after_select function=mab_cost_aware_1784212590 selected_tag=x86-large/gpu/amd compatible_tags=[x86-large/gpu/amd x86-tiny/gpu/nvidia]
2026/07/16 16:36:45 [MAB] event=reward_breakdown ts=1784212605152 policy=UCB1 function=mab_cost_aware_1784212590 arm=x86-large/gpu/amd base_tag=x86-large architecture=x86 specialization=large capabilities=[gpu,amd] duration_ms=3.106757 latency_reward=-1.133579 cost_weight=0.000000 cost_factor=1.200000 cost_term=0.000000 energy_weight=0.000000 energy_factor=1.200000 energy_term=0.000000 memory_weight=0.000000 memory_penalty=0.000000 memory_term=0.000000 final_reward=-1.133579
2026/07/16 16:36:45 [MAB] event=update_reward ts=1784212605152 policy=UCB1 function=mab_cost_aware_1784212590 arm=x86-large/gpu/amd duration_ms=3.106757 warm_start=true reward=-1.133579 count=7 avg_reward=-1.003707 total_counts=12
2026/07/16 16:36:45 [LB][MAB] event=before_select function=mab_cost_aware_1784212590 compatible_tags=[x86-large/gpu/amd x86-tiny/gpu/nvidia] has_context=true
2026/07/16 16:36:45 [MAB] event=arm_score ts=1784212605372 policy=UCB1 function=mab_cost_aware_1784212590 arm=x86-large/gpu/amd score=-0.527061 count=7 avg_reward=-1.003707 total_counts=12
2026/07/16 16:36:45 [MAB] event=arm_score ts=1784212605372 policy=UCB1 function=mab_cost_aware_1784212590 arm=x86-tiny/gpu/nvidia score=-0.502847 count=5 avg_reward=-1.066822 total_counts=12
2026/07/16 16:36:45 [MAB] event=select_arm ts=1784212605372 policy=UCB1 function=mab_cost_aware_1784212590 selected_arm=x86-tiny/gpu/nvidia reason=ucb_score score=-0.502847 total_counts=12 arms=[x86-large/gpu/amd,x86-tiny/gpu/nvidia]
2026/07/16 16:36:45 [LB][MAB] event=after_select function=mab_cost_aware_1784212590 selected_tag=x86-tiny/gpu/nvidia compatible_tags=[x86-large/gpu/amd x86-tiny/gpu/nvidia]
2026/07/16 16:36:45 [MAB] event=reward_breakdown ts=1784212605377 policy=UCB1 function=mab_cost_aware_1784212590 arm=x86-tiny/gpu/nvidia base_tag=x86-tiny architecture=x86 specialization=tiny capabilities=[gpu,nvidia] duration_ms=3.314749 latency_reward=-1.198382 cost_weight=0.000000 cost_factor=1.600000 cost_term=0.000000 energy_weight=0.000000 energy_factor=1.800000 energy_term=0.000000 memory_weight=0.000000 memory_penalty=0.000000 memory_term=0.000000 final_reward=-1.198382
2026/07/16 16:36:45 [MAB] event=update_reward ts=1784212605377 policy=UCB1 function=mab_cost_aware_1784212590 arm=x86-tiny/gpu/nvidia duration_ms=3.314749 warm_start=true reward=-1.198382 count=6 avg_reward=-1.088749 total_counts=13
2026/07/16 16:36:45 [LB][MAB] event=before_select function=mab_cost_aware_1784212590 compatible_tags=[x86-large/gpu/amd x86-tiny/gpu/nvidia] has_context=true
2026/07/16 16:36:45 [MAB] event=arm_score ts=1784212605596 policy=UCB1 function=mab_cost_aware_1784212590 arm=x86-large/gpu/amd score=-0.519445 count=7 avg_reward=-1.003707 total_counts=13
2026/07/16 16:36:45 [MAB] event=arm_score ts=1784212605596 policy=UCB1 function=mab_cost_aware_1784212590 arm=x86-tiny/gpu/nvidia score=-0.565686 count=6 avg_reward=-1.088749 total_counts=13
2026/07/16 16:36:45 [MAB] event=select_arm ts=1784212605596 policy=UCB1 function=mab_cost_aware_1784212590 selected_arm=x86-large/gpu/amd reason=ucb_score score=-0.519445 total_counts=13 arms=[x86-large/gpu/amd,x86-tiny/gpu/nvidia]
2026/07/16 16:36:45 [LB][MAB] event=after_select function=mab_cost_aware_1784212590 selected_tag=x86-large/gpu/amd compatible_tags=[x86-large/gpu/amd x86-tiny/gpu/nvidia]
2026/07/16 16:36:45 [MAB] event=reward_breakdown ts=1784212605600 policy=UCB1 function=mab_cost_aware_1784212590 arm=x86-large/gpu/amd base_tag=x86-large architecture=x86 specialization=large capabilities=[gpu,amd] duration_ms=3.046241 latency_reward=-1.113908 cost_weight=0.000000 cost_factor=1.200000 cost_term=0.000000 energy_weight=0.000000 energy_factor=1.200000 energy_term=0.000000 memory_weight=0.000000 memory_penalty=0.000000 memory_term=0.000000 final_reward=-1.113908
2026/07/16 16:36:45 [MAB] event=update_reward ts=1784212605600 policy=UCB1 function=mab_cost_aware_1784212590 arm=x86-large/gpu/amd duration_ms=3.046241 warm_start=true reward=-1.113908 count=8 avg_reward=-1.017482 total_counts=14
2026/07/16 16:36:45 [LB][MAB] event=before_select function=mab_cost_aware_1784212590 compatible_tags=[x86-large/gpu/amd x86-tiny/gpu/nvidia] has_context=true
2026/07/16 16:36:45 [MAB] event=arm_score ts=1784212605821 policy=UCB1 function=mab_cost_aware_1784212590 arm=x86-large/gpu/amd score=-0.557999 count=8 avg_reward=-1.017482 total_counts=14
2026/07/16 16:36:45 [MAB] event=arm_score ts=1784212605821 policy=UCB1 function=mab_cost_aware_1784212590 arm=x86-tiny/gpu/nvidia score=-0.558183 count=6 avg_reward=-1.088749 total_counts=14
2026/07/16 16:36:45 [MAB] event=select_arm ts=1784212605821 policy=UCB1 function=mab_cost_aware_1784212590 selected_arm=x86-large/gpu/amd reason=ucb_score score=-0.557999 total_counts=14 arms=[x86-large/gpu/amd,x86-tiny/gpu/nvidia]
2026/07/16 16:36:45 [LB][MAB] event=after_select function=mab_cost_aware_1784212590 selected_tag=x86-large/gpu/amd compatible_tags=[x86-large/gpu/amd x86-tiny/gpu/nvidia]
2026/07/16 16:36:45 [MAB] event=reward_breakdown ts=1784212605825 policy=UCB1 function=mab_cost_aware_1784212590 arm=x86-large/gpu/amd base_tag=x86-large architecture=x86 specialization=large capabilities=[gpu,amd] duration_ms=3.472595 latency_reward=-1.244902 cost_weight=0.000000 cost_factor=1.200000 cost_term=0.000000 energy_weight=0.000000 energy_factor=1.200000 energy_term=0.000000 memory_weight=0.000000 memory_penalty=0.000000 memory_term=0.000000 final_reward=-1.244902
2026/07/16 16:36:45 [MAB] event=update_reward ts=1784212605825 policy=UCB1 function=mab_cost_aware_1784212590 arm=x86-large/gpu/amd duration_ms=3.472595 warm_start=true reward=-1.244902 count=9 avg_reward=-1.042751 total_counts=15
2026/07/16 16:36:46 [LB][MAB] event=before_select function=mab_cost_aware_1784212590 compatible_tags=[x86-large/gpu/amd x86-tiny/gpu/nvidia] has_context=true
2026/07/16 16:36:46 [MAB] event=arm_score ts=1784212606047 policy=UCB1 function=mab_cost_aware_1784212590 arm=x86-large/gpu/amd score=-0.603920 count=9 avg_reward=-1.042751 total_counts=15
2026/07/16 16:36:46 [MAB] event=arm_score ts=1784212606047 policy=UCB1 function=mab_cost_aware_1784212590 arm=x86-tiny/gpu/nvidia score=-0.551293 count=6 avg_reward=-1.088749 total_counts=15
2026/07/16 16:36:46 [MAB] event=select_arm ts=1784212606047 policy=UCB1 function=mab_cost_aware_1784212590 selected_arm=x86-tiny/gpu/nvidia reason=ucb_score score=-0.551293 total_counts=15 arms=[x86-large/gpu/amd,x86-tiny/gpu/nvidia]
2026/07/16 16:36:46 [LB][MAB] event=after_select function=mab_cost_aware_1784212590 selected_tag=x86-tiny/gpu/nvidia compatible_tags=[x86-large/gpu/amd x86-tiny/gpu/nvidia]
2026/07/16 16:36:46 [MAB] event=reward_breakdown ts=1784212606050 policy=UCB1 function=mab_cost_aware_1784212590 arm=x86-tiny/gpu/nvidia base_tag=x86-tiny architecture=x86 specialization=tiny capabilities=[gpu,nvidia] duration_ms=2.954388 latency_reward=-1.083292 cost_weight=0.000000 cost_factor=1.600000 cost_term=0.000000 energy_weight=0.000000 energy_factor=1.800000 energy_term=0.000000 memory_weight=0.000000 memory_penalty=0.000000 memory_term=0.000000 final_reward=-1.083292
2026/07/16 16:36:46 [MAB] event=update_reward ts=1784212606050 policy=UCB1 function=mab_cost_aware_1784212590 arm=x86-tiny/gpu/nvidia duration_ms=2.954388 warm_start=true reward=-1.083292 count=7 avg_reward=-1.087969 total_counts=16
2026/07/16 16:36:46 [LB][MAB] event=before_select function=mab_cost_aware_1784212590 compatible_tags=[x86-large/gpu/amd x86-tiny/gpu/nvidia] has_context=true
2026/07/16 16:36:46 [MAB] event=arm_score ts=1784212606271 policy=UCB1 function=mab_cost_aware_1784212590 arm=x86-large/gpu/amd score=-0.598722 count=9 avg_reward=-1.042751 total_counts=16
2026/07/16 16:36:46 [MAB] event=arm_score ts=1784212606272 policy=UCB1 function=mab_cost_aware_1784212590 arm=x86-tiny/gpu/nvidia score=-0.584487 count=7 avg_reward=-1.087969 total_counts=16
2026/07/16 16:36:46 [MAB] event=select_arm ts=1784212606272 policy=UCB1 function=mab_cost_aware_1784212590 selected_arm=x86-tiny/gpu/nvidia reason=ucb_score score=-0.584487 total_counts=16 arms=[x86-large/gpu/amd,x86-tiny/gpu/nvidia]
2026/07/16 16:36:46 [LB][MAB] event=after_select function=mab_cost_aware_1784212590 selected_tag=x86-tiny/gpu/nvidia compatible_tags=[x86-large/gpu/amd x86-tiny/gpu/nvidia]
2026/07/16 16:36:46 [MAB] event=reward_breakdown ts=1784212606275 policy=UCB1 function=mab_cost_aware_1784212590 arm=x86-tiny/gpu/nvidia base_tag=x86-tiny architecture=x86 specialization=tiny capabilities=[gpu,nvidia] duration_ms=2.855053 latency_reward=-1.049090 cost_weight=0.000000 cost_factor=1.600000 cost_term=0.000000 energy_weight=0.000000 energy_factor=1.800000 energy_term=0.000000 memory_weight=0.000000 memory_penalty=0.000000 memory_term=0.000000 final_reward=-1.049090
2026/07/16 16:36:46 [MAB] event=update_reward ts=1784212606275 policy=UCB1 function=mab_cost_aware_1784212590 arm=x86-tiny/gpu/nvidia duration_ms=2.855053 warm_start=true reward=-1.049090 count=8 avg_reward=-1.083109 total_counts=17
2026/07/16 16:36:46 [LB][MAB] event=before_select function=mab_cost_aware_1784212590 compatible_tags=[x86-large/gpu/amd x86-tiny/gpu/nvidia] has_context=true
2026/07/16 16:36:46 [MAB] event=arm_score ts=1784212606498 policy=UCB1 function=mab_cost_aware_1784212590 arm=x86-large/gpu/amd score=-0.593894 count=9 avg_reward=-1.042751 total_counts=17
2026/07/16 16:36:46 [MAB] event=arm_score ts=1784212606498 policy=UCB1 function=mab_cost_aware_1784212590 arm=x86-tiny/gpu/nvidia score=-0.607024 count=8 avg_reward=-1.083109 total_counts=17
2026/07/16 16:36:46 [MAB] event=select_arm ts=1784212606498 policy=UCB1 function=mab_cost_aware_1784212590 selected_arm=x86-large/gpu/amd reason=ucb_score score=-0.593894 total_counts=17 arms=[x86-large/gpu/amd,x86-tiny/gpu/nvidia]
2026/07/16 16:36:46 [LB][MAB] event=after_select function=mab_cost_aware_1784212590 selected_tag=x86-large/gpu/amd compatible_tags=[x86-large/gpu/amd x86-tiny/gpu/nvidia]
2026/07/16 16:36:46 [MAB] event=reward_breakdown ts=1784212606501 policy=UCB1 function=mab_cost_aware_1784212590 arm=x86-large/gpu/amd base_tag=x86-large architecture=x86 specialization=large capabilities=[gpu,amd] duration_ms=2.593634 latency_reward=-0.953060 cost_weight=0.000000 cost_factor=1.200000 cost_term=0.000000 energy_weight=0.000000 energy_factor=1.200000 energy_term=0.000000 memory_weight=0.000000 memory_penalty=0.000000 memory_term=0.000000 final_reward=-0.953060
2026/07/16 16:36:46 [MAB] event=update_reward ts=1784212606502 policy=UCB1 function=mab_cost_aware_1784212590 arm=x86-large/gpu/amd duration_ms=2.593634 warm_start=true reward=-0.953060 count=10 avg_reward=-1.033782 total_counts=18
2026/07/16 16:36:46 [LB][MAB] event=before_select function=mab_cost_aware_1784212590 compatible_tags=[x86-large/gpu/amd x86-tiny/gpu/nvidia] has_context=true
2026/07/16 16:36:46 [MAB] event=arm_score ts=1784212606724 policy=UCB1 function=mab_cost_aware_1784212590 arm=x86-large/gpu/amd score=-0.603685 count=10 avg_reward=-1.033782 total_counts=18
2026/07/16 16:36:46 [MAB] event=arm_score ts=1784212606724 policy=UCB1 function=mab_cost_aware_1784212590 arm=x86-tiny/gpu/nvidia score=-0.602246 count=8 avg_reward=-1.083109 total_counts=18
2026/07/16 16:36:46 [MAB] event=select_arm ts=1784212606724 policy=UCB1 function=mab_cost_aware_1784212590 selected_arm=x86-tiny/gpu/nvidia reason=ucb_score score=-0.602246 total_counts=18 arms=[x86-large/gpu/amd,x86-tiny/gpu/nvidia]
2026/07/16 16:36:46 [LB][MAB] event=after_select function=mab_cost_aware_1784212590 selected_tag=x86-tiny/gpu/nvidia compatible_tags=[x86-large/gpu/amd x86-tiny/gpu/nvidia]
2026/07/16 16:36:46 [MAB] event=reward_breakdown ts=1784212606728 policy=UCB1 function=mab_cost_aware_1784212590 arm=x86-tiny/gpu/nvidia base_tag=x86-tiny architecture=x86 specialization=tiny capabilities=[gpu,nvidia] duration_ms=3.179650 latency_reward=-1.156771 cost_weight=0.000000 cost_factor=1.600000 cost_term=0.000000 energy_weight=0.000000 energy_factor=1.800000 energy_term=0.000000 memory_weight=0.000000 memory_penalty=0.000000 memory_term=0.000000 final_reward=-1.156771
2026/07/16 16:36:46 [MAB] event=update_reward ts=1784212606728 policy=UCB1 function=mab_cost_aware_1784212590 arm=x86-tiny/gpu/nvidia duration_ms=3.179650 warm_start=true reward=-1.156771 count=9 avg_reward=-1.091294 total_counts=19
2026/07/16 16:36:46 [LB][MAB] event=before_select function=mab_cost_aware_1784212590 compatible_tags=[x86-large/gpu/amd x86-tiny/gpu/nvidia] has_context=true
2026/07/16 16:36:46 [MAB] event=arm_score ts=1784212606952 policy=UCB1 function=mab_cost_aware_1784212590 arm=x86-large/gpu/amd score=-0.599681 count=10 avg_reward=-1.033782 total_counts=19
2026/07/16 16:36:46 [MAB] event=arm_score ts=1784212606952 policy=UCB1 function=mab_cost_aware_1784212590 arm=x86-tiny/gpu/nvidia score=-0.633711 count=9 avg_reward=-1.091294 total_counts=19
2026/07/16 16:36:46 [MAB] event=select_arm ts=1784212606952 policy=UCB1 function=mab_cost_aware_1784212590 selected_arm=x86-large/gpu/amd reason=ucb_score score=-0.599681 total_counts=19 arms=[x86-large/gpu/amd,x86-tiny/gpu/nvidia]
2026/07/16 16:36:46 [LB][MAB] event=after_select function=mab_cost_aware_1784212590 selected_tag=x86-large/gpu/amd compatible_tags=[x86-large/gpu/amd x86-tiny/gpu/nvidia]
2026/07/16 16:36:46 [MAB] event=reward_breakdown ts=1784212606956 policy=UCB1 function=mab_cost_aware_1784212590 arm=x86-large/gpu/amd base_tag=x86-large architecture=x86 specialization=large capabilities=[gpu,amd] duration_ms=3.223314 latency_reward=-1.170410 cost_weight=0.000000 cost_factor=1.200000 cost_term=0.000000 energy_weight=0.000000 energy_factor=1.200000 energy_term=0.000000 memory_weight=0.000000 memory_penalty=0.000000 memory_term=0.000000 final_reward=-1.170410
2026/07/16 16:36:46 [MAB] event=update_reward ts=1784212606956 policy=UCB1 function=mab_cost_aware_1784212590 arm=x86-large/gpu/amd duration_ms=3.223314 warm_start=true reward=-1.170410 count=11 avg_reward=-1.046203 total_counts=20
2026/07/16 16:36:47 [LB][MAB] event=before_select function=mab_cost_aware_1784212590 compatible_tags=[x86-large/gpu/amd x86-tiny/gpu/nvidia] has_context=true
2026/07/16 16:36:47 [MAB] event=arm_score ts=1784212607175 policy=UCB1 function=mab_cost_aware_1784212590 arm=x86-large/gpu/amd score=-0.628714 count=11 avg_reward=-1.046203 total_counts=20
2026/07/16 16:36:47 [MAB] event=arm_score ts=1784212607176 policy=UCB1 function=mab_cost_aware_1784212590 arm=x86-tiny/gpu/nvidia score=-0.629742 count=9 avg_reward=-1.091294 total_counts=20
2026/07/16 16:36:47 [MAB] event=select_arm ts=1784212607176 policy=UCB1 function=mab_cost_aware_1784212590 selected_arm=x86-large/gpu/amd reason=ucb_score score=-0.628714 total_counts=20 arms=[x86-large/gpu/amd,x86-tiny/gpu/nvidia]
2026/07/16 16:36:47 [LB][MAB] event=after_select function=mab_cost_aware_1784212590 selected_tag=x86-large/gpu/amd compatible_tags=[x86-large/gpu/amd x86-tiny/gpu/nvidia]
2026/07/16 16:36:47 [MAB] event=reward_breakdown ts=1784212607180 policy=UCB1 function=mab_cost_aware_1784212590 arm=x86-large/gpu/amd base_tag=x86-large architecture=x86 specialization=large capabilities=[gpu,amd] duration_ms=3.564805 latency_reward=-1.271109 cost_weight=0.000000 cost_factor=1.200000 cost_term=0.000000 energy_weight=0.000000 energy_factor=1.200000 energy_term=0.000000 memory_weight=0.000000 memory_penalty=0.000000 memory_term=0.000000 final_reward=-1.271109
2026/07/16 16:36:47 [MAB] event=update_reward ts=1784212607180 policy=UCB1 function=mab_cost_aware_1784212590 arm=x86-large/gpu/amd duration_ms=3.564805 warm_start=true reward=-1.271109 count=12 avg_reward=-1.064945 total_counts=21
2026/07/16 16:36:47 [LB][MAB] event=before_select function=mab_cost_aware_1784212590 compatible_tags=[x86-large/gpu/amd x86-tiny/gpu/nvidia] has_context=true
2026/07/16 16:36:47 [MAB] event=arm_score ts=1784212607401 policy=UCB1 function=mab_cost_aware_1784212590 arm=x86-large/gpu/amd score=-0.661988 count=12 avg_reward=-1.064945 total_counts=21
2026/07/16 16:36:47 [MAB] event=arm_score ts=1784212607401 policy=UCB1 function=mab_cost_aware_1784212590 arm=x86-tiny/gpu/nvidia score=-0.625999 count=9 avg_reward=-1.091294 total_counts=21
2026/07/16 16:36:47 [MAB] event=select_arm ts=1784212607401 policy=UCB1 function=mab_cost_aware_1784212590 selected_arm=x86-tiny/gpu/nvidia reason=ucb_score score=-0.625999 total_counts=21 arms=[x86-large/gpu/amd,x86-tiny/gpu/nvidia]
2026/07/16 16:36:47 [LB][MAB] event=after_select function=mab_cost_aware_1784212590 selected_tag=x86-tiny/gpu/nvidia compatible_tags=[x86-large/gpu/amd x86-tiny/gpu/nvidia]
2026/07/16 16:36:47 [MAB] event=reward_breakdown ts=1784212607405 policy=UCB1 function=mab_cost_aware_1784212590 arm=x86-tiny/gpu/nvidia base_tag=x86-tiny architecture=x86 specialization=tiny capabilities=[gpu,nvidia] duration_ms=3.124214 latency_reward=-1.139183 cost_weight=0.000000 cost_factor=1.600000 cost_term=0.000000 energy_weight=0.000000 energy_factor=1.800000 energy_term=0.000000 memory_weight=0.000000 memory_penalty=0.000000 memory_term=0.000000 final_reward=-1.139183
2026/07/16 16:36:47 [MAB] event=update_reward ts=1784212607405 policy=UCB1 function=mab_cost_aware_1784212590 arm=x86-tiny/gpu/nvidia duration_ms=3.124214 warm_start=true reward=-1.139183 count=10 avg_reward=-1.096083 total_counts=22
2026/07/16 16:36:47 [LB][MAB] event=before_select function=mab_cost_aware_1784212590 compatible_tags=[x86-large/gpu/amd x86-tiny/gpu/nvidia] has_context=true
2026/07/16 16:36:47 [MAB] event=arm_score ts=1784212607625 policy=UCB1 function=mab_cost_aware_1784212590 arm=x86-large/gpu/amd score=-0.658921 count=12 avg_reward=-1.064945 total_counts=22
2026/07/16 16:36:47 [MAB] event=arm_score ts=1784212607625 policy=UCB1 function=mab_cost_aware_1784212590 arm=x86-tiny/gpu/nvidia score=-0.651306 count=10 avg_reward=-1.096083 total_counts=22
2026/07/16 16:36:47 [MAB] event=select_arm ts=1784212607625 policy=UCB1 function=mab_cost_aware_1784212590 selected_arm=x86-tiny/gpu/nvidia reason=ucb_score score=-0.651306 total_counts=22 arms=[x86-large/gpu/amd,x86-tiny/gpu/nvidia]
2026/07/16 16:36:47 [LB][MAB] event=after_select function=mab_cost_aware_1784212590 selected_tag=x86-tiny/gpu/nvidia compatible_tags=[x86-large/gpu/amd x86-tiny/gpu/nvidia]
2026/07/16 16:36:47 [MAB] event=reward_breakdown ts=1784212607629 policy=UCB1 function=mab_cost_aware_1784212590 arm=x86-tiny/gpu/nvidia base_tag=x86-tiny architecture=x86 specialization=tiny capabilities=[gpu,nvidia] duration_ms=3.285902 latency_reward=-1.189641 cost_weight=0.000000 cost_factor=1.600000 cost_term=0.000000 energy_weight=0.000000 energy_factor=1.800000 energy_term=0.000000 memory_weight=0.000000 memory_penalty=0.000000 memory_term=0.000000 final_reward=-1.189641
2026/07/16 16:36:47 [MAB] event=update_reward ts=1784212607629 policy=UCB1 function=mab_cost_aware_1784212590 arm=x86-tiny/gpu/nvidia duration_ms=3.285902 warm_start=true reward=-1.189641 count=11 avg_reward=-1.104588 total_counts=23
2026/07/16 16:36:47 [LB][MAB] event=before_select function=mab_cost_aware_1784212590 compatible_tags=[x86-large/gpu/amd x86-tiny/gpu/nvidia] has_context=true
2026/07/16 16:36:47 [MAB] event=arm_score ts=1784212607851 policy=UCB1 function=mab_cost_aware_1784212590 arm=x86-large/gpu/amd score=-0.656012 count=12 avg_reward=-1.064945 total_counts=23
2026/07/16 16:36:47 [MAB] event=arm_score ts=1784212607851 policy=UCB1 function=mab_cost_aware_1784212590 arm=x86-tiny/gpu/nvidia score=-0.677471 count=11 avg_reward=-1.104588 total_counts=23
2026/07/16 16:36:47 [MAB] event=select_arm ts=1784212607851 policy=UCB1 function=mab_cost_aware_1784212590 selected_arm=x86-large/gpu/amd reason=ucb_score score=-0.656012 total_counts=23 arms=[x86-large/gpu/amd,x86-tiny/gpu/nvidia]
2026/07/16 16:36:47 [LB][MAB] event=after_select function=mab_cost_aware_1784212590 selected_tag=x86-large/gpu/amd compatible_tags=[x86-large/gpu/amd x86-tiny/gpu/nvidia]
2026/07/16 16:36:47 [MAB] event=reward_breakdown ts=1784212607854 policy=UCB1 function=mab_cost_aware_1784212590 arm=x86-large/gpu/amd base_tag=x86-large architecture=x86 specialization=large capabilities=[gpu,amd] duration_ms=2.971284 latency_reward=-1.088994 cost_weight=0.000000 cost_factor=1.200000 cost_term=0.000000 energy_weight=0.000000 energy_factor=1.200000 energy_term=0.000000 memory_weight=0.000000 memory_penalty=0.000000 memory_term=0.000000 final_reward=-1.088994
2026/07/16 16:36:47 [MAB] event=update_reward ts=1784212607854 policy=UCB1 function=mab_cost_aware_1784212590 arm=x86-large/gpu/amd duration_ms=2.971284 warm_start=true reward=-1.088994 count=13 avg_reward=-1.066795 total_counts=24
2026/07/16 16:36:48 [LB][MAB] event=before_select function=mab_cost_aware_1784212590 compatible_tags=[x86-large/gpu/amd x86-tiny/gpu/nvidia] has_context=true
2026/07/16 16:36:48 [MAB] event=arm_score ts=1784212608074 policy=UCB1 function=mab_cost_aware_1784212590 arm=x86-large/gpu/amd score=-0.671247 count=13 avg_reward=-1.066795 total_counts=24
2026/07/16 16:36:48 [MAB] event=arm_score ts=1784212608074 policy=UCB1 function=mab_cost_aware_1784212590 arm=x86-tiny/gpu/nvidia score=-0.674582 count=11 avg_reward=-1.104588 total_counts=24
2026/07/16 16:36:48 [MAB] event=select_arm ts=1784212608074 policy=UCB1 function=mab_cost_aware_1784212590 selected_arm=x86-large/gpu/amd reason=ucb_score score=-0.671247 total_counts=24 arms=[x86-large/gpu/amd,x86-tiny/gpu/nvidia]
2026/07/16 16:36:48 [LB][MAB] event=after_select function=mab_cost_aware_1784212590 selected_tag=x86-large/gpu/amd compatible_tags=[x86-large/gpu/amd x86-tiny/gpu/nvidia]
2026/07/16 16:36:48 [MAB] event=reward_breakdown ts=1784212608078 policy=UCB1 function=mab_cost_aware_1784212590 arm=x86-large/gpu/amd base_tag=x86-large architecture=x86 specialization=large capabilities=[gpu,amd] duration_ms=3.336008 latency_reward=-1.204775 cost_weight=0.000000 cost_factor=1.200000 cost_term=0.000000 energy_weight=0.000000 energy_factor=1.200000 energy_term=0.000000 memory_weight=0.000000 memory_penalty=0.000000 memory_term=0.000000 final_reward=-1.204775
2026/07/16 16:36:48 [MAB] event=update_reward ts=1784212608078 policy=UCB1 function=mab_cost_aware_1784212590 arm=x86-large/gpu/amd duration_ms=3.336008 warm_start=true reward=-1.204775 count=14 avg_reward=-1.076651 total_counts=25
2026/07/16 16:36:48 [LB][MAB] event=before_select function=mab_cost_aware_1784212590 compatible_tags=[x86-large/gpu/amd x86-tiny/gpu/nvidia] has_context=true
2026/07/16 16:36:48 [MAB] event=arm_score ts=1784212608296 policy=UCB1 function=mab_cost_aware_1784212590 arm=x86-large/gpu/amd score=-0.693051 count=14 avg_reward=-1.076651 total_counts=25
2026/07/16 16:36:48 [MAB] event=arm_score ts=1784212608296 policy=UCB1 function=mab_cost_aware_1784212590 arm=x86-tiny/gpu/nvidia score=-0.671829 count=11 avg_reward=-1.104588 total_counts=25
2026/07/16 16:36:48 [MAB] event=select_arm ts=1784212608296 policy=UCB1 function=mab_cost_aware_1784212590 selected_arm=x86-tiny/gpu/nvidia reason=ucb_score score=-0.671829 total_counts=25 arms=[x86-large/gpu/amd,x86-tiny/gpu/nvidia]
2026/07/16 16:36:48 [LB][MAB] event=after_select function=mab_cost_aware_1784212590 selected_tag=x86-tiny/gpu/nvidia compatible_tags=[x86-large/gpu/amd x86-tiny/gpu/nvidia]
2026/07/16 16:36:48 [MAB] event=reward_breakdown ts=1784212608298 policy=UCB1 function=mab_cost_aware_1784212590 arm=x86-tiny/gpu/nvidia base_tag=x86-tiny architecture=x86 specialization=tiny capabilities=[gpu,nvidia] duration_ms=1.654389 latency_reward=-0.503432 cost_weight=0.000000 cost_factor=1.600000 cost_term=0.000000 energy_weight=0.000000 energy_factor=1.800000 energy_term=0.000000 memory_weight=0.000000 memory_penalty=0.000000 memory_term=0.000000 final_reward=-0.503432
2026/07/16 16:36:48 [MAB] event=update_reward ts=1784212608298 policy=UCB1 function=mab_cost_aware_1784212590 arm=x86-tiny/gpu/nvidia duration_ms=1.654389 warm_start=true reward=-0.503432 count=12 avg_reward=-1.054492 total_counts=26
2026/07/16 16:36:48 [LB][MAB] event=before_select function=mab_cost_aware_1784212590 compatible_tags=[x86-large/gpu/amd x86-tiny/gpu/nvidia] has_context=true
2026/07/16 16:36:48 [MAB] event=arm_score ts=1784212608517 policy=UCB1 function=mab_cost_aware_1784212590 arm=x86-large/gpu/amd score=-0.690721 count=14 avg_reward=-1.076651 total_counts=26
2026/07/16 16:36:48 [MAB] event=arm_score ts=1784212608517 policy=UCB1 function=mab_cost_aware_1784212590 arm=x86-tiny/gpu/nvidia score=-0.637640 count=12 avg_reward=-1.054492 total_counts=26
2026/07/16 16:36:48 [MAB] event=select_arm ts=1784212608517 policy=UCB1 function=mab_cost_aware_1784212590 selected_arm=x86-tiny/gpu/nvidia reason=ucb_score score=-0.637640 total_counts=26 arms=[x86-large/gpu/amd,x86-tiny/gpu/nvidia]
2026/07/16 16:36:48 [LB][MAB] event=after_select function=mab_cost_aware_1784212590 selected_tag=x86-tiny/gpu/nvidia compatible_tags=[x86-large/gpu/amd x86-tiny/gpu/nvidia]
2026/07/16 16:36:48 [MAB] event=reward_breakdown ts=1784212608521 policy=UCB1 function=mab_cost_aware_1784212590 arm=x86-tiny/gpu/nvidia base_tag=x86-tiny architecture=x86 specialization=tiny capabilities=[gpu,nvidia] duration_ms=2.988474 latency_reward=-1.094763 cost_weight=0.000000 cost_factor=1.600000 cost_term=0.000000 energy_weight=0.000000 energy_factor=1.800000 energy_term=0.000000 memory_weight=0.000000 memory_penalty=0.000000 memory_term=0.000000 final_reward=-1.094763
2026/07/16 16:36:48 [MAB] event=update_reward ts=1784212608521 policy=UCB1 function=mab_cost_aware_1784212590 arm=x86-tiny/gpu/nvidia duration_ms=2.988474 warm_start=true reward=-1.094763 count=13 avg_reward=-1.057589 total_counts=27
2026/07/16 16:36:48 [LB][MAB] event=before_select function=mab_cost_aware_1784212590 compatible_tags=[x86-large/gpu/amd x86-tiny/gpu/nvidia] has_context=true
2026/07/16 16:36:48 [MAB] event=arm_score ts=1784212608741 policy=UCB1 function=mab_cost_aware_1784212590 arm=x86-large/gpu/amd score=-0.688492 count=14 avg_reward=-1.076651 total_counts=27
2026/07/16 16:36:48 [MAB] event=arm_score ts=1784212608741 policy=UCB1 function=mab_cost_aware_1784212590 arm=x86-tiny/gpu/nvidia score=-0.654779 count=13 avg_reward=-1.057589 total_counts=27
2026/07/16 16:36:48 [MAB] event=select_arm ts=1784212608741 policy=UCB1 function=mab_cost_aware_1784212590 selected_arm=x86-tiny/gpu/nvidia reason=ucb_score score=-0.654779 total_counts=27 arms=[x86-large/gpu/amd,x86-tiny/gpu/nvidia]
2026/07/16 16:36:48 [LB][MAB] event=after_select function=mab_cost_aware_1784212590 selected_tag=x86-tiny/gpu/nvidia compatible_tags=[x86-large/gpu/amd x86-tiny/gpu/nvidia]
2026/07/16 16:36:48 [MAB] event=reward_breakdown ts=1784212608745 policy=UCB1 function=mab_cost_aware_1784212590 arm=x86-tiny/gpu/nvidia base_tag=x86-tiny architecture=x86 specialization=tiny capabilities=[gpu,nvidia] duration_ms=2.997382 latency_reward=-1.097739 cost_weight=0.000000 cost_factor=1.600000 cost_term=0.000000 energy_weight=0.000000 energy_factor=1.800000 energy_term=0.000000 memory_weight=0.000000 memory_penalty=0.000000 memory_term=0.000000 final_reward=-1.097739
2026/07/16 16:36:48 [MAB] event=update_reward ts=1784212608745 policy=UCB1 function=mab_cost_aware_1784212590 arm=x86-tiny/gpu/nvidia duration_ms=2.997382 warm_start=true reward=-1.097739 count=14 avg_reward=-1.060457 total_counts=28
2026/07/16 16:36:48 [LB][MAB] event=before_select function=mab_cost_aware_1784212590 compatible_tags=[x86-large/gpu/amd x86-tiny/gpu/nvidia] has_context=true
2026/07/16 16:36:48 [MAB] event=arm_score ts=1784212608966 policy=UCB1 function=mab_cost_aware_1784212590 arm=x86-large/gpu/amd score=-0.686357 count=14 avg_reward=-1.076651 total_counts=28
2026/07/16 16:36:48 [MAB] event=arm_score ts=1784212608966 policy=UCB1 function=mab_cost_aware_1784212590 arm=x86-tiny/gpu/nvidia score=-0.670163 count=14 avg_reward=-1.060457 total_counts=28
2026/07/16 16:36:48 [MAB] event=select_arm ts=1784212608966 policy=UCB1 function=mab_cost_aware_1784212590 selected_arm=x86-tiny/gpu/nvidia reason=ucb_score score=-0.670163 total_counts=28 arms=[x86-large/gpu/amd,x86-tiny/gpu/nvidia]
2026/07/16 16:36:48 [LB][MAB] event=after_select function=mab_cost_aware_1784212590 selected_tag=x86-tiny/gpu/nvidia compatible_tags=[x86-large/gpu/amd x86-tiny/gpu/nvidia]
2026/07/16 16:36:48 [MAB] event=reward_breakdown ts=1784212608971 policy=UCB1 function=mab_cost_aware_1784212590 arm=x86-tiny/gpu/nvidia base_tag=x86-tiny architecture=x86 specialization=tiny capabilities=[gpu,nvidia] duration_ms=3.203706 latency_reward=-1.164308 cost_weight=0.000000 cost_factor=1.600000 cost_term=0.000000 energy_weight=0.000000 energy_factor=1.800000 energy_term=0.000000 memory_weight=0.000000 memory_penalty=0.000000 memory_term=0.000000 final_reward=-1.164308
2026/07/16 16:36:48 [MAB] event=update_reward ts=1784212608971 policy=UCB1 function=mab_cost_aware_1784212590 arm=x86-tiny/gpu/nvidia duration_ms=3.203706 warm_start=true reward=-1.164308 count=15 avg_reward=-1.067381 total_counts=29
2026/07/16 16:36:49 [LB][MAB] event=before_select function=mab_cost_aware_1784212590 compatible_tags=[x86-large/gpu/amd x86-tiny/gpu/nvidia] has_context=true
2026/07/16 16:36:49 [MAB] event=arm_score ts=1784212609191 policy=UCB1 function=mab_cost_aware_1784212590 arm=x86-large/gpu/amd score=-0.684307 count=14 avg_reward=-1.076651 total_counts=29
2026/07/16 16:36:49 [MAB] event=arm_score ts=1784212609191 policy=UCB1 function=mab_cost_aware_1784212590 arm=x86-tiny/gpu/nvidia score=-0.688341 count=15 avg_reward=-1.067381 total_counts=29
2026/07/16 16:36:49 [MAB] event=select_arm ts=1784212609191 policy=UCB1 function=mab_cost_aware_1784212590 selected_arm=x86-large/gpu/amd reason=ucb_score score=-0.684307 total_counts=29 arms=[x86-large/gpu/amd,x86-tiny/gpu/nvidia]
2026/07/16 16:36:49 [LB][MAB] event=after_select function=mab_cost_aware_1784212590 selected_tag=x86-large/gpu/amd compatible_tags=[x86-large/gpu/amd x86-tiny/gpu/nvidia]
2026/07/16 16:36:49 [MAB] event=reward_breakdown ts=1784212609195 policy=UCB1 function=mab_cost_aware_1784212590 arm=x86-large/gpu/amd base_tag=x86-large architecture=x86 specialization=large capabilities=[gpu,amd] duration_ms=3.192318 latency_reward=-1.160747 cost_weight=0.000000 cost_factor=1.200000 cost_term=0.000000 energy_weight=0.000000 energy_factor=1.200000 energy_term=0.000000 memory_weight=0.000000 memory_penalty=0.000000 memory_term=0.000000 final_reward=-1.160747
2026/07/16 16:36:49 [MAB] event=update_reward ts=1784212609195 policy=UCB1 function=mab_cost_aware_1784212590 arm=x86-large/gpu/amd duration_ms=3.192318 warm_start=true reward=-1.160747 count=15 avg_reward=-1.082257 total_counts=30
2026/07/16 16:36:49 [LB][MAB] event=before_select function=mab_cost_aware_1784212590 compatible_tags=[x86-large/gpu/amd x86-tiny/gpu/nvidia] has_context=true
2026/07/16 16:36:49 [MAB] event=arm_score ts=1784212609414 policy=UCB1 function=mab_cost_aware_1784212590 arm=x86-large/gpu/amd score=-0.701314 count=15 avg_reward=-1.082257 total_counts=30
2026/07/16 16:36:49 [MAB] event=arm_score ts=1784212609414 policy=UCB1 function=mab_cost_aware_1784212590 arm=x86-tiny/gpu/nvidia score=-0.686437 count=15 avg_reward=-1.067381 total_counts=30
2026/07/16 16:36:49 [MAB] event=select_arm ts=1784212609414 policy=UCB1 function=mab_cost_aware_1784212590 selected_arm=x86-tiny/gpu/nvidia reason=ucb_score score=-0.686437 total_counts=30 arms=[x86-large/gpu/amd,x86-tiny/gpu/nvidia]
2026/07/16 16:36:49 [LB][MAB] event=after_select function=mab_cost_aware_1784212590 selected_tag=x86-tiny/gpu/nvidia compatible_tags=[x86-large/gpu/amd x86-tiny/gpu/nvidia]
2026/07/16 16:36:49 [MAB] event=reward_breakdown ts=1784212609417 policy=UCB1 function=mab_cost_aware_1784212590 arm=x86-tiny/gpu/nvidia base_tag=x86-tiny architecture=x86 specialization=tiny capabilities=[gpu,nvidia] duration_ms=2.806794 latency_reward=-1.032043 cost_weight=0.000000 cost_factor=1.600000 cost_term=0.000000 energy_weight=0.000000 energy_factor=1.800000 energy_term=0.000000 memory_weight=0.000000 memory_penalty=0.000000 memory_term=0.000000 final_reward=-1.032043
2026/07/16 16:36:49 [MAB] event=update_reward ts=1784212609417 policy=UCB1 function=mab_cost_aware_1784212590 arm=x86-tiny/gpu/nvidia duration_ms=2.806794 warm_start=true reward=-1.032043 count=16 avg_reward=-1.065172 total_counts=31
2026/07/16 16:36:49 [LB][MAB] event=before_select function=mab_cost_aware_1784212590 compatible_tags=[x86-large/gpu/amd x86-tiny/gpu/nvidia] has_context=true
2026/07/16 16:36:49 [MAB] event=arm_score ts=1784212609637 policy=UCB1 function=mab_cost_aware_1784212590 arm=x86-large/gpu/amd score=-0.699482 count=15 avg_reward=-1.082257 total_counts=31
2026/07/16 16:36:49 [MAB] event=arm_score ts=1784212609637 policy=UCB1 function=mab_cost_aware_1784212590 arm=x86-tiny/gpu/nvidia score=-0.694552 count=16 avg_reward=-1.065172 total_counts=31
2026/07/16 16:36:49 [MAB] event=select_arm ts=1784212609637 policy=UCB1 function=mab_cost_aware_1784212590 selected_arm=x86-tiny/gpu/nvidia reason=ucb_score score=-0.694552 total_counts=31 arms=[x86-large/gpu/amd,x86-tiny/gpu/nvidia]
2026/07/16 16:36:49 [LB][MAB] event=after_select function=mab_cost_aware_1784212590 selected_tag=x86-tiny/gpu/nvidia compatible_tags=[x86-large/gpu/amd x86-tiny/gpu/nvidia]
2026/07/16 16:36:49 [MAB] event=reward_breakdown ts=1784212609641 policy=UCB1 function=mab_cost_aware_1784212590 arm=x86-tiny/gpu/nvidia base_tag=x86-tiny architecture=x86 specialization=tiny capabilities=[gpu,nvidia] duration_ms=2.892399 latency_reward=-1.062086 cost_weight=0.000000 cost_factor=1.600000 cost_term=0.000000 energy_weight=0.000000 energy_factor=1.800000 energy_term=0.000000 memory_weight=0.000000 memory_penalty=0.000000 memory_term=0.000000 final_reward=-1.062086
2026/07/16 16:36:49 [MAB] event=update_reward ts=1784212609641 policy=UCB1 function=mab_cost_aware_1784212590 arm=x86-tiny/gpu/nvidia duration_ms=2.892399 warm_start=true reward=-1.062086 count=17 avg_reward=-1.064991 total_counts=32
2026/07/16 16:36:49 [LB][MAB] event=before_select function=mab_cost_aware_1784212590 compatible_tags=[x86-large/gpu/amd x86-tiny/gpu/nvidia] has_context=true
2026/07/16 16:36:49 [MAB] event=arm_score ts=1784212609861 policy=UCB1 function=mab_cost_aware_1784212590 arm=x86-large/gpu/amd score=-0.697717 count=15 avg_reward=-1.082257 total_counts=32
2026/07/16 16:36:49 [MAB] event=arm_score ts=1784212609861 policy=UCB1 function=mab_cost_aware_1784212590 arm=x86-tiny/gpu/nvidia score=-0.703778 count=17 avg_reward=-1.064991 total_counts=32
2026/07/16 16:36:49 [MAB] event=select_arm ts=1784212609861 policy=UCB1 function=mab_cost_aware_1784212590 selected_arm=x86-large/gpu/amd reason=ucb_score score=-0.697717 total_counts=32 arms=[x86-large/gpu/amd,x86-tiny/gpu/nvidia]
2026/07/16 16:36:49 [LB][MAB] event=after_select function=mab_cost_aware_1784212590 selected_tag=x86-large/gpu/amd compatible_tags=[x86-large/gpu/amd x86-tiny/gpu/nvidia]
2026/07/16 16:36:49 [MAB] event=reward_breakdown ts=1784212609865 policy=UCB1 function=mab_cost_aware_1784212590 arm=x86-large/gpu/amd base_tag=x86-large architecture=x86 specialization=large capabilities=[gpu,amd] duration_ms=2.673334 latency_reward=-0.983326 cost_weight=0.000000 cost_factor=1.200000 cost_term=0.000000 energy_weight=0.000000 energy_factor=1.200000 energy_term=0.000000 memory_weight=0.000000 memory_penalty=0.000000 memory_term=0.000000 final_reward=-0.983326
2026/07/16 16:36:49 [MAB] event=update_reward ts=1784212609865 policy=UCB1 function=mab_cost_aware_1784212590 arm=x86-large/gpu/amd duration_ms=2.673334 warm_start=true reward=-0.983326 count=16 avg_reward=-1.076074 total_counts=33
2026/07/16 16:36:50 [LB][MAB] event=before_select function=mab_cost_aware_1784212590 compatible_tags=[x86-large/gpu/amd x86-tiny/gpu/nvidia] has_context=true
2026/07/16 16:36:50 [MAB] event=arm_score ts=1784212610083 policy=UCB1 function=mab_cost_aware_1784212590 arm=x86-large/gpu/amd score=-0.702095 count=16 avg_reward=-1.076074 total_counts=33
2026/07/16 16:36:50 [MAB] event=arm_score ts=1784212610084 policy=UCB1 function=mab_cost_aware_1784212590 arm=x86-tiny/gpu/nvidia score=-0.702178 count=17 avg_reward=-1.064991 total_counts=33
2026/07/16 16:36:50 [MAB] event=select_arm ts=1784212610084 policy=UCB1 function=mab_cost_aware_1784212590 selected_arm=x86-large/gpu/amd reason=ucb_score score=-0.702095 total_counts=33 arms=[x86-large/gpu/amd,x86-tiny/gpu/nvidia]
2026/07/16 16:36:50 [LB][MAB] event=after_select function=mab_cost_aware_1784212590 selected_tag=x86-large/gpu/amd compatible_tags=[x86-large/gpu/amd x86-tiny/gpu/nvidia]
2026/07/16 16:36:50 [MAB] event=reward_breakdown ts=1784212610087 policy=UCB1 function=mab_cost_aware_1784212590 arm=x86-large/gpu/amd base_tag=x86-large architecture=x86 specialization=large capabilities=[gpu,amd] duration_ms=2.792915 latency_reward=-1.027086 cost_weight=0.000000 cost_factor=1.200000 cost_term=0.000000 energy_weight=0.000000 energy_factor=1.200000 energy_term=0.000000 memory_weight=0.000000 memory_penalty=0.000000 memory_term=0.000000 final_reward=-1.027086
2026/07/16 16:36:50 [MAB] event=update_reward ts=1784212610087 policy=UCB1 function=mab_cost_aware_1784212590 arm=x86-large/gpu/amd duration_ms=2.792915 warm_start=true reward=-1.027086 count=17 avg_reward=-1.073192 total_counts=34
2026/07/16 16:36:50 [LB][MAB] event=before_select function=mab_cost_aware_1784212590 compatible_tags=[x86-large/gpu/amd x86-tiny/gpu/nvidia] has_context=true
2026/07/16 16:36:50 [MAB] event=arm_score ts=1784212610308 policy=UCB1 function=mab_cost_aware_1784212590 arm=x86-large/gpu/amd score=-0.708834 count=17 avg_reward=-1.073192 total_counts=34
2026/07/16 16:36:50 [MAB] event=arm_score ts=1784212610308 policy=UCB1 function=mab_cost_aware_1784212590 arm=x86-tiny/gpu/nvidia score=-0.700632 count=17 avg_reward=-1.064991 total_counts=34
2026/07/16 16:36:50 [MAB] event=select_arm ts=1784212610308 policy=UCB1 function=mab_cost_aware_1784212590 selected_arm=x86-tiny/gpu/nvidia reason=ucb_score score=-0.700632 total_counts=34 arms=[x86-large/gpu/amd,x86-tiny/gpu/nvidia]
2026/07/16 16:36:50 [LB][MAB] event=after_select function=mab_cost_aware_1784212590 selected_tag=x86-tiny/gpu/nvidia compatible_tags=[x86-large/gpu/amd x86-tiny/gpu/nvidia]
2026/07/16 16:36:50 [MAB] event=reward_breakdown ts=1784212610312 policy=UCB1 function=mab_cost_aware_1784212590 arm=x86-tiny/gpu/nvidia base_tag=x86-tiny architecture=x86 specialization=tiny capabilities=[gpu,nvidia] duration_ms=3.358385 latency_reward=-1.211460 cost_weight=0.000000 cost_factor=1.600000 cost_term=0.000000 energy_weight=0.000000 energy_factor=1.800000 energy_term=0.000000 memory_weight=0.000000 memory_penalty=0.000000 memory_term=0.000000 final_reward=-1.211460
2026/07/16 16:36:50 [MAB] event=update_reward ts=1784212610312 policy=UCB1 function=mab_cost_aware_1784212590 arm=x86-tiny/gpu/nvidia duration_ms=3.358385 warm_start=true reward=-1.211460 count=18 avg_reward=-1.073128 total_counts=35
2026/07/16 16:36:50 [LB][MAB] event=before_select function=mab_cost_aware_1784212590 compatible_tags=[x86-large/gpu/amd x86-tiny/gpu/nvidia] has_context=true
2026/07/16 16:36:50 [MAB] event=arm_score ts=1784212610530 policy=UCB1 function=mab_cost_aware_1784212590 arm=x86-large/gpu/amd score=-0.707339 count=17 avg_reward=-1.073192 total_counts=35
2026/07/16 16:36:50 [MAB] event=arm_score ts=1784212610530 policy=UCB1 function=mab_cost_aware_1784212590 arm=x86-tiny/gpu/nvidia score=-0.717583 count=18 avg_reward=-1.073128 total_counts=35
2026/07/16 16:36:50 [MAB] event=select_arm ts=1784212610530 policy=UCB1 function=mab_cost_aware_1784212590 selected_arm=x86-large/gpu/amd reason=ucb_score score=-0.707339 total_counts=35 arms=[x86-large/gpu/amd,x86-tiny/gpu/nvidia]
2026/07/16 16:36:50 [LB][MAB] event=after_select function=mab_cost_aware_1784212590 selected_tag=x86-large/gpu/amd compatible_tags=[x86-large/gpu/amd x86-tiny/gpu/nvidia]
2026/07/16 16:36:50 [MAB] event=reward_breakdown ts=1784212610534 policy=UCB1 function=mab_cost_aware_1784212590 arm=x86-large/gpu/amd base_tag=x86-large architecture=x86 specialization=large capabilities=[gpu,amd] duration_ms=2.806292 latency_reward=-1.031864 cost_weight=0.000000 cost_factor=1.200000 cost_term=0.000000 energy_weight=0.000000 energy_factor=1.200000 energy_term=0.000000 memory_weight=0.000000 memory_penalty=0.000000 memory_term=0.000000 final_reward=-1.031864
2026/07/16 16:36:50 [MAB] event=update_reward ts=1784212610534 policy=UCB1 function=mab_cost_aware_1784212590 arm=x86-large/gpu/amd duration_ms=2.806292 warm_start=true reward=-1.031864 count=18 avg_reward=-1.070896 total_counts=36
2026/07/16 16:36:50 [LB][MAB] event=before_select function=mab_cost_aware_1784212590 compatible_tags=[x86-large/gpu/amd x86-tiny/gpu/nvidia] has_context=true
2026/07/16 16:36:50 [MAB] event=arm_score ts=1784212610756 policy=UCB1 function=mab_cost_aware_1784212590 arm=x86-large/gpu/amd score=-0.713945 count=18 avg_reward=-1.070896 total_counts=36
2026/07/16 16:36:50 [MAB] event=arm_score ts=1784212610756 policy=UCB1 function=mab_cost_aware_1784212590 arm=x86-tiny/gpu/nvidia score=-0.716177 count=18 avg_reward=-1.073128 total_counts=36
2026/07/16 16:36:50 [MAB] event=select_arm ts=1784212610756 policy=UCB1 function=mab_cost_aware_1784212590 selected_arm=x86-large/gpu/amd reason=ucb_score score=-0.713945 total_counts=36 arms=[x86-large/gpu/amd,x86-tiny/gpu/nvidia]
2026/07/16 16:36:50 [LB][MAB] event=after_select function=mab_cost_aware_1784212590 selected_tag=x86-large/gpu/amd compatible_tags=[x86-large/gpu/amd x86-tiny/gpu/nvidia]
2026/07/16 16:36:50 [MAB] event=reward_breakdown ts=1784212610760 policy=UCB1 function=mab_cost_aware_1784212590 arm=x86-large/gpu/amd base_tag=x86-large architecture=x86 specialization=large capabilities=[gpu,amd] duration_ms=2.889886 latency_reward=-1.061217 cost_weight=0.000000 cost_factor=1.200000 cost_term=0.000000 energy_weight=0.000000 energy_factor=1.200000 energy_term=0.000000 memory_weight=0.000000 memory_penalty=0.000000 memory_term=0.000000 final_reward=-1.061217
2026/07/16 16:36:50 [MAB] event=update_reward ts=1784212610760 policy=UCB1 function=mab_cost_aware_1784212590 arm=x86-large/gpu/amd duration_ms=2.889886 warm_start=true reward=-1.061217 count=19 avg_reward=-1.070387 total_counts=37
2026/07/16 16:36:50 [LB][MAB] event=before_select function=mab_cost_aware_1784212590 compatible_tags=[x86-large/gpu/amd x86-tiny/gpu/nvidia] has_context=true
2026/07/16 16:36:50 [MAB] event=arm_score ts=1784212610980 policy=UCB1 function=mab_cost_aware_1784212590 arm=x86-large/gpu/amd score=-0.721631 count=19 avg_reward=-1.070387 total_counts=37
2026/07/16 16:36:50 [MAB] event=arm_score ts=1784212610980 policy=UCB1 function=mab_cost_aware_1784212590 arm=x86-tiny/gpu/nvidia score=-0.714815 count=18 avg_reward=-1.073128 total_counts=37
2026/07/16 16:36:50 [MAB] event=select_arm ts=1784212610980 policy=UCB1 function=mab_cost_aware_1784212590 selected_arm=x86-tiny/gpu/nvidia reason=ucb_score score=-0.714815 total_counts=37 arms=[x86-large/gpu/amd,x86-tiny/gpu/nvidia]
2026/07/16 16:36:50 [LB][MAB] event=after_select function=mab_cost_aware_1784212590 selected_tag=x86-tiny/gpu/nvidia compatible_tags=[x86-large/gpu/amd x86-tiny/gpu/nvidia]
2026/07/16 16:36:50 [MAB] event=reward_breakdown ts=1784212610984 policy=UCB1 function=mab_cost_aware_1784212590 arm=x86-tiny/gpu/nvidia base_tag=x86-tiny architecture=x86 specialization=tiny capabilities=[gpu,nvidia] duration_ms=3.431650 latency_reward=-1.233041 cost_weight=0.000000 cost_factor=1.600000 cost_term=0.000000 energy_weight=0.000000 energy_factor=1.800000 energy_term=0.000000 memory_weight=0.000000 memory_penalty=0.000000 memory_term=0.000000 final_reward=-1.233041
2026/07/16 16:36:50 [MAB] event=update_reward ts=1784212610984 policy=UCB1 function=mab_cost_aware_1784212590 arm=x86-tiny/gpu/nvidia duration_ms=3.431650 warm_start=true reward=-1.233041 count=19 avg_reward=-1.081544 total_counts=38
