2026/07/16 16:36:31 Local node id: (ROME)MafbXvjD5AxWFEdvqL8zCT1784212591286935903 - x86-large/gpu/amd (arch: amd64)
2026/07/16 16:36:31 Registration for node: (ROME)MafbXvjD5AxWFEdvqL8zCT1784212591286935903 - x86-large/gpu/amd
2026/07/16 16:36:31 Connecting to etcd
2026/07/16 16:36:31 Connected to etcd
2026/07/16 16:36:32 etcd connection state: READY
2026/07/16 16:36:32 etcd: connected and ready
2026/07/16 16:36:32 Registering to etcd: registry/ROME/x86-large/gpu/amd/MafbXvjD5AxWFEdvqL8zCT1784212591286935903
2026/07/16 16:36:32 Configured scheduling policy: default
2026/07/16 16:36:32 Configured offloading policy: disable
2026/07/16 16:36:32 Current resources: [CPUs: 0.000000/32.000000 - Mem: 0(+0 warm)/512]
2026/07/16 16:36:32 Scheduler started.
2026/07/16 16:36:32 No remote area is configured; vertical offloading disabled
2026/07/16 16:36:32 UDP server up and listening on port 9878
⇨ http server started on [::]:1325
2026/07/16 16:36:41 Container 5141997847c28b8f8f03148b908ff71acf3721386fdd7038e1a5c91b0e9490b3 has name /upbeat_herschel
2026/07/16 16:36:41 [mab_cost_aware_1784212590] Executing on container: 5141997847c28b8f8f03148b908ff71acf3721386fdd7038e1a5c91b0e9490b3
2026/07/16 16:36:42 Using warm 5141997847c28b8f8f03148b908ff71acf3721386fdd7038e1a5c91b0e9490b3 for mab_cost_aware_1784212590. Now: [CPUs: 0.000000/32.000000 - Mem: 128(+0 warm)/512]
2026/07/16 16:36:42 [mab_cost_aware_1784212590] Executing on container: 5141997847c28b8f8f03148b908ff71acf3721386fdd7038e1a5c91b0e9490b3
2026/07/16 16:36:43 Using warm 5141997847c28b8f8f03148b908ff71acf3721386fdd7038e1a5c91b0e9490b3 for mab_cost_aware_1784212590. Now: [CPUs: 0.000000/32.000000 - Mem: 128(+0 warm)/512]
2026/07/16 16:36:43 [mab_cost_aware_1784212590] Executing on container: 5141997847c28b8f8f03148b908ff71acf3721386fdd7038e1a5c91b0e9490b3
2026/07/16 16:36:44 Using warm 5141997847c28b8f8f03148b908ff71acf3721386fdd7038e1a5c91b0e9490b3 for mab_cost_aware_1784212590. Now: [CPUs: 0.000000/32.000000 - Mem: 128(+0 warm)/512]
2026/07/16 16:36:44 [mab_cost_aware_1784212590] Executing on container: 5141997847c28b8f8f03148b908ff71acf3721386fdd7038e1a5c91b0e9490b3
2026/07/16 16:36:44 Using warm 5141997847c28b8f8f03148b908ff71acf3721386fdd7038e1a5c91b0e9490b3 for mab_cost_aware_1784212590. Now: [CPUs: 0.000000/32.000000 - Mem: 128(+0 warm)/512]
2026/07/16 16:36:44 [mab_cost_aware_1784212590] Executing on container: 5141997847c28b8f8f03148b908ff71acf3721386fdd7038e1a5c91b0e9490b3
2026/07/16 16:36:44 Using warm 5141997847c28b8f8f03148b908ff71acf3721386fdd7038e1a5c91b0e9490b3 for mab_cost_aware_1784212590. Now: [CPUs: 0.000000/32.000000 - Mem: 128(+0 warm)/512]
2026/07/16 16:36:44 [mab_cost_aware_1784212590] Executing on container: 5141997847c28b8f8f03148b908ff71acf3721386fdd7038e1a5c91b0e9490b3
2026/07/16 16:36:44 Using warm 5141997847c28b8f8f03148b908ff71acf3721386fdd7038e1a5c91b0e9490b3 for mab_cost_aware_1784212590. Now: [CPUs: 0.000000/32.000000 - Mem: 128(+0 warm)/512]
2026/07/16 16:36:44 [mab_cost_aware_1784212590] Executing on container: 5141997847c28b8f8f03148b908ff71acf3721386fdd7038e1a5c91b0e9490b3
2026/07/16 16:36:45 Using warm 5141997847c28b8f8f03148b908ff71acf3721386fdd7038e1a5c91b0e9490b3 for mab_cost_aware_1784212590. Now: [CPUs: 0.000000/32.000000 - Mem: 128(+0 warm)/512]
2026/07/16 16:36:45 [mab_cost_aware_1784212590] Executing on container: 5141997847c28b8f8f03148b908ff71acf3721386fdd7038e1a5c91b0e9490b3
2026/07/16 16:36:45 Using warm 5141997847c28b8f8f03148b908ff71acf3721386fdd7038e1a5c91b0e9490b3 for mab_cost_aware_1784212590. Now: [CPUs: 0.000000/32.000000 - Mem: 128(+0 warm)/512]
2026/07/16 16:36:45 [mab_cost_aware_1784212590] Executing on container: 5141997847c28b8f8f03148b908ff71acf3721386fdd7038e1a5c91b0e9490b3
2026/07/16 16:36:45 Using warm 5141997847c28b8f8f03148b908ff71acf3721386fdd7038e1a5c91b0e9490b3 for mab_cost_aware_1784212590. Now: [CPUs: 0.000000/32.000000 - Mem: 128(+0 warm)/512]
2026/07/16 16:36:45 [mab_cost_aware_1784212590] Executing on container: 5141997847c28b8f8f03148b908ff71acf3721386fdd7038e1a5c91b0e9490b3
2026/07/16 16:36:46 Using warm 5141997847c28b8f8f03148b908ff71acf3721386fdd7038e1a5c91b0e9490b3 for mab_cost_aware_1784212590. Now: [CPUs: 0.000000/32.000000 - Mem: 128(+0 warm)/512]
2026/07/16 16:36:46 [mab_cost_aware_1784212590] Executing on container: 5141997847c28b8f8f03148b908ff71acf3721386fdd7038e1a5c91b0e9490b3
2026/07/16 16:36:46 Using warm 5141997847c28b8f8f03148b908ff71acf3721386fdd7038e1a5c91b0e9490b3 for mab_cost_aware_1784212590. Now: [CPUs: 0.000000/32.000000 - Mem: 128(+0 warm)/512]
2026/07/16 16:36:46 [mab_cost_aware_1784212590] Executing on container: 5141997847c28b8f8f03148b908ff71acf3721386fdd7038e1a5c91b0e9490b3
2026/07/16 16:36:47 Using warm 5141997847c28b8f8f03148b908ff71acf3721386fdd7038e1a5c91b0e9490b3 for mab_cost_aware_1784212590. Now: [CPUs: 0.000000/32.000000 - Mem: 128(+0 warm)/512]
2026/07/16 16:36:47 [mab_cost_aware_1784212590] Executing on container: 5141997847c28b8f8f03148b908ff71acf3721386fdd7038e1a5c91b0e9490b3
2026/07/16 16:36:47 Using warm 5141997847c28b8f8f03148b908ff71acf3721386fdd7038e1a5c91b0e9490b3 for mab_cost_aware_1784212590. Now: [CPUs: 0.000000/32.000000 - Mem: 128(+0 warm)/512]
2026/07/16 16:36:47 [mab_cost_aware_1784212590] Executing on container: 5141997847c28b8f8f03148b908ff71acf3721386fdd7038e1a5c91b0e9490b3
2026/07/16 16:36:48 Using warm 5141997847c28b8f8f03148b908ff71acf3721386fdd7038e1a5c91b0e9490b3 for mab_cost_aware_1784212590. Now: [CPUs: 0.000000/32.000000 - Mem: 128(+0 warm)/512]
2026/07/16 16:36:48 [mab_cost_aware_1784212590] Executing on container: 5141997847c28b8f8f03148b908ff71acf3721386fdd7038e1a5c91b0e9490b3
2026/07/16 16:36:49 Using warm 5141997847c28b8f8f03148b908ff71acf3721386fdd7038e1a5c91b0e9490b3 for mab_cost_aware_1784212590. Now: [CPUs: 0.000000/32.000000 - Mem: 128(+0 warm)/512]
2026/07/16 16:36:49 [mab_cost_aware_1784212590] Executing on container: 5141997847c28b8f8f03148b908ff71acf3721386fdd7038e1a5c91b0e9490b3
2026/07/16 16:36:49 Using warm 5141997847c28b8f8f03148b908ff71acf3721386fdd7038e1a5c91b0e9490b3 for mab_cost_aware_1784212590. Now: [CPUs: 0.000000/32.000000 - Mem: 128(+0 warm)/512]
2026/07/16 16:36:49 [mab_cost_aware_1784212590] Executing on container: 5141997847c28b8f8f03148b908ff71acf3721386fdd7038e1a5c91b0e9490b3
2026/07/16 16:36:50 Using warm 5141997847c28b8f8f03148b908ff71acf3721386fdd7038e1a5c91b0e9490b3 for mab_cost_aware_1784212590. Now: [CPUs: 0.000000/32.000000 - Mem: 128(+0 warm)/512]
2026/07/16 16:36:50 [mab_cost_aware_1784212590] Executing on container: 5141997847c28b8f8f03148b908ff71acf3721386fdd7038e1a5c91b0e9490b3
2026/07/16 16:36:50 Using warm 5141997847c28b8f8f03148b908ff71acf3721386fdd7038e1a5c91b0e9490b3 for mab_cost_aware_1784212590. Now: [CPUs: 0.000000/32.000000 - Mem: 128(+0 warm)/512]
2026/07/16 16:36:50 [mab_cost_aware_1784212590] Executing on container: 5141997847c28b8f8f03148b908ff71acf3721386fdd7038e1a5c91b0e9490b3
2026/07/16 16:36:50 Using warm 5141997847c28b8f8f03148b908ff71acf3721386fdd7038e1a5c91b0e9490b3 for mab_cost_aware_1784212590. Now: [CPUs: 0.000000/32.000000 - Mem: 128(+0 warm)/512]
2026/07/16 16:36:50 [mab_cost_aware_1784212590] Executing on container: 5141997847c28b8f8f03148b908ff71acf3721386fdd7038e1a5c91b0e9490b3
