2026/07/16 16:36:31 Local node id: (ROME)7SDB45fkgtTdaGpa9TVu871784212591288227590 - x86-tiny/gpu/nvidia (arch: amd64)
2026/07/16 16:36:31 Registration for node: (ROME)7SDB45fkgtTdaGpa9TVu871784212591288227590 - x86-tiny/gpu/nvidia
2026/07/16 16:36:31 Connecting to etcd
2026/07/16 16:36:31 Connected to etcd
2026/07/16 16:36:32 etcd connection state: READY
2026/07/16 16:36:32 etcd: connected and ready
2026/07/16 16:36:32 Registering to etcd: registry/ROME/x86-tiny/gpu/nvidia/7SDB45fkgtTdaGpa9TVu871784212591288227590
2026/07/16 16:36:32 Configured scheduling policy: default
2026/07/16 16:36:32 Configured offloading policy: disable
2026/07/16 16:36:32 Current resources: [CPUs: 0.000000/32.000000 - Mem: 0(+0 warm)/512]
2026/07/16 16:36:32 Scheduler started.
2026/07/16 16:36:32 No remote area is configured; vertical offloading disabled
2026/07/16 16:36:32 UDP server up and listening on port 9879
⇨ http server started on [::]:1326
2026/07/16 16:36:42 Container 7ebc77348cb6b2c96c15bfd50b65d67b657476af139a5c95d9e48eb47af1ec78 has name /adoring_perlman
2026/07/16 16:36:42 [mab_cost_aware_1784212590] Executing on container: 7ebc77348cb6b2c96c15bfd50b65d67b657476af139a5c95d9e48eb47af1ec78
2026/07/16 16:36:42 Using warm 7ebc77348cb6b2c96c15bfd50b65d67b657476af139a5c95d9e48eb47af1ec78 for mab_cost_aware_1784212590. Now: [CPUs: 0.000000/32.000000 - Mem: 128(+0 warm)/512]
2026/07/16 16:36:42 [mab_cost_aware_1784212590] Executing on container: 7ebc77348cb6b2c96c15bfd50b65d67b657476af139a5c95d9e48eb47af1ec78
2026/07/16 16:36:43 Using warm 7ebc77348cb6b2c96c15bfd50b65d67b657476af139a5c95d9e48eb47af1ec78 for mab_cost_aware_1784212590. Now: [CPUs: 0.000000/32.000000 - Mem: 128(+0 warm)/512]
2026/07/16 16:36:43 [mab_cost_aware_1784212590] Executing on container: 7ebc77348cb6b2c96c15bfd50b65d67b657476af139a5c95d9e48eb47af1ec78
2026/07/16 16:36:43 Using warm 7ebc77348cb6b2c96c15bfd50b65d67b657476af139a5c95d9e48eb47af1ec78 for mab_cost_aware_1784212590. Now: [CPUs: 0.000000/32.000000 - Mem: 128(+0 warm)/512]
2026/07/16 16:36:43 [mab_cost_aware_1784212590] Executing on container: 7ebc77348cb6b2c96c15bfd50b65d67b657476af139a5c95d9e48eb47af1ec78
2026/07/16 16:36:43 Using warm 7ebc77348cb6b2c96c15bfd50b65d67b657476af139a5c95d9e48eb47af1ec78 for mab_cost_aware_1784212590. Now: [CPUs: 0.000000/32.000000 - Mem: 128(+0 warm)/512]
2026/07/16 16:36:43 [mab_cost_aware_1784212590] Executing on container: 7ebc77348cb6b2c96c15bfd50b65d67b657476af139a5c95d9e48eb47af1ec78
2026/07/16 16:36:44 Using warm 7ebc77348cb6b2c96c15bfd50b65d67b657476af139a5c95d9e48eb47af1ec78 for mab_cost_aware_1784212590. Now: [CPUs: 0.000000/32.000000 - Mem: 128(+0 warm)/512]
2026/07/16 16:36:44 [mab_cost_aware_1784212590] Executing on container: 7ebc77348cb6b2c96c15bfd50b65d67b657476af139a5c95d9e48eb47af1ec78
2026/07/16 16:36:45 Using warm 7ebc77348cb6b2c96c15bfd50b65d67b657476af139a5c95d9e48eb47af1ec78 for mab_cost_aware_1784212590. Now: [CPUs: 0.000000/32.000000 - Mem: 128(+0 warm)/512]
2026/07/16 16:36:45 [mab_cost_aware_1784212590] Executing on container: 7ebc77348cb6b2c96c15bfd50b65d67b657476af139a5c95d9e48eb47af1ec78
2026/07/16 16:36:46 Using warm 7ebc77348cb6b2c96c15bfd50b65d67b657476af139a5c95d9e48eb47af1ec78 for mab_cost_aware_1784212590. Now: [CPUs: 0.000000/32.000000 - Mem: 128(+0 warm)/512]
2026/07/16 16:36:46 [mab_cost_aware_1784212590] Executing on container: 7ebc77348cb6b2c96c15bfd50b65d67b657476af139a5c95d9e48eb47af1ec78
2026/07/16 16:36:46 Using warm 7ebc77348cb6b2c96c15bfd50b65d67b657476af139a5c95d9e48eb47af1ec78 for mab_cost_aware_1784212590. Now: [CPUs: 0.000000/32.000000 - Mem: 128(+0 warm)/512]
2026/07/16 16:36:46 [mab_cost_aware_1784212590] Executing on container: 7ebc77348cb6b2c96c15bfd50b65d67b657476af139a5c95d9e48eb47af1ec78
2026/07/16 16:36:46 Using warm 7ebc77348cb6b2c96c15bfd50b65d67b657476af139a5c95d9e48eb47af1ec78 for mab_cost_aware_1784212590. Now: [CPUs: 0.000000/32.000000 - Mem: 128(+0 warm)/512]
2026/07/16 16:36:46 [mab_cost_aware_1784212590] Executing on container: 7ebc77348cb6b2c96c15bfd50b65d67b657476af139a5c95d9e48eb47af1ec78
2026/07/16 16:36:47 Using warm 7ebc77348cb6b2c96c15bfd50b65d67b657476af139a5c95d9e48eb47af1ec78 for mab_cost_aware_1784212590. Now: [CPUs: 0.000000/32.000000 - Mem: 128(+0 warm)/512]
2026/07/16 16:36:47 [mab_cost_aware_1784212590] Executing on container: 7ebc77348cb6b2c96c15bfd50b65d67b657476af139a5c95d9e48eb47af1ec78
2026/07/16 16:36:47 Using warm 7ebc77348cb6b2c96c15bfd50b65d67b657476af139a5c95d9e48eb47af1ec78 for mab_cost_aware_1784212590. Now: [CPUs: 0.000000/32.000000 - Mem: 128(+0 warm)/512]
2026/07/16 16:36:47 [mab_cost_aware_1784212590] Executing on container: 7ebc77348cb6b2c96c15bfd50b65d67b657476af139a5c95d9e48eb47af1ec78
2026/07/16 16:36:48 Using warm 7ebc77348cb6b2c96c15bfd50b65d67b657476af139a5c95d9e48eb47af1ec78 for mab_cost_aware_1784212590. Now: [CPUs: 0.000000/32.000000 - Mem: 128(+0 warm)/512]
2026/07/16 16:36:48 [mab_cost_aware_1784212590] Executing on container: 7ebc77348cb6b2c96c15bfd50b65d67b657476af139a5c95d9e48eb47af1ec78
2026/07/16 16:36:48 Using warm 7ebc77348cb6b2c96c15bfd50b65d67b657476af139a5c95d9e48eb47af1ec78 for mab_cost_aware_1784212590. Now: [CPUs: 0.000000/32.000000 - Mem: 128(+0 warm)/512]
2026/07/16 16:36:48 [mab_cost_aware_1784212590] Executing on container: 7ebc77348cb6b2c96c15bfd50b65d67b657476af139a5c95d9e48eb47af1ec78
2026/07/16 16:36:48 Using warm 7ebc77348cb6b2c96c15bfd50b65d67b657476af139a5c95d9e48eb47af1ec78 for mab_cost_aware_1784212590. Now: [CPUs: 0.000000/32.000000 - Mem: 128(+0 warm)/512]
2026/07/16 16:36:48 [mab_cost_aware_1784212590] Executing on container: 7ebc77348cb6b2c96c15bfd50b65d67b657476af139a5c95d9e48eb47af1ec78
2026/07/16 16:36:48 Using warm 7ebc77348cb6b2c96c15bfd50b65d67b657476af139a5c95d9e48eb47af1ec78 for mab_cost_aware_1784212590. Now: [CPUs: 0.000000/32.000000 - Mem: 128(+0 warm)/512]
2026/07/16 16:36:48 [mab_cost_aware_1784212590] Executing on container: 7ebc77348cb6b2c96c15bfd50b65d67b657476af139a5c95d9e48eb47af1ec78
2026/07/16 16:36:49 Using warm 7ebc77348cb6b2c96c15bfd50b65d67b657476af139a5c95d9e48eb47af1ec78 for mab_cost_aware_1784212590. Now: [CPUs: 0.000000/32.000000 - Mem: 128(+0 warm)/512]
2026/07/16 16:36:49 [mab_cost_aware_1784212590] Executing on container: 7ebc77348cb6b2c96c15bfd50b65d67b657476af139a5c95d9e48eb47af1ec78
2026/07/16 16:36:49 Using warm 7ebc77348cb6b2c96c15bfd50b65d67b657476af139a5c95d9e48eb47af1ec78 for mab_cost_aware_1784212590. Now: [CPUs: 0.000000/32.000000 - Mem: 128(+0 warm)/512]
2026/07/16 16:36:49 [mab_cost_aware_1784212590] Executing on container: 7ebc77348cb6b2c96c15bfd50b65d67b657476af139a5c95d9e48eb47af1ec78
2026/07/16 16:36:50 Using warm 7ebc77348cb6b2c96c15bfd50b65d67b657476af139a5c95d9e48eb47af1ec78 for mab_cost_aware_1784212590. Now: [CPUs: 0.000000/32.000000 - Mem: 128(+0 warm)/512]
2026/07/16 16:36:50 [mab_cost_aware_1784212590] Executing on container: 7ebc77348cb6b2c96c15bfd50b65d67b657476af139a5c95d9e48eb47af1ec78
2026/07/16 16:36:50 Using warm 7ebc77348cb6b2c96c15bfd50b65d67b657476af139a5c95d9e48eb47af1ec78 for mab_cost_aware_1784212590. Now: [CPUs: 0.000000/32.000000 - Mem: 128(+0 warm)/512]
2026/07/16 16:36:50 [mab_cost_aware_1784212590] Executing on container: 7ebc77348cb6b2c96c15bfd50b65d67b657476af139a5c95d9e48eb47af1ec78
