2026/08/01 12:23:09 [MAB] event=decision_created ts=1785579789705 request_id=E9mRCmEK89fhaP6jUScS9i function=mab_decision_1785579779 selected_arm=arm
2026/08/01 12:23:09 [MAB] event=decision_planned ts=1785579789705 request_id=E9mRCmEK89fhaP6jUScS9i function=mab_decision_1785579779 selected_arm=arm execution_arm=arm fallback=false fallback_reason=
2026/08/01 12:23:11 [MAB] event=decision_resolved ts=1785579791189 request_id=E9mRCmEK89fhaP6jUScS9i function=mab_decision_1785579779 selected_arm=arm execution_arm=arm fallback=false fallback_reason= direct_executions=1 fallback_executions=0 cancelled_decisions=0
2026/08/01 12:23:12 [MAB] event=decision_created ts=1785579792211 request_id=HjopFNsLkWEkpDyDZpasyU function=mab_decision_1785579779 selected_arm=arm
2026/08/01 12:23:12 [MAB] event=decision_planned ts=1785579792211 request_id=HjopFNsLkWEkpDyDZpasyU function=mab_decision_1785579779 selected_arm=arm execution_arm=arm fallback=false fallback_reason=
2026/08/01 12:23:13 [MAB] event=decision_resolved ts=1785579793217 request_id=HjopFNsLkWEkpDyDZpasyU function=mab_decision_1785579779 selected_arm=arm execution_arm=arm fallback=false fallback_reason= direct_executions=2 fallback_executions=0 cancelled_decisions=0
2026/08/01 12:23:14 [MAB] event=decision_created ts=1785579794236 request_id=DrUZyvNL6Q5gH6Uw7u2oxn function=mab_decision_1785579779 selected_arm=x86
2026/08/01 12:23:14 [MAB] event=decision_planned ts=1785579794236 request_id=DrUZyvNL6Q5gH6Uw7u2oxn function=mab_decision_1785579779 selected_arm=x86 execution_arm=x86 fallback=false fallback_reason=
2026/08/01 12:23:15 [MAB] event=decision_resolved ts=1785579795723 request_id=DrUZyvNL6Q5gH6Uw7u2oxn function=mab_decision_1785579779 selected_arm=x86 execution_arm=x86 fallback=false fallback_reason= direct_executions=3 fallback_executions=0 cancelled_decisions=0
2026/08/01 12:23:16 [MAB] event=decision_created ts=1785579796745 request_id=XvwVzJLfatnkyVZ6wahTB9 function=mab_decision_1785579779 selected_arm=x86
2026/08/01 12:23:16 [MAB] event=decision_planned ts=1785579796745 request_id=XvwVzJLfatnkyVZ6wahTB9 function=mab_decision_1785579779 selected_arm=x86 execution_arm=x86 fallback=false fallback_reason=
2026/08/01 12:23:17 [MAB] event=decision_resolved ts=1785579797750 request_id=XvwVzJLfatnkyVZ6wahTB9 function=mab_decision_1785579779 selected_arm=x86 execution_arm=x86 fallback=false fallback_reason= direct_executions=4 fallback_executions=0 cancelled_decisions=0
2026/08/01 12:23:18 [MAB] event=decision_created ts=1785579798778 request_id=fq7UXuEW7VqXfY8XXczweF function=mab_decision_1785579779 selected_arm=arm
2026/08/01 12:23:18 [MAB] event=decision_planned ts=1785579798778 request_id=fq7UXuEW7VqXfY8XXczweF function=mab_decision_1785579779 selected_arm=arm execution_arm=arm fallback=false fallback_reason=
2026/08/01 12:23:18 [MAB] event=decision_created ts=1785579798778 request_id=ukRy4ooA3nZ8gVnXiuhwUh function=mab_decision_1785579779 selected_arm=x86
2026/08/01 12:23:18 [MAB] event=decision_planned ts=1785579798778 request_id=ukRy4ooA3nZ8gVnXiuhwUh function=mab_decision_1785579779 selected_arm=x86 execution_arm=x86 fallback=false fallback_reason=
2026/08/01 12:23:18 [MAB] event=decision_created ts=1785579798778 request_id=PESHmft83vFbLsx3dkPVEg function=mab_decision_1785579779 selected_arm=arm
2026/08/01 12:23:18 [MAB] event=decision_planned ts=1785579798778 request_id=PESHmft83vFbLsx3dkPVEg function=mab_decision_1785579779 selected_arm=arm execution_arm=arm fallback=false fallback_reason=
2026/08/01 12:23:18 [MAB] event=decision_created ts=1785579798779 request_id=KiCMN7iKKk7yyVFV99RcoA function=mab_decision_1785579779 selected_arm=x86
2026/08/01 12:23:18 [MAB] event=decision_planned ts=1785579798779 request_id=KiCMN7iKKk7yyVFV99RcoA function=mab_decision_1785579779 selected_arm=x86 execution_arm=x86 fallback=false fallback_reason=
2026/08/01 12:23:18 [MAB] event=decision_created ts=1785579798779 request_id=9UuxokKsrf6xaQvSvdsdr3 function=mab_decision_1785579779 selected_arm=arm
2026/08/01 12:23:18 [MAB] event=decision_planned ts=1785579798779 request_id=9UuxokKsrf6xaQvSvdsdr3 function=mab_decision_1785579779 selected_arm=arm execution_arm=arm fallback=false fallback_reason=
2026/08/01 12:23:18 [MAB] event=decision_created ts=1785579798779 request_id=7vAJvjTKWzDyXR33UrXgMU function=mab_decision_1785579779 selected_arm=x86
2026/08/01 12:23:18 [MAB] event=decision_planned ts=1785579798779 request_id=7vAJvjTKWzDyXR33UrXgMU function=mab_decision_1785579779 selected_arm=x86 execution_arm=x86 fallback=false fallback_reason=
2026/08/01 12:23:18 [MAB] event=decision_created ts=1785579798780 request_id=2kyiS5eipgwagmwiHF6gJ6 function=mab_decision_1785579779 selected_arm=arm
2026/08/01 12:23:18 [MAB] event=decision_planned ts=1785579798780 request_id=2kyiS5eipgwagmwiHF6gJ6 function=mab_decision_1785579779 selected_arm=arm execution_arm=arm fallback=false fallback_reason=
2026/08/01 12:23:18 [MAB] event=decision_created ts=1785579798781 request_id=tJ2aDv7ruRhbTPv8xj3Bmh function=mab_decision_1785579779 selected_arm=x86
2026/08/01 12:23:18 [MAB] event=decision_cancelled ts=1785579798781 request_id=tJ2aDv7ruRhbTPv8xj3Bmh function=mab_decision_1785579779 selected_arm=x86 execution_arm= fallback=false fallback_reason= reason=no_candidate_after_fallback direct_executions=4 fallback_executions=0 cancelled_decisions=1 bandit_manager_available=true
2026/08/01 12:23:18 [MAB] event=decision_created ts=1785579798781 request_id=KAMPBBj2CusnzQyPLAji5Z function=mab_decision_1785579779 selected_arm=arm
2026/08/01 12:23:18 [MAB] event=decision_cancelled ts=1785579798781 request_id=KAMPBBj2CusnzQyPLAji5Z function=mab_decision_1785579779 selected_arm=arm execution_arm= fallback=false fallback_reason= reason=no_candidate_after_fallback direct_executions=4 fallback_executions=0 cancelled_decisions=2 bandit_manager_available=true
2026/08/01 12:23:18 [MAB] event=decision_created ts=1785579798781 request_id=avK4o8KrUW7dAomnDfegkD function=mab_decision_1785579779 selected_arm=x86
2026/08/01 12:23:18 [MAB] event=decision_cancelled ts=1785579798781 request_id=avK4o8KrUW7dAomnDfegkD function=mab_decision_1785579779 selected_arm=x86 execution_arm= fallback=false fallback_reason= reason=no_candidate_after_fallback direct_executions=4 fallback_executions=0 cancelled_decisions=3 bandit_manager_available=true
2026/08/01 12:23:18 [MAB] event=decision_created ts=1785579798781 request_id=AMqudzmwKnij3vtjUNL2jX function=mab_decision_1785579779 selected_arm=arm
2026/08/01 12:23:18 [MAB] event=decision_cancelled ts=1785579798781 request_id=AMqudzmwKnij3vtjUNL2jX function=mab_decision_1785579779 selected_arm=arm execution_arm= fallback=false fallback_reason= reason=no_candidate_after_fallback direct_executions=4 fallback_executions=0 cancelled_decisions=4 bandit_manager_available=true
2026/08/01 12:23:18 [MAB] event=decision_created ts=1785579798782 request_id=sRJUrRFsek9VnGsXeCBDh4 function=mab_decision_1785579779 selected_arm=x86
2026/08/01 12:23:18 [MAB] event=decision_cancelled ts=1785579798782 request_id=sRJUrRFsek9VnGsXeCBDh4 function=mab_decision_1785579779 selected_arm=x86 execution_arm= fallback=false fallback_reason= reason=no_candidate_after_fallback direct_executions=4 fallback_executions=0 cancelled_decisions=5 bandit_manager_available=true
2026/08/01 12:23:18 [MAB] event=decision_created ts=1785579798782 request_id=avvs9RFLhCTEpdMrP2rZYL function=mab_decision_1785579779 selected_arm=arm
2026/08/01 12:23:18 [MAB] event=decision_cancelled ts=1785579798782 request_id=avvs9RFLhCTEpdMrP2rZYL function=mab_decision_1785579779 selected_arm=arm execution_arm= fallback=false fallback_reason= reason=no_candidate_after_fallback direct_executions=4 fallback_executions=0 cancelled_decisions=6 bandit_manager_available=true
2026/08/01 12:23:18 [MAB] event=decision_created ts=1785579798783 request_id=Zqs7h4ZwXFVPFzhcPLDADW function=mab_decision_1785579779 selected_arm=x86
2026/08/01 12:23:18 [MAB] event=decision_cancelled ts=1785579798783 request_id=Zqs7h4ZwXFVPFzhcPLDADW function=mab_decision_1785579779 selected_arm=x86 execution_arm= fallback=false fallback_reason= reason=no_candidate_after_fallback direct_executions=4 fallback_executions=0 cancelled_decisions=7 bandit_manager_available=true
2026/08/01 12:23:18 [MAB] event=decision_created ts=1785579798783 request_id=gXuYcLiM2mhKyinzbbLujM function=mab_decision_1785579779 selected_arm=arm
2026/08/01 12:23:18 [MAB] event=decision_cancelled ts=1785579798783 request_id=gXuYcLiM2mhKyinzbbLujM function=mab_decision_1785579779 selected_arm=arm execution_arm= fallback=false fallback_reason= reason=no_candidate_after_fallback direct_executions=4 fallback_executions=0 cancelled_decisions=8 bandit_manager_available=true
2026/08/01 12:23:18 [MAB] event=decision_created ts=1785579798783 request_id=zNpKnnmPJ7wTj7XbUxBFHC function=mab_decision_1785579779 selected_arm=x86
2026/08/01 12:23:18 [MAB] event=decision_cancelled ts=1785579798783 request_id=zNpKnnmPJ7wTj7XbUxBFHC function=mab_decision_1785579779 selected_arm=x86 execution_arm= fallback=false fallback_reason= reason=no_candidate_after_fallback direct_executions=4 fallback_executions=0 cancelled_decisions=9 bandit_manager_available=true
2026/08/01 12:23:22 [MAB] event=decision_resolved ts=1785579802782 request_id=ukRy4ooA3nZ8gVnXiuhwUh function=mab_decision_1785579779 selected_arm=x86 execution_arm=x86 fallback=false fallback_reason= direct_executions=5 fallback_executions=0 cancelled_decisions=9
2026/08/01 12:23:22 [MAB] event=decision_resolved ts=1785579802785 request_id=fq7UXuEW7VqXfY8XXczweF function=mab_decision_1785579779 selected_arm=arm execution_arm=arm fallback=false fallback_reason= direct_executions=6 fallback_executions=0 cancelled_decisions=9
2026/08/01 12:23:23 [MAB] event=decision_resolved ts=1785579803277 request_id=PESHmft83vFbLsx3dkPVEg function=mab_decision_1785579779 selected_arm=arm execution_arm=arm fallback=false fallback_reason= direct_executions=7 fallback_executions=0 cancelled_decisions=9
2026/08/01 12:23:23 [MAB] event=decision_resolved ts=1785579803281 request_id=9UuxokKsrf6xaQvSvdsdr3 function=mab_decision_1785579779 selected_arm=arm execution_arm=arm fallback=false fallback_reason= direct_executions=8 fallback_executions=0 cancelled_decisions=9
2026/08/01 12:23:23 [MAB] event=decision_resolved ts=1785579803301 request_id=2kyiS5eipgwagmwiHF6gJ6 function=mab_decision_1785579779 selected_arm=arm execution_arm=arm fallback=false fallback_reason= direct_executions=9 fallback_executions=0 cancelled_decisions=9
2026/08/01 12:23:23 [MAB] event=decision_resolved ts=1785579803312 request_id=KiCMN7iKKk7yyVFV99RcoA function=mab_decision_1785579779 selected_arm=x86 execution_arm=x86 fallback=false fallback_reason= direct_executions=10 fallback_executions=0 cancelled_decisions=9
2026/08/01 12:23:23 [MAB] event=decision_resolved ts=1785579803317 request_id=7vAJvjTKWzDyXR33UrXgMU function=mab_decision_1785579779 selected_arm=x86 execution_arm=x86 fallback=false fallback_reason= direct_executions=11 fallback_executions=0 cancelled_decisions=9
