2026/08/01 12:23:04 Registration for node: (ROME)CVs3CADyZvbCkX2tukhK6R1785579784673488042 - amd64
2026/08/01 12:23:04 Connecting to etcd
2026/08/01 12:23:04 Connected to etcd
2026/08/01 12:23:04 etcd connection state: READY
2026/08/01 12:23:04 etcd: connected and ready
2026/08/01 12:23:04 Registering to etcd: registry/ROME/__lb/amd64/CVs3CADyZvbCkX2tukhK6R1785579784673488042
2026/08/01 12:23:04 Found target: PQh6GKyZLnn32parxugSW41785579779673644216
2026/08/01 12:23:04 Found target: SQaYRdJcpufGSqJdLVaVdG1785579779674024691
2026/08/01 12:23:04 Found 2 targets
2026/08/01 12:23:04 Initializing with 2 targets.
2026/08/01 12:23:04 Running ArchitectureAwareLB with 128 replicas per node in the hash rings
2026/08/01 12:23:04 LB mode set to MAB
2026/08/01 12:23:04 [LB][MAB] event=new_machine_tag_discovered tag=arm arch=amd64 action=create_ring_and_add_mab_arm
2026/08/01 12:23:04 [LB] Adding target arm
2026/08/01 12:23:04 [LB][MAB] event=new_machine_tag_discovered tag=x86 arch=amd64 action=create_ring_and_add_mab_arm
2026/08/01 12:23:04 [LB] Adding target x86
⇨ http server started on [::]:8080
2026/08/01 12:23:07 [LB]: Periodic targets update
2026/08/01 12:23:07 Found target: PQh6GKyZLnn32parxugSW41785579779673644216
2026/08/01 12:23:07 Found target: SQaYRdJcpufGSqJdLVaVdG1785579779674024691
2026/08/01 12:23:07 Found 2 targets
2026/08/01 12:23:09 [LB] Compatible tag found: function=mab_decision_1785579779 tag=arm arch=amd64 pattern="" ring_size=1
2026/08/01 12:23:09 [LB] Compatible tag found: function=mab_decision_1785579779 tag=x86 arch=amd64 pattern="" ring_size=1
2026/08/01 12:23:09 [LB] Compatible tags for function 'mab_decision_1785579779': [arm x86]
2026/08/01 12:23:09 [LB][MAB] event=before_select function=mab_decision_1785579779 compatible_tags=[arm x86] has_context=true
2026/08/01 12:23:09 BanditManager GetBandit: policy type: UCB1
2026/08/01 12:23:09 [MAB] event=arm_added ts=1785579789705 policy=UCB1 function=mab_decision_1785579779 arm=arm arms=[arm]
2026/08/01 12:23:09 [MAB] event=arm_added ts=1785579789705 policy=UCB1 function=mab_decision_1785579779 arm=x86 arms=[arm,x86]
2026/08/01 12:23:09 [MAB] event=in_flight_changed ts=1785579789705 policy=UCB1 function=mab_decision_1785579779 arm=arm action=started in_flight=1 total_in_flight=1
2026/08/01 12:23:09 [MAB] event=select_arm ts=1785579789705 policy=UCB1 function=mab_decision_1785579779 selected_arm=arm reason=least_tried score=0.000000 total_counts=0 total_in_flight=1 effective_total_counts=1 arms=[arm,x86]
2026/08/01 12:23:09 [LB][MAB] event=after_select function=mab_decision_1785579779 selected_tag=arm compatible_tags=[arm x86]
2026/08/01 12:23:09 [MAB] event=decision_created ts=1785579789705 request_id=E9mRCmEK89fhaP6jUScS9i function=mab_decision_1785579779 selected_arm=arm
2026/08/01 12:23:09 Candidate has: 512 MB free memory. Function needs: 128 MB
2026/08/01 12:23:09 [MAB] event=decision_planned ts=1785579789705 request_id=E9mRCmEK89fhaP6jUScS9i function=mab_decision_1785579779 selected_arm=arm execution_arm=arm fallback=false fallback_reason=
2026/08/01 12:23:09 [LB] Selected target for function 'mab_decision_1785579779': selected_arm=arm execution_arm=arm fallback=false fallback_reason= candidate=PQh6GKyZLnn32parxugSW41785579779673644216
2026/08/01 12:23:10 [LB]: Periodic targets update
2026/08/01 12:23:10 Found target: PQh6GKyZLnn32parxugSW41785579779673644216
2026/08/01 12:23:10 Found target: SQaYRdJcpufGSqJdLVaVdG1785579779674024691
2026/08/01 12:23:10 Found 2 targets
2026/08/01 12:23:11 [LB-Update] Node PQh6GKyZLnn32parxugSW41785579779673644216 reported 384 MB free
2026/08/01 12:23:11 [MAB] event=execution_timing ts=1785579791189 policy=UCB1 function=mab_decision_1785579779 arm=arm node_name=PQh6GKyZLnn32parxugSW41785579779673644216 execution_node=PQh6GKyZLnn32parxugSW41785579779673644216 warm_start=false response_time_ms=1481.530600 duration_ms=1006.712080 init_time_ms=474.801466 queueing_time_ms=0.000000 offload_latency_ms=0.000000 response_minus_duration_ms=474.818520
2026/08/01 12:23:11 [MAB] event=in_flight_changed ts=1785579791189 policy=UCB1 function=mab_decision_1785579779 arm=arm action=resolved in_flight=0 total_in_flight=0
2026/08/01 12:23:11 [MAB] event=skip_cold_start ts=1785579791189 policy=UCB1 function=mab_decision_1785579779 arm=arm duration_ms=1006.712080 reason=cold_start
2026/08/01 12:23:11 [MAB] event=cold_start_stats ts=1785579791189 policy=UCB1 function=mab_decision_1785579779 arm=arm total_invocations=1 cold_observed=1 warm_observed=0 cold_accepted=0 cold_skipped=1 invalid_feedback=0 cold_duration_samples=1 warm_duration_samples=0 cold_init_time_samples=1 avg_cold_duration_ms=1006.712080 avg_warm_duration_ms=0.000000 avg_cold_init_time_ms=474.801466
2026/08/01 12:23:11 [MAB] event=decision_resolved ts=1785579791189 request_id=E9mRCmEK89fhaP6jUScS9i function=mab_decision_1785579779 selected_arm=arm execution_arm=arm fallback=false fallback_reason= direct_executions=1 fallback_executions=0 cancelled_decisions=0
2026/08/01 12:23:12 [LB] Compatible tag found: function=mab_decision_1785579779 tag=arm arch=amd64 pattern="" ring_size=1
2026/08/01 12:23:12 [LB] Compatible tag found: function=mab_decision_1785579779 tag=x86 arch=amd64 pattern="" ring_size=1
2026/08/01 12:23:12 [LB] Compatible tags for function 'mab_decision_1785579779': [arm x86]
2026/08/01 12:23:12 [LB][MAB] event=before_select function=mab_decision_1785579779 compatible_tags=[arm x86] has_context=true
2026/08/01 12:23:12 [MAB] event=in_flight_changed ts=1785579792211 policy=UCB1 function=mab_decision_1785579779 arm=arm action=started in_flight=1 total_in_flight=1
2026/08/01 12:23:12 [MAB] event=select_arm ts=1785579792211 policy=UCB1 function=mab_decision_1785579779 selected_arm=arm reason=least_tried score=0.000000 total_counts=0 total_in_flight=1 effective_total_counts=1 arms=[arm,x86]
2026/08/01 12:23:12 [LB][MAB] event=after_select function=mab_decision_1785579779 selected_tag=arm compatible_tags=[arm x86]
2026/08/01 12:23:12 [MAB] event=decision_created ts=1785579792211 request_id=HjopFNsLkWEkpDyDZpasyU function=mab_decision_1785579779 selected_arm=arm
2026/08/01 12:23:12 Candidate has: 384 MB free memory. Function needs: 128 MB
2026/08/01 12:23:12 [MAB] event=decision_planned ts=1785579792211 request_id=HjopFNsLkWEkpDyDZpasyU function=mab_decision_1785579779 selected_arm=arm execution_arm=arm fallback=false fallback_reason=
2026/08/01 12:23:12 [LB] Selected target for function 'mab_decision_1785579779': selected_arm=arm execution_arm=arm fallback=false fallback_reason= candidate=PQh6GKyZLnn32parxugSW41785579779673644216
2026/08/01 12:23:13 [LB-Update] Node PQh6GKyZLnn32parxugSW41785579779673644216 reported 384 MB free
2026/08/01 12:23:13 [MAB] event=execution_timing ts=1785579793215 policy=UCB1 function=mab_decision_1785579779 arm=arm node_name=PQh6GKyZLnn32parxugSW41785579779673644216 execution_node=PQh6GKyZLnn32parxugSW41785579779673644216 warm_start=true response_time_ms=1003.593578 duration_ms=1003.474802 init_time_ms=0.103921 queueing_time_ms=0.000000 offload_latency_ms=0.000000 response_minus_duration_ms=0.118776
2026/08/01 12:23:13 [MAB] event=in_flight_changed ts=1785579793216 policy=UCB1 function=mab_decision_1785579779 arm=arm action=resolved in_flight=0 total_in_flight=0
2026/08/01 12:23:13 [MAB] event=reward_breakdown ts=1785579793216 policy=UCB1 function=mab_decision_1785579779 arm=arm base_tag=arm architecture=arm specialization=default capabilities=[] duration_ms=1003.474802 latency_reward=-6.911224 cost_weight=0.000000 cost_factor=1.000000 cost_term=0.000000 energy_weight=0.000000 energy_factor=1.000000 energy_term=0.000000 final_reward=-6.911224
2026/08/01 12:23:13 [MAB] event=cold_start_stats ts=1785579793216 policy=UCB1 function=mab_decision_1785579779 arm=arm total_invocations=2 cold_observed=1 warm_observed=1 cold_accepted=0 cold_skipped=1 invalid_feedback=0 cold_duration_samples=1 warm_duration_samples=1 cold_init_time_samples=1 avg_cold_duration_ms=1006.712080 avg_warm_duration_ms=1003.474802 avg_cold_init_time_ms=474.801466
2026/08/01 12:23:13 [MAB] event=update_reward ts=1785579793216 policy=UCB1 function=mab_decision_1785579779 arm=arm duration_ms=1003.474802 warm_start=true reward=-6.911224 count=1 avg_reward=-6.911224 total_counts=1
2026/08/01 12:23:13 [MAB] event=decision_resolved ts=1785579793217 request_id=HjopFNsLkWEkpDyDZpasyU function=mab_decision_1785579779 selected_arm=arm execution_arm=arm fallback=false fallback_reason= direct_executions=2 fallback_executions=0 cancelled_decisions=0
2026/08/01 12:23:13 [LB]: Periodic targets update
2026/08/01 12:23:13 Found target: PQh6GKyZLnn32parxugSW41785579779673644216
2026/08/01 12:23:13 Found target: SQaYRdJcpufGSqJdLVaVdG1785579779674024691
2026/08/01 12:23:13 Found 2 targets
2026/08/01 12:23:14 [LB] Compatible tag found: function=mab_decision_1785579779 tag=arm arch=amd64 pattern="" ring_size=1
2026/08/01 12:23:14 [LB] Compatible tag found: function=mab_decision_1785579779 tag=x86 arch=amd64 pattern="" ring_size=1
2026/08/01 12:23:14 [LB] Compatible tags for function 'mab_decision_1785579779': [arm x86]
2026/08/01 12:23:14 [LB][MAB] event=before_select function=mab_decision_1785579779 compatible_tags=[arm x86] has_context=true
2026/08/01 12:23:14 [MAB] event=in_flight_changed ts=1785579794236 policy=UCB1 function=mab_decision_1785579779 arm=x86 action=started in_flight=1 total_in_flight=1
2026/08/01 12:23:14 [MAB] event=select_arm ts=1785579794236 policy=UCB1 function=mab_decision_1785579779 selected_arm=x86 reason=least_tried score=0.000000 total_counts=1 total_in_flight=1 effective_total_counts=2 arms=[arm,x86]
2026/08/01 12:23:14 [LB][MAB] event=after_select function=mab_decision_1785579779 selected_tag=x86 compatible_tags=[arm x86]
2026/08/01 12:23:14 [MAB] event=decision_created ts=1785579794236 request_id=DrUZyvNL6Q5gH6Uw7u2oxn function=mab_decision_1785579779 selected_arm=x86
2026/08/01 12:23:14 Candidate has: 512 MB free memory. Function needs: 128 MB
2026/08/01 12:23:14 [MAB] event=decision_planned ts=1785579794236 request_id=DrUZyvNL6Q5gH6Uw7u2oxn function=mab_decision_1785579779 selected_arm=x86 execution_arm=x86 fallback=false fallback_reason=
2026/08/01 12:23:14 [LB] Selected target for function 'mab_decision_1785579779': selected_arm=x86 execution_arm=x86 fallback=false fallback_reason= candidate=SQaYRdJcpufGSqJdLVaVdG1785579779674024691
2026/08/01 12:23:15 [LB-Update] Node SQaYRdJcpufGSqJdLVaVdG1785579779674024691 reported 384 MB free
2026/08/01 12:23:15 [MAB] event=execution_timing ts=1785579795723 policy=UCB1 function=mab_decision_1785579779 arm=x86 node_name=SQaYRdJcpufGSqJdLVaVdG1785579779674024691 execution_node=SQaYRdJcpufGSqJdLVaVdG1785579779674024691 warm_start=false response_time_ms=1485.685963 duration_ms=1007.349428 init_time_ms=478.323473 queueing_time_ms=0.000000 offload_latency_ms=0.000000 response_minus_duration_ms=478.336535
2026/08/01 12:23:15 [MAB] event=in_flight_changed ts=1785579795723 policy=UCB1 function=mab_decision_1785579779 arm=x86 action=resolved in_flight=0 total_in_flight=0
2026/08/01 12:23:15 [MAB] event=skip_cold_start ts=1785579795723 policy=UCB1 function=mab_decision_1785579779 arm=x86 duration_ms=1007.349428 reason=cold_start
2026/08/01 12:23:15 [MAB] event=cold_start_stats ts=1785579795723 policy=UCB1 function=mab_decision_1785579779 arm=x86 total_invocations=1 cold_observed=1 warm_observed=0 cold_accepted=0 cold_skipped=1 invalid_feedback=0 cold_duration_samples=1 warm_duration_samples=0 cold_init_time_samples=1 avg_cold_duration_ms=1007.349428 avg_warm_duration_ms=0.000000 avg_cold_init_time_ms=478.323473
2026/08/01 12:23:15 [MAB] event=decision_resolved ts=1785579795723 request_id=DrUZyvNL6Q5gH6Uw7u2oxn function=mab_decision_1785579779 selected_arm=x86 execution_arm=x86 fallback=false fallback_reason= direct_executions=3 fallback_executions=0 cancelled_decisions=0
2026/08/01 12:23:16 [LB]: Periodic targets update
2026/08/01 12:23:16 Found target: SQaYRdJcpufGSqJdLVaVdG1785579779674024691
2026/08/01 12:23:16 Found target: PQh6GKyZLnn32parxugSW41785579779673644216
2026/08/01 12:23:16 Found 2 targets
2026/08/01 12:23:16 [LB] Compatible tag found: function=mab_decision_1785579779 tag=arm arch=amd64 pattern="" ring_size=1
2026/08/01 12:23:16 [LB] Compatible tag found: function=mab_decision_1785579779 tag=x86 arch=amd64 pattern="" ring_size=1
2026/08/01 12:23:16 [LB] Compatible tags for function 'mab_decision_1785579779': [arm x86]
2026/08/01 12:23:16 [LB][MAB] event=before_select function=mab_decision_1785579779 compatible_tags=[arm x86] has_context=true
2026/08/01 12:23:16 [MAB] event=in_flight_changed ts=1785579796745 policy=UCB1 function=mab_decision_1785579779 arm=x86 action=started in_flight=1 total_in_flight=1
2026/08/01 12:23:16 [MAB] event=select_arm ts=1785579796745 policy=UCB1 function=mab_decision_1785579779 selected_arm=x86 reason=least_tried score=0.000000 total_counts=1 total_in_flight=1 effective_total_counts=2 arms=[arm,x86]
2026/08/01 12:23:16 [LB][MAB] event=after_select function=mab_decision_1785579779 selected_tag=x86 compatible_tags=[arm x86]
2026/08/01 12:23:16 [MAB] event=decision_created ts=1785579796745 request_id=XvwVzJLfatnkyVZ6wahTB9 function=mab_decision_1785579779 selected_arm=x86
2026/08/01 12:23:16 Candidate has: 512 MB free memory. Function needs: 128 MB
2026/08/01 12:23:16 [MAB] event=decision_planned ts=1785579796745 request_id=XvwVzJLfatnkyVZ6wahTB9 function=mab_decision_1785579779 selected_arm=x86 execution_arm=x86 fallback=false fallback_reason=
2026/08/01 12:23:16 [LB] Selected target for function 'mab_decision_1785579779': selected_arm=x86 execution_arm=x86 fallback=false fallback_reason= candidate=SQaYRdJcpufGSqJdLVaVdG1785579779674024691
2026/08/01 12:23:17 [LB-Update] Node SQaYRdJcpufGSqJdLVaVdG1785579779674024691 reported 384 MB free
2026/08/01 12:23:17 [MAB] event=execution_timing ts=1785579797750 policy=UCB1 function=mab_decision_1785579779 arm=x86 node_name=SQaYRdJcpufGSqJdLVaVdG1785579779674024691 execution_node=SQaYRdJcpufGSqJdLVaVdG1785579779674024691 warm_start=true response_time_ms=1003.776392 duration_ms=1003.534534 init_time_ms=0.226538 queueing_time_ms=0.000000 offload_latency_ms=0.000000 response_minus_duration_ms=0.241858
2026/08/01 12:23:17 [MAB] event=in_flight_changed ts=1785579797750 policy=UCB1 function=mab_decision_1785579779 arm=x86 action=resolved in_flight=0 total_in_flight=0
2026/08/01 12:23:17 [MAB] event=reward_breakdown ts=1785579797750 policy=UCB1 function=mab_decision_1785579779 arm=x86 base_tag=x86 architecture=x86 specialization=default capabilities=[] duration_ms=1003.534534 latency_reward=-6.911284 cost_weight=0.000000 cost_factor=1.000000 cost_term=0.000000 energy_weight=0.000000 energy_factor=1.000000 energy_term=0.000000 final_reward=-6.911284
2026/08/01 12:23:17 [MAB] event=cold_start_stats ts=1785579797750 policy=UCB1 function=mab_decision_1785579779 arm=x86 total_invocations=2 cold_observed=1 warm_observed=1 cold_accepted=0 cold_skipped=1 invalid_feedback=0 cold_duration_samples=1 warm_duration_samples=1 cold_init_time_samples=1 avg_cold_duration_ms=1007.349428 avg_warm_duration_ms=1003.534534 avg_cold_init_time_ms=478.323473
2026/08/01 12:23:17 [MAB] event=update_reward ts=1785579797750 policy=UCB1 function=mab_decision_1785579779 arm=x86 duration_ms=1003.534534 warm_start=true reward=-6.911284 count=1 avg_reward=-6.911284 total_counts=2
2026/08/01 12:23:17 [MAB] event=decision_resolved ts=1785579797750 request_id=XvwVzJLfatnkyVZ6wahTB9 function=mab_decision_1785579779 selected_arm=x86 execution_arm=x86 fallback=false fallback_reason= direct_executions=4 fallback_executions=0 cancelled_decisions=0
2026/08/01 12:23:18 [LB] Compatible tag found: function=mab_decision_1785579779 tag=arm arch=amd64 pattern="" ring_size=1
2026/08/01 12:23:18 [LB] Compatible tag found: function=mab_decision_1785579779 tag=x86 arch=amd64 pattern="" ring_size=1
2026/08/01 12:23:18 [LB] Compatible tags for function 'mab_decision_1785579779': [arm x86]
2026/08/01 12:23:18 [LB][MAB] event=before_select function=mab_decision_1785579779 compatible_tags=[arm x86] has_context=true
2026/08/01 12:23:18 [MAB] event=arm_score ts=1785579798778 policy=UCB1 function=mab_decision_1785579779 arm=arm score=-6.245180 count=1 in_flight=0 effective_count=1 avg_reward=-6.911224 exploration_bonus=0.666044 total_counts=2 total_in_flight=0 effective_total_counts=2 contextual=false
2026/08/01 12:23:18 [MAB] event=arm_score ts=1785579798778 policy=UCB1 function=mab_decision_1785579779 arm=x86 score=-6.245240 count=1 in_flight=0 effective_count=1 avg_reward=-6.911284 exploration_bonus=0.666044 total_counts=2 total_in_flight=0 effective_total_counts=2 contextual=false
2026/08/01 12:23:18 [MAB] event=in_flight_changed ts=1785579798778 policy=UCB1 function=mab_decision_1785579779 arm=arm action=started in_flight=1 total_in_flight=1
2026/08/01 12:23:18 [MAB] event=select_arm ts=1785579798778 policy=UCB1 function=mab_decision_1785579779 selected_arm=arm reason=ucb_score score=-6.245180 total_counts=2 total_in_flight=1 effective_total_counts=3 arms=[arm,x86]
2026/08/01 12:23:18 [LB][MAB] event=after_select function=mab_decision_1785579779 selected_tag=arm compatible_tags=[arm x86]
2026/08/01 12:23:18 [MAB] event=decision_created ts=1785579798778 request_id=fq7UXuEW7VqXfY8XXczweF function=mab_decision_1785579779 selected_arm=arm
2026/08/01 12:23:18 Candidate has: 512 MB free memory. Function needs: 128 MB
2026/08/01 12:23:18 [MAB] event=decision_planned ts=1785579798778 request_id=fq7UXuEW7VqXfY8XXczweF function=mab_decision_1785579779 selected_arm=arm execution_arm=arm fallback=false fallback_reason=
2026/08/01 12:23:18 [LB] Selected target for function 'mab_decision_1785579779': selected_arm=arm execution_arm=arm fallback=false fallback_reason= candidate=PQh6GKyZLnn32parxugSW41785579779673644216
2026/08/01 12:23:18 [LB] Compatible tag found: function=mab_decision_1785579779 tag=arm arch=amd64 pattern="" ring_size=1
2026/08/01 12:23:18 [LB] Compatible tag found: function=mab_decision_1785579779 tag=x86 arch=amd64 pattern="" ring_size=1
2026/08/01 12:23:18 [LB] Compatible tags for function 'mab_decision_1785579779': [arm x86]
2026/08/01 12:23:18 [LB][MAB] event=before_select function=mab_decision_1785579779 compatible_tags=[arm x86] has_context=true
2026/08/01 12:23:18 [MAB] event=arm_score ts=1785579798778 policy=UCB1 function=mab_decision_1785579779 arm=arm score=-6.318303 count=1 in_flight=1 effective_count=2 avg_reward=-6.911224 exploration_bonus=0.592922 total_counts=2 total_in_flight=1 effective_total_counts=3 contextual=false
2026/08/01 12:23:18 [MAB] event=arm_score ts=1785579798778 policy=UCB1 function=mab_decision_1785579779 arm=x86 score=-6.072766 count=1 in_flight=0 effective_count=1 avg_reward=-6.911284 exploration_bonus=0.838518 total_counts=2 total_in_flight=1 effective_total_counts=3 contextual=false
2026/08/01 12:23:18 [MAB] event=in_flight_changed ts=1785579798778 policy=UCB1 function=mab_decision_1785579779 arm=x86 action=started in_flight=1 total_in_flight=2
2026/08/01 12:23:18 [MAB] event=select_arm ts=1785579798778 policy=UCB1 function=mab_decision_1785579779 selected_arm=x86 reason=ucb_score score=-6.072766 total_counts=2 total_in_flight=2 effective_total_counts=4 arms=[arm,x86]
2026/08/01 12:23:18 [LB][MAB] event=after_select function=mab_decision_1785579779 selected_tag=x86 compatible_tags=[arm x86]
2026/08/01 12:23:18 [MAB] event=decision_created ts=1785579798778 request_id=ukRy4ooA3nZ8gVnXiuhwUh function=mab_decision_1785579779 selected_arm=x86
2026/08/01 12:23:18 Candidate has: 384 MB free memory. Function needs: 128 MB
2026/08/01 12:23:18 [MAB] event=decision_planned ts=1785579798778 request_id=ukRy4ooA3nZ8gVnXiuhwUh function=mab_decision_1785579779 selected_arm=x86 execution_arm=x86 fallback=false fallback_reason=
2026/08/01 12:23:18 [LB] Selected target for function 'mab_decision_1785579779': selected_arm=x86 execution_arm=x86 fallback=false fallback_reason= candidate=SQaYRdJcpufGSqJdLVaVdG1785579779674024691
2026/08/01 12:23:18 [LB] Compatible tag found: function=mab_decision_1785579779 tag=arm arch=amd64 pattern="" ring_size=1
2026/08/01 12:23:18 [LB] Compatible tag found: function=mab_decision_1785579779 tag=x86 arch=amd64 pattern="" ring_size=1
2026/08/01 12:23:18 [LB] Compatible tags for function 'mab_decision_1785579779': [arm x86]
2026/08/01 12:23:18 [LB][MAB] event=before_select function=mab_decision_1785579779 compatible_tags=[arm x86] has_context=true
2026/08/01 12:23:18 [MAB] event=arm_score ts=1785579798778 policy=UCB1 function=mab_decision_1785579779 arm=arm score=-6.245180 count=1 in_flight=1 effective_count=2 avg_reward=-6.911224 exploration_bonus=0.666044 total_counts=2 total_in_flight=2 effective_total_counts=4 contextual=false
2026/08/01 12:23:18 [MAB] event=arm_score ts=1785579798778 policy=UCB1 function=mab_decision_1785579779 arm=x86 score=-6.245240 count=1 in_flight=1 effective_count=2 avg_reward=-6.911284 exploration_bonus=0.666044 total_counts=2 total_in_flight=2 effective_total_counts=4 contextual=false
2026/08/01 12:23:18 [MAB] event=in_flight_changed ts=1785579798778 policy=UCB1 function=mab_decision_1785579779 arm=arm action=started in_flight=2 total_in_flight=3
2026/08/01 12:23:18 [MAB] event=select_arm ts=1785579798778 policy=UCB1 function=mab_decision_1785579779 selected_arm=arm reason=ucb_score score=-6.245180 total_counts=2 total_in_flight=3 effective_total_counts=5 arms=[arm,x86]
2026/08/01 12:23:18 [LB][MAB] event=after_select function=mab_decision_1785579779 selected_tag=arm compatible_tags=[arm x86]
2026/08/01 12:23:18 [MAB] event=decision_created ts=1785579798778 request_id=PESHmft83vFbLsx3dkPVEg function=mab_decision_1785579779 selected_arm=arm
2026/08/01 12:23:18 Candidate has: 384 MB free memory. Function needs: 128 MB
2026/08/01 12:23:18 [MAB] event=decision_planned ts=1785579798778 request_id=PESHmft83vFbLsx3dkPVEg function=mab_decision_1785579779 selected_arm=arm execution_arm=arm fallback=false fallback_reason=
2026/08/01 12:23:18 [LB] Selected target for function 'mab_decision_1785579779': selected_arm=arm execution_arm=arm fallback=false fallback_reason= candidate=PQh6GKyZLnn32parxugSW41785579779673644216
2026/08/01 12:23:18 [LB] Compatible tag found: function=mab_decision_1785579779 tag=arm arch=amd64 pattern="" ring_size=1
2026/08/01 12:23:18 [LB] Compatible tag found: function=mab_decision_1785579779 tag=x86 arch=amd64 pattern="" ring_size=1
2026/08/01 12:23:18 [LB] Compatible tags for function 'mab_decision_1785579779': [arm x86]
2026/08/01 12:23:18 [LB][MAB] event=before_select function=mab_decision_1785579779 compatible_tags=[arm x86] has_context=true
2026/08/01 12:23:18 [MAB] event=arm_score ts=1785579798779 policy=UCB1 function=mab_decision_1785579779 arm=arm score=-6.325266 count=1 in_flight=2 effective_count=3 avg_reward=-6.911224 exploration_bonus=0.585958 total_counts=2 total_in_flight=3 effective_total_counts=5 contextual=false
2026/08/01 12:23:18 [MAB] event=arm_score ts=1785579798779 policy=UCB1 function=mab_decision_1785579779 arm=x86 score=-6.193635 count=1 in_flight=1 effective_count=2 avg_reward=-6.911284 exploration_bonus=0.717649 total_counts=2 total_in_flight=3 effective_total_counts=5 contextual=false
2026/08/01 12:23:18 [MAB] event=in_flight_changed ts=1785579798779 policy=UCB1 function=mab_decision_1785579779 arm=x86 action=started in_flight=2 total_in_flight=4
2026/08/01 12:23:18 [MAB] event=select_arm ts=1785579798779 policy=UCB1 function=mab_decision_1785579779 selected_arm=x86 reason=ucb_score score=-6.193635 total_counts=2 total_in_flight=4 effective_total_counts=6 arms=[arm,x86]
2026/08/01 12:23:18 [LB][MAB] event=after_select function=mab_decision_1785579779 selected_tag=x86 compatible_tags=[arm x86]
2026/08/01 12:23:18 [MAB] event=decision_created ts=1785579798779 request_id=KiCMN7iKKk7yyVFV99RcoA function=mab_decision_1785579779 selected_arm=x86
2026/08/01 12:23:18 Candidate has: 256 MB free memory. Function needs: 128 MB
2026/08/01 12:23:18 [MAB] event=decision_planned ts=1785579798779 request_id=KiCMN7iKKk7yyVFV99RcoA function=mab_decision_1785579779 selected_arm=x86 execution_arm=x86 fallback=false fallback_reason=
2026/08/01 12:23:18 [LB] Selected target for function 'mab_decision_1785579779': selected_arm=x86 execution_arm=x86 fallback=false fallback_reason= candidate=SQaYRdJcpufGSqJdLVaVdG1785579779674024691
2026/08/01 12:23:18 [LB] Compatible tag found: function=mab_decision_1785579779 tag=arm arch=amd64 pattern="" ring_size=1
2026/08/01 12:23:18 [LB] Compatible tag found: function=mab_decision_1785579779 tag=x86 arch=amd64 pattern="" ring_size=1
2026/08/01 12:23:18 [LB] Compatible tags for function 'mab_decision_1785579779': [arm x86]
2026/08/01 12:23:18 [LB][MAB] event=before_select function=mab_decision_1785579779 compatible_tags=[arm x86] has_context=true
2026/08/01 12:23:18 [MAB] event=arm_score ts=1785579798779 policy=UCB1 function=mab_decision_1785579779 arm=arm score=-6.292967 count=1 in_flight=2 effective_count=3 avg_reward=-6.911224 exploration_bonus=0.618257 total_counts=2 total_in_flight=4 effective_total_counts=6 contextual=false
2026/08/01 12:23:18 [MAB] event=arm_score ts=1785579798779 policy=UCB1 function=mab_decision_1785579779 arm=x86 score=-6.293026 count=1 in_flight=2 effective_count=3 avg_reward=-6.911284 exploration_bonus=0.618257 total_counts=2 total_in_flight=4 effective_total_counts=6 contextual=false
2026/08/01 12:23:18 [MAB] event=in_flight_changed ts=1785579798779 policy=UCB1 function=mab_decision_1785579779 arm=arm action=started in_flight=3 total_in_flight=5
2026/08/01 12:23:18 [MAB] event=select_arm ts=1785579798779 policy=UCB1 function=mab_decision_1785579779 selected_arm=arm reason=ucb_score score=-6.292967 total_counts=2 total_in_flight=5 effective_total_counts=7 arms=[arm,x86]
2026/08/01 12:23:18 [LB][MAB] event=after_select function=mab_decision_1785579779 selected_tag=arm compatible_tags=[arm x86]
2026/08/01 12:23:18 [MAB] event=decision_created ts=1785579798779 request_id=9UuxokKsrf6xaQvSvdsdr3 function=mab_decision_1785579779 selected_arm=arm
2026/08/01 12:23:18 Candidate has: 256 MB free memory. Function needs: 128 MB
2026/08/01 12:23:18 [MAB] event=decision_planned ts=1785579798779 request_id=9UuxokKsrf6xaQvSvdsdr3 function=mab_decision_1785579779 selected_arm=arm execution_arm=arm fallback=false fallback_reason=
2026/08/01 12:23:18 [LB] Selected target for function 'mab_decision_1785579779': selected_arm=arm execution_arm=arm fallback=false fallback_reason= candidate=PQh6GKyZLnn32parxugSW41785579779673644216
2026/08/01 12:23:18 [LB] Compatible tag found: function=mab_decision_1785579779 tag=arm arch=amd64 pattern="" ring_size=1
2026/08/01 12:23:18 [LB] Compatible tag found: function=mab_decision_1785579779 tag=x86 arch=amd64 pattern="" ring_size=1
2026/08/01 12:23:18 [LB] Compatible tags for function 'mab_decision_1785579779': [arm x86]
2026/08/01 12:23:18 [LB][MAB] event=before_select function=mab_decision_1785579779 compatible_tags=[arm x86] has_context=true
2026/08/01 12:23:18 [MAB] event=arm_score ts=1785579798779 policy=UCB1 function=mab_decision_1785579779 arm=arm score=-6.353241 count=1 in_flight=3 effective_count=4 avg_reward=-6.911224 exploration_bonus=0.557984 total_counts=2 total_in_flight=5 effective_total_counts=7 contextual=false
2026/08/01 12:23:18 [MAB] event=arm_score ts=1785579798779 policy=UCB1 function=mab_decision_1785579779 arm=x86 score=-6.266980 count=1 in_flight=2 effective_count=3 avg_reward=-6.911284 exploration_bonus=0.644304 total_counts=2 total_in_flight=5 effective_total_counts=7 contextual=false
2026/08/01 12:23:18 [MAB] event=in_flight_changed ts=1785579798779 policy=UCB1 function=mab_decision_1785579779 arm=x86 action=started in_flight=3 total_in_flight=6
2026/08/01 12:23:18 [MAB] event=select_arm ts=1785579798779 policy=UCB1 function=mab_decision_1785579779 selected_arm=x86 reason=ucb_score score=-6.266980 total_counts=2 total_in_flight=6 effective_total_counts=8 arms=[arm,x86]
2026/08/01 12:23:18 [LB][MAB] event=after_select function=mab_decision_1785579779 selected_tag=x86 compatible_tags=[arm x86]
2026/08/01 12:23:18 [MAB] event=decision_created ts=1785579798779 request_id=7vAJvjTKWzDyXR33UrXgMU function=mab_decision_1785579779 selected_arm=x86
2026/08/01 12:23:18 Candidate has: 128 MB free memory. Function needs: 128 MB
2026/08/01 12:23:18 [MAB] event=decision_planned ts=1785579798779 request_id=7vAJvjTKWzDyXR33UrXgMU function=mab_decision_1785579779 selected_arm=x86 execution_arm=x86 fallback=false fallback_reason=
2026/08/01 12:23:18 [LB] Selected target for function 'mab_decision_1785579779': selected_arm=x86 execution_arm=x86 fallback=false fallback_reason= candidate=SQaYRdJcpufGSqJdLVaVdG1785579779674024691
2026/08/01 12:23:18 [LB] Compatible tag found: function=mab_decision_1785579779 tag=arm arch=amd64 pattern="" ring_size=1
2026/08/01 12:23:18 [LB] Compatible tag found: function=mab_decision_1785579779 tag=x86 arch=amd64 pattern="" ring_size=1
2026/08/01 12:23:18 [LB] Compatible tags for function 'mab_decision_1785579779': [arm x86]
2026/08/01 12:23:18 [LB][MAB] event=before_select function=mab_decision_1785579779 compatible_tags=[arm x86] has_context=true
2026/08/01 12:23:18 [MAB] event=arm_score ts=1785579798780 policy=UCB1 function=mab_decision_1785579779 arm=arm score=-6.334413 count=1 in_flight=3 effective_count=4 avg_reward=-6.911224 exploration_bonus=0.576811 total_counts=2 total_in_flight=6 effective_total_counts=8 contextual=false
2026/08/01 12:23:18 [MAB] event=arm_score ts=1785579798780 policy=UCB1 function=mab_decision_1785579779 arm=x86 score=-6.334473 count=1 in_flight=3 effective_count=4 avg_reward=-6.911284 exploration_bonus=0.576811 total_counts=2 total_in_flight=6 effective_total_counts=8 contextual=false
2026/08/01 12:23:18 [MAB] event=in_flight_changed ts=1785579798780 policy=UCB1 function=mab_decision_1785579779 arm=arm action=started in_flight=4 total_in_flight=7
2026/08/01 12:23:18 [MAB] event=select_arm ts=1785579798780 policy=UCB1 function=mab_decision_1785579779 selected_arm=arm reason=ucb_score score=-6.334413 total_counts=2 total_in_flight=7 effective_total_counts=9 arms=[arm,x86]
2026/08/01 12:23:18 [LB][MAB] event=after_select function=mab_decision_1785579779 selected_tag=arm compatible_tags=[arm x86]
2026/08/01 12:23:18 [MAB] event=decision_created ts=1785579798780 request_id=2kyiS5eipgwagmwiHF6gJ6 function=mab_decision_1785579779 selected_arm=arm
2026/08/01 12:23:18 Candidate has: 128 MB free memory. Function needs: 128 MB
2026/08/01 12:23:18 [MAB] event=decision_planned ts=1785579798780 request_id=2kyiS5eipgwagmwiHF6gJ6 function=mab_decision_1785579779 selected_arm=arm execution_arm=arm fallback=false fallback_reason=
2026/08/01 12:23:18 [LB] Selected target for function 'mab_decision_1785579779': selected_arm=arm execution_arm=arm fallback=false fallback_reason= candidate=PQh6GKyZLnn32parxugSW41785579779673644216
2026/08/01 12:23:18 [LB] Compatible tag found: function=mab_decision_1785579779 tag=arm arch=amd64 pattern="" ring_size=1
2026/08/01 12:23:18 [LB] Compatible tag found: function=mab_decision_1785579779 tag=x86 arch=amd64 pattern="" ring_size=1
2026/08/01 12:23:18 [LB] Compatible tags for function 'mab_decision_1785579779': [arm x86]
2026/08/01 12:23:18 [LB][MAB] event=before_select function=mab_decision_1785579779 compatible_tags=[arm x86] has_context=true
2026/08/01 12:23:18 [MAB] event=arm_score ts=1785579798781 policy=UCB1 function=mab_decision_1785579779 arm=arm score=-6.380899 count=1 in_flight=4 effective_count=5 avg_reward=-6.911224 exploration_bonus=0.530325 total_counts=2 total_in_flight=7 effective_total_counts=9 contextual=false
2026/08/01 12:23:18 [MAB] event=arm_score ts=1785579798781 policy=UCB1 function=mab_decision_1785579779 arm=x86 score=-6.318362 count=1 in_flight=3 effective_count=4 avg_reward=-6.911284 exploration_bonus=0.592922 total_counts=2 total_in_flight=7 effective_total_counts=9 contextual=false
2026/08/01 12:23:18 [MAB] event=in_flight_changed ts=1785579798781 policy=UCB1 function=mab_decision_1785579779 arm=x86 action=started in_flight=4 total_in_flight=8
2026/08/01 12:23:18 [MAB] event=select_arm ts=1785579798781 policy=UCB1 function=mab_decision_1785579779 selected_arm=x86 reason=ucb_score score=-6.318362 total_counts=2 total_in_flight=8 effective_total_counts=10 arms=[arm,x86]
2026/08/01 12:23:18 [LB][MAB] event=after_select function=mab_decision_1785579779 selected_tag=x86 compatible_tags=[arm x86]
2026/08/01 12:23:18 [MAB] event=decision_created ts=1785579798781 request_id=tJ2aDv7ruRhbTPv8xj3Bmh function=mab_decision_1785579779 selected_arm=x86
2026/08/01 12:23:18 Candidate has: 0 MB free memory. Function needs: 128 MB
2026/08/01 12:23:18 Candidate has: 0 MB free memory. Function needs: 128 MB
2026/08/01 12:23:18 [MAB] event=in_flight_changed ts=1785579798781 policy=UCB1 function=mab_decision_1785579779 arm=x86 action=resolved in_flight=3 total_in_flight=7
2026/08/01 12:23:18 [MAB] event=synthetic_reward ts=1785579798781 request_id=tJ2aDv7ruRhbTPv8xj3Bmh policy=UCB1 function=mab_decision_1785579779 arm=x86 reward=-12.000000 reason=no_candidate_after_fallback utilization=0.000000 count=2 avg_reward=-9.455642 total_counts=3
2026/08/01 12:23:18 [MAB] event=decision_cancelled ts=1785579798781 request_id=tJ2aDv7ruRhbTPv8xj3Bmh function=mab_decision_1785579779 selected_arm=x86 execution_arm= fallback=false fallback_reason= reason=no_candidate_after_fallback direct_executions=4 fallback_executions=0 cancelled_decisions=1 bandit_manager_available=true
2026/08/01 12:23:18 [LB] No candidate available for function 'mab_decision_1785579779' after fallback
2026/08/01 12:23:18 [LB] Compatible tag found: function=mab_decision_1785579779 tag=arm arch=amd64 pattern="" ring_size=1
2026/08/01 12:23:18 [LB] Compatible tag found: function=mab_decision_1785579779 tag=x86 arch=amd64 pattern="" ring_size=1
2026/08/01 12:23:18 [LB] Compatible tags for function 'mab_decision_1785579779': [arm x86]
2026/08/01 12:23:18 [LB][MAB] event=before_select function=mab_decision_1785579779 compatible_tags=[arm x86] has_context=true
2026/08/01 12:23:18 [MAB] event=arm_score ts=1785579798781 policy=UCB1 function=mab_decision_1785579779 arm=arm score=-6.368333 count=1 in_flight=4 effective_count=5 avg_reward=-6.911224 exploration_bonus=0.542891 total_counts=3 total_in_flight=7 effective_total_counts=10 contextual=false
2026/08/01 12:23:18 [MAB] event=arm_score ts=1785579798781 policy=UCB1 function=mab_decision_1785579779 arm=x86 score=-8.912751 count=2 in_flight=3 effective_count=5 avg_reward=-9.455642 exploration_bonus=0.542891 total_counts=3 total_in_flight=7 effective_total_counts=10 contextual=false
2026/08/01 12:23:18 [MAB] event=in_flight_changed ts=1785579798781 policy=UCB1 function=mab_decision_1785579779 arm=arm action=started in_flight=5 total_in_flight=8
2026/08/01 12:23:18 [MAB] event=select_arm ts=1785579798781 policy=UCB1 function=mab_decision_1785579779 selected_arm=arm reason=ucb_score score=-6.368333 total_counts=3 total_in_flight=8 effective_total_counts=11 arms=[arm,x86]
2026/08/01 12:23:18 [LB][MAB] event=after_select function=mab_decision_1785579779 selected_tag=arm compatible_tags=[arm x86]
2026/08/01 12:23:18 [MAB] event=decision_created ts=1785579798781 request_id=KAMPBBj2CusnzQyPLAji5Z function=mab_decision_1785579779 selected_arm=arm
2026/08/01 12:23:18 Candidate has: 0 MB free memory. Function needs: 128 MB
2026/08/01 12:23:18 Candidate has: 0 MB free memory. Function needs: 128 MB
2026/08/01 12:23:18 [MAB] event=in_flight_changed ts=1785579798781 policy=UCB1 function=mab_decision_1785579779 arm=arm action=resolved in_flight=4 total_in_flight=7
2026/08/01 12:23:18 [MAB] event=synthetic_reward ts=1785579798781 request_id=KAMPBBj2CusnzQyPLAji5Z policy=UCB1 function=mab_decision_1785579779 arm=arm reward=-12.000000 reason=no_candidate_after_fallback utilization=0.000000 count=2 avg_reward=-9.455612 total_counts=4
2026/08/01 12:23:18 [MAB] event=decision_cancelled ts=1785579798781 request_id=KAMPBBj2CusnzQyPLAji5Z function=mab_decision_1785579779 selected_arm=arm execution_arm= fallback=false fallback_reason= reason=no_candidate_after_fallback direct_executions=4 fallback_executions=0 cancelled_decisions=2 bandit_manager_available=true
2026/08/01 12:23:18 [LB] No candidate available for function 'mab_decision_1785579779' after fallback
2026/08/01 12:23:18 [LB] Compatible tag found: function=mab_decision_1785579779 tag=arm arch=amd64 pattern="" ring_size=1
2026/08/01 12:23:18 [LB] Compatible tag found: function=mab_decision_1785579779 tag=x86 arch=amd64 pattern="" ring_size=1
2026/08/01 12:23:18 [LB] Compatible tags for function 'mab_decision_1785579779': [arm x86]
2026/08/01 12:23:18 [LB][MAB] event=before_select function=mab_decision_1785579779 compatible_tags=[arm x86] has_context=true
2026/08/01 12:23:18 [MAB] event=arm_score ts=1785579798781 policy=UCB1 function=mab_decision_1785579779 arm=arm score=-8.949870 count=2 in_flight=4 effective_count=6 avg_reward=-9.455612 exploration_bonus=0.505743 total_counts=4 total_in_flight=7 effective_total_counts=11 contextual=false
2026/08/01 12:23:18 [MAB] event=arm_score ts=1785579798781 policy=UCB1 function=mab_decision_1785579779 arm=x86 score=-8.901629 count=2 in_flight=3 effective_count=5 avg_reward=-9.455642 exploration_bonus=0.554013 total_counts=4 total_in_flight=7 effective_total_counts=11 contextual=false
2026/08/01 12:23:18 [MAB] event=in_flight_changed ts=1785579798781 policy=UCB1 function=mab_decision_1785579779 arm=x86 action=started in_flight=4 total_in_flight=8
2026/08/01 12:23:18 [MAB] event=select_arm ts=1785579798781 policy=UCB1 function=mab_decision_1785579779 selected_arm=x86 reason=ucb_score score=-8.901629 total_counts=4 total_in_flight=8 effective_total_counts=12 arms=[arm,x86]
2026/08/01 12:23:18 [LB][MAB] event=after_select function=mab_decision_1785579779 selected_tag=x86 compatible_tags=[arm x86]
2026/08/01 12:23:18 [MAB] event=decision_created ts=1785579798781 request_id=avK4o8KrUW7dAomnDfegkD function=mab_decision_1785579779 selected_arm=x86
2026/08/01 12:23:18 Candidate has: 0 MB free memory. Function needs: 128 MB
2026/08/01 12:23:18 Candidate has: 0 MB free memory. Function needs: 128 MB
2026/08/01 12:23:18 [MAB] event=in_flight_changed ts=1785579798781 policy=UCB1 function=mab_decision_1785579779 arm=x86 action=resolved in_flight=3 total_in_flight=7
2026/08/01 12:23:18 [MAB] event=synthetic_reward ts=1785579798781 request_id=avK4o8KrUW7dAomnDfegkD policy=UCB1 function=mab_decision_1785579779 arm=x86 reward=-12.000000 reason=no_candidate_after_fallback utilization=0.000000 count=3 avg_reward=-10.303761 total_counts=5
2026/08/01 12:23:18 [MAB] event=decision_cancelled ts=1785579798781 request_id=avK4o8KrUW7dAomnDfegkD function=mab_decision_1785579779 selected_arm=x86 execution_arm= fallback=false fallback_reason= reason=no_candidate_after_fallback direct_executions=4 fallback_executions=0 cancelled_decisions=3 bandit_manager_available=true
2026/08/01 12:23:18 [LB] No candidate available for function 'mab_decision_1785579779' after fallback
2026/08/01 12:23:18 [LB] Compatible tag found: function=mab_decision_1785579779 tag=arm arch=amd64 pattern="" ring_size=1
2026/08/01 12:23:18 [LB] Compatible tag found: function=mab_decision_1785579779 tag=x86 arch=amd64 pattern="" ring_size=1
2026/08/01 12:23:18 [LB] Compatible tags for function 'mab_decision_1785579779': [arm x86]
2026/08/01 12:23:18 [LB][MAB] event=before_select function=mab_decision_1785579779 compatible_tags=[arm x86] has_context=true
2026/08/01 12:23:18 [MAB] event=arm_score ts=1785579798781 policy=UCB1 function=mab_decision_1785579779 arm=arm score=-8.940775 count=2 in_flight=4 effective_count=6 avg_reward=-9.455612 exploration_bonus=0.514837 total_counts=5 total_in_flight=7 effective_total_counts=12 contextual=false
2026/08/01 12:23:18 [MAB] event=arm_score ts=1785579798781 policy=UCB1 function=mab_decision_1785579779 arm=x86 score=-9.788925 count=3 in_flight=3 effective_count=6 avg_reward=-10.303761 exploration_bonus=0.514837 total_counts=5 total_in_flight=7 effective_total_counts=12 contextual=false
2026/08/01 12:23:18 [MAB] event=in_flight_changed ts=1785579798781 policy=UCB1 function=mab_decision_1785579779 arm=arm action=started in_flight=5 total_in_flight=8
2026/08/01 12:23:18 [MAB] event=select_arm ts=1785579798781 policy=UCB1 function=mab_decision_1785579779 selected_arm=arm reason=ucb_score score=-8.940775 total_counts=5 total_in_flight=8 effective_total_counts=13 arms=[arm,x86]
2026/08/01 12:23:18 [LB][MAB] event=after_select function=mab_decision_1785579779 selected_tag=arm compatible_tags=[arm x86]
2026/08/01 12:23:18 [MAB] event=decision_created ts=1785579798781 request_id=AMqudzmwKnij3vtjUNL2jX function=mab_decision_1785579779 selected_arm=arm
2026/08/01 12:23:18 Candidate has: 0 MB free memory. Function needs: 128 MB
2026/08/01 12:23:18 Candidate has: 0 MB free memory. Function needs: 128 MB
2026/08/01 12:23:18 [MAB] event=in_flight_changed ts=1785579798781 policy=UCB1 function=mab_decision_1785579779 arm=arm action=resolved in_flight=4 total_in_flight=7
2026/08/01 12:23:18 [MAB] event=synthetic_reward ts=1785579798781 request_id=AMqudzmwKnij3vtjUNL2jX policy=UCB1 function=mab_decision_1785579779 arm=arm reward=-12.000000 reason=no_candidate_after_fallback utilization=0.000000 count=3 avg_reward=-10.303741 total_counts=6
2026/08/01 12:23:18 [MAB] event=decision_cancelled ts=1785579798781 request_id=AMqudzmwKnij3vtjUNL2jX function=mab_decision_1785579779 selected_arm=arm execution_arm= fallback=false fallback_reason= reason=no_candidate_after_fallback direct_executions=4 fallback_executions=0 cancelled_decisions=4 bandit_manager_available=true
2026/08/01 12:23:18 [LB] No candidate available for function 'mab_decision_1785579779' after fallback
2026/08/01 12:23:18 [LB] Compatible tag found: function=mab_decision_1785579779 tag=arm arch=amd64 pattern="" ring_size=1
2026/08/01 12:23:18 [LB] Compatible tag found: function=mab_decision_1785579779 tag=x86 arch=amd64 pattern="" ring_size=1
2026/08/01 12:23:18 [LB] Compatible tags for function 'mab_decision_1785579779': [arm x86]
2026/08/01 12:23:18 [LB][MAB] event=before_select function=mab_decision_1785579779 compatible_tags=[arm x86] has_context=true
2026/08/01 12:23:18 [MAB] event=arm_score ts=1785579798782 policy=UCB1 function=mab_decision_1785579779 arm=arm score=-9.819479 count=3 in_flight=4 effective_count=7 avg_reward=-10.303741 exploration_bonus=0.484262 total_counts=6 total_in_flight=7 effective_total_counts=13 contextual=false
2026/08/01 12:23:18 [MAB] event=arm_score ts=1785579798782 policy=UCB1 function=mab_decision_1785579779 arm=x86 score=-9.780698 count=3 in_flight=3 effective_count=6 avg_reward=-10.303761 exploration_bonus=0.523063 total_counts=6 total_in_flight=7 effective_total_counts=13 contextual=false
2026/08/01 12:23:18 [MAB] event=in_flight_changed ts=1785579798782 policy=UCB1 function=mab_decision_1785579779 arm=x86 action=started in_flight=4 total_in_flight=8
2026/08/01 12:23:18 [MAB] event=select_arm ts=1785579798782 policy=UCB1 function=mab_decision_1785579779 selected_arm=x86 reason=ucb_score score=-9.780698 total_counts=6 total_in_flight=8 effective_total_counts=14 arms=[arm,x86]
2026/08/01 12:23:18 [LB][MAB] event=after_select function=mab_decision_1785579779 selected_tag=x86 compatible_tags=[arm x86]
2026/08/01 12:23:18 [MAB] event=decision_created ts=1785579798782 request_id=sRJUrRFsek9VnGsXeCBDh4 function=mab_decision_1785579779 selected_arm=x86
2026/08/01 12:23:18 Candidate has: 0 MB free memory. Function needs: 128 MB
2026/08/01 12:23:18 Candidate has: 0 MB free memory. Function needs: 128 MB
2026/08/01 12:23:18 [MAB] event=in_flight_changed ts=1785579798782 policy=UCB1 function=mab_decision_1785579779 arm=x86 action=resolved in_flight=3 total_in_flight=7
2026/08/01 12:23:18 [MAB] event=synthetic_reward ts=1785579798782 request_id=sRJUrRFsek9VnGsXeCBDh4 policy=UCB1 function=mab_decision_1785579779 arm=x86 reward=-12.000000 reason=no_candidate_after_fallback utilization=0.000000 count=4 avg_reward=-10.727821 total_counts=7
2026/08/01 12:23:18 [MAB] event=decision_cancelled ts=1785579798782 request_id=sRJUrRFsek9VnGsXeCBDh4 function=mab_decision_1785579779 selected_arm=x86 execution_arm= fallback=false fallback_reason= reason=no_candidate_after_fallback direct_executions=4 fallback_executions=0 cancelled_decisions=5 bandit_manager_available=true
2026/08/01 12:23:18 [LB] No candidate available for function 'mab_decision_1785579779' after fallback
2026/08/01 12:23:18 [LB] Compatible tag found: function=mab_decision_1785579779 tag=arm arch=amd64 pattern="" ring_size=1
2026/08/01 12:23:18 [LB] Compatible tag found: function=mab_decision_1785579779 tag=x86 arch=amd64 pattern="" ring_size=1
2026/08/01 12:23:18 [LB] Compatible tags for function 'mab_decision_1785579779': [arm x86]
2026/08/01 12:23:18 [LB][MAB] event=before_select function=mab_decision_1785579779 compatible_tags=[arm x86] has_context=true
2026/08/01 12:23:18 [MAB] event=arm_score ts=1785579798782 policy=UCB1 function=mab_decision_1785579779 arm=arm score=-9.812533 count=3 in_flight=4 effective_count=7 avg_reward=-10.303741 exploration_bonus=0.491208 total_counts=7 total_in_flight=7 effective_total_counts=14 contextual=false
2026/08/01 12:23:18 [MAB] event=arm_score ts=1785579798782 policy=UCB1 function=mab_decision_1785579779 arm=x86 score=-10.236613 count=4 in_flight=3 effective_count=7 avg_reward=-10.727821 exploration_bonus=0.491208 total_counts=7 total_in_flight=7 effective_total_counts=14 contextual=false
2026/08/01 12:23:18 [MAB] event=in_flight_changed ts=1785579798782 policy=UCB1 function=mab_decision_1785579779 arm=arm action=started in_flight=5 total_in_flight=8
2026/08/01 12:23:18 [MAB] event=select_arm ts=1785579798782 policy=UCB1 function=mab_decision_1785579779 selected_arm=arm reason=ucb_score score=-9.812533 total_counts=7 total_in_flight=8 effective_total_counts=15 arms=[arm,x86]
2026/08/01 12:23:18 [LB][MAB] event=after_select function=mab_decision_1785579779 selected_tag=arm compatible_tags=[arm x86]
2026/08/01 12:23:18 [MAB] event=decision_created ts=1785579798782 request_id=avvs9RFLhCTEpdMrP2rZYL function=mab_decision_1785579779 selected_arm=arm
2026/08/01 12:23:18 Candidate has: 0 MB free memory. Function needs: 128 MB
2026/08/01 12:23:18 Candidate has: 0 MB free memory. Function needs: 128 MB
2026/08/01 12:23:18 [MAB] event=in_flight_changed ts=1785579798782 policy=UCB1 function=mab_decision_1785579779 arm=arm action=resolved in_flight=4 total_in_flight=7
2026/08/01 12:23:18 [MAB] event=synthetic_reward ts=1785579798782 request_id=avvs9RFLhCTEpdMrP2rZYL policy=UCB1 function=mab_decision_1785579779 arm=arm reward=-12.000000 reason=no_candidate_after_fallback utilization=0.000000 count=4 avg_reward=-10.727806 total_counts=8
2026/08/01 12:23:18 [MAB] event=decision_cancelled ts=1785579798782 request_id=avvs9RFLhCTEpdMrP2rZYL function=mab_decision_1785579779 selected_arm=arm execution_arm= fallback=false fallback_reason= reason=no_candidate_after_fallback direct_executions=4 fallback_executions=0 cancelled_decisions=6 bandit_manager_available=true
2026/08/01 12:23:18 [LB] No candidate available for function 'mab_decision_1785579779' after fallback
2026/08/01 12:23:18 [LB] Compatible tag found: function=mab_decision_1785579779 tag=arm arch=amd64 pattern="" ring_size=1
2026/08/01 12:23:18 [LB] Compatible tag found: function=mab_decision_1785579779 tag=x86 arch=amd64 pattern="" ring_size=1
2026/08/01 12:23:18 [LB] Compatible tags for function 'mab_decision_1785579779': [arm x86]
2026/08/01 12:23:18 [LB][MAB] event=before_select function=mab_decision_1785579779 compatible_tags=[arm x86] has_context=true
2026/08/01 12:23:18 [MAB] event=arm_score ts=1785579798783 policy=UCB1 function=mab_decision_1785579779 arm=arm score=-10.262356 count=4 in_flight=4 effective_count=8 avg_reward=-10.727806 exploration_bonus=0.465450 total_counts=8 total_in_flight=7 effective_total_counts=15 contextual=false
2026/08/01 12:23:18 [MAB] event=arm_score ts=1785579798783 policy=UCB1 function=mab_decision_1785579779 arm=x86 score=-10.230234 count=4 in_flight=3 effective_count=7 avg_reward=-10.727821 exploration_bonus=0.497587 total_counts=8 total_in_flight=7 effective_total_counts=15 contextual=false
2026/08/01 12:23:18 [MAB] event=in_flight_changed ts=1785579798783 policy=UCB1 function=mab_decision_1785579779 arm=x86 action=started in_flight=4 total_in_flight=8
2026/08/01 12:23:18 [MAB] event=select_arm ts=1785579798783 policy=UCB1 function=mab_decision_1785579779 selected_arm=x86 reason=ucb_score score=-10.230234 total_counts=8 total_in_flight=8 effective_total_counts=16 arms=[arm,x86]
2026/08/01 12:23:18 [LB][MAB] event=after_select function=mab_decision_1785579779 selected_tag=x86 compatible_tags=[arm x86]
2026/08/01 12:23:18 [MAB] event=decision_created ts=1785579798783 request_id=Zqs7h4ZwXFVPFzhcPLDADW function=mab_decision_1785579779 selected_arm=x86
2026/08/01 12:23:18 Candidate has: 0 MB free memory. Function needs: 128 MB
2026/08/01 12:23:18 Candidate has: 0 MB free memory. Function needs: 128 MB
2026/08/01 12:23:18 [MAB] event=in_flight_changed ts=1785579798783 policy=UCB1 function=mab_decision_1785579779 arm=x86 action=resolved in_flight=3 total_in_flight=7
2026/08/01 12:23:18 [MAB] event=synthetic_reward ts=1785579798783 request_id=Zqs7h4ZwXFVPFzhcPLDADW policy=UCB1 function=mab_decision_1785579779 arm=x86 reward=-12.000000 reason=no_candidate_after_fallback utilization=0.000000 count=5 avg_reward=-10.982257 total_counts=9
2026/08/01 12:23:18 [MAB] event=decision_cancelled ts=1785579798783 request_id=Zqs7h4ZwXFVPFzhcPLDADW function=mab_decision_1785579779 selected_arm=x86 execution_arm= fallback=false fallback_reason= reason=no_candidate_after_fallback direct_executions=4 fallback_executions=0 cancelled_decisions=7 bandit_manager_available=true
2026/08/01 12:23:18 [LB] No candidate available for function 'mab_decision_1785579779' after fallback
2026/08/01 12:23:18 [LB] Compatible tag found: function=mab_decision_1785579779 tag=arm arch=amd64 pattern="" ring_size=1
2026/08/01 12:23:18 [LB] Compatible tag found: function=mab_decision_1785579779 tag=x86 arch=amd64 pattern="" ring_size=1
2026/08/01 12:23:18 [LB] Compatible tags for function 'mab_decision_1785579779': [arm x86]
2026/08/01 12:23:18 [LB][MAB] event=before_select function=mab_decision_1785579779 compatible_tags=[arm x86] has_context=true
2026/08/01 12:23:18 [MAB] event=arm_score ts=1785579798783 policy=UCB1 function=mab_decision_1785579779 arm=arm score=-10.256842 count=4 in_flight=4 effective_count=8 avg_reward=-10.727806 exploration_bonus=0.470964 total_counts=9 total_in_flight=7 effective_total_counts=16 contextual=false
2026/08/01 12:23:18 [MAB] event=arm_score ts=1785579798783 policy=UCB1 function=mab_decision_1785579779 arm=x86 score=-10.511293 count=5 in_flight=3 effective_count=8 avg_reward=-10.982257 exploration_bonus=0.470964 total_counts=9 total_in_flight=7 effective_total_counts=16 contextual=false
2026/08/01 12:23:18 [MAB] event=in_flight_changed ts=1785579798783 policy=UCB1 function=mab_decision_1785579779 arm=arm action=started in_flight=5 total_in_flight=8
2026/08/01 12:23:18 [MAB] event=select_arm ts=1785579798783 policy=UCB1 function=mab_decision_1785579779 selected_arm=arm reason=ucb_score score=-10.256842 total_counts=9 total_in_flight=8 effective_total_counts=17 arms=[arm,x86]
2026/08/01 12:23:18 [LB][MAB] event=after_select function=mab_decision_1785579779 selected_tag=arm compatible_tags=[arm x86]
2026/08/01 12:23:18 [MAB] event=decision_created ts=1785579798783 request_id=gXuYcLiM2mhKyinzbbLujM function=mab_decision_1785579779 selected_arm=arm
2026/08/01 12:23:18 Candidate has: 0 MB free memory. Function needs: 128 MB
2026/08/01 12:23:18 Candidate has: 0 MB free memory. Function needs: 128 MB
2026/08/01 12:23:18 [MAB] event=in_flight_changed ts=1785579798783 policy=UCB1 function=mab_decision_1785579779 arm=arm action=resolved in_flight=4 total_in_flight=7
2026/08/01 12:23:18 [MAB] event=synthetic_reward ts=1785579798783 request_id=gXuYcLiM2mhKyinzbbLujM policy=UCB1 function=mab_decision_1785579779 arm=arm reward=-12.000000 reason=no_candidate_after_fallback utilization=0.000000 count=5 avg_reward=-10.982245 total_counts=10
2026/08/01 12:23:18 [MAB] event=decision_cancelled ts=1785579798783 request_id=gXuYcLiM2mhKyinzbbLujM function=mab_decision_1785579779 selected_arm=arm execution_arm= fallback=false fallback_reason= reason=no_candidate_after_fallback direct_executions=4 fallback_executions=0 cancelled_decisions=8 bandit_manager_available=true
2026/08/01 12:23:18 [LB] No candidate available for function 'mab_decision_1785579779' after fallback
2026/08/01 12:23:18 [LB] Compatible tag found: function=mab_decision_1785579779 tag=arm arch=amd64 pattern="" ring_size=1
2026/08/01 12:23:18 [LB] Compatible tag found: function=mab_decision_1785579779 tag=x86 arch=amd64 pattern="" ring_size=1
2026/08/01 12:23:18 [LB] Compatible tags for function 'mab_decision_1785579779': [arm x86]
2026/08/01 12:23:18 [LB][MAB] event=before_select function=mab_decision_1785579779 compatible_tags=[arm x86] has_context=true
2026/08/01 12:23:18 [MAB] event=arm_score ts=1785579798783 policy=UCB1 function=mab_decision_1785579779 arm=arm score=-10.533387 count=5 in_flight=4 effective_count=9 avg_reward=-10.982245 exploration_bonus=0.448857 total_counts=10 total_in_flight=7 effective_total_counts=17 contextual=false
2026/08/01 12:23:18 [MAB] event=arm_score ts=1785579798783 policy=UCB1 function=mab_decision_1785579779 arm=x86 score=-10.506172 count=5 in_flight=3 effective_count=8 avg_reward=-10.982257 exploration_bonus=0.476085 total_counts=10 total_in_flight=7 effective_total_counts=17 contextual=false
2026/08/01 12:23:18 [MAB] event=in_flight_changed ts=1785579798783 policy=UCB1 function=mab_decision_1785579779 arm=x86 action=started in_flight=4 total_in_flight=8
2026/08/01 12:23:18 [MAB] event=select_arm ts=1785579798783 policy=UCB1 function=mab_decision_1785579779 selected_arm=x86 reason=ucb_score score=-10.506172 total_counts=10 total_in_flight=8 effective_total_counts=18 arms=[arm,x86]
2026/08/01 12:23:18 [LB][MAB] event=after_select function=mab_decision_1785579779 selected_tag=x86 compatible_tags=[arm x86]
2026/08/01 12:23:18 [MAB] event=decision_created ts=1785579798783 request_id=zNpKnnmPJ7wTj7XbUxBFHC function=mab_decision_1785579779 selected_arm=x86
2026/08/01 12:23:18 Candidate has: 0 MB free memory. Function needs: 128 MB
2026/08/01 12:23:18 Candidate has: 0 MB free memory. Function needs: 128 MB
2026/08/01 12:23:18 [MAB] event=in_flight_changed ts=1785579798783 policy=UCB1 function=mab_decision_1785579779 arm=x86 action=resolved in_flight=3 total_in_flight=7
2026/08/01 12:23:18 [MAB] event=synthetic_reward ts=1785579798783 request_id=zNpKnnmPJ7wTj7XbUxBFHC policy=UCB1 function=mab_decision_1785579779 arm=x86 reward=-12.000000 reason=no_candidate_after_fallback utilization=0.000000 count=6 avg_reward=-11.151881 total_counts=11
2026/08/01 12:23:18 [MAB] event=decision_cancelled ts=1785579798783 request_id=zNpKnnmPJ7wTj7XbUxBFHC function=mab_decision_1785579779 selected_arm=x86 execution_arm= fallback=false fallback_reason= reason=no_candidate_after_fallback direct_executions=4 fallback_executions=0 cancelled_decisions=9 bandit_manager_available=true
2026/08/01 12:23:18 [LB] No candidate available for function 'mab_decision_1785579779' after fallback
2026/08/01 12:23:19 [LB]: Periodic targets update
2026/08/01 12:23:19 Found target: PQh6GKyZLnn32parxugSW41785579779673644216
2026/08/01 12:23:19 Found target: SQaYRdJcpufGSqJdLVaVdG1785579779674024691
2026/08/01 12:23:19 Found 2 targets
2026/08/01 12:23:22 [LB]: Periodic targets update
2026/08/01 12:23:22 Found target: PQh6GKyZLnn32parxugSW41785579779673644216
2026/08/01 12:23:22 Found target: SQaYRdJcpufGSqJdLVaVdG1785579779674024691
2026/08/01 12:23:22 Found 2 targets
2026/08/01 12:23:22 [LB-Update] Node SQaYRdJcpufGSqJdLVaVdG1785579779674024691 reported 128 MB free
2026/08/01 12:23:22 [MAB] event=execution_timing ts=1785579802782 policy=UCB1 function=mab_decision_1785579779 arm=x86 node_name=SQaYRdJcpufGSqJdLVaVdG1785579779674024691 execution_node=SQaYRdJcpufGSqJdLVaVdG1785579779674024691 warm_start=true response_time_ms=4002.984261 duration_ms=4002.908512 init_time_ms=0.065076 queueing_time_ms=0.000000 offload_latency_ms=0.000000 response_minus_duration_ms=0.075749
2026/08/01 12:23:22 [MAB] event=in_flight_changed ts=1785579802782 policy=UCB1 function=mab_decision_1785579779 arm=x86 action=resolved in_flight=2 total_in_flight=6
2026/08/01 12:23:22 [MAB] event=reward_breakdown ts=1785579802782 policy=UCB1 function=mab_decision_1785579779 arm=x86 base_tag=x86 architecture=x86 specialization=default capabilities=[] duration_ms=4002.908512 latency_reward=-8.294777 cost_weight=0.000000 cost_factor=1.000000 cost_term=0.000000 energy_weight=0.000000 energy_factor=1.000000 energy_term=0.000000 final_reward=-8.294777
2026/08/01 12:23:22 [MAB] event=cold_start_stats ts=1785579802782 policy=UCB1 function=mab_decision_1785579779 arm=x86 total_invocations=3 cold_observed=1 warm_observed=2 cold_accepted=0 cold_skipped=1 invalid_feedback=0 cold_duration_samples=1 warm_duration_samples=2 cold_init_time_samples=1 avg_cold_duration_ms=1007.349428 avg_warm_duration_ms=2503.221523 avg_cold_init_time_ms=478.323473
2026/08/01 12:23:22 [MAB] event=update_reward ts=1785579802782 policy=UCB1 function=mab_decision_1785579779 arm=x86 duration_ms=4002.908512 warm_start=true reward=-8.294777 count=7 avg_reward=-10.743723 total_counts=12
2026/08/01 12:23:22 [MAB] event=decision_resolved ts=1785579802782 request_id=ukRy4ooA3nZ8gVnXiuhwUh function=mab_decision_1785579779 selected_arm=x86 execution_arm=x86 fallback=false fallback_reason= direct_executions=5 fallback_executions=0 cancelled_decisions=9
2026/08/01 12:23:22 [LB-Update] Node PQh6GKyZLnn32parxugSW41785579779673644216 reported 0 MB free
2026/08/01 12:23:22 [MAB] event=execution_timing ts=1785579802785 policy=UCB1 function=mab_decision_1785579779 arm=arm node_name=PQh6GKyZLnn32parxugSW41785579779673644216 execution_node=PQh6GKyZLnn32parxugSW41785579779673644216 warm_start=true response_time_ms=4005.902626 duration_ms=4005.780702 init_time_ms=0.101750 queueing_time_ms=0.000000 offload_latency_ms=0.000000 response_minus_duration_ms=0.121924
2026/08/01 12:23:22 [MAB] event=in_flight_changed ts=1785579802785 policy=UCB1 function=mab_decision_1785579779 arm=arm action=resolved in_flight=3 total_in_flight=5
2026/08/01 12:23:22 [MAB] event=reward_breakdown ts=1785579802785 policy=UCB1 function=mab_decision_1785579779 arm=arm base_tag=arm architecture=arm specialization=default capabilities=[] duration_ms=4005.780702 latency_reward=-8.295494 cost_weight=0.000000 cost_factor=1.000000 cost_term=0.000000 energy_weight=0.000000 energy_factor=1.000000 energy_term=0.000000 final_reward=-8.295494
2026/08/01 12:23:22 [MAB] event=cold_start_stats ts=1785579802785 policy=UCB1 function=mab_decision_1785579779 arm=arm total_invocations=3 cold_observed=1 warm_observed=2 cold_accepted=0 cold_skipped=1 invalid_feedback=0 cold_duration_samples=1 warm_duration_samples=2 cold_init_time_samples=1 avg_cold_duration_ms=1006.712080 avg_warm_duration_ms=2504.627752 avg_cold_init_time_ms=474.801466
2026/08/01 12:23:22 [MAB] event=update_reward ts=1785579802785 policy=UCB1 function=mab_decision_1785579779 arm=arm duration_ms=4005.780702 warm_start=true reward=-8.295494 count=6 avg_reward=-10.534453 total_counts=13
2026/08/01 12:23:22 [MAB] event=decision_resolved ts=1785579802785 request_id=fq7UXuEW7VqXfY8XXczweF function=mab_decision_1785579779 selected_arm=arm execution_arm=arm fallback=false fallback_reason= direct_executions=6 fallback_executions=0 cancelled_decisions=9
2026/08/01 12:23:23 [LB-Update] Node PQh6GKyZLnn32parxugSW41785579779673644216 reported 128 MB free
2026/08/01 12:23:23 [MAB] event=execution_timing ts=1785579803277 policy=UCB1 function=mab_decision_1785579779 arm=arm node_name=PQh6GKyZLnn32parxugSW41785579779673644216 execution_node=PQh6GKyZLnn32parxugSW41785579779673644216 warm_start=false response_time_ms=4497.380444 duration_ms=4007.904574 init_time_ms=489.461465 queueing_time_ms=0.000000 offload_latency_ms=0.000000 response_minus_duration_ms=489.475870
2026/08/01 12:23:23 [MAB] event=in_flight_changed ts=1785579803277 policy=UCB1 function=mab_decision_1785579779 arm=arm action=resolved in_flight=2 total_in_flight=4
2026/08/01 12:23:23 [MAB] event=skip_cold_start ts=1785579803277 policy=UCB1 function=mab_decision_1785579779 arm=arm duration_ms=4007.904574 reason=cold_start
2026/08/01 12:23:23 [MAB] event=cold_start_stats ts=1785579803277 policy=UCB1 function=mab_decision_1785579779 arm=arm total_invocations=4 cold_observed=2 warm_observed=2 cold_accepted=0 cold_skipped=2 invalid_feedback=0 cold_duration_samples=2 warm_duration_samples=2 cold_init_time_samples=2 avg_cold_duration_ms=2507.308327 avg_warm_duration_ms=2504.627752 avg_cold_init_time_ms=482.131465
2026/08/01 12:23:23 [MAB] event=decision_resolved ts=1785579803277 request_id=PESHmft83vFbLsx3dkPVEg function=mab_decision_1785579779 selected_arm=arm execution_arm=arm fallback=false fallback_reason= direct_executions=7 fallback_executions=0 cancelled_decisions=9
2026/08/01 12:23:23 [LB-Update] Node PQh6GKyZLnn32parxugSW41785579779673644216 reported 256 MB free
2026/08/01 12:23:23 [MAB] event=execution_timing ts=1785579803281 policy=UCB1 function=mab_decision_1785579779 arm=arm node_name=PQh6GKyZLnn32parxugSW41785579779673644216 execution_node=PQh6GKyZLnn32parxugSW41785579779673644216 warm_start=false response_time_ms=4501.425290 duration_ms=4007.920314 init_time_ms=493.481689 queueing_time_ms=0.000000 offload_latency_ms=0.000000 response_minus_duration_ms=493.504976
2026/08/01 12:23:23 [MAB] event=in_flight_changed ts=1785579803281 policy=UCB1 function=mab_decision_1785579779 arm=arm action=resolved in_flight=1 total_in_flight=3
2026/08/01 12:23:23 [MAB] event=skip_cold_start ts=1785579803281 policy=UCB1 function=mab_decision_1785579779 arm=arm duration_ms=4007.920314 reason=cold_start
2026/08/01 12:23:23 [MAB] event=cold_start_stats ts=1785579803281 policy=UCB1 function=mab_decision_1785579779 arm=arm total_invocations=5 cold_observed=3 warm_observed=2 cold_accepted=0 cold_skipped=3 invalid_feedback=0 cold_duration_samples=3 warm_duration_samples=2 cold_init_time_samples=3 avg_cold_duration_ms=3007.512323 avg_warm_duration_ms=2504.627752 avg_cold_init_time_ms=485.914873
2026/08/01 12:23:23 [MAB] event=decision_resolved ts=1785579803281 request_id=9UuxokKsrf6xaQvSvdsdr3 function=mab_decision_1785579779 selected_arm=arm execution_arm=arm fallback=false fallback_reason= direct_executions=8 fallback_executions=0 cancelled_decisions=9
2026/08/01 12:23:23 [LB-Update] Node PQh6GKyZLnn32parxugSW41785579779673644216 reported 384 MB free
2026/08/01 12:23:23 [MAB] event=execution_timing ts=1785579803300 policy=UCB1 function=mab_decision_1785579779 arm=arm node_name=PQh6GKyZLnn32parxugSW41785579779673644216 execution_node=PQh6GKyZLnn32parxugSW41785579779673644216 warm_start=false response_time_ms=4519.220060 duration_ms=4008.932365 init_time_ms=510.273510 queueing_time_ms=0.000000 offload_latency_ms=0.000000 response_minus_duration_ms=510.287695
2026/08/01 12:23:23 [MAB] event=in_flight_changed ts=1785579803301 policy=UCB1 function=mab_decision_1785579779 arm=arm action=resolved in_flight=0 total_in_flight=2
2026/08/01 12:23:23 [MAB] event=skip_cold_start ts=1785579803301 policy=UCB1 function=mab_decision_1785579779 arm=arm duration_ms=4008.932365 reason=cold_start
2026/08/01 12:23:23 [MAB] event=cold_start_stats ts=1785579803301 policy=UCB1 function=mab_decision_1785579779 arm=arm total_invocations=6 cold_observed=4 warm_observed=2 cold_accepted=0 cold_skipped=4 invalid_feedback=0 cold_duration_samples=4 warm_duration_samples=2 cold_init_time_samples=4 avg_cold_duration_ms=3257.867333 avg_warm_duration_ms=2504.627752 avg_cold_init_time_ms=492.004532
2026/08/01 12:23:23 [MAB] event=decision_resolved ts=1785579803301 request_id=2kyiS5eipgwagmwiHF6gJ6 function=mab_decision_1785579779 selected_arm=arm execution_arm=arm fallback=false fallback_reason= direct_executions=9 fallback_executions=0 cancelled_decisions=9
2026/08/01 12:23:23 [LB-Update] Node SQaYRdJcpufGSqJdLVaVdG1785579779674024691 reported 256 MB free
2026/08/01 12:23:23 [MAB] event=execution_timing ts=1785579803312 policy=UCB1 function=mab_decision_1785579779 arm=x86 node_name=SQaYRdJcpufGSqJdLVaVdG1785579779674024691 execution_node=SQaYRdJcpufGSqJdLVaVdG1785579779674024691 warm_start=false response_time_ms=4532.142395 duration_ms=4008.992718 init_time_ms=523.136652 queueing_time_ms=0.000000 offload_latency_ms=0.000000 response_minus_duration_ms=523.149677
2026/08/01 12:23:23 [MAB] event=in_flight_changed ts=1785579803312 policy=UCB1 function=mab_decision_1785579779 arm=x86 action=resolved in_flight=1 total_in_flight=1
2026/08/01 12:23:23 [MAB] event=skip_cold_start ts=1785579803312 policy=UCB1 function=mab_decision_1785579779 arm=x86 duration_ms=4008.992718 reason=cold_start
2026/08/01 12:23:23 [MAB] event=cold_start_stats ts=1785579803312 policy=UCB1 function=mab_decision_1785579779 arm=x86 total_invocations=4 cold_observed=2 warm_observed=2 cold_accepted=0 cold_skipped=2 invalid_feedback=0 cold_duration_samples=2 warm_duration_samples=2 cold_init_time_samples=2 avg_cold_duration_ms=2508.171073 avg_warm_duration_ms=2503.221523 avg_cold_init_time_ms=500.730063
2026/08/01 12:23:23 [MAB] event=decision_resolved ts=1785579803312 request_id=KiCMN7iKKk7yyVFV99RcoA function=mab_decision_1785579779 selected_arm=x86 execution_arm=x86 fallback=false fallback_reason= direct_executions=10 fallback_executions=0 cancelled_decisions=9
2026/08/01 12:23:23 [LB-Update] Node SQaYRdJcpufGSqJdLVaVdG1785579779674024691 reported 384 MB free
2026/08/01 12:23:23 [MAB] event=execution_timing ts=1785579803317 policy=UCB1 function=mab_decision_1785579779 arm=x86 node_name=SQaYRdJcpufGSqJdLVaVdG1785579779674024691 execution_node=SQaYRdJcpufGSqJdLVaVdG1785579779674024691 warm_start=false response_time_ms=4536.480585 duration_ms=4007.196927 init_time_ms=529.276491 queueing_time_ms=0.000000 offload_latency_ms=0.000000 response_minus_duration_ms=529.283658
2026/08/01 12:23:23 [MAB] event=in_flight_changed ts=1785579803317 policy=UCB1 function=mab_decision_1785579779 arm=x86 action=resolved in_flight=0 total_in_flight=0
2026/08/01 12:23:23 [MAB] event=skip_cold_start ts=1785579803317 policy=UCB1 function=mab_decision_1785579779 arm=x86 duration_ms=4007.196927 reason=cold_start
2026/08/01 12:23:23 [MAB] event=cold_start_stats ts=1785579803317 policy=UCB1 function=mab_decision_1785579779 arm=x86 total_invocations=5 cold_observed=3 warm_observed=2 cold_accepted=0 cold_skipped=3 invalid_feedback=0 cold_duration_samples=3 warm_duration_samples=2 cold_init_time_samples=3 avg_cold_duration_ms=3007.846358 avg_warm_duration_ms=2503.221523 avg_cold_init_time_ms=510.245539
2026/08/01 12:23:23 [MAB] event=decision_resolved ts=1785579803317 request_id=7vAJvjTKWzDyXR33UrXgMU function=mab_decision_1785579779 selected_arm=x86 execution_arm=x86 fallback=false fallback_reason= direct_executions=11 fallback_executions=0 cancelled_decisions=9
2026/08/01 12:23:25 [LB]: Periodic targets update
2026/08/01 12:23:25 Found target: PQh6GKyZLnn32parxugSW41785579779673644216
2026/08/01 12:23:25 Found target: SQaYRdJcpufGSqJdLVaVdG1785579779674024691
2026/08/01 12:23:25 Found 2 targets
