2026/08/01 12:22:59 Local node id: (ROME)SQaYRdJcpufGSqJdLVaVdG1785579779674024691 - x86 (arch: amd64)
2026/08/01 12:22:59 Registration for node: (ROME)SQaYRdJcpufGSqJdLVaVdG1785579779674024691 - x86
2026/08/01 12:22:59 Connecting to etcd
2026/08/01 12:22:59 Connected to etcd
2026/08/01 12:23:00 etcd connection state: READY
2026/08/01 12:23:00 etcd: connected and ready
2026/08/01 12:23:00 Registering to etcd: registry/ROME/x86/SQaYRdJcpufGSqJdLVaVdG1785579779674024691
2026/08/01 12:23:00 Configured scheduling policy: default
2026/08/01 12:23:00 Configured offloading policy: disable
2026/08/01 12:23:00 Current resources: [CPUs: 0.000000/32.000000 - Mem: 0(+0 warm)/512]
2026/08/01 12:23:00 Scheduler started.
2026/08/01 12:23:00 No remote area is configured; vertical offloading disabled
2026/08/01 12:23:00 UDP server up and listening on port 9877
⇨ http server started on [::]:1324
2026/08/01 12:23:09 New request: creation of mab_decision_1785579779
2026/08/01 12:23:14 Container 172685d58fadca11d30c53fbcbe584c2656cb3637a7f7c646dcbe3cf522c9023 has name /adoring_lehmann
2026/08/01 12:23:14 [mab_decision_1785579779] Executing on container: 172685d58fadca11d30c53fbcbe584c2656cb3637a7f7c646dcbe3cf522c9023
2026/08/01 12:23:16 Using warm 172685d58fadca11d30c53fbcbe584c2656cb3637a7f7c646dcbe3cf522c9023 for mab_decision_1785579779. Now: [CPUs: 0.000000/32.000000 - Mem: 128(+0 warm)/512]
2026/08/01 12:23:16 [mab_decision_1785579779] Executing on container: 172685d58fadca11d30c53fbcbe584c2656cb3637a7f7c646dcbe3cf522c9023
2026/08/01 12:23:18 Using warm 172685d58fadca11d30c53fbcbe584c2656cb3637a7f7c646dcbe3cf522c9023 for mab_decision_1785579779. Now: [CPUs: 0.000000/32.000000 - Mem: 128(+0 warm)/512]
2026/08/01 12:23:18 [mab_decision_1785579779] Executing on container: 172685d58fadca11d30c53fbcbe584c2656cb3637a7f7c646dcbe3cf522c9023
2026/08/01 12:23:18 Container 0e2bd777764076811f454964691abb4c990ac1fdead18bb086afbfdb77769b24 has name /eager_chaum
2026/08/01 12:23:18 Container 52d8d5c6d7acd91849e382047f0d920caceb9d25f611d9b9e8445a682c6631b8 has name /keen_sinoussi
2026/08/01 12:23:18 [mab_decision_1785579779] Executing on container: 0e2bd777764076811f454964691abb4c990ac1fdead18bb086afbfdb77769b24
2026/08/01 12:23:18 [mab_decision_1785579779] Executing on container: 52d8d5c6d7acd91849e382047f0d920caceb9d25f611d9b9e8445a682c6631b8
2026/08/01 12:23:20 Periodic nearby Monitoring
2026/08/01 12:23:20 Requesting status information for 192.168.0.46:9876
