2026/08/01 12:22:59 Local node id: (ROME)PQh6GKyZLnn32parxugSW41785579779673644216 - arm (arch: amd64)
2026/08/01 12:22:59 Registration for node: (ROME)PQh6GKyZLnn32parxugSW41785579779673644216 - arm
2026/08/01 12:22:59 Connecting to etcd
2026/08/01 12:22:59 Connected to etcd
2026/08/01 12:23:00 etcd connection state: READY
2026/08/01 12:23:00 etcd: connected and ready
2026/08/01 12:23:00 Registering to etcd: registry/ROME/arm/PQh6GKyZLnn32parxugSW41785579779673644216
2026/08/01 12:23:00 Configured scheduling policy: default
2026/08/01 12:23:00 Configured offloading policy: disable
2026/08/01 12:23:00 Current resources: [CPUs: 0.000000/32.000000 - Mem: 0(+0 warm)/512]
2026/08/01 12:23:00 Scheduler started.
2026/08/01 12:23:00 No remote area is configured; vertical offloading disabled
2026/08/01 12:23:00 UDP server up and listening on port 9876
⇨ http server started on [::]:1323
2026/08/01 12:23:09 Container 909b844e6f21c1ce5c177c09c07387b127d388de4e831f7860c9d2b0fd8faed1 has name /flamboyant_lewin
2026/08/01 12:23:09 [mab_decision_1785579779] Executing on container: 909b844e6f21c1ce5c177c09c07387b127d388de4e831f7860c9d2b0fd8faed1
2026/08/01 12:23:12 Using warm 909b844e6f21c1ce5c177c09c07387b127d388de4e831f7860c9d2b0fd8faed1 for mab_decision_1785579779. Now: [CPUs: 0.000000/32.000000 - Mem: 128(+0 warm)/512]
2026/08/01 12:23:12 [mab_decision_1785579779] Executing on container: 909b844e6f21c1ce5c177c09c07387b127d388de4e831f7860c9d2b0fd8faed1
2026/08/01 12:23:18 Using warm 909b844e6f21c1ce5c177c09c07387b127d388de4e831f7860c9d2b0fd8faed1 for mab_decision_1785579779. Now: [CPUs: 0.000000/32.000000 - Mem: 128(+0 warm)/512]
2026/08/01 12:23:18 [mab_decision_1785579779] Executing on container: 909b844e6f21c1ce5c177c09c07387b127d388de4e831f7860c9d2b0fd8faed1
2026/08/01 12:23:18 Container 7695f649ac4a24b0630c410cd7080c34fa9769e4d5dcd41c6bcbeb891f636f48 has name /gifted_jemison
2026/08/01 12:23:18 Container 24d0245a8144edbcb8c111b2d2481517546668f062a44ea43218b966bfd934ae has name /magical_jemison
2026/08/01 12:23:18 Container ca018081c55192fbb6ca570341bb76d6f1a2593fb9aedba8ad1051502102f69b has name /keen_nash
2026/08/01 12:23:18 [mab_decision_1785579779] Executing on container: 24d0245a8144edbcb8c111b2d2481517546668f062a44ea43218b966bfd934ae
2026/08/01 12:23:18 [mab_decision_1785579779] Executing on container: ca018081c55192fbb6ca570341bb76d6f1a2593fb9aedba8ad1051502102f69b
2026/08/01 12:23:18 [mab_decision_1785579779] Executing on container: 7695f649ac4a24b0630c410cd7080c34fa9769e4d5dcd41c6bcbeb891f636f48
2026/08/01 12:23:20 Periodic nearby Monitoring
2026/08/01 12:23:20 Requesting status information for 192.168.0.46:9877
