2026/08/01 12:29:57 [MAB] event=decision_created ts=1785580197570 request_id=vJcYKaawACweV5LKbWBeQi function=mab_decision_1785580186 selected_arm=arm
2026/08/01 12:29:57 [MAB] event=decision_planned ts=1785580197570 request_id=vJcYKaawACweV5LKbWBeQi function=mab_decision_1785580186 selected_arm=arm execution_arm=arm fallback=false fallback_reason=
2026/08/01 12:29:59 [MAB] event=decision_resolved ts=1785580199061 request_id=vJcYKaawACweV5LKbWBeQi function=mab_decision_1785580186 selected_arm=arm execution_arm=arm fallback=false fallback_reason= direct_executions=1 fallback_executions=0 cancelled_decisions=0
2026/08/01 12:30:00 [MAB] event=decision_created ts=1785580200078 request_id=r9T2XjKcBW6aPz8gfhyjyK function=mab_decision_1785580186 selected_arm=arm
2026/08/01 12:30:00 [MAB] event=decision_planned ts=1785580200078 request_id=r9T2XjKcBW6aPz8gfhyjyK function=mab_decision_1785580186 selected_arm=arm execution_arm=arm fallback=false fallback_reason=
2026/08/01 12:30:01 [MAB] event=decision_resolved ts=1785580201084 request_id=r9T2XjKcBW6aPz8gfhyjyK function=mab_decision_1785580186 selected_arm=arm execution_arm=arm fallback=false fallback_reason= direct_executions=2 fallback_executions=0 cancelled_decisions=0
2026/08/01 12:30:02 [MAB] event=decision_created ts=1785580202098 request_id=7rUQqa64Hrqkr6Rdz7nr8A function=mab_decision_1785580186 selected_arm=x86
2026/08/01 12:30:02 [MAB] event=decision_planned ts=1785580202098 request_id=7rUQqa64Hrqkr6Rdz7nr8A function=mab_decision_1785580186 selected_arm=x86 execution_arm=x86 fallback=false fallback_reason=
2026/08/01 12:30:03 [MAB] event=decision_resolved ts=1785580203534 request_id=7rUQqa64Hrqkr6Rdz7nr8A function=mab_decision_1785580186 selected_arm=x86 execution_arm=x86 fallback=false fallback_reason= direct_executions=3 fallback_executions=0 cancelled_decisions=0
2026/08/01 12:30:04 [MAB] event=decision_created ts=1785580204551 request_id=UxFgJiFJbuJnKdZk3eyrs9 function=mab_decision_1785580186 selected_arm=x86
2026/08/01 12:30:04 [MAB] event=decision_planned ts=1785580204551 request_id=UxFgJiFJbuJnKdZk3eyrs9 function=mab_decision_1785580186 selected_arm=x86 execution_arm=x86 fallback=false fallback_reason=
2026/08/01 12:30:05 [MAB] event=decision_resolved ts=1785580205555 request_id=UxFgJiFJbuJnKdZk3eyrs9 function=mab_decision_1785580186 selected_arm=x86 execution_arm=x86 fallback=false fallback_reason= direct_executions=4 fallback_executions=0 cancelled_decisions=0
2026/08/01 12:30:06 [MAB] event=decision_created ts=1785580206571 request_id=cGAduDRtJiQ8a5Uf2Nttr8 function=mab_decision_1785580186 selected_arm=arm
2026/08/01 12:30:06 [MAB] event=decision_planned ts=1785580206571 request_id=cGAduDRtJiQ8a5Uf2Nttr8 function=mab_decision_1785580186 selected_arm=arm execution_arm=arm fallback=false fallback_reason=
2026/08/01 12:30:06 [MAB] event=decision_created ts=1785580206571 request_id=7oMTB84C5RKWwuVEr5hGrF function=mab_decision_1785580186 selected_arm=x86
2026/08/01 12:30:06 [MAB] event=decision_planned ts=1785580206571 request_id=7oMTB84C5RKWwuVEr5hGrF function=mab_decision_1785580186 selected_arm=x86 execution_arm=x86 fallback=false fallback_reason=
2026/08/01 12:30:06 [MAB] event=decision_created ts=1785580206572 request_id=egw6Y9NQKfygybgqUJmqeZ function=mab_decision_1785580186 selected_arm=arm
2026/08/01 12:30:06 [MAB] event=decision_planned ts=1785580206572 request_id=egw6Y9NQKfygybgqUJmqeZ function=mab_decision_1785580186 selected_arm=arm execution_arm=arm fallback=false fallback_reason=
2026/08/01 12:30:06 [MAB] event=decision_created ts=1785580206572 request_id=uhExJtLCPD7Gp5fk7ngNgh function=mab_decision_1785580186 selected_arm=x86
2026/08/01 12:30:06 [MAB] event=decision_planned ts=1785580206572 request_id=uhExJtLCPD7Gp5fk7ngNgh function=mab_decision_1785580186 selected_arm=x86 execution_arm=x86 fallback=false fallback_reason=
2026/08/01 12:30:06 [MAB] event=decision_created ts=1785580206572 request_id=EtWifhr25DdkXDxRGPG33X function=mab_decision_1785580186 selected_arm=arm
2026/08/01 12:30:06 [MAB] event=decision_planned ts=1785580206572 request_id=EtWifhr25DdkXDxRGPG33X function=mab_decision_1785580186 selected_arm=arm execution_arm=arm fallback=false fallback_reason=
2026/08/01 12:30:06 [MAB] event=decision_created ts=1785580206572 request_id=X8BkXDVSNfSt4EdysFxrLW function=mab_decision_1785580186 selected_arm=x86
2026/08/01 12:30:06 [MAB] event=decision_planned ts=1785580206572 request_id=X8BkXDVSNfSt4EdysFxrLW function=mab_decision_1785580186 selected_arm=x86 execution_arm=x86 fallback=false fallback_reason=
2026/08/01 12:30:06 [MAB] event=decision_created ts=1785580206573 request_id=xsyNhUQpP7NX4CwsfkTCX7 function=mab_decision_1785580186 selected_arm=arm
2026/08/01 12:30:06 [MAB] event=decision_planned ts=1785580206573 request_id=xsyNhUQpP7NX4CwsfkTCX7 function=mab_decision_1785580186 selected_arm=arm execution_arm=arm fallback=false fallback_reason=
2026/08/01 12:30:06 [MAB] event=decision_created ts=1785580206573 request_id=Q6CgD7E62FzeGdak3FHG7R function=mab_decision_1785580186 selected_arm=x86
2026/08/01 12:30:06 [MAB] event=decision_cancelled ts=1785580206573 request_id=Q6CgD7E62FzeGdak3FHG7R function=mab_decision_1785580186 selected_arm=x86 execution_arm= fallback=false fallback_reason= reason=no_candidate_after_fallback direct_executions=4 fallback_executions=0 cancelled_decisions=1 bandit_manager_available=true
2026/08/01 12:30:06 [MAB] event=decision_created ts=1785580206573 request_id=tGToWAVxcFHDcATotCuTae function=mab_decision_1785580186 selected_arm=x86
2026/08/01 12:30:06 [MAB] event=decision_cancelled ts=1785580206573 request_id=tGToWAVxcFHDcATotCuTae function=mab_decision_1785580186 selected_arm=x86 execution_arm= fallback=false fallback_reason= reason=no_candidate_after_fallback direct_executions=4 fallback_executions=0 cancelled_decisions=2 bandit_manager_available=true
2026/08/01 12:30:06 [MAB] event=decision_created ts=1785580206573 request_id=QAdauXHFZauoGLaBma3ahU function=mab_decision_1785580186 selected_arm=x86
2026/08/01 12:30:06 [MAB] event=decision_cancelled ts=1785580206574 request_id=QAdauXHFZauoGLaBma3ahU function=mab_decision_1785580186 selected_arm=x86 execution_arm= fallback=false fallback_reason= reason=no_candidate_after_fallback direct_executions=4 fallback_executions=0 cancelled_decisions=3 bandit_manager_available=true
2026/08/01 12:30:06 [MAB] event=decision_created ts=1785580206574 request_id=4gCESGpL5rLz6mgrfBu9NY function=mab_decision_1785580186 selected_arm=x86
2026/08/01 12:30:06 [MAB] event=decision_cancelled ts=1785580206574 request_id=4gCESGpL5rLz6mgrfBu9NY function=mab_decision_1785580186 selected_arm=x86 execution_arm= fallback=false fallback_reason= reason=no_candidate_after_fallback direct_executions=4 fallback_executions=0 cancelled_decisions=4 bandit_manager_available=true
2026/08/01 12:30:06 [MAB] event=decision_created ts=1785580206574 request_id=F28WuyK5Ax6xLrJmfy3iQ8 function=mab_decision_1785580186 selected_arm=x86
2026/08/01 12:30:06 [MAB] event=decision_cancelled ts=1785580206574 request_id=F28WuyK5Ax6xLrJmfy3iQ8 function=mab_decision_1785580186 selected_arm=x86 execution_arm= fallback=false fallback_reason= reason=no_candidate_after_fallback direct_executions=4 fallback_executions=0 cancelled_decisions=5 bandit_manager_available=true
2026/08/01 12:30:06 [MAB] event=decision_created ts=1785580206574 request_id=t42j2Epd72p7gE4kaQvPAb function=mab_decision_1785580186 selected_arm=x86
2026/08/01 12:30:06 [MAB] event=decision_cancelled ts=1785580206574 request_id=t42j2Epd72p7gE4kaQvPAb function=mab_decision_1785580186 selected_arm=x86 execution_arm= fallback=false fallback_reason= reason=no_candidate_after_fallback direct_executions=4 fallback_executions=0 cancelled_decisions=6 bandit_manager_available=true
2026/08/01 12:30:06 [MAB] event=decision_created ts=1785580206574 request_id=NwsMpRNoK6oRCXRQhXHRwL function=mab_decision_1785580186 selected_arm=x86
2026/08/01 12:30:06 [MAB] event=decision_cancelled ts=1785580206574 request_id=NwsMpRNoK6oRCXRQhXHRwL function=mab_decision_1785580186 selected_arm=x86 execution_arm= fallback=false fallback_reason= reason=no_candidate_after_fallback direct_executions=4 fallback_executions=0 cancelled_decisions=7 bandit_manager_available=true
2026/08/01 12:30:06 [MAB] event=decision_created ts=1785580206575 request_id=SrszivdYSBjUtfbWtq6BdU function=mab_decision_1785580186 selected_arm=x86
2026/08/01 12:30:06 [MAB] event=decision_cancelled ts=1785580206575 request_id=SrszivdYSBjUtfbWtq6BdU function=mab_decision_1785580186 selected_arm=x86 execution_arm= fallback=false fallback_reason= reason=no_candidate_after_fallback direct_executions=4 fallback_executions=0 cancelled_decisions=8 bandit_manager_available=true
2026/08/01 12:30:06 [MAB] event=decision_created ts=1785580206575 request_id=5QktztVR3MCctfnwgEsCSX function=mab_decision_1785580186 selected_arm=x86
2026/08/01 12:30:06 [MAB] event=decision_cancelled ts=1785580206575 request_id=5QktztVR3MCctfnwgEsCSX function=mab_decision_1785580186 selected_arm=x86 execution_arm= fallback=false fallback_reason= reason=no_candidate_after_fallback direct_executions=4 fallback_executions=0 cancelled_decisions=9 bandit_manager_available=true
2026/08/01 12:30:10 [MAB] event=decision_resolved ts=1785580210575 request_id=cGAduDRtJiQ8a5Uf2Nttr8 function=mab_decision_1785580186 selected_arm=arm execution_arm=arm fallback=false fallback_reason= direct_executions=5 fallback_executions=0 cancelled_decisions=9
2026/08/01 12:30:10 [MAB] event=decision_resolved ts=1785580210575 request_id=7oMTB84C5RKWwuVEr5hGrF function=mab_decision_1785580186 selected_arm=x86 execution_arm=x86 fallback=false fallback_reason= direct_executions=6 fallback_executions=0 cancelled_decisions=9
2026/08/01 12:30:11 [MAB] event=decision_resolved ts=1785580211044 request_id=egw6Y9NQKfygybgqUJmqeZ function=mab_decision_1785580186 selected_arm=arm execution_arm=arm fallback=false fallback_reason= direct_executions=7 fallback_executions=0 cancelled_decisions=9
2026/08/01 12:30:11 [MAB] event=decision_resolved ts=1785580211057 request_id=EtWifhr25DdkXDxRGPG33X function=mab_decision_1785580186 selected_arm=arm execution_arm=arm fallback=false fallback_reason= direct_executions=8 fallback_executions=0 cancelled_decisions=9
2026/08/01 12:30:11 [MAB] event=decision_resolved ts=1785580211064 request_id=X8BkXDVSNfSt4EdysFxrLW function=mab_decision_1785580186 selected_arm=x86 execution_arm=x86 fallback=false fallback_reason= direct_executions=9 fallback_executions=0 cancelled_decisions=9
2026/08/01 12:30:11 [MAB] event=decision_resolved ts=1785580211074 request_id=xsyNhUQpP7NX4CwsfkTCX7 function=mab_decision_1785580186 selected_arm=arm execution_arm=arm fallback=false fallback_reason= direct_executions=10 fallback_executions=0 cancelled_decisions=9
2026/08/01 12:30:11 [MAB] event=decision_resolved ts=1785580211078 request_id=uhExJtLCPD7Gp5fk7ngNgh function=mab_decision_1785580186 selected_arm=x86 execution_arm=x86 fallback=false fallback_reason= direct_executions=11 fallback_executions=0 cancelled_decisions=9
