2026/08/01 12:29:47 Local node id: (ROME)Y8Y8pMQb5ZcpQuJ7VcvivE1785580187559794995 - arm (arch: amd64)
2026/08/01 12:29:47 Registration for node: (ROME)Y8Y8pMQb5ZcpQuJ7VcvivE1785580187559794995 - arm
2026/08/01 12:29:47 Connecting to etcd
2026/08/01 12:29:47 Connected to etcd
2026/08/01 12:29:47 etcd connection state: TRANSIENT_FAILURE
2026/08/01 12:29:47 etcd: transient failure, triggering reconnect
2026/08/01 12:29:48 etcd connection state: READY
2026/08/01 12:29:48 etcd: connected and ready
2026/08/01 12:29:48 Registering to etcd: registry/ROME/arm/Y8Y8pMQb5ZcpQuJ7VcvivE1785580187559794995
2026/08/01 12:29:48 Configured scheduling policy: default
2026/08/01 12:29:48 Configured offloading policy: disable
2026/08/01 12:29:48 Current resources: [CPUs: 0.000000/32.000000 - Mem: 0(+0 warm)/512]
2026/08/01 12:29:48 Scheduler started.
2026/08/01 12:29:48 No remote area is configured; vertical offloading disabled
2026/08/01 12:29:48 UDP server up and listening on port 9876
⇨ http server started on [::]:1323
2026/08/01 12:29:57 Container 6c3a02362dd678e51ca514dded5cf147bc6c01ea5ad146d4c3f567138775347d has name /eager_montalcini
2026/08/01 12:29:57 [mab_decision_1785580186] Executing on container: 6c3a02362dd678e51ca514dded5cf147bc6c01ea5ad146d4c3f567138775347d
2026/08/01 12:30:00 Using warm 6c3a02362dd678e51ca514dded5cf147bc6c01ea5ad146d4c3f567138775347d for mab_decision_1785580186. Now: [CPUs: 0.000000/32.000000 - Mem: 128(+0 warm)/512]
2026/08/01 12:30:00 [mab_decision_1785580186] Executing on container: 6c3a02362dd678e51ca514dded5cf147bc6c01ea5ad146d4c3f567138775347d
2026/08/01 12:30:06 Using warm 6c3a02362dd678e51ca514dded5cf147bc6c01ea5ad146d4c3f567138775347d for mab_decision_1785580186. Now: [CPUs: 0.000000/32.000000 - Mem: 128(+0 warm)/512]
2026/08/01 12:30:06 [mab_decision_1785580186] Executing on container: 6c3a02362dd678e51ca514dded5cf147bc6c01ea5ad146d4c3f567138775347d
2026/08/01 12:30:06 Container d81a2bc2038ea49cd5b19741e2f2987d54864242855f585e9f90b5fa7096ca3f has name /musing_meitner
2026/08/01 12:30:06 Container e1c8b37037f2bab5d5d019f64f16a4ad6282ddf4bbd4c090535fc6dbf255d855 has name /youthful_bhaskara
2026/08/01 12:30:06 Container 9493f6c65571b778d4f11c42b19cb271c398d14fa8be1c8bd2f97bc92a4a80f5 has name /eloquent_swirles
2026/08/01 12:30:06 [mab_decision_1785580186] Executing on container: d81a2bc2038ea49cd5b19741e2f2987d54864242855f585e9f90b5fa7096ca3f
2026/08/01 12:30:06 [mab_decision_1785580186] Executing on container: 9493f6c65571b778d4f11c42b19cb271c398d14fa8be1c8bd2f97bc92a4a80f5
2026/08/01 12:30:06 [mab_decision_1785580186] Executing on container: e1c8b37037f2bab5d5d019f64f16a4ad6282ddf4bbd4c090535fc6dbf255d855
2026/08/01 12:30:08 Periodic nearby Monitoring
2026/08/01 12:30:08 Requesting status information for 192.168.0.46:9877
