2026/07/17 10:05:27 Local node id: (ROME)BEUb3E3sgknWABkdMbxLz71784275527901819432 - x86-large/gpu/amd (arch: amd64)
2026/07/17 10:05:27 Registration for node: (ROME)BEUb3E3sgknWABkdMbxLz71784275527901819432 - x86-large/gpu/amd
2026/07/17 10:05:27 Connecting to etcd
2026/07/17 10:05:27 Connected to etcd
2026/07/17 10:05:28 etcd connection state: READY
2026/07/17 10:05:28 etcd: connected and ready
2026/07/17 10:05:28 Registering to etcd: registry/ROME/x86-large/gpu/amd/BEUb3E3sgknWABkdMbxLz71784275527901819432
2026/07/17 10:05:28 Configured scheduling policy: default
2026/07/17 10:05:28 Configured offloading policy: disable
2026/07/17 10:05:28 Current resources: [CPUs: 0.000000/32.000000 - Mem: 0(+0 warm)/256]
2026/07/17 10:05:28 Scheduler started.
2026/07/17 10:05:28 No remote area is configured; vertical offloading disabled
2026/07/17 10:05:28 UDP server up and listening on port 9878
⇨ http server started on [::]:1325
2026/07/17 10:05:37 Container 8b1da1f6eac5f3e524070746de5712bae28809eaa46b3447708a18329ebf96bd has name /affectionate_cerf
2026/07/17 10:05:38 [mab_cost_aware_1784275527] Executing on container: 8b1da1f6eac5f3e524070746de5712bae28809eaa46b3447708a18329ebf96bd
2026/07/17 10:05:38 Using warm 8b1da1f6eac5f3e524070746de5712bae28809eaa46b3447708a18329ebf96bd for mab_cost_aware_1784275527. Now: [CPUs: 0.000000/32.000000 - Mem: 128(+0 warm)/256]
2026/07/17 10:05:38 [mab_cost_aware_1784275527] Executing on container: 8b1da1f6eac5f3e524070746de5712bae28809eaa46b3447708a18329ebf96bd
2026/07/17 10:05:40 Using warm 8b1da1f6eac5f3e524070746de5712bae28809eaa46b3447708a18329ebf96bd for mab_cost_aware_1784275527. Now: [CPUs: 0.000000/32.000000 - Mem: 128(+0 warm)/256]
2026/07/17 10:05:40 [mab_cost_aware_1784275527] Executing on container: 8b1da1f6eac5f3e524070746de5712bae28809eaa46b3447708a18329ebf96bd
2026/07/17 10:05:40 Using warm 8b1da1f6eac5f3e524070746de5712bae28809eaa46b3447708a18329ebf96bd for mab_cost_aware_1784275527. Now: [CPUs: 0.000000/32.000000 - Mem: 128(+0 warm)/256]
2026/07/17 10:05:40 [mab_cost_aware_1784275527] Executing on container: 8b1da1f6eac5f3e524070746de5712bae28809eaa46b3447708a18329ebf96bd
2026/07/17 10:05:40 Using warm 8b1da1f6eac5f3e524070746de5712bae28809eaa46b3447708a18329ebf96bd for mab_cost_aware_1784275527. Now: [CPUs: 0.000000/32.000000 - Mem: 128(+0 warm)/256]
2026/07/17 10:05:40 [mab_cost_aware_1784275527] Executing on container: 8b1da1f6eac5f3e524070746de5712bae28809eaa46b3447708a18329ebf96bd
2026/07/17 10:05:40 Using warm 8b1da1f6eac5f3e524070746de5712bae28809eaa46b3447708a18329ebf96bd for mab_cost_aware_1784275527. Now: [CPUs: 0.000000/32.000000 - Mem: 128(+0 warm)/256]
2026/07/17 10:05:40 [mab_cost_aware_1784275527] Executing on container: 8b1da1f6eac5f3e524070746de5712bae28809eaa46b3447708a18329ebf96bd
2026/07/17 10:05:43 Using warm 8b1da1f6eac5f3e524070746de5712bae28809eaa46b3447708a18329ebf96bd for mab_cost_aware_1784275527. Now: [CPUs: 0.000000/32.000000 - Mem: 128(+0 warm)/256]
2026/07/17 10:05:43 [mab_cost_aware_1784275527] Executing on container: 8b1da1f6eac5f3e524070746de5712bae28809eaa46b3447708a18329ebf96bd
2026/07/17 10:05:44 Using warm 8b1da1f6eac5f3e524070746de5712bae28809eaa46b3447708a18329ebf96bd for mab_cost_aware_1784275527. Now: [CPUs: 0.000000/32.000000 - Mem: 128(+0 warm)/256]
2026/07/17 10:05:44 [mab_cost_aware_1784275527] Executing on container: 8b1da1f6eac5f3e524070746de5712bae28809eaa46b3447708a18329ebf96bd
2026/07/17 10:05:44 Using warm 8b1da1f6eac5f3e524070746de5712bae28809eaa46b3447708a18329ebf96bd for mab_cost_aware_1784275527. Now: [CPUs: 0.000000/32.000000 - Mem: 128(+0 warm)/256]
2026/07/17 10:05:44 [mab_cost_aware_1784275527] Executing on container: 8b1da1f6eac5f3e524070746de5712bae28809eaa46b3447708a18329ebf96bd
2026/07/17 10:05:46 Using warm 8b1da1f6eac5f3e524070746de5712bae28809eaa46b3447708a18329ebf96bd for mab_cost_aware_1784275527. Now: [CPUs: 0.000000/32.000000 - Mem: 128(+0 warm)/256]
2026/07/17 10:05:46 [mab_cost_aware_1784275527] Executing on container: 8b1da1f6eac5f3e524070746de5712bae28809eaa46b3447708a18329ebf96bd
2026/07/17 10:05:48 Using warm 8b1da1f6eac5f3e524070746de5712bae28809eaa46b3447708a18329ebf96bd for mab_cost_aware_1784275527. Now: [CPUs: 0.000000/32.000000 - Mem: 128(+0 warm)/256]
2026/07/17 10:05:48 [mab_cost_aware_1784275527] Executing on container: 8b1da1f6eac5f3e524070746de5712bae28809eaa46b3447708a18329ebf96bd
2026/07/17 10:05:48 Periodic nearby Monitoring
2026/07/17 10:05:48 Requesting status information for 192.168.0.46:9880
2026/07/17 10:05:48 Requesting status information for 192.168.0.46:9877
2026/07/17 10:05:48 Requesting status information for 192.168.0.46:9879
2026/07/17 10:05:48 Using warm 8b1da1f6eac5f3e524070746de5712bae28809eaa46b3447708a18329ebf96bd for mab_cost_aware_1784275527. Now: [CPUs: 0.000000/32.000000 - Mem: 128(+0 warm)/256]
2026/07/17 10:05:48 [mab_cost_aware_1784275527] Executing on container: 8b1da1f6eac5f3e524070746de5712bae28809eaa46b3447708a18329ebf96bd
2026/07/17 10:05:51 Using warm 8b1da1f6eac5f3e524070746de5712bae28809eaa46b3447708a18329ebf96bd for mab_cost_aware_1784275527. Now: [CPUs: 0.000000/32.000000 - Mem: 128(+0 warm)/256]
2026/07/17 10:05:51 [mab_cost_aware_1784275527] Executing on container: 8b1da1f6eac5f3e524070746de5712bae28809eaa46b3447708a18329ebf96bd
2026/07/17 10:05:52 Using warm 8b1da1f6eac5f3e524070746de5712bae28809eaa46b3447708a18329ebf96bd for mab_cost_aware_1784275527. Now: [CPUs: 0.000000/32.000000 - Mem: 128(+0 warm)/256]
2026/07/17 10:05:52 [mab_cost_aware_1784275527] Executing on container: 8b1da1f6eac5f3e524070746de5712bae28809eaa46b3447708a18329ebf96bd
