2026/07/17 10:05:27 Local node id: (ROME)cHPEoZusTyaSfwJyKsH6MP1784275527903003381 - x86-tiny/gpu/nvidia (arch: amd64)
2026/07/17 10:05:27 Registration for node: (ROME)cHPEoZusTyaSfwJyKsH6MP1784275527903003381 - x86-tiny/gpu/nvidia
2026/07/17 10:05:27 Connecting to etcd
2026/07/17 10:05:27 Connected to etcd
2026/07/17 10:05:28 etcd connection state: READY
2026/07/17 10:05:28 etcd: connected and ready
2026/07/17 10:05:28 Registering to etcd: registry/ROME/x86-tiny/gpu/nvidia/cHPEoZusTyaSfwJyKsH6MP1784275527903003381
2026/07/17 10:05:28 Configured scheduling policy: default
2026/07/17 10:05:28 Configured offloading policy: disable
2026/07/17 10:05:28 Current resources: [CPUs: 0.000000/32.000000 - Mem: 0(+0 warm)/512]
2026/07/17 10:05:28 Scheduler started.
2026/07/17 10:05:28 No remote area is configured; vertical offloading disabled
2026/07/17 10:05:28 UDP server up and listening on port 9879
⇨ http server started on [::]:1326
2026/07/17 10:05:38 Container 94bdd04eccfc9a23a0036bc96d7dfc93631cc305f42dbbf7bc514bbe274702c6 has name /fervent_murdock
2026/07/17 10:05:39 [mab_cost_aware_1784275527] Executing on container: 94bdd04eccfc9a23a0036bc96d7dfc93631cc305f42dbbf7bc514bbe274702c6
2026/07/17 10:05:39 Using warm 94bdd04eccfc9a23a0036bc96d7dfc93631cc305f42dbbf7bc514bbe274702c6 for mab_cost_aware_1784275527. Now: [CPUs: 0.000000/32.000000 - Mem: 128(+0 warm)/512]
2026/07/17 10:05:39 [mab_cost_aware_1784275527] Executing on container: 94bdd04eccfc9a23a0036bc96d7dfc93631cc305f42dbbf7bc514bbe274702c6
2026/07/17 10:05:39 Using warm 94bdd04eccfc9a23a0036bc96d7dfc93631cc305f42dbbf7bc514bbe274702c6 for mab_cost_aware_1784275527. Now: [CPUs: 0.000000/32.000000 - Mem: 128(+0 warm)/512]
2026/07/17 10:05:39 [mab_cost_aware_1784275527] Executing on container: 94bdd04eccfc9a23a0036bc96d7dfc93631cc305f42dbbf7bc514bbe274702c6
2026/07/17 10:05:40 Using warm 94bdd04eccfc9a23a0036bc96d7dfc93631cc305f42dbbf7bc514bbe274702c6 for mab_cost_aware_1784275527. Now: [CPUs: 0.000000/32.000000 - Mem: 128(+0 warm)/512]
2026/07/17 10:05:40 [mab_cost_aware_1784275527] Executing on container: 94bdd04eccfc9a23a0036bc96d7dfc93631cc305f42dbbf7bc514bbe274702c6
2026/07/17 10:05:41 Using warm 94bdd04eccfc9a23a0036bc96d7dfc93631cc305f42dbbf7bc514bbe274702c6 for mab_cost_aware_1784275527. Now: [CPUs: 0.000000/32.000000 - Mem: 128(+0 warm)/512]
2026/07/17 10:05:41 [mab_cost_aware_1784275527] Executing on container: 94bdd04eccfc9a23a0036bc96d7dfc93631cc305f42dbbf7bc514bbe274702c6
2026/07/17 10:05:41 Using warm 94bdd04eccfc9a23a0036bc96d7dfc93631cc305f42dbbf7bc514bbe274702c6 for mab_cost_aware_1784275527. Now: [CPUs: 0.000000/32.000000 - Mem: 128(+0 warm)/512]
2026/07/17 10:05:41 [mab_cost_aware_1784275527] Executing on container: 94bdd04eccfc9a23a0036bc96d7dfc93631cc305f42dbbf7bc514bbe274702c6
2026/07/17 10:05:41 Using warm 94bdd04eccfc9a23a0036bc96d7dfc93631cc305f42dbbf7bc514bbe274702c6 for mab_cost_aware_1784275527. Now: [CPUs: 0.000000/32.000000 - Mem: 128(+0 warm)/512]
2026/07/17 10:05:41 [mab_cost_aware_1784275527] Executing on container: 94bdd04eccfc9a23a0036bc96d7dfc93631cc305f42dbbf7bc514bbe274702c6
2026/07/17 10:05:41 Using warm 94bdd04eccfc9a23a0036bc96d7dfc93631cc305f42dbbf7bc514bbe274702c6 for mab_cost_aware_1784275527. Now: [CPUs: 0.000000/32.000000 - Mem: 128(+0 warm)/512]
2026/07/17 10:05:41 [mab_cost_aware_1784275527] Executing on container: 94bdd04eccfc9a23a0036bc96d7dfc93631cc305f42dbbf7bc514bbe274702c6
2026/07/17 10:05:42 Using warm 94bdd04eccfc9a23a0036bc96d7dfc93631cc305f42dbbf7bc514bbe274702c6 for mab_cost_aware_1784275527. Now: [CPUs: 0.000000/32.000000 - Mem: 128(+0 warm)/512]
2026/07/17 10:05:42 [mab_cost_aware_1784275527] Executing on container: 94bdd04eccfc9a23a0036bc96d7dfc93631cc305f42dbbf7bc514bbe274702c6
2026/07/17 10:05:42 Using warm 94bdd04eccfc9a23a0036bc96d7dfc93631cc305f42dbbf7bc514bbe274702c6 for mab_cost_aware_1784275527. Now: [CPUs: 0.000000/32.000000 - Mem: 128(+0 warm)/512]
2026/07/17 10:05:42 [mab_cost_aware_1784275527] Executing on container: 94bdd04eccfc9a23a0036bc96d7dfc93631cc305f42dbbf7bc514bbe274702c6
2026/07/17 10:05:42 Using warm 94bdd04eccfc9a23a0036bc96d7dfc93631cc305f42dbbf7bc514bbe274702c6 for mab_cost_aware_1784275527. Now: [CPUs: 0.000000/32.000000 - Mem: 128(+0 warm)/512]
2026/07/17 10:05:42 [mab_cost_aware_1784275527] Executing on container: 94bdd04eccfc9a23a0036bc96d7dfc93631cc305f42dbbf7bc514bbe274702c6
2026/07/17 10:05:42 Using warm 94bdd04eccfc9a23a0036bc96d7dfc93631cc305f42dbbf7bc514bbe274702c6 for mab_cost_aware_1784275527. Now: [CPUs: 0.000000/32.000000 - Mem: 128(+0 warm)/512]
2026/07/17 10:05:42 [mab_cost_aware_1784275527] Executing on container: 94bdd04eccfc9a23a0036bc96d7dfc93631cc305f42dbbf7bc514bbe274702c6
2026/07/17 10:05:42 Using warm 94bdd04eccfc9a23a0036bc96d7dfc93631cc305f42dbbf7bc514bbe274702c6 for mab_cost_aware_1784275527. Now: [CPUs: 0.000000/32.000000 - Mem: 128(+0 warm)/512]
2026/07/17 10:05:42 [mab_cost_aware_1784275527] Executing on container: 94bdd04eccfc9a23a0036bc96d7dfc93631cc305f42dbbf7bc514bbe274702c6
2026/07/17 10:05:43 Using warm 94bdd04eccfc9a23a0036bc96d7dfc93631cc305f42dbbf7bc514bbe274702c6 for mab_cost_aware_1784275527. Now: [CPUs: 0.000000/32.000000 - Mem: 128(+0 warm)/512]
2026/07/17 10:05:43 [mab_cost_aware_1784275527] Executing on container: 94bdd04eccfc9a23a0036bc96d7dfc93631cc305f42dbbf7bc514bbe274702c6
2026/07/17 10:05:43 Using warm 94bdd04eccfc9a23a0036bc96d7dfc93631cc305f42dbbf7bc514bbe274702c6 for mab_cost_aware_1784275527. Now: [CPUs: 0.000000/32.000000 - Mem: 128(+0 warm)/512]
2026/07/17 10:05:43 [mab_cost_aware_1784275527] Executing on container: 94bdd04eccfc9a23a0036bc96d7dfc93631cc305f42dbbf7bc514bbe274702c6
2026/07/17 10:05:43 Using warm 94bdd04eccfc9a23a0036bc96d7dfc93631cc305f42dbbf7bc514bbe274702c6 for mab_cost_aware_1784275527. Now: [CPUs: 0.000000/32.000000 - Mem: 128(+0 warm)/512]
2026/07/17 10:05:43 [mab_cost_aware_1784275527] Executing on container: 94bdd04eccfc9a23a0036bc96d7dfc93631cc305f42dbbf7bc514bbe274702c6
2026/07/17 10:05:44 Using warm 94bdd04eccfc9a23a0036bc96d7dfc93631cc305f42dbbf7bc514bbe274702c6 for mab_cost_aware_1784275527. Now: [CPUs: 0.000000/32.000000 - Mem: 128(+0 warm)/512]
2026/07/17 10:05:44 [mab_cost_aware_1784275527] Executing on container: 94bdd04eccfc9a23a0036bc96d7dfc93631cc305f42dbbf7bc514bbe274702c6
2026/07/17 10:05:44 Using warm 94bdd04eccfc9a23a0036bc96d7dfc93631cc305f42dbbf7bc514bbe274702c6 for mab_cost_aware_1784275527. Now: [CPUs: 0.000000/32.000000 - Mem: 128(+0 warm)/512]
2026/07/17 10:05:44 [mab_cost_aware_1784275527] Executing on container: 94bdd04eccfc9a23a0036bc96d7dfc93631cc305f42dbbf7bc514bbe274702c6
2026/07/17 10:05:44 Using warm 94bdd04eccfc9a23a0036bc96d7dfc93631cc305f42dbbf7bc514bbe274702c6 for mab_cost_aware_1784275527. Now: [CPUs: 0.000000/32.000000 - Mem: 128(+0 warm)/512]
2026/07/17 10:05:44 [mab_cost_aware_1784275527] Executing on container: 94bdd04eccfc9a23a0036bc96d7dfc93631cc305f42dbbf7bc514bbe274702c6
2026/07/17 10:05:45 Using warm 94bdd04eccfc9a23a0036bc96d7dfc93631cc305f42dbbf7bc514bbe274702c6 for mab_cost_aware_1784275527. Now: [CPUs: 0.000000/32.000000 - Mem: 128(+0 warm)/512]
2026/07/17 10:05:45 [mab_cost_aware_1784275527] Executing on container: 94bdd04eccfc9a23a0036bc96d7dfc93631cc305f42dbbf7bc514bbe274702c6
2026/07/17 10:05:45 Using warm 94bdd04eccfc9a23a0036bc96d7dfc93631cc305f42dbbf7bc514bbe274702c6 for mab_cost_aware_1784275527. Now: [CPUs: 0.000000/32.000000 - Mem: 128(+0 warm)/512]
2026/07/17 10:05:45 [mab_cost_aware_1784275527] Executing on container: 94bdd04eccfc9a23a0036bc96d7dfc93631cc305f42dbbf7bc514bbe274702c6
2026/07/17 10:05:45 Using warm 94bdd04eccfc9a23a0036bc96d7dfc93631cc305f42dbbf7bc514bbe274702c6 for mab_cost_aware_1784275527. Now: [CPUs: 0.000000/32.000000 - Mem: 128(+0 warm)/512]
2026/07/17 10:05:45 [mab_cost_aware_1784275527] Executing on container: 94bdd04eccfc9a23a0036bc96d7dfc93631cc305f42dbbf7bc514bbe274702c6
2026/07/17 10:05:45 Using warm 94bdd04eccfc9a23a0036bc96d7dfc93631cc305f42dbbf7bc514bbe274702c6 for mab_cost_aware_1784275527. Now: [CPUs: 0.000000/32.000000 - Mem: 128(+0 warm)/512]
2026/07/17 10:05:45 [mab_cost_aware_1784275527] Executing on container: 94bdd04eccfc9a23a0036bc96d7dfc93631cc305f42dbbf7bc514bbe274702c6
2026/07/17 10:05:46 Using warm 94bdd04eccfc9a23a0036bc96d7dfc93631cc305f42dbbf7bc514bbe274702c6 for mab_cost_aware_1784275527. Now: [CPUs: 0.000000/32.000000 - Mem: 128(+0 warm)/512]
2026/07/17 10:05:46 [mab_cost_aware_1784275527] Executing on container: 94bdd04eccfc9a23a0036bc96d7dfc93631cc305f42dbbf7bc514bbe274702c6
2026/07/17 10:05:46 Using warm 94bdd04eccfc9a23a0036bc96d7dfc93631cc305f42dbbf7bc514bbe274702c6 for mab_cost_aware_1784275527. Now: [CPUs: 0.000000/32.000000 - Mem: 128(+0 warm)/512]
2026/07/17 10:05:46 [mab_cost_aware_1784275527] Executing on container: 94bdd04eccfc9a23a0036bc96d7dfc93631cc305f42dbbf7bc514bbe274702c6
2026/07/17 10:05:46 Using warm 94bdd04eccfc9a23a0036bc96d7dfc93631cc305f42dbbf7bc514bbe274702c6 for mab_cost_aware_1784275527. Now: [CPUs: 0.000000/32.000000 - Mem: 128(+0 warm)/512]
2026/07/17 10:05:46 [mab_cost_aware_1784275527] Executing on container: 94bdd04eccfc9a23a0036bc96d7dfc93631cc305f42dbbf7bc514bbe274702c6
2026/07/17 10:05:46 Using warm 94bdd04eccfc9a23a0036bc96d7dfc93631cc305f42dbbf7bc514bbe274702c6 for mab_cost_aware_1784275527. Now: [CPUs: 0.000000/32.000000 - Mem: 128(+0 warm)/512]
2026/07/17 10:05:46 [mab_cost_aware_1784275527] Executing on container: 94bdd04eccfc9a23a0036bc96d7dfc93631cc305f42dbbf7bc514bbe274702c6
2026/07/17 10:05:47 Using warm 94bdd04eccfc9a23a0036bc96d7dfc93631cc305f42dbbf7bc514bbe274702c6 for mab_cost_aware_1784275527. Now: [CPUs: 0.000000/32.000000 - Mem: 128(+0 warm)/512]
2026/07/17 10:05:47 [mab_cost_aware_1784275527] Executing on container: 94bdd04eccfc9a23a0036bc96d7dfc93631cc305f42dbbf7bc514bbe274702c6
2026/07/17 10:05:47 Using warm 94bdd04eccfc9a23a0036bc96d7dfc93631cc305f42dbbf7bc514bbe274702c6 for mab_cost_aware_1784275527. Now: [CPUs: 0.000000/32.000000 - Mem: 128(+0 warm)/512]
2026/07/17 10:05:47 [mab_cost_aware_1784275527] Executing on container: 94bdd04eccfc9a23a0036bc96d7dfc93631cc305f42dbbf7bc514bbe274702c6
2026/07/17 10:05:47 Using warm 94bdd04eccfc9a23a0036bc96d7dfc93631cc305f42dbbf7bc514bbe274702c6 for mab_cost_aware_1784275527. Now: [CPUs: 0.000000/32.000000 - Mem: 128(+0 warm)/512]
2026/07/17 10:05:47 [mab_cost_aware_1784275527] Executing on container: 94bdd04eccfc9a23a0036bc96d7dfc93631cc305f42dbbf7bc514bbe274702c6
2026/07/17 10:05:47 Using warm 94bdd04eccfc9a23a0036bc96d7dfc93631cc305f42dbbf7bc514bbe274702c6 for mab_cost_aware_1784275527. Now: [CPUs: 0.000000/32.000000 - Mem: 128(+0 warm)/512]
2026/07/17 10:05:47 [mab_cost_aware_1784275527] Executing on container: 94bdd04eccfc9a23a0036bc96d7dfc93631cc305f42dbbf7bc514bbe274702c6
2026/07/17 10:05:48 Using warm 94bdd04eccfc9a23a0036bc96d7dfc93631cc305f42dbbf7bc514bbe274702c6 for mab_cost_aware_1784275527. Now: [CPUs: 0.000000/32.000000 - Mem: 128(+0 warm)/512]
2026/07/17 10:05:48 [mab_cost_aware_1784275527] Executing on container: 94bdd04eccfc9a23a0036bc96d7dfc93631cc305f42dbbf7bc514bbe274702c6
2026/07/17 10:05:48 Periodic nearby Monitoring
2026/07/17 10:05:48 Requesting status information for 192.168.0.46:9880
2026/07/17 10:05:48 Requesting status information for 192.168.0.46:9878
2026/07/17 10:05:48 Requesting status information for 192.168.0.46:9877
2026/07/17 10:05:48 Using warm 94bdd04eccfc9a23a0036bc96d7dfc93631cc305f42dbbf7bc514bbe274702c6 for mab_cost_aware_1784275527. Now: [CPUs: 0.000000/32.000000 - Mem: 128(+0 warm)/512]
2026/07/17 10:05:48 [mab_cost_aware_1784275527] Executing on container: 94bdd04eccfc9a23a0036bc96d7dfc93631cc305f42dbbf7bc514bbe274702c6
2026/07/17 10:05:48 Using warm 94bdd04eccfc9a23a0036bc96d7dfc93631cc305f42dbbf7bc514bbe274702c6 for mab_cost_aware_1784275527. Now: [CPUs: 0.000000/32.000000 - Mem: 128(+0 warm)/512]
2026/07/17 10:05:48 [mab_cost_aware_1784275527] Executing on container: 94bdd04eccfc9a23a0036bc96d7dfc93631cc305f42dbbf7bc514bbe274702c6
2026/07/17 10:05:49 Using warm 94bdd04eccfc9a23a0036bc96d7dfc93631cc305f42dbbf7bc514bbe274702c6 for mab_cost_aware_1784275527. Now: [CPUs: 0.000000/32.000000 - Mem: 128(+0 warm)/512]
2026/07/17 10:05:49 [mab_cost_aware_1784275527] Executing on container: 94bdd04eccfc9a23a0036bc96d7dfc93631cc305f42dbbf7bc514bbe274702c6
2026/07/17 10:05:49 Using warm 94bdd04eccfc9a23a0036bc96d7dfc93631cc305f42dbbf7bc514bbe274702c6 for mab_cost_aware_1784275527. Now: [CPUs: 0.000000/32.000000 - Mem: 128(+0 warm)/512]
2026/07/17 10:05:49 [mab_cost_aware_1784275527] Executing on container: 94bdd04eccfc9a23a0036bc96d7dfc93631cc305f42dbbf7bc514bbe274702c6
2026/07/17 10:05:49 Using warm 94bdd04eccfc9a23a0036bc96d7dfc93631cc305f42dbbf7bc514bbe274702c6 for mab_cost_aware_1784275527. Now: [CPUs: 0.000000/32.000000 - Mem: 128(+0 warm)/512]
2026/07/17 10:05:49 [mab_cost_aware_1784275527] Executing on container: 94bdd04eccfc9a23a0036bc96d7dfc93631cc305f42dbbf7bc514bbe274702c6
2026/07/17 10:05:49 Using warm 94bdd04eccfc9a23a0036bc96d7dfc93631cc305f42dbbf7bc514bbe274702c6 for mab_cost_aware_1784275527. Now: [CPUs: 0.000000/32.000000 - Mem: 128(+0 warm)/512]
2026/07/17 10:05:49 [mab_cost_aware_1784275527] Executing on container: 94bdd04eccfc9a23a0036bc96d7dfc93631cc305f42dbbf7bc514bbe274702c6
2026/07/17 10:05:50 Using warm 94bdd04eccfc9a23a0036bc96d7dfc93631cc305f42dbbf7bc514bbe274702c6 for mab_cost_aware_1784275527. Now: [CPUs: 0.000000/32.000000 - Mem: 128(+0 warm)/512]
2026/07/17 10:05:50 [mab_cost_aware_1784275527] Executing on container: 94bdd04eccfc9a23a0036bc96d7dfc93631cc305f42dbbf7bc514bbe274702c6
2026/07/17 10:05:50 Using warm 94bdd04eccfc9a23a0036bc96d7dfc93631cc305f42dbbf7bc514bbe274702c6 for mab_cost_aware_1784275527. Now: [CPUs: 0.000000/32.000000 - Mem: 128(+0 warm)/512]
2026/07/17 10:05:50 [mab_cost_aware_1784275527] Executing on container: 94bdd04eccfc9a23a0036bc96d7dfc93631cc305f42dbbf7bc514bbe274702c6
2026/07/17 10:05:50 Using warm 94bdd04eccfc9a23a0036bc96d7dfc93631cc305f42dbbf7bc514bbe274702c6 for mab_cost_aware_1784275527. Now: [CPUs: 0.000000/32.000000 - Mem: 128(+0 warm)/512]
2026/07/17 10:05:50 [mab_cost_aware_1784275527] Executing on container: 94bdd04eccfc9a23a0036bc96d7dfc93631cc305f42dbbf7bc514bbe274702c6
2026/07/17 10:05:50 Using warm 94bdd04eccfc9a23a0036bc96d7dfc93631cc305f42dbbf7bc514bbe274702c6 for mab_cost_aware_1784275527. Now: [CPUs: 0.000000/32.000000 - Mem: 128(+0 warm)/512]
2026/07/17 10:05:50 [mab_cost_aware_1784275527] Executing on container: 94bdd04eccfc9a23a0036bc96d7dfc93631cc305f42dbbf7bc514bbe274702c6
2026/07/17 10:05:50 Using warm 94bdd04eccfc9a23a0036bc96d7dfc93631cc305f42dbbf7bc514bbe274702c6 for mab_cost_aware_1784275527. Now: [CPUs: 0.000000/32.000000 - Mem: 128(+0 warm)/512]
2026/07/17 10:05:50 [mab_cost_aware_1784275527] Executing on container: 94bdd04eccfc9a23a0036bc96d7dfc93631cc305f42dbbf7bc514bbe274702c6
2026/07/17 10:05:51 Using warm 94bdd04eccfc9a23a0036bc96d7dfc93631cc305f42dbbf7bc514bbe274702c6 for mab_cost_aware_1784275527. Now: [CPUs: 0.000000/32.000000 - Mem: 128(+0 warm)/512]
2026/07/17 10:05:51 [mab_cost_aware_1784275527] Executing on container: 94bdd04eccfc9a23a0036bc96d7dfc93631cc305f42dbbf7bc514bbe274702c6
2026/07/17 10:05:51 Using warm 94bdd04eccfc9a23a0036bc96d7dfc93631cc305f42dbbf7bc514bbe274702c6 for mab_cost_aware_1784275527. Now: [CPUs: 0.000000/32.000000 - Mem: 128(+0 warm)/512]
2026/07/17 10:05:51 [mab_cost_aware_1784275527] Executing on container: 94bdd04eccfc9a23a0036bc96d7dfc93631cc305f42dbbf7bc514bbe274702c6
2026/07/17 10:05:51 Using warm 94bdd04eccfc9a23a0036bc96d7dfc93631cc305f42dbbf7bc514bbe274702c6 for mab_cost_aware_1784275527. Now: [CPUs: 0.000000/32.000000 - Mem: 128(+0 warm)/512]
2026/07/17 10:05:51 [mab_cost_aware_1784275527] Executing on container: 94bdd04eccfc9a23a0036bc96d7dfc93631cc305f42dbbf7bc514bbe274702c6
