2026/07/16 16:16:36 Local node id: (ROME)28REhPpz5C4TrZjgRAvria1784211396441369197 - x86-tiny/gpu/nvidia (arch: amd64)
2026/07/16 16:16:36 Registration for node: (ROME)28REhPpz5C4TrZjgRAvria1784211396441369197 - x86-tiny/gpu/nvidia
2026/07/16 16:16:36 Connecting to etcd
2026/07/16 16:16:36 Connected to etcd
2026/07/16 16:16:37 etcd connection state: READY
2026/07/16 16:16:37 etcd: connected and ready
2026/07/16 16:16:37 Registering to etcd: registry/ROME/x86-tiny/gpu/nvidia/28REhPpz5C4TrZjgRAvria1784211396441369197
2026/07/16 16:16:37 Configured scheduling policy: default
2026/07/16 16:16:37 Configured offloading policy: disable
2026/07/16 16:16:37 Current resources: [CPUs: 0.000000/32.000000 - Mem: 0(+0 warm)/512]
2026/07/16 16:16:37 Scheduler started.
2026/07/16 16:16:37 No remote area is configured; vertical offloading disabled
2026/07/16 16:16:37 UDP server up and listening on port 9879
⇨ http server started on [::]:1326
2026/07/16 16:16:49 Container 827dd847ddfab0c0df86d612013feff5292d1cd6c861778f984ea036d5cb7ded has name /gallant_pasteur
2026/07/16 16:16:49 [mab_cost_aware_1784211395] Executing on container: 827dd847ddfab0c0df86d612013feff5292d1cd6c861778f984ea036d5cb7ded
2026/07/16 16:16:49 Using warm 827dd847ddfab0c0df86d612013feff5292d1cd6c861778f984ea036d5cb7ded for mab_cost_aware_1784211395. Now: [CPUs: 0.000000/32.000000 - Mem: 128(+0 warm)/512]
2026/07/16 16:16:49 [mab_cost_aware_1784211395] Executing on container: 827dd847ddfab0c0df86d612013feff5292d1cd6c861778f984ea036d5cb7ded
2026/07/16 16:16:51 Using warm 827dd847ddfab0c0df86d612013feff5292d1cd6c861778f984ea036d5cb7ded for mab_cost_aware_1784211395. Now: [CPUs: 0.000000/32.000000 - Mem: 128(+0 warm)/512]
2026/07/16 16:16:51 [mab_cost_aware_1784211395] Executing on container: 827dd847ddfab0c0df86d612013feff5292d1cd6c861778f984ea036d5cb7ded
2026/07/16 16:16:52 Using warm 827dd847ddfab0c0df86d612013feff5292d1cd6c861778f984ea036d5cb7ded for mab_cost_aware_1784211395. Now: [CPUs: 0.000000/32.000000 - Mem: 128(+0 warm)/512]
2026/07/16 16:16:52 [mab_cost_aware_1784211395] Executing on container: 827dd847ddfab0c0df86d612013feff5292d1cd6c861778f984ea036d5cb7ded
2026/07/16 16:16:52 Using warm 827dd847ddfab0c0df86d612013feff5292d1cd6c861778f984ea036d5cb7ded for mab_cost_aware_1784211395. Now: [CPUs: 0.000000/32.000000 - Mem: 128(+0 warm)/512]
2026/07/16 16:16:52 [mab_cost_aware_1784211395] Executing on container: 827dd847ddfab0c0df86d612013feff5292d1cd6c861778f984ea036d5cb7ded
2026/07/16 16:16:52 Using warm 827dd847ddfab0c0df86d612013feff5292d1cd6c861778f984ea036d5cb7ded for mab_cost_aware_1784211395. Now: [CPUs: 0.000000/32.000000 - Mem: 128(+0 warm)/512]
2026/07/16 16:16:52 [mab_cost_aware_1784211395] Executing on container: 827dd847ddfab0c0df86d612013feff5292d1cd6c861778f984ea036d5cb7ded
2026/07/16 16:16:53 Using warm 827dd847ddfab0c0df86d612013feff5292d1cd6c861778f984ea036d5cb7ded for mab_cost_aware_1784211395. Now: [CPUs: 0.000000/32.000000 - Mem: 128(+0 warm)/512]
2026/07/16 16:16:53 [mab_cost_aware_1784211395] Executing on container: 827dd847ddfab0c0df86d612013feff5292d1cd6c861778f984ea036d5cb7ded
2026/07/16 16:16:54 Using warm 827dd847ddfab0c0df86d612013feff5292d1cd6c861778f984ea036d5cb7ded for mab_cost_aware_1784211395. Now: [CPUs: 0.000000/32.000000 - Mem: 128(+0 warm)/512]
2026/07/16 16:16:54 [mab_cost_aware_1784211395] Executing on container: 827dd847ddfab0c0df86d612013feff5292d1cd6c861778f984ea036d5cb7ded
2026/07/16 16:16:54 Using warm 827dd847ddfab0c0df86d612013feff5292d1cd6c861778f984ea036d5cb7ded for mab_cost_aware_1784211395. Now: [CPUs: 0.000000/32.000000 - Mem: 128(+0 warm)/512]
2026/07/16 16:16:54 [mab_cost_aware_1784211395] Executing on container: 827dd847ddfab0c0df86d612013feff5292d1cd6c861778f984ea036d5cb7ded
2026/07/16 16:16:55 Using warm 827dd847ddfab0c0df86d612013feff5292d1cd6c861778f984ea036d5cb7ded for mab_cost_aware_1784211395. Now: [CPUs: 0.000000/32.000000 - Mem: 128(+0 warm)/512]
2026/07/16 16:16:55 [mab_cost_aware_1784211395] Executing on container: 827dd847ddfab0c0df86d612013feff5292d1cd6c861778f984ea036d5cb7ded
2026/07/16 16:16:55 Using warm 827dd847ddfab0c0df86d612013feff5292d1cd6c861778f984ea036d5cb7ded for mab_cost_aware_1784211395. Now: [CPUs: 0.000000/32.000000 - Mem: 128(+0 warm)/512]
2026/07/16 16:16:55 [mab_cost_aware_1784211395] Executing on container: 827dd847ddfab0c0df86d612013feff5292d1cd6c861778f984ea036d5cb7ded
2026/07/16 16:16:55 Using warm 827dd847ddfab0c0df86d612013feff5292d1cd6c861778f984ea036d5cb7ded for mab_cost_aware_1784211395. Now: [CPUs: 0.000000/32.000000 - Mem: 128(+0 warm)/512]
2026/07/16 16:16:55 [mab_cost_aware_1784211395] Executing on container: 827dd847ddfab0c0df86d612013feff5292d1cd6c861778f984ea036d5cb7ded
2026/07/16 16:16:56 Using warm 827dd847ddfab0c0df86d612013feff5292d1cd6c861778f984ea036d5cb7ded for mab_cost_aware_1784211395. Now: [CPUs: 0.000000/32.000000 - Mem: 128(+0 warm)/512]
2026/07/16 16:16:56 [mab_cost_aware_1784211395] Executing on container: 827dd847ddfab0c0df86d612013feff5292d1cd6c861778f984ea036d5cb7ded
2026/07/16 16:16:57 Using warm 827dd847ddfab0c0df86d612013feff5292d1cd6c861778f984ea036d5cb7ded for mab_cost_aware_1784211395. Now: [CPUs: 0.000000/32.000000 - Mem: 128(+0 warm)/512]
2026/07/16 16:16:57 [mab_cost_aware_1784211395] Executing on container: 827dd847ddfab0c0df86d612013feff5292d1cd6c861778f984ea036d5cb7ded
2026/07/16 16:16:57 Periodic nearby Monitoring
2026/07/16 16:16:57 Requesting status information for 192.168.0.46:9880
2026/07/16 16:16:57 Requesting status information for 192.168.0.46:9878
2026/07/16 16:16:57 Requesting status information for 192.168.0.46:9877
