2026/08/01 12:21:27 [MAB] event=decision_created ts=1785579687299 request_id=VauTNgNeLoemASNhydm2ME function=mab_decision_1785579676 selected_arm=arm
2026/08/01 12:21:27 [MAB] event=decision_planned ts=1785579687299 request_id=VauTNgNeLoemASNhydm2ME function=mab_decision_1785579676 selected_arm=arm execution_arm=arm fallback=false fallback_reason=
2026/08/01 12:21:28 [MAB] event=decision_resolved ts=1785579688823 request_id=VauTNgNeLoemASNhydm2ME function=mab_decision_1785579676 selected_arm=arm execution_arm=arm fallback=false fallback_reason= direct_executions=1 fallback_executions=0 cancelled_decisions=0
2026/08/01 12:21:29 [MAB] event=decision_created ts=1785579689837 request_id=9yNegX9VsPLdVTt95isS4h function=mab_decision_1785579676 selected_arm=arm
2026/08/01 12:21:29 [MAB] event=decision_planned ts=1785579689837 request_id=9yNegX9VsPLdVTt95isS4h function=mab_decision_1785579676 selected_arm=arm execution_arm=arm fallback=false fallback_reason=
2026/08/01 12:21:30 [MAB] event=decision_resolved ts=1785579690842 request_id=9yNegX9VsPLdVTt95isS4h function=mab_decision_1785579676 selected_arm=arm execution_arm=arm fallback=false fallback_reason= direct_executions=2 fallback_executions=0 cancelled_decisions=0
2026/08/01 12:21:31 [MAB] event=decision_created ts=1785579691863 request_id=8TT4NaqaYJpWJCucLQQqF function=mab_decision_1785579676 selected_arm=x86
2026/08/01 12:21:31 [MAB] event=decision_planned ts=1785579691863 request_id=8TT4NaqaYJpWJCucLQQqF function=mab_decision_1785579676 selected_arm=x86 execution_arm=x86 fallback=false fallback_reason=
2026/08/01 12:21:33 [MAB] event=decision_resolved ts=1785579693372 request_id=8TT4NaqaYJpWJCucLQQqF function=mab_decision_1785579676 selected_arm=x86 execution_arm=x86 fallback=false fallback_reason= direct_executions=3 fallback_executions=0 cancelled_decisions=0
2026/08/01 12:21:34 [MAB] event=decision_created ts=1785579694387 request_id=cKVSzjX6QcAtr9zuBzK99P function=mab_decision_1785579676 selected_arm=x86
2026/08/01 12:21:34 [MAB] event=decision_planned ts=1785579694387 request_id=cKVSzjX6QcAtr9zuBzK99P function=mab_decision_1785579676 selected_arm=x86 execution_arm=x86 fallback=false fallback_reason=
2026/08/01 12:21:35 [MAB] event=decision_resolved ts=1785579695391 request_id=cKVSzjX6QcAtr9zuBzK99P function=mab_decision_1785579676 selected_arm=x86 execution_arm=x86 fallback=false fallback_reason= direct_executions=4 fallback_executions=0 cancelled_decisions=0
2026/08/01 12:21:36 [MAB] event=decision_created ts=1785579696419 request_id=kwBrwBuSHp8QiaxLt6rNnm function=mab_decision_1785579676 selected_arm=x86
2026/08/01 12:21:36 [MAB] event=decision_planned ts=1785579696419 request_id=kwBrwBuSHp8QiaxLt6rNnm function=mab_decision_1785579676 selected_arm=x86 execution_arm=x86 fallback=false fallback_reason=
2026/08/01 12:21:36 [MAB] event=decision_created ts=1785579696419 request_id=5cNhtrfXW44Js947sgFMef function=mab_decision_1785579676 selected_arm=arm
2026/08/01 12:21:36 [MAB] event=decision_planned ts=1785579696419 request_id=5cNhtrfXW44Js947sgFMef function=mab_decision_1785579676 selected_arm=arm execution_arm=arm fallback=false fallback_reason=
2026/08/01 12:21:36 [MAB] event=decision_created ts=1785579696420 request_id=dqLmct6nyTDh4NgubF2h6Q function=mab_decision_1785579676 selected_arm=x86
2026/08/01 12:21:36 [MAB] event=decision_planned ts=1785579696420 request_id=dqLmct6nyTDh4NgubF2h6Q function=mab_decision_1785579676 selected_arm=x86 execution_arm=x86 fallback=false fallback_reason=
2026/08/01 12:21:36 [MAB] event=decision_created ts=1785579696421 request_id=WRhDnre5QEWLtTyApizWV6 function=mab_decision_1785579676 selected_arm=arm
2026/08/01 12:21:36 [MAB] event=decision_planned ts=1785579696421 request_id=WRhDnre5QEWLtTyApizWV6 function=mab_decision_1785579676 selected_arm=arm execution_arm=arm fallback=false fallback_reason=
2026/08/01 12:21:36 [MAB] event=decision_created ts=1785579696422 request_id=amVyFZThwDp7a4oRtaRjfS function=mab_decision_1785579676 selected_arm=x86
2026/08/01 12:21:36 [MAB] event=decision_planned ts=1785579696422 request_id=amVyFZThwDp7a4oRtaRjfS function=mab_decision_1785579676 selected_arm=x86 execution_arm=x86 fallback=false fallback_reason=
2026/08/01 12:21:36 [MAB] event=decision_created ts=1785579696422 request_id=pxPhzWjc3Snkc7f4UvfgHW function=mab_decision_1785579676 selected_arm=arm
2026/08/01 12:21:36 [MAB] event=decision_planned ts=1785579696422 request_id=pxPhzWjc3Snkc7f4UvfgHW function=mab_decision_1785579676 selected_arm=arm execution_arm=arm fallback=false fallback_reason=
2026/08/01 12:21:36 [MAB] event=decision_created ts=1785579696422 request_id=SoJ4t9UrqMqnQqwcJtZUSB function=mab_decision_1785579676 selected_arm=x86
2026/08/01 12:21:36 [MAB] event=decision_planned ts=1785579696422 request_id=SoJ4t9UrqMqnQqwcJtZUSB function=mab_decision_1785579676 selected_arm=x86 execution_arm=arm fallback=true fallback_reason=selected_arm_no_candidate
2026/08/01 12:21:36 [MAB] event=decision_created ts=1785579696423 request_id=CGtsSUFpda9xKkPaPMepK7 function=mab_decision_1785579676 selected_arm=arm
2026/08/01 12:21:36 [MAB] event=decision_cancelled ts=1785579696423 request_id=CGtsSUFpda9xKkPaPMepK7 function=mab_decision_1785579676 selected_arm=arm execution_arm= fallback=false fallback_reason= reason=no_candidate_after_fallback direct_executions=4 fallback_executions=0 cancelled_decisions=1 bandit_manager_available=true
2026/08/01 12:21:36 [MAB] event=decision_created ts=1785579696423 request_id=kyuNnBYATYzxhvwdikyqtA function=mab_decision_1785579676 selected_arm=x86
2026/08/01 12:21:36 [MAB] event=decision_cancelled ts=1785579696423 request_id=kyuNnBYATYzxhvwdikyqtA function=mab_decision_1785579676 selected_arm=x86 execution_arm= fallback=false fallback_reason= reason=no_candidate_after_fallback direct_executions=4 fallback_executions=0 cancelled_decisions=2 bandit_manager_available=true
2026/08/01 12:21:36 [MAB] event=decision_created ts=1785579696423 request_id=LVmd2FbAkTy3LbDQL5CpgK function=mab_decision_1785579676 selected_arm=arm
2026/08/01 12:21:36 [MAB] event=decision_cancelled ts=1785579696423 request_id=LVmd2FbAkTy3LbDQL5CpgK function=mab_decision_1785579676 selected_arm=arm execution_arm= fallback=false fallback_reason= reason=no_candidate_after_fallback direct_executions=4 fallback_executions=0 cancelled_decisions=3 bandit_manager_available=true
2026/08/01 12:21:36 [MAB] event=decision_created ts=1785579696424 request_id=iCbD6Mk8357qkHWkojSfH3 function=mab_decision_1785579676 selected_arm=x86
2026/08/01 12:21:36 [MAB] event=decision_cancelled ts=1785579696424 request_id=iCbD6Mk8357qkHWkojSfH3 function=mab_decision_1785579676 selected_arm=x86 execution_arm= fallback=false fallback_reason= reason=no_candidate_after_fallback direct_executions=4 fallback_executions=0 cancelled_decisions=4 bandit_manager_available=true
2026/08/01 12:21:36 [MAB] event=decision_created ts=1785579696424 request_id=xFyb4ak7xS6mY8ZA5MQkeG function=mab_decision_1785579676 selected_arm=arm
2026/08/01 12:21:36 [MAB] event=decision_cancelled ts=1785579696424 request_id=xFyb4ak7xS6mY8ZA5MQkeG function=mab_decision_1785579676 selected_arm=arm execution_arm= fallback=false fallback_reason= reason=no_candidate_after_fallback direct_executions=4 fallback_executions=0 cancelled_decisions=5 bandit_manager_available=true
2026/08/01 12:21:36 [MAB] event=decision_created ts=1785579696424 request_id=oVUBtEmGjg8J5L7omTKfpF function=mab_decision_1785579676 selected_arm=x86
2026/08/01 12:21:36 [MAB] event=decision_cancelled ts=1785579696424 request_id=oVUBtEmGjg8J5L7omTKfpF function=mab_decision_1785579676 selected_arm=x86 execution_arm= fallback=false fallback_reason= reason=no_candidate_after_fallback direct_executions=4 fallback_executions=0 cancelled_decisions=6 bandit_manager_available=true
2026/08/01 12:21:36 [MAB] event=decision_created ts=1785579696424 request_id=XBFos6K4zGGGUTHAFAYXFk function=mab_decision_1785579676 selected_arm=arm
2026/08/01 12:21:36 [MAB] event=decision_cancelled ts=1785579696424 request_id=XBFos6K4zGGGUTHAFAYXFk function=mab_decision_1785579676 selected_arm=arm execution_arm= fallback=false fallback_reason= reason=no_candidate_after_fallback direct_executions=4 fallback_executions=0 cancelled_decisions=7 bandit_manager_available=true
2026/08/01 12:21:36 [MAB] event=decision_created ts=1785579696425 request_id=YbyRnNjDY3doHy76DWzVeG function=mab_decision_1785579676 selected_arm=x86
2026/08/01 12:21:36 [MAB] event=decision_cancelled ts=1785579696425 request_id=YbyRnNjDY3doHy76DWzVeG function=mab_decision_1785579676 selected_arm=x86 execution_arm= fallback=false fallback_reason= reason=no_candidate_after_fallback direct_executions=4 fallback_executions=0 cancelled_decisions=8 bandit_manager_available=true
2026/08/01 12:21:36 [MAB] event=decision_created ts=1785579696425 request_id=28JKBn4HPTJ6GLJF8bzoam function=mab_decision_1785579676 selected_arm=arm
2026/08/01 12:21:36 [MAB] event=decision_cancelled ts=1785579696425 request_id=28JKBn4HPTJ6GLJF8bzoam function=mab_decision_1785579676 selected_arm=arm execution_arm= fallback=false fallback_reason= reason=no_candidate_after_fallback direct_executions=4 fallback_executions=0 cancelled_decisions=9 bandit_manager_available=true
2026/08/01 12:21:40 [MAB] event=decision_resolved ts=1785579700425 request_id=kwBrwBuSHp8QiaxLt6rNnm function=mab_decision_1785579676 selected_arm=x86 execution_arm=x86 fallback=false fallback_reason= direct_executions=5 fallback_executions=0 cancelled_decisions=9
2026/08/01 12:21:40 [MAB] event=decision_resolved ts=1785579700425 request_id=5cNhtrfXW44Js947sgFMef function=mab_decision_1785579676 selected_arm=arm execution_arm=arm fallback=false fallback_reason= direct_executions=6 fallback_executions=0 cancelled_decisions=9
2026/08/01 12:21:40 [MAB] event=decision_resolved ts=1785579700903 request_id=amVyFZThwDp7a4oRtaRjfS function=mab_decision_1785579676 selected_arm=x86 execution_arm=x86 fallback=false fallback_reason= direct_executions=7 fallback_executions=0 cancelled_decisions=9
2026/08/01 12:21:40 [MAB] event=decision_resolved ts=1785579700912 request_id=SoJ4t9UrqMqnQqwcJtZUSB function=mab_decision_1785579676 selected_arm=x86 execution_arm=arm fallback=true fallback_reason=selected_arm_no_candidate direct_executions=7 fallback_executions=1 cancelled_decisions=9
2026/08/01 12:21:40 [MAB] event=decision_resolved ts=1785579700919 request_id=dqLmct6nyTDh4NgubF2h6Q function=mab_decision_1785579676 selected_arm=x86 execution_arm=x86 fallback=false fallback_reason= direct_executions=8 fallback_executions=1 cancelled_decisions=9
2026/08/01 12:21:40 [MAB] event=decision_resolved ts=1785579700932 request_id=WRhDnre5QEWLtTyApizWV6 function=mab_decision_1785579676 selected_arm=arm execution_arm=arm fallback=false fallback_reason= direct_executions=9 fallback_executions=1 cancelled_decisions=9
2026/08/01 12:21:40 [MAB] event=decision_resolved ts=1785579700938 request_id=pxPhzWjc3Snkc7f4UvfgHW function=mab_decision_1785579676 selected_arm=arm execution_arm=arm fallback=false fallback_reason= direct_executions=10 fallback_executions=1 cancelled_decisions=9
