2026/08/01 10:13:26 [MAB] event=decision_created ts=1785572006259 request_id=2tLFXCeo8hPCxpKUqapkcN function=mab_decision_1785571995 selected_arm=arm
2026/08/01 10:13:26 [MAB] event=decision_planned ts=1785572006259 request_id=2tLFXCeo8hPCxpKUqapkcN function=mab_decision_1785571995 selected_arm=arm execution_arm=arm fallback=false fallback_reason=
2026/08/01 10:13:27 [MAB] event=decision_resolved ts=1785572007764 request_id=2tLFXCeo8hPCxpKUqapkcN function=mab_decision_1785571995 selected_arm=arm execution_arm=arm fallback=false fallback_reason= direct_executions=1 fallback_executions=0 cancelled_decisions=0
2026/08/01 10:13:28 [MAB] event=decision_created ts=1785572008783 request_id=EidU99AyKhAUCpH8DbY2Kh function=mab_decision_1785571995 selected_arm=arm
2026/08/01 10:13:28 [MAB] event=decision_planned ts=1785572008783 request_id=EidU99AyKhAUCpH8DbY2Kh function=mab_decision_1785571995 selected_arm=arm execution_arm=arm fallback=false fallback_reason=
2026/08/01 10:13:29 [MAB] event=decision_resolved ts=1785572009789 request_id=EidU99AyKhAUCpH8DbY2Kh function=mab_decision_1785571995 selected_arm=arm execution_arm=arm fallback=false fallback_reason= direct_executions=2 fallback_executions=0 cancelled_decisions=0
2026/08/01 10:13:30 [MAB] event=decision_created ts=1785572010810 request_id=PzXJnQ5NFyU8Tg3DzfT7bB function=mab_decision_1785571995 selected_arm=x86
2026/08/01 10:13:30 [MAB] event=decision_planned ts=1785572010811 request_id=PzXJnQ5NFyU8Tg3DzfT7bB function=mab_decision_1785571995 selected_arm=x86 execution_arm=x86 fallback=false fallback_reason=
2026/08/01 10:13:32 [MAB] event=decision_resolved ts=1785572012287 request_id=PzXJnQ5NFyU8Tg3DzfT7bB function=mab_decision_1785571995 selected_arm=x86 execution_arm=x86 fallback=false fallback_reason= direct_executions=3 fallback_executions=0 cancelled_decisions=0
2026/08/01 10:13:33 [MAB] event=decision_created ts=1785572013310 request_id=BVPNrWPn7SZZ2VCG5yV85R function=mab_decision_1785571995 selected_arm=x86
2026/08/01 10:13:33 [MAB] event=decision_planned ts=1785572013310 request_id=BVPNrWPn7SZZ2VCG5yV85R function=mab_decision_1785571995 selected_arm=x86 execution_arm=x86 fallback=false fallback_reason=
2026/08/01 10:13:34 [MAB] event=decision_resolved ts=1785572014316 request_id=BVPNrWPn7SZZ2VCG5yV85R function=mab_decision_1785571995 selected_arm=x86 execution_arm=x86 fallback=false fallback_reason= direct_executions=4 fallback_executions=0 cancelled_decisions=0
2026/08/01 10:13:35 [MAB] event=decision_created ts=1785572015345 request_id=froZtABbCZNqqgx2auxmy9 function=mab_decision_1785571995 selected_arm=x86
2026/08/01 10:13:35 [MAB] event=decision_planned ts=1785572015345 request_id=froZtABbCZNqqgx2auxmy9 function=mab_decision_1785571995 selected_arm=x86 execution_arm=x86 fallback=false fallback_reason=
2026/08/01 10:13:35 [MAB] event=decision_created ts=1785572015345 request_id=V4zbabGWKQCUxvGeWgEiqL function=mab_decision_1785571995 selected_arm=arm
2026/08/01 10:13:35 [MAB] event=decision_planned ts=1785572015345 request_id=V4zbabGWKQCUxvGeWgEiqL function=mab_decision_1785571995 selected_arm=arm execution_arm=arm fallback=false fallback_reason=
2026/08/01 10:13:35 [MAB] event=decision_created ts=1785572015346 request_id=RfkAYBzqGf9oxSgZ79BzNZ function=mab_decision_1785571995 selected_arm=x86
2026/08/01 10:13:35 [MAB] event=decision_planned ts=1785572015346 request_id=RfkAYBzqGf9oxSgZ79BzNZ function=mab_decision_1785571995 selected_arm=x86 execution_arm=x86 fallback=false fallback_reason=
2026/08/01 10:13:35 [MAB] event=decision_created ts=1785572015346 request_id=TLcs5uQUdyXSUFcdCGgZhf function=mab_decision_1785571995 selected_arm=arm
2026/08/01 10:13:35 [MAB] event=decision_planned ts=1785572015346 request_id=TLcs5uQUdyXSUFcdCGgZhf function=mab_decision_1785571995 selected_arm=arm execution_arm=arm fallback=false fallback_reason=
2026/08/01 10:13:35 [MAB] event=decision_created ts=1785572015346 request_id=2v4zPVxfLSUQGhAv8P6EfT function=mab_decision_1785571995 selected_arm=x86
2026/08/01 10:13:35 [MAB] event=decision_planned ts=1785572015346 request_id=2v4zPVxfLSUQGhAv8P6EfT function=mab_decision_1785571995 selected_arm=x86 execution_arm=x86 fallback=false fallback_reason=
2026/08/01 10:13:35 [MAB] event=decision_created ts=1785572015346 request_id=XwnUTikcQKgkkwoZoX7b6U function=mab_decision_1785571995 selected_arm=arm
2026/08/01 10:13:35 [MAB] event=decision_planned ts=1785572015346 request_id=XwnUTikcQKgkkwoZoX7b6U function=mab_decision_1785571995 selected_arm=arm execution_arm=arm fallback=false fallback_reason=
2026/08/01 10:13:35 [MAB] event=decision_created ts=1785572015347 request_id=6ER7HBvsJ4zjknfXoEvk4U function=mab_decision_1785571995 selected_arm=x86
2026/08/01 10:13:35 [MAB] event=decision_planned ts=1785572015347 request_id=6ER7HBvsJ4zjknfXoEvk4U function=mab_decision_1785571995 selected_arm=x86 execution_arm=arm fallback=true fallback_reason=selected_arm_no_candidate
2026/08/01 10:13:35 [MAB] event=decision_created ts=1785572015347 request_id=cAhaZbRvtb3jdha7e6uzmd function=mab_decision_1785571995 selected_arm=arm
2026/08/01 10:13:35 [MAB] event=decision_cancelled ts=1785572015348 request_id=cAhaZbRvtb3jdha7e6uzmd function=mab_decision_1785571995 selected_arm=arm execution_arm= fallback=false fallback_reason=no_candidate_after_fallback reason=no_candidate_after_fallback direct_executions=4 fallback_executions=0 cancelled_decisions=1 bandit_manager_available=true
2026/08/01 10:13:35 [MAB] event=decision_created ts=1785572015348 request_id=mRgfmU5Ee343dMvStaeJ6F function=mab_decision_1785571995 selected_arm=arm
2026/08/01 10:13:35 [MAB] event=decision_cancelled ts=1785572015348 request_id=mRgfmU5Ee343dMvStaeJ6F function=mab_decision_1785571995 selected_arm=arm execution_arm= fallback=false fallback_reason=no_candidate_after_fallback reason=no_candidate_after_fallback direct_executions=4 fallback_executions=0 cancelled_decisions=2 bandit_manager_available=true
2026/08/01 10:13:35 [MAB] event=decision_created ts=1785572015348 request_id=PiczAZEFXNTyHR2DsFc2Cg function=mab_decision_1785571995 selected_arm=arm
2026/08/01 10:13:35 [MAB] event=decision_cancelled ts=1785572015348 request_id=PiczAZEFXNTyHR2DsFc2Cg function=mab_decision_1785571995 selected_arm=arm execution_arm= fallback=false fallback_reason=no_candidate_after_fallback reason=no_candidate_after_fallback direct_executions=4 fallback_executions=0 cancelled_decisions=3 bandit_manager_available=true
2026/08/01 10:13:35 [MAB] event=decision_created ts=1785572015349 request_id=U7gQRw4q7eSd6TZzYZxFtW function=mab_decision_1785571995 selected_arm=arm
2026/08/01 10:13:35 [MAB] event=decision_cancelled ts=1785572015349 request_id=U7gQRw4q7eSd6TZzYZxFtW function=mab_decision_1785571995 selected_arm=arm execution_arm= fallback=false fallback_reason=no_candidate_after_fallback reason=no_candidate_after_fallback direct_executions=4 fallback_executions=0 cancelled_decisions=4 bandit_manager_available=true
2026/08/01 10:13:35 [MAB] event=decision_created ts=1785572015349 request_id=rPRctxhuhh3qxxpu86K29B function=mab_decision_1785571995 selected_arm=arm
2026/08/01 10:13:35 [MAB] event=decision_cancelled ts=1785572015349 request_id=rPRctxhuhh3qxxpu86K29B function=mab_decision_1785571995 selected_arm=arm execution_arm= fallback=false fallback_reason=no_candidate_after_fallback reason=no_candidate_after_fallback direct_executions=4 fallback_executions=0 cancelled_decisions=5 bandit_manager_available=true
2026/08/01 10:13:39 [MAB] event=decision_resolved ts=1785572019350 request_id=V4zbabGWKQCUxvGeWgEiqL function=mab_decision_1785571995 selected_arm=arm execution_arm=arm fallback=false fallback_reason= direct_executions=5 fallback_executions=0 cancelled_decisions=5
2026/08/01 10:13:39 [MAB] event=decision_resolved ts=1785572019350 request_id=froZtABbCZNqqgx2auxmy9 function=mab_decision_1785571995 selected_arm=x86 execution_arm=x86 fallback=false fallback_reason= direct_executions=6 fallback_executions=0 cancelled_decisions=5
2026/08/01 10:13:39 [MAB] event=decision_resolved ts=1785572019840 request_id=2v4zPVxfLSUQGhAv8P6EfT function=mab_decision_1785571995 selected_arm=x86 execution_arm=x86 fallback=false fallback_reason= direct_executions=7 fallback_executions=0 cancelled_decisions=5
2026/08/01 10:13:39 [MAB] event=decision_resolved ts=1785572019854 request_id=RfkAYBzqGf9oxSgZ79BzNZ function=mab_decision_1785571995 selected_arm=x86 execution_arm=x86 fallback=false fallback_reason= direct_executions=8 fallback_executions=0 cancelled_decisions=5
2026/08/01 10:13:39 [MAB] event=decision_resolved ts=1785572019872 request_id=TLcs5uQUdyXSUFcdCGgZhf function=mab_decision_1785571995 selected_arm=arm execution_arm=arm fallback=false fallback_reason= direct_executions=9 fallback_executions=0 cancelled_decisions=5
2026/08/01 10:13:39 [MAB] event=decision_resolved ts=1785572019887 request_id=6ER7HBvsJ4zjknfXoEvk4U function=mab_decision_1785571995 selected_arm=x86 execution_arm=arm fallback=true fallback_reason=selected_arm_no_candidate direct_executions=9 fallback_executions=1 cancelled_decisions=5
2026/08/01 10:13:39 [MAB] event=decision_resolved ts=1785572019891 request_id=XwnUTikcQKgkkwoZoX7b6U function=mab_decision_1785571995 selected_arm=arm execution_arm=arm fallback=false fallback_reason= direct_executions=10 fallback_executions=1 cancelled_decisions=5
