2026/08/01 10:13:21 Registration for node: (ROME)UTYmKBV8VLHkwktxQdVvD41785572001238535384 - amd64
2026/08/01 10:13:21 Connecting to etcd
2026/08/01 10:13:21 Connected to etcd
2026/08/01 10:13:21 etcd connection state: READY
2026/08/01 10:13:21 etcd: connected and ready
2026/08/01 10:13:21 Registering to etcd: registry/ROME/__lb/amd64/UTYmKBV8VLHkwktxQdVvD41785572001238535384
2026/08/01 10:13:21 Found target: y27DAP67mh7HXHvep44BgV1785571996229472002
2026/08/01 10:13:21 Found target: 6qtyLnSEhPd2fAKT9Aacjh1785571996228650346
2026/08/01 10:13:21 Found 2 targets
2026/08/01 10:13:21 Initializing with 2 targets.
2026/08/01 10:13:21 Running ArchitectureAwareLB with 128 replicas per node in the hash rings
2026/08/01 10:13:21 LB mode set to MAB
2026/08/01 10:13:21 [LB][MAB] event=new_machine_tag_discovered tag=arm arch=amd64 action=create_ring_and_add_mab_arm
2026/08/01 10:13:21 [LB] Adding target arm
2026/08/01 10:13:21 [LB][MAB] event=new_machine_tag_discovered tag=x86 arch=amd64 action=create_ring_and_add_mab_arm
2026/08/01 10:13:21 [LB] Adding target x86
⇨ http server started on [::]:8080
2026/08/01 10:13:24 [LB]: Periodic targets update
2026/08/01 10:13:24 Found target: y27DAP67mh7HXHvep44BgV1785571996229472002
2026/08/01 10:13:24 Found target: 6qtyLnSEhPd2fAKT9Aacjh1785571996228650346
2026/08/01 10:13:24 Found 2 targets
2026/08/01 10:13:26 [LB] Compatible tag found: function=mab_decision_1785571995 tag=arm arch=amd64 pattern="" ring_size=1
2026/08/01 10:13:26 [LB] Compatible tag found: function=mab_decision_1785571995 tag=x86 arch=amd64 pattern="" ring_size=1
2026/08/01 10:13:26 [LB] Compatible tags for function 'mab_decision_1785571995': [arm x86]
2026/08/01 10:13:26 [LB][MAB] event=before_select function=mab_decision_1785571995 compatible_tags=[arm x86] has_context=true
2026/08/01 10:13:26 BanditManager GetBandit: policy type: UCB1
2026/08/01 10:13:26 [MAB] event=arm_added ts=1785572006259 policy=UCB1 function=mab_decision_1785571995 arm=arm arms=[arm]
2026/08/01 10:13:26 [MAB] event=arm_added ts=1785572006259 policy=UCB1 function=mab_decision_1785571995 arm=x86 arms=[arm,x86]
2026/08/01 10:13:26 [MAB] event=in_flight_changed ts=1785572006259 policy=UCB1 function=mab_decision_1785571995 arm=arm action=started in_flight=1 total_in_flight=1
2026/08/01 10:13:26 [MAB] event=select_arm ts=1785572006259 policy=UCB1 function=mab_decision_1785571995 selected_arm=arm reason=least_tried score=0.000000 total_counts=0 total_in_flight=1 effective_total_counts=1 arms=[arm,x86]
2026/08/01 10:13:26 [LB][MAB] event=after_select function=mab_decision_1785571995 selected_tag=arm compatible_tags=[arm x86]
2026/08/01 10:13:26 [MAB] event=decision_created ts=1785572006259 request_id=2tLFXCeo8hPCxpKUqapkcN function=mab_decision_1785571995 selected_arm=arm
2026/08/01 10:13:26 Candidate has: 512 MB free memory. Function needs: 128 MB
2026/08/01 10:13:26 [MAB] event=decision_planned ts=1785572006259 request_id=2tLFXCeo8hPCxpKUqapkcN function=mab_decision_1785571995 selected_arm=arm execution_arm=arm fallback=false fallback_reason=
2026/08/01 10:13:26 [LB] Selected target for function 'mab_decision_1785571995': selected_arm=arm execution_arm=arm fallback=false fallback_reason= candidate=y27DAP67mh7HXHvep44BgV1785571996229472002
2026/08/01 10:13:27 [LB]: Periodic targets update
2026/08/01 10:13:27 Found target: 6qtyLnSEhPd2fAKT9Aacjh1785571996228650346
2026/08/01 10:13:27 Found target: y27DAP67mh7HXHvep44BgV1785571996229472002
2026/08/01 10:13:27 Found 2 targets
2026/08/01 10:13:27 [LB-Update] Node y27DAP67mh7HXHvep44BgV1785571996229472002 reported 384 MB free
2026/08/01 10:13:27 [MAB] event=execution_timing ts=1785572007764 policy=UCB1 function=mab_decision_1785571995 arm=arm node_name=y27DAP67mh7HXHvep44BgV1785571996229472002 execution_node=y27DAP67mh7HXHvep44BgV1785571996229472002 warm_start=false response_time_ms=1501.011589 duration_ms=1005.843144 init_time_ms=495.155835 queueing_time_ms=0.000000 offload_latency_ms=0.000000 response_minus_duration_ms=495.168445
2026/08/01 10:13:27 [MAB] event=in_flight_changed ts=1785572007764 policy=UCB1 function=mab_decision_1785571995 arm=arm action=resolved in_flight=0 total_in_flight=0
2026/08/01 10:13:27 [MAB] event=skip_cold_start ts=1785572007764 policy=UCB1 function=mab_decision_1785571995 arm=arm duration_ms=1005.843144 reason=cold_start
2026/08/01 10:13:27 [MAB] event=cold_start_stats ts=1785572007764 policy=UCB1 function=mab_decision_1785571995 arm=arm total_invocations=1 cold_observed=1 warm_observed=0 cold_accepted=0 cold_skipped=1 invalid_feedback=0 cold_duration_samples=1 warm_duration_samples=0 cold_init_time_samples=1 avg_cold_duration_ms=1005.843144 avg_warm_duration_ms=0.000000 avg_cold_init_time_ms=495.155835
2026/08/01 10:13:27 [MAB] event=decision_resolved ts=1785572007764 request_id=2tLFXCeo8hPCxpKUqapkcN function=mab_decision_1785571995 selected_arm=arm execution_arm=arm fallback=false fallback_reason= direct_executions=1 fallback_executions=0 cancelled_decisions=0
2026/08/01 10:13:28 [LB] Compatible tag found: function=mab_decision_1785571995 tag=arm arch=amd64 pattern="" ring_size=1
2026/08/01 10:13:28 [LB] Compatible tag found: function=mab_decision_1785571995 tag=x86 arch=amd64 pattern="" ring_size=1
2026/08/01 10:13:28 [LB] Compatible tags for function 'mab_decision_1785571995': [arm x86]
2026/08/01 10:13:28 [LB][MAB] event=before_select function=mab_decision_1785571995 compatible_tags=[arm x86] has_context=true
2026/08/01 10:13:28 [MAB] event=in_flight_changed ts=1785572008783 policy=UCB1 function=mab_decision_1785571995 arm=arm action=started in_flight=1 total_in_flight=1
2026/08/01 10:13:28 [MAB] event=select_arm ts=1785572008783 policy=UCB1 function=mab_decision_1785571995 selected_arm=arm reason=least_tried score=0.000000 total_counts=0 total_in_flight=1 effective_total_counts=1 arms=[arm,x86]
2026/08/01 10:13:28 [LB][MAB] event=after_select function=mab_decision_1785571995 selected_tag=arm compatible_tags=[arm x86]
2026/08/01 10:13:28 [MAB] event=decision_created ts=1785572008783 request_id=EidU99AyKhAUCpH8DbY2Kh function=mab_decision_1785571995 selected_arm=arm
2026/08/01 10:13:28 Candidate has: 384 MB free memory. Function needs: 128 MB
2026/08/01 10:13:28 [MAB] event=decision_planned ts=1785572008783 request_id=EidU99AyKhAUCpH8DbY2Kh function=mab_decision_1785571995 selected_arm=arm execution_arm=arm fallback=false fallback_reason=
2026/08/01 10:13:28 [LB] Selected target for function 'mab_decision_1785571995': selected_arm=arm execution_arm=arm fallback=false fallback_reason= candidate=y27DAP67mh7HXHvep44BgV1785571996229472002
2026/08/01 10:13:29 [LB-Update] Node y27DAP67mh7HXHvep44BgV1785571996229472002 reported 384 MB free
2026/08/01 10:13:29 [MAB] event=execution_timing ts=1785572009789 policy=UCB1 function=mab_decision_1785571995 arm=arm node_name=y27DAP67mh7HXHvep44BgV1785571996229472002 execution_node=y27DAP67mh7HXHvep44BgV1785571996229472002 warm_start=true response_time_ms=1004.499987 duration_ms=1004.374986 init_time_ms=0.104706 queueing_time_ms=0.000000 offload_latency_ms=0.000000 response_minus_duration_ms=0.125001
2026/08/01 10:13:29 [MAB] event=in_flight_changed ts=1785572009789 policy=UCB1 function=mab_decision_1785571995 arm=arm action=resolved in_flight=0 total_in_flight=0
2026/08/01 10:13:29 [MAB] event=reward_breakdown ts=1785572009789 policy=UCB1 function=mab_decision_1785571995 arm=arm base_tag=arm architecture=arm specialization=default capabilities=[] duration_ms=1004.374986 latency_reward=-6.912121 cost_weight=0.000000 cost_factor=1.000000 cost_term=0.000000 energy_weight=0.000000 energy_factor=1.000000 energy_term=0.000000 final_reward=-6.912121
2026/08/01 10:13:29 [MAB] event=cold_start_stats ts=1785572009789 policy=UCB1 function=mab_decision_1785571995 arm=arm total_invocations=2 cold_observed=1 warm_observed=1 cold_accepted=0 cold_skipped=1 invalid_feedback=0 cold_duration_samples=1 warm_duration_samples=1 cold_init_time_samples=1 avg_cold_duration_ms=1005.843144 avg_warm_duration_ms=1004.374986 avg_cold_init_time_ms=495.155835
2026/08/01 10:13:29 [MAB] event=update_reward ts=1785572009789 policy=UCB1 function=mab_decision_1785571995 arm=arm duration_ms=1004.374986 warm_start=true reward=-6.912121 count=1 avg_reward=-6.912121 total_counts=1
2026/08/01 10:13:29 [MAB] event=decision_resolved ts=1785572009789 request_id=EidU99AyKhAUCpH8DbY2Kh function=mab_decision_1785571995 selected_arm=arm execution_arm=arm fallback=false fallback_reason= direct_executions=2 fallback_executions=0 cancelled_decisions=0
2026/08/01 10:13:30 [LB]: Periodic targets update
2026/08/01 10:13:30 Found target: y27DAP67mh7HXHvep44BgV1785571996229472002
2026/08/01 10:13:30 Found target: 6qtyLnSEhPd2fAKT9Aacjh1785571996228650346
2026/08/01 10:13:30 Found 2 targets
2026/08/01 10:13:30 [LB] Compatible tag found: function=mab_decision_1785571995 tag=arm arch=amd64 pattern="" ring_size=1
2026/08/01 10:13:30 [LB] Compatible tag found: function=mab_decision_1785571995 tag=x86 arch=amd64 pattern="" ring_size=1
2026/08/01 10:13:30 [LB] Compatible tags for function 'mab_decision_1785571995': [arm x86]
2026/08/01 10:13:30 [LB][MAB] event=before_select function=mab_decision_1785571995 compatible_tags=[arm x86] has_context=true
2026/08/01 10:13:30 [MAB] event=in_flight_changed ts=1785572010810 policy=UCB1 function=mab_decision_1785571995 arm=x86 action=started in_flight=1 total_in_flight=1
2026/08/01 10:13:30 [MAB] event=select_arm ts=1785572010810 policy=UCB1 function=mab_decision_1785571995 selected_arm=x86 reason=least_tried score=0.000000 total_counts=1 total_in_flight=1 effective_total_counts=2 arms=[arm,x86]
2026/08/01 10:13:30 [LB][MAB] event=after_select function=mab_decision_1785571995 selected_tag=x86 compatible_tags=[arm x86]
2026/08/01 10:13:30 [MAB] event=decision_created ts=1785572010810 request_id=PzXJnQ5NFyU8Tg3DzfT7bB function=mab_decision_1785571995 selected_arm=x86
2026/08/01 10:13:30 Candidate has: 512 MB free memory. Function needs: 128 MB
2026/08/01 10:13:30 [MAB] event=decision_planned ts=1785572010811 request_id=PzXJnQ5NFyU8Tg3DzfT7bB function=mab_decision_1785571995 selected_arm=x86 execution_arm=x86 fallback=false fallback_reason=
2026/08/01 10:13:30 [LB] Selected target for function 'mab_decision_1785571995': selected_arm=x86 execution_arm=x86 fallback=false fallback_reason= candidate=6qtyLnSEhPd2fAKT9Aacjh1785571996228650346
2026/08/01 10:13:32 [LB-Update] Node 6qtyLnSEhPd2fAKT9Aacjh1785571996228650346 reported 384 MB free
2026/08/01 10:13:32 [MAB] event=execution_timing ts=1785572012287 policy=UCB1 function=mab_decision_1785571995 arm=x86 node_name=6qtyLnSEhPd2fAKT9Aacjh1785571996228650346 execution_node=6qtyLnSEhPd2fAKT9Aacjh1785571996228650346 warm_start=false response_time_ms=1475.027953 duration_ms=1007.015113 init_time_ms=467.998788 queueing_time_ms=0.000000 offload_latency_ms=0.000000 response_minus_duration_ms=468.012840
2026/08/01 10:13:32 [MAB] event=in_flight_changed ts=1785572012287 policy=UCB1 function=mab_decision_1785571995 arm=x86 action=resolved in_flight=0 total_in_flight=0
2026/08/01 10:13:32 [MAB] event=skip_cold_start ts=1785572012287 policy=UCB1 function=mab_decision_1785571995 arm=x86 duration_ms=1007.015113 reason=cold_start
2026/08/01 10:13:32 [MAB] event=cold_start_stats ts=1785572012287 policy=UCB1 function=mab_decision_1785571995 arm=x86 total_invocations=1 cold_observed=1 warm_observed=0 cold_accepted=0 cold_skipped=1 invalid_feedback=0 cold_duration_samples=1 warm_duration_samples=0 cold_init_time_samples=1 avg_cold_duration_ms=1007.015113 avg_warm_duration_ms=0.000000 avg_cold_init_time_ms=467.998788
2026/08/01 10:13:32 [MAB] event=decision_resolved ts=1785572012287 request_id=PzXJnQ5NFyU8Tg3DzfT7bB function=mab_decision_1785571995 selected_arm=x86 execution_arm=x86 fallback=false fallback_reason= direct_executions=3 fallback_executions=0 cancelled_decisions=0
2026/08/01 10:13:33 [LB]: Periodic targets update
2026/08/01 10:13:33 Found target: 6qtyLnSEhPd2fAKT9Aacjh1785571996228650346
2026/08/01 10:13:33 Found target: y27DAP67mh7HXHvep44BgV1785571996229472002
2026/08/01 10:13:33 Found 2 targets
2026/08/01 10:13:33 [LB] Compatible tag found: function=mab_decision_1785571995 tag=arm arch=amd64 pattern="" ring_size=1
2026/08/01 10:13:33 [LB] Compatible tag found: function=mab_decision_1785571995 tag=x86 arch=amd64 pattern="" ring_size=1
2026/08/01 10:13:33 [LB] Compatible tags for function 'mab_decision_1785571995': [arm x86]
2026/08/01 10:13:33 [LB][MAB] event=before_select function=mab_decision_1785571995 compatible_tags=[arm x86] has_context=true
2026/08/01 10:13:33 [MAB] event=in_flight_changed ts=1785572013310 policy=UCB1 function=mab_decision_1785571995 arm=x86 action=started in_flight=1 total_in_flight=1
2026/08/01 10:13:33 [MAB] event=select_arm ts=1785572013310 policy=UCB1 function=mab_decision_1785571995 selected_arm=x86 reason=least_tried score=0.000000 total_counts=1 total_in_flight=1 effective_total_counts=2 arms=[arm,x86]
2026/08/01 10:13:33 [LB][MAB] event=after_select function=mab_decision_1785571995 selected_tag=x86 compatible_tags=[arm x86]
2026/08/01 10:13:33 [MAB] event=decision_created ts=1785572013310 request_id=BVPNrWPn7SZZ2VCG5yV85R function=mab_decision_1785571995 selected_arm=x86
2026/08/01 10:13:33 Candidate has: 512 MB free memory. Function needs: 128 MB
2026/08/01 10:13:33 [MAB] event=decision_planned ts=1785572013310 request_id=BVPNrWPn7SZZ2VCG5yV85R function=mab_decision_1785571995 selected_arm=x86 execution_arm=x86 fallback=false fallback_reason=
2026/08/01 10:13:33 [LB] Selected target for function 'mab_decision_1785571995': selected_arm=x86 execution_arm=x86 fallback=false fallback_reason= candidate=6qtyLnSEhPd2fAKT9Aacjh1785571996228650346
2026/08/01 10:13:34 [LB-Update] Node 6qtyLnSEhPd2fAKT9Aacjh1785571996228650346 reported 384 MB free
2026/08/01 10:13:34 [MAB] event=execution_timing ts=1785572014316 policy=UCB1 function=mab_decision_1785571995 arm=x86 node_name=6qtyLnSEhPd2fAKT9Aacjh1785571996228650346 execution_node=6qtyLnSEhPd2fAKT9Aacjh1785571996228650346 warm_start=true response_time_ms=1004.168281 duration_ms=1004.050901 init_time_ms=0.096783 queueing_time_ms=0.000000 offload_latency_ms=0.000000 response_minus_duration_ms=0.117380
2026/08/01 10:13:34 [MAB] event=in_flight_changed ts=1785572014316 policy=UCB1 function=mab_decision_1785571995 arm=x86 action=resolved in_flight=0 total_in_flight=0
2026/08/01 10:13:34 [MAB] event=reward_breakdown ts=1785572014316 policy=UCB1 function=mab_decision_1785571995 arm=x86 base_tag=x86 architecture=x86 specialization=default capabilities=[] duration_ms=1004.050901 latency_reward=-6.911798 cost_weight=0.000000 cost_factor=1.000000 cost_term=0.000000 energy_weight=0.000000 energy_factor=1.000000 energy_term=0.000000 final_reward=-6.911798
2026/08/01 10:13:34 [MAB] event=cold_start_stats ts=1785572014316 policy=UCB1 function=mab_decision_1785571995 arm=x86 total_invocations=2 cold_observed=1 warm_observed=1 cold_accepted=0 cold_skipped=1 invalid_feedback=0 cold_duration_samples=1 warm_duration_samples=1 cold_init_time_samples=1 avg_cold_duration_ms=1007.015113 avg_warm_duration_ms=1004.050901 avg_cold_init_time_ms=467.998788
2026/08/01 10:13:34 [MAB] event=update_reward ts=1785572014316 policy=UCB1 function=mab_decision_1785571995 arm=x86 duration_ms=1004.050901 warm_start=true reward=-6.911798 count=1 avg_reward=-6.911798 total_counts=2
2026/08/01 10:13:34 [MAB] event=decision_resolved ts=1785572014316 request_id=BVPNrWPn7SZZ2VCG5yV85R function=mab_decision_1785571995 selected_arm=x86 execution_arm=x86 fallback=false fallback_reason= direct_executions=4 fallback_executions=0 cancelled_decisions=0
2026/08/01 10:13:35 [LB] Compatible tag found: function=mab_decision_1785571995 tag=arm arch=amd64 pattern="" ring_size=1
2026/08/01 10:13:35 [LB] Compatible tag found: function=mab_decision_1785571995 tag=x86 arch=amd64 pattern="" ring_size=1
2026/08/01 10:13:35 [LB] Compatible tags for function 'mab_decision_1785571995': [arm x86]
2026/08/01 10:13:35 [LB][MAB] event=before_select function=mab_decision_1785571995 compatible_tags=[arm x86] has_context=true
2026/08/01 10:13:35 [MAB] event=arm_score ts=1785572015345 policy=UCB1 function=mab_decision_1785571995 arm=arm score=-6.246077 count=1 in_flight=0 effective_count=1 avg_reward=-6.912121 exploration_bonus=0.666044 total_counts=2 total_in_flight=0 effective_total_counts=2 contextual=false
2026/08/01 10:13:35 [MAB] event=arm_score ts=1785572015345 policy=UCB1 function=mab_decision_1785571995 arm=x86 score=-6.245754 count=1 in_flight=0 effective_count=1 avg_reward=-6.911798 exploration_bonus=0.666044 total_counts=2 total_in_flight=0 effective_total_counts=2 contextual=false
2026/08/01 10:13:35 [MAB] event=in_flight_changed ts=1785572015345 policy=UCB1 function=mab_decision_1785571995 arm=x86 action=started in_flight=1 total_in_flight=1
2026/08/01 10:13:35 [MAB] event=select_arm ts=1785572015345 policy=UCB1 function=mab_decision_1785571995 selected_arm=x86 reason=ucb_score score=-6.245754 total_counts=2 total_in_flight=1 effective_total_counts=3 arms=[arm,x86]
2026/08/01 10:13:35 [LB][MAB] event=after_select function=mab_decision_1785571995 selected_tag=x86 compatible_tags=[arm x86]
2026/08/01 10:13:35 [MAB] event=decision_created ts=1785572015345 request_id=froZtABbCZNqqgx2auxmy9 function=mab_decision_1785571995 selected_arm=x86
2026/08/01 10:13:35 Candidate has: 384 MB free memory. Function needs: 128 MB
2026/08/01 10:13:35 [MAB] event=decision_planned ts=1785572015345 request_id=froZtABbCZNqqgx2auxmy9 function=mab_decision_1785571995 selected_arm=x86 execution_arm=x86 fallback=false fallback_reason=
2026/08/01 10:13:35 [LB] Selected target for function 'mab_decision_1785571995': selected_arm=x86 execution_arm=x86 fallback=false fallback_reason= candidate=6qtyLnSEhPd2fAKT9Aacjh1785571996228650346
2026/08/01 10:13:35 [LB] Compatible tag found: function=mab_decision_1785571995 tag=arm arch=amd64 pattern="" ring_size=1
2026/08/01 10:13:35 [LB] Compatible tag found: function=mab_decision_1785571995 tag=x86 arch=amd64 pattern="" ring_size=1
2026/08/01 10:13:35 [LB] Compatible tags for function 'mab_decision_1785571995': [arm x86]
2026/08/01 10:13:35 [LB][MAB] event=before_select function=mab_decision_1785571995 compatible_tags=[arm x86] has_context=true
2026/08/01 10:13:35 [MAB] event=arm_score ts=1785572015345 policy=UCB1 function=mab_decision_1785571995 arm=arm score=-6.073603 count=1 in_flight=0 effective_count=1 avg_reward=-6.912121 exploration_bonus=0.838518 total_counts=2 total_in_flight=1 effective_total_counts=3 contextual=false
2026/08/01 10:13:35 [MAB] event=arm_score ts=1785572015345 policy=UCB1 function=mab_decision_1785571995 arm=x86 score=-6.318876 count=1 in_flight=1 effective_count=2 avg_reward=-6.911798 exploration_bonus=0.592922 total_counts=2 total_in_flight=1 effective_total_counts=3 contextual=false
2026/08/01 10:13:35 [MAB] event=in_flight_changed ts=1785572015345 policy=UCB1 function=mab_decision_1785571995 arm=arm action=started in_flight=1 total_in_flight=2
2026/08/01 10:13:35 [MAB] event=select_arm ts=1785572015345 policy=UCB1 function=mab_decision_1785571995 selected_arm=arm reason=ucb_score score=-6.073603 total_counts=2 total_in_flight=2 effective_total_counts=4 arms=[arm,x86]
2026/08/01 10:13:35 [LB][MAB] event=after_select function=mab_decision_1785571995 selected_tag=arm compatible_tags=[arm x86]
2026/08/01 10:13:35 [MAB] event=decision_created ts=1785572015345 request_id=V4zbabGWKQCUxvGeWgEiqL function=mab_decision_1785571995 selected_arm=arm
2026/08/01 10:13:35 Candidate has: 512 MB free memory. Function needs: 128 MB
2026/08/01 10:13:35 [MAB] event=decision_planned ts=1785572015345 request_id=V4zbabGWKQCUxvGeWgEiqL function=mab_decision_1785571995 selected_arm=arm execution_arm=arm fallback=false fallback_reason=
2026/08/01 10:13:35 [LB] Selected target for function 'mab_decision_1785571995': selected_arm=arm execution_arm=arm fallback=false fallback_reason= candidate=y27DAP67mh7HXHvep44BgV1785571996229472002
2026/08/01 10:13:35 [LB] Compatible tag found: function=mab_decision_1785571995 tag=arm arch=amd64 pattern="" ring_size=1
2026/08/01 10:13:35 [LB] Compatible tag found: function=mab_decision_1785571995 tag=x86 arch=amd64 pattern="" ring_size=1
2026/08/01 10:13:35 [LB] Compatible tags for function 'mab_decision_1785571995': [arm x86]
2026/08/01 10:13:35 [LB][MAB] event=before_select function=mab_decision_1785571995 compatible_tags=[arm x86] has_context=true
2026/08/01 10:13:35 [MAB] event=arm_score ts=1785572015346 policy=UCB1 function=mab_decision_1785571995 arm=arm score=-6.246077 count=1 in_flight=1 effective_count=2 avg_reward=-6.912121 exploration_bonus=0.666044 total_counts=2 total_in_flight=2 effective_total_counts=4 contextual=false
2026/08/01 10:13:35 [MAB] event=arm_score ts=1785572015346 policy=UCB1 function=mab_decision_1785571995 arm=x86 score=-6.245754 count=1 in_flight=1 effective_count=2 avg_reward=-6.911798 exploration_bonus=0.666044 total_counts=2 total_in_flight=2 effective_total_counts=4 contextual=false
2026/08/01 10:13:35 [MAB] event=in_flight_changed ts=1785572015346 policy=UCB1 function=mab_decision_1785571995 arm=x86 action=started in_flight=2 total_in_flight=3
2026/08/01 10:13:35 [MAB] event=select_arm ts=1785572015346 policy=UCB1 function=mab_decision_1785571995 selected_arm=x86 reason=ucb_score score=-6.245754 total_counts=2 total_in_flight=3 effective_total_counts=5 arms=[arm,x86]
2026/08/01 10:13:35 [LB][MAB] event=after_select function=mab_decision_1785571995 selected_tag=x86 compatible_tags=[arm x86]
2026/08/01 10:13:35 [MAB] event=decision_created ts=1785572015346 request_id=RfkAYBzqGf9oxSgZ79BzNZ function=mab_decision_1785571995 selected_arm=x86
2026/08/01 10:13:35 Candidate has: 256 MB free memory. Function needs: 128 MB
2026/08/01 10:13:35 [MAB] event=decision_planned ts=1785572015346 request_id=RfkAYBzqGf9oxSgZ79BzNZ function=mab_decision_1785571995 selected_arm=x86 execution_arm=x86 fallback=false fallback_reason=
2026/08/01 10:13:35 [LB] Selected target for function 'mab_decision_1785571995': selected_arm=x86 execution_arm=x86 fallback=false fallback_reason= candidate=6qtyLnSEhPd2fAKT9Aacjh1785571996228650346
2026/08/01 10:13:35 [LB] Compatible tag found: function=mab_decision_1785571995 tag=arm arch=amd64 pattern="" ring_size=1
2026/08/01 10:13:35 [LB] Compatible tag found: function=mab_decision_1785571995 tag=x86 arch=amd64 pattern="" ring_size=1
2026/08/01 10:13:35 [LB] Compatible tags for function 'mab_decision_1785571995': [arm x86]
2026/08/01 10:13:35 [LB][MAB] event=before_select function=mab_decision_1785571995 compatible_tags=[arm x86] has_context=true
2026/08/01 10:13:35 [MAB] event=arm_score ts=1785572015346 policy=UCB1 function=mab_decision_1785571995 arm=arm score=-6.194472 count=1 in_flight=1 effective_count=2 avg_reward=-6.912121 exploration_bonus=0.717649 total_counts=2 total_in_flight=3 effective_total_counts=5 contextual=false
2026/08/01 10:13:35 [MAB] event=arm_score ts=1785572015346 policy=UCB1 function=mab_decision_1785571995 arm=x86 score=-6.325840 count=1 in_flight=2 effective_count=3 avg_reward=-6.911798 exploration_bonus=0.585958 total_counts=2 total_in_flight=3 effective_total_counts=5 contextual=false
2026/08/01 10:13:35 [MAB] event=in_flight_changed ts=1785572015346 policy=UCB1 function=mab_decision_1785571995 arm=arm action=started in_flight=2 total_in_flight=4
2026/08/01 10:13:35 [MAB] event=select_arm ts=1785572015346 policy=UCB1 function=mab_decision_1785571995 selected_arm=arm reason=ucb_score score=-6.194472 total_counts=2 total_in_flight=4 effective_total_counts=6 arms=[arm,x86]
2026/08/01 10:13:35 [LB][MAB] event=after_select function=mab_decision_1785571995 selected_tag=arm compatible_tags=[arm x86]
2026/08/01 10:13:35 [MAB] event=decision_created ts=1785572015346 request_id=TLcs5uQUdyXSUFcdCGgZhf function=mab_decision_1785571995 selected_arm=arm
2026/08/01 10:13:35 Candidate has: 384 MB free memory. Function needs: 128 MB
2026/08/01 10:13:35 [MAB] event=decision_planned ts=1785572015346 request_id=TLcs5uQUdyXSUFcdCGgZhf function=mab_decision_1785571995 selected_arm=arm execution_arm=arm fallback=false fallback_reason=
2026/08/01 10:13:35 [LB] Selected target for function 'mab_decision_1785571995': selected_arm=arm execution_arm=arm fallback=false fallback_reason= candidate=y27DAP67mh7HXHvep44BgV1785571996229472002
2026/08/01 10:13:35 [LB] Compatible tag found: function=mab_decision_1785571995 tag=arm arch=amd64 pattern="" ring_size=1
2026/08/01 10:13:35 [LB] Compatible tag found: function=mab_decision_1785571995 tag=x86 arch=amd64 pattern="" ring_size=1
2026/08/01 10:13:35 [LB] Compatible tags for function 'mab_decision_1785571995': [arm x86]
2026/08/01 10:13:35 [LB][MAB] event=before_select function=mab_decision_1785571995 compatible_tags=[arm x86] has_context=true
2026/08/01 10:13:35 [MAB] event=arm_score ts=1785572015346 policy=UCB1 function=mab_decision_1785571995 arm=arm score=-6.293863 count=1 in_flight=2 effective_count=3 avg_reward=-6.912121 exploration_bonus=0.618257 total_counts=2 total_in_flight=4 effective_total_counts=6 contextual=false
2026/08/01 10:13:35 [MAB] event=arm_score ts=1785572015346 policy=UCB1 function=mab_decision_1785571995 arm=x86 score=-6.293541 count=1 in_flight=2 effective_count=3 avg_reward=-6.911798 exploration_bonus=0.618257 total_counts=2 total_in_flight=4 effective_total_counts=6 contextual=false
2026/08/01 10:13:35 [MAB] event=in_flight_changed ts=1785572015346 policy=UCB1 function=mab_decision_1785571995 arm=x86 action=started in_flight=3 total_in_flight=5
2026/08/01 10:13:35 [MAB] event=select_arm ts=1785572015346 policy=UCB1 function=mab_decision_1785571995 selected_arm=x86 reason=ucb_score score=-6.293541 total_counts=2 total_in_flight=5 effective_total_counts=7 arms=[arm,x86]
2026/08/01 10:13:35 [LB][MAB] event=after_select function=mab_decision_1785571995 selected_tag=x86 compatible_tags=[arm x86]
2026/08/01 10:13:35 [MAB] event=decision_created ts=1785572015346 request_id=2v4zPVxfLSUQGhAv8P6EfT function=mab_decision_1785571995 selected_arm=x86
2026/08/01 10:13:35 Candidate has: 128 MB free memory. Function needs: 128 MB
2026/08/01 10:13:35 [MAB] event=decision_planned ts=1785572015346 request_id=2v4zPVxfLSUQGhAv8P6EfT function=mab_decision_1785571995 selected_arm=x86 execution_arm=x86 fallback=false fallback_reason=
2026/08/01 10:13:35 [LB] Selected target for function 'mab_decision_1785571995': selected_arm=x86 execution_arm=x86 fallback=false fallback_reason= candidate=6qtyLnSEhPd2fAKT9Aacjh1785571996228650346
2026/08/01 10:13:35 [LB] Compatible tag found: function=mab_decision_1785571995 tag=arm arch=amd64 pattern="" ring_size=1
2026/08/01 10:13:35 [LB] Compatible tag found: function=mab_decision_1785571995 tag=x86 arch=amd64 pattern="" ring_size=1
2026/08/01 10:13:35 [LB] Compatible tags for function 'mab_decision_1785571995': [arm x86]
2026/08/01 10:13:35 [LB][MAB] event=before_select function=mab_decision_1785571995 compatible_tags=[arm x86] has_context=true
2026/08/01 10:13:35 [MAB] event=arm_score ts=1785572015346 policy=UCB1 function=mab_decision_1785571995 arm=arm score=-6.267817 count=1 in_flight=2 effective_count=3 avg_reward=-6.912121 exploration_bonus=0.644304 total_counts=2 total_in_flight=5 effective_total_counts=7 contextual=false
2026/08/01 10:13:35 [MAB] event=arm_score ts=1785572015346 policy=UCB1 function=mab_decision_1785571995 arm=x86 score=-6.353814 count=1 in_flight=3 effective_count=4 avg_reward=-6.911798 exploration_bonus=0.557984 total_counts=2 total_in_flight=5 effective_total_counts=7 contextual=false
2026/08/01 10:13:35 [MAB] event=in_flight_changed ts=1785572015346 policy=UCB1 function=mab_decision_1785571995 arm=arm action=started in_flight=3 total_in_flight=6
2026/08/01 10:13:35 [MAB] event=select_arm ts=1785572015346 policy=UCB1 function=mab_decision_1785571995 selected_arm=arm reason=ucb_score score=-6.267817 total_counts=2 total_in_flight=6 effective_total_counts=8 arms=[arm,x86]
2026/08/01 10:13:35 [LB][MAB] event=after_select function=mab_decision_1785571995 selected_tag=arm compatible_tags=[arm x86]
2026/08/01 10:13:35 [MAB] event=decision_created ts=1785572015346 request_id=XwnUTikcQKgkkwoZoX7b6U function=mab_decision_1785571995 selected_arm=arm
2026/08/01 10:13:35 Candidate has: 256 MB free memory. Function needs: 128 MB
2026/08/01 10:13:35 [MAB] event=decision_planned ts=1785572015346 request_id=XwnUTikcQKgkkwoZoX7b6U function=mab_decision_1785571995 selected_arm=arm execution_arm=arm fallback=false fallback_reason=
2026/08/01 10:13:35 [LB] Selected target for function 'mab_decision_1785571995': selected_arm=arm execution_arm=arm fallback=false fallback_reason= candidate=y27DAP67mh7HXHvep44BgV1785571996229472002
2026/08/01 10:13:35 [LB] Compatible tag found: function=mab_decision_1785571995 tag=arm arch=amd64 pattern="" ring_size=1
2026/08/01 10:13:35 [LB] Compatible tag found: function=mab_decision_1785571995 tag=x86 arch=amd64 pattern="" ring_size=1
2026/08/01 10:13:35 [LB] Compatible tags for function 'mab_decision_1785571995': [arm x86]
2026/08/01 10:13:35 [LB][MAB] event=before_select function=mab_decision_1785571995 compatible_tags=[arm x86] has_context=true
2026/08/01 10:13:35 [MAB] event=arm_score ts=1785572015346 policy=UCB1 function=mab_decision_1785571995 arm=arm score=-6.335310 count=1 in_flight=3 effective_count=4 avg_reward=-6.912121 exploration_bonus=0.576811 total_counts=2 total_in_flight=6 effective_total_counts=8 contextual=false
2026/08/01 10:13:35 [MAB] event=arm_score ts=1785572015347 policy=UCB1 function=mab_decision_1785571995 arm=x86 score=-6.334987 count=1 in_flight=3 effective_count=4 avg_reward=-6.911798 exploration_bonus=0.576811 total_counts=2 total_in_flight=6 effective_total_counts=8 contextual=false
2026/08/01 10:13:35 [MAB] event=in_flight_changed ts=1785572015347 policy=UCB1 function=mab_decision_1785571995 arm=x86 action=started in_flight=4 total_in_flight=7
2026/08/01 10:13:35 [MAB] event=select_arm ts=1785572015347 policy=UCB1 function=mab_decision_1785571995 selected_arm=x86 reason=ucb_score score=-6.334987 total_counts=2 total_in_flight=7 effective_total_counts=9 arms=[arm,x86]
2026/08/01 10:13:35 [LB][MAB] event=after_select function=mab_decision_1785571995 selected_tag=x86 compatible_tags=[arm x86]
2026/08/01 10:13:35 [MAB] event=decision_created ts=1785572015347 request_id=6ER7HBvsJ4zjknfXoEvk4U function=mab_decision_1785571995 selected_arm=x86
2026/08/01 10:13:35 Candidate has: 0 MB free memory. Function needs: 128 MB
2026/08/01 10:13:35 Candidate has: 128 MB free memory. Function needs: 128 MB
2026/08/01 10:13:35 [LB] Fallback: using ring 'arm'
2026/08/01 10:13:35 [MAB] event=decision_planned ts=1785572015347 request_id=6ER7HBvsJ4zjknfXoEvk4U function=mab_decision_1785571995 selected_arm=x86 execution_arm=arm fallback=true fallback_reason=selected_arm_no_candidate
2026/08/01 10:13:35 [LB] Selected target for function 'mab_decision_1785571995': selected_arm=x86 execution_arm=arm fallback=true fallback_reason=selected_arm_no_candidate candidate=y27DAP67mh7HXHvep44BgV1785571996229472002
2026/08/01 10:13:35 [LB] Compatible tag found: function=mab_decision_1785571995 tag=arm arch=amd64 pattern="" ring_size=1
2026/08/01 10:13:35 [LB] Compatible tag found: function=mab_decision_1785571995 tag=x86 arch=amd64 pattern="" ring_size=1
2026/08/01 10:13:35 [LB] Compatible tags for function 'mab_decision_1785571995': [arm x86]
2026/08/01 10:13:35 [LB][MAB] event=before_select function=mab_decision_1785571995 compatible_tags=[arm x86] has_context=true
2026/08/01 10:13:35 [MAB] event=arm_score ts=1785572015347 policy=UCB1 function=mab_decision_1785571995 arm=arm score=-6.319199 count=1 in_flight=3 effective_count=4 avg_reward=-6.912121 exploration_bonus=0.592922 total_counts=2 total_in_flight=7 effective_total_counts=9 contextual=false
2026/08/01 10:13:35 [MAB] event=arm_score ts=1785572015347 policy=UCB1 function=mab_decision_1785571995 arm=x86 score=-6.381473 count=1 in_flight=4 effective_count=5 avg_reward=-6.911798 exploration_bonus=0.530325 total_counts=2 total_in_flight=7 effective_total_counts=9 contextual=false
2026/08/01 10:13:35 [MAB] event=in_flight_changed ts=1785572015347 policy=UCB1 function=mab_decision_1785571995 arm=arm action=started in_flight=4 total_in_flight=8
2026/08/01 10:13:35 [MAB] event=select_arm ts=1785572015347 policy=UCB1 function=mab_decision_1785571995 selected_arm=arm reason=ucb_score score=-6.319199 total_counts=2 total_in_flight=8 effective_total_counts=10 arms=[arm,x86]
2026/08/01 10:13:35 [LB][MAB] event=after_select function=mab_decision_1785571995 selected_tag=arm compatible_tags=[arm x86]
2026/08/01 10:13:35 [MAB] event=decision_created ts=1785572015347 request_id=cAhaZbRvtb3jdha7e6uzmd function=mab_decision_1785571995 selected_arm=arm
2026/08/01 10:13:35 Candidate has: 0 MB free memory. Function needs: 128 MB
2026/08/01 10:13:35 Candidate has: 0 MB free memory. Function needs: 128 MB
2026/08/01 10:13:35 [MAB] event=in_flight_changed ts=1785572015348 policy=UCB1 function=mab_decision_1785571995 arm=arm action=resolved in_flight=3 total_in_flight=7
2026/08/01 10:13:35 [MAB] event=decision_cancelled ts=1785572015348 request_id=cAhaZbRvtb3jdha7e6uzmd function=mab_decision_1785571995 selected_arm=arm execution_arm= fallback=false fallback_reason=no_candidate_after_fallback reason=no_candidate_after_fallback direct_executions=4 fallback_executions=0 cancelled_decisions=1 bandit_manager_available=true
2026/08/01 10:13:35 [LB] No candidate available for function 'mab_decision_1785571995' after fallback
2026/08/01 10:13:35 [LB] Compatible tag found: function=mab_decision_1785571995 tag=arm arch=amd64 pattern="" ring_size=1
2026/08/01 10:13:35 [LB] Compatible tag found: function=mab_decision_1785571995 tag=x86 arch=amd64 pattern="" ring_size=1
2026/08/01 10:13:35 [LB] Compatible tags for function 'mab_decision_1785571995': [arm x86]
2026/08/01 10:13:35 [LB][MAB] event=before_select function=mab_decision_1785571995 compatible_tags=[arm x86] has_context=true
2026/08/01 10:13:35 [MAB] event=arm_score ts=1785572015348 policy=UCB1 function=mab_decision_1785571995 arm=arm score=-6.319199 count=1 in_flight=3 effective_count=4 avg_reward=-6.912121 exploration_bonus=0.592922 total_counts=2 total_in_flight=7 effective_total_counts=9 contextual=false
2026/08/01 10:13:35 [MAB] event=arm_score ts=1785572015348 policy=UCB1 function=mab_decision_1785571995 arm=x86 score=-6.381473 count=1 in_flight=4 effective_count=5 avg_reward=-6.911798 exploration_bonus=0.530325 total_counts=2 total_in_flight=7 effective_total_counts=9 contextual=false
2026/08/01 10:13:35 [MAB] event=in_flight_changed ts=1785572015348 policy=UCB1 function=mab_decision_1785571995 arm=arm action=started in_flight=4 total_in_flight=8
2026/08/01 10:13:35 [MAB] event=select_arm ts=1785572015348 policy=UCB1 function=mab_decision_1785571995 selected_arm=arm reason=ucb_score score=-6.319199 total_counts=2 total_in_flight=8 effective_total_counts=10 arms=[arm,x86]
2026/08/01 10:13:35 [LB][MAB] event=after_select function=mab_decision_1785571995 selected_tag=arm compatible_tags=[arm x86]
2026/08/01 10:13:35 [MAB] event=decision_created ts=1785572015348 request_id=mRgfmU5Ee343dMvStaeJ6F function=mab_decision_1785571995 selected_arm=arm
2026/08/01 10:13:35 Candidate has: 0 MB free memory. Function needs: 128 MB
2026/08/01 10:13:35 Candidate has: 0 MB free memory. Function needs: 128 MB
2026/08/01 10:13:35 [MAB] event=in_flight_changed ts=1785572015348 policy=UCB1 function=mab_decision_1785571995 arm=arm action=resolved in_flight=3 total_in_flight=7
2026/08/01 10:13:35 [MAB] event=decision_cancelled ts=1785572015348 request_id=mRgfmU5Ee343dMvStaeJ6F function=mab_decision_1785571995 selected_arm=arm execution_arm= fallback=false fallback_reason=no_candidate_after_fallback reason=no_candidate_after_fallback direct_executions=4 fallback_executions=0 cancelled_decisions=2 bandit_manager_available=true
2026/08/01 10:13:35 [LB] No candidate available for function 'mab_decision_1785571995' after fallback
2026/08/01 10:13:35 [LB] Compatible tag found: function=mab_decision_1785571995 tag=arm arch=amd64 pattern="" ring_size=1
2026/08/01 10:13:35 [LB] Compatible tag found: function=mab_decision_1785571995 tag=x86 arch=amd64 pattern="" ring_size=1
2026/08/01 10:13:35 [LB] Compatible tags for function 'mab_decision_1785571995': [arm x86]
2026/08/01 10:13:35 [LB][MAB] event=before_select function=mab_decision_1785571995 compatible_tags=[arm x86] has_context=true
2026/08/01 10:13:35 [MAB] event=arm_score ts=1785572015348 policy=UCB1 function=mab_decision_1785571995 arm=arm score=-6.319199 count=1 in_flight=3 effective_count=4 avg_reward=-6.912121 exploration_bonus=0.592922 total_counts=2 total_in_flight=7 effective_total_counts=9 contextual=false
2026/08/01 10:13:35 [MAB] event=arm_score ts=1785572015348 policy=UCB1 function=mab_decision_1785571995 arm=x86 score=-6.381473 count=1 in_flight=4 effective_count=5 avg_reward=-6.911798 exploration_bonus=0.530325 total_counts=2 total_in_flight=7 effective_total_counts=9 contextual=false
2026/08/01 10:13:35 [MAB] event=in_flight_changed ts=1785572015348 policy=UCB1 function=mab_decision_1785571995 arm=arm action=started in_flight=4 total_in_flight=8
2026/08/01 10:13:35 [MAB] event=select_arm ts=1785572015348 policy=UCB1 function=mab_decision_1785571995 selected_arm=arm reason=ucb_score score=-6.319199 total_counts=2 total_in_flight=8 effective_total_counts=10 arms=[arm,x86]
2026/08/01 10:13:35 [LB][MAB] event=after_select function=mab_decision_1785571995 selected_tag=arm compatible_tags=[arm x86]
2026/08/01 10:13:35 [MAB] event=decision_created ts=1785572015348 request_id=PiczAZEFXNTyHR2DsFc2Cg function=mab_decision_1785571995 selected_arm=arm
2026/08/01 10:13:35 Candidate has: 0 MB free memory. Function needs: 128 MB
2026/08/01 10:13:35 Candidate has: 0 MB free memory. Function needs: 128 MB
2026/08/01 10:13:35 [MAB] event=in_flight_changed ts=1785572015348 policy=UCB1 function=mab_decision_1785571995 arm=arm action=resolved in_flight=3 total_in_flight=7
2026/08/01 10:13:35 [MAB] event=decision_cancelled ts=1785572015348 request_id=PiczAZEFXNTyHR2DsFc2Cg function=mab_decision_1785571995 selected_arm=arm execution_arm= fallback=false fallback_reason=no_candidate_after_fallback reason=no_candidate_after_fallback direct_executions=4 fallback_executions=0 cancelled_decisions=3 bandit_manager_available=true
2026/08/01 10:13:35 [LB] No candidate available for function 'mab_decision_1785571995' after fallback
2026/08/01 10:13:35 [LB] Compatible tag found: function=mab_decision_1785571995 tag=arm arch=amd64 pattern="" ring_size=1
2026/08/01 10:13:35 [LB] Compatible tag found: function=mab_decision_1785571995 tag=x86 arch=amd64 pattern="" ring_size=1
2026/08/01 10:13:35 [LB] Compatible tags for function 'mab_decision_1785571995': [arm x86]
2026/08/01 10:13:35 [LB][MAB] event=before_select function=mab_decision_1785571995 compatible_tags=[arm x86] has_context=true
2026/08/01 10:13:35 [MAB] event=arm_score ts=1785572015348 policy=UCB1 function=mab_decision_1785571995 arm=arm score=-6.319199 count=1 in_flight=3 effective_count=4 avg_reward=-6.912121 exploration_bonus=0.592922 total_counts=2 total_in_flight=7 effective_total_counts=9 contextual=false
2026/08/01 10:13:35 [MAB] event=arm_score ts=1785572015348 policy=UCB1 function=mab_decision_1785571995 arm=x86 score=-6.381473 count=1 in_flight=4 effective_count=5 avg_reward=-6.911798 exploration_bonus=0.530325 total_counts=2 total_in_flight=7 effective_total_counts=9 contextual=false
2026/08/01 10:13:35 [MAB] event=in_flight_changed ts=1785572015348 policy=UCB1 function=mab_decision_1785571995 arm=arm action=started in_flight=4 total_in_flight=8
2026/08/01 10:13:35 [MAB] event=select_arm ts=1785572015348 policy=UCB1 function=mab_decision_1785571995 selected_arm=arm reason=ucb_score score=-6.319199 total_counts=2 total_in_flight=8 effective_total_counts=10 arms=[arm,x86]
2026/08/01 10:13:35 [LB][MAB] event=after_select function=mab_decision_1785571995 selected_tag=arm compatible_tags=[arm x86]
2026/08/01 10:13:35 [MAB] event=decision_created ts=1785572015349 request_id=U7gQRw4q7eSd6TZzYZxFtW function=mab_decision_1785571995 selected_arm=arm
2026/08/01 10:13:35 Candidate has: 0 MB free memory. Function needs: 128 MB
2026/08/01 10:13:35 Candidate has: 0 MB free memory. Function needs: 128 MB
2026/08/01 10:13:35 [MAB] event=in_flight_changed ts=1785572015349 policy=UCB1 function=mab_decision_1785571995 arm=arm action=resolved in_flight=3 total_in_flight=7
2026/08/01 10:13:35 [MAB] event=decision_cancelled ts=1785572015349 request_id=U7gQRw4q7eSd6TZzYZxFtW function=mab_decision_1785571995 selected_arm=arm execution_arm= fallback=false fallback_reason=no_candidate_after_fallback reason=no_candidate_after_fallback direct_executions=4 fallback_executions=0 cancelled_decisions=4 bandit_manager_available=true
2026/08/01 10:13:35 [LB] No candidate available for function 'mab_decision_1785571995' after fallback
2026/08/01 10:13:35 [LB] Compatible tag found: function=mab_decision_1785571995 tag=arm arch=amd64 pattern="" ring_size=1
2026/08/01 10:13:35 [LB] Compatible tag found: function=mab_decision_1785571995 tag=x86 arch=amd64 pattern="" ring_size=1
2026/08/01 10:13:35 [LB] Compatible tags for function 'mab_decision_1785571995': [arm x86]
2026/08/01 10:13:35 [LB][MAB] event=before_select function=mab_decision_1785571995 compatible_tags=[arm x86] has_context=true
2026/08/01 10:13:35 [MAB] event=arm_score ts=1785572015349 policy=UCB1 function=mab_decision_1785571995 arm=arm score=-6.319199 count=1 in_flight=3 effective_count=4 avg_reward=-6.912121 exploration_bonus=0.592922 total_counts=2 total_in_flight=7 effective_total_counts=9 contextual=false
2026/08/01 10:13:35 [MAB] event=arm_score ts=1785572015349 policy=UCB1 function=mab_decision_1785571995 arm=x86 score=-6.381473 count=1 in_flight=4 effective_count=5 avg_reward=-6.911798 exploration_bonus=0.530325 total_counts=2 total_in_flight=7 effective_total_counts=9 contextual=false
2026/08/01 10:13:35 [MAB] event=in_flight_changed ts=1785572015349 policy=UCB1 function=mab_decision_1785571995 arm=arm action=started in_flight=4 total_in_flight=8
2026/08/01 10:13:35 [MAB] event=select_arm ts=1785572015349 policy=UCB1 function=mab_decision_1785571995 selected_arm=arm reason=ucb_score score=-6.319199 total_counts=2 total_in_flight=8 effective_total_counts=10 arms=[arm,x86]
2026/08/01 10:13:35 [LB][MAB] event=after_select function=mab_decision_1785571995 selected_tag=arm compatible_tags=[arm x86]
2026/08/01 10:13:35 [MAB] event=decision_created ts=1785572015349 request_id=rPRctxhuhh3qxxpu86K29B function=mab_decision_1785571995 selected_arm=arm
2026/08/01 10:13:35 Candidate has: 0 MB free memory. Function needs: 128 MB
2026/08/01 10:13:35 Candidate has: 0 MB free memory. Function needs: 128 MB
2026/08/01 10:13:35 [MAB] event=in_flight_changed ts=1785572015349 policy=UCB1 function=mab_decision_1785571995 arm=arm action=resolved in_flight=3 total_in_flight=7
2026/08/01 10:13:35 [MAB] event=decision_cancelled ts=1785572015349 request_id=rPRctxhuhh3qxxpu86K29B function=mab_decision_1785571995 selected_arm=arm execution_arm= fallback=false fallback_reason=no_candidate_after_fallback reason=no_candidate_after_fallback direct_executions=4 fallback_executions=0 cancelled_decisions=5 bandit_manager_available=true
2026/08/01 10:13:35 [LB] No candidate available for function 'mab_decision_1785571995' after fallback
2026/08/01 10:13:36 [LB]: Periodic targets update
2026/08/01 10:13:36 Found target: y27DAP67mh7HXHvep44BgV1785571996229472002
2026/08/01 10:13:36 Found target: 6qtyLnSEhPd2fAKT9Aacjh1785571996228650346
2026/08/01 10:13:36 Found 2 targets
2026/08/01 10:13:39 [LB]: Periodic targets update
2026/08/01 10:13:39 Found target: y27DAP67mh7HXHvep44BgV1785571996229472002
2026/08/01 10:13:39 Found target: 6qtyLnSEhPd2fAKT9Aacjh1785571996228650346
2026/08/01 10:13:39 Found 2 targets
2026/08/01 10:13:39 [LB-Update] Node y27DAP67mh7HXHvep44BgV1785571996229472002 reported 0 MB free
2026/08/01 10:13:39 [MAB] event=execution_timing ts=1785572019350 policy=UCB1 function=mab_decision_1785571995 arm=arm node_name=y27DAP67mh7HXHvep44BgV1785571996229472002 execution_node=y27DAP67mh7HXHvep44BgV1785571996229472002 warm_start=true response_time_ms=4003.630834 duration_ms=4003.456140 init_time_ms=0.127984 queueing_time_ms=0.000000 offload_latency_ms=0.000000 response_minus_duration_ms=0.174694
2026/08/01 10:13:39 [MAB] event=in_flight_changed ts=1785572019350 policy=UCB1 function=mab_decision_1785571995 arm=arm action=resolved in_flight=2 total_in_flight=6
2026/08/01 10:13:39 [LB-Update] Node 6qtyLnSEhPd2fAKT9Aacjh1785571996228650346 reported 128 MB free
2026/08/01 10:13:39 [MAB] event=reward_breakdown ts=1785572019350 policy=UCB1 function=mab_decision_1785571995 arm=arm base_tag=arm architecture=arm specialization=default capabilities=[] duration_ms=4003.456140 latency_reward=-8.294913 cost_weight=0.000000 cost_factor=1.000000 cost_term=0.000000 energy_weight=0.000000 energy_factor=1.000000 energy_term=0.000000 final_reward=-8.294913
2026/08/01 10:13:39 [MAB] event=cold_start_stats ts=1785572019350 policy=UCB1 function=mab_decision_1785571995 arm=arm total_invocations=3 cold_observed=1 warm_observed=2 cold_accepted=0 cold_skipped=1 invalid_feedback=0 cold_duration_samples=1 warm_duration_samples=2 cold_init_time_samples=1 avg_cold_duration_ms=1005.843144 avg_warm_duration_ms=2503.915563 avg_cold_init_time_ms=495.155835
2026/08/01 10:13:39 [MAB] event=update_reward ts=1785572019350 policy=UCB1 function=mab_decision_1785571995 arm=arm duration_ms=4003.456140 warm_start=true reward=-8.294913 count=2 avg_reward=-7.603517 total_counts=3
2026/08/01 10:13:39 [MAB] event=decision_resolved ts=1785572019350 request_id=V4zbabGWKQCUxvGeWgEiqL function=mab_decision_1785571995 selected_arm=arm execution_arm=arm fallback=false fallback_reason= direct_executions=5 fallback_executions=0 cancelled_decisions=5
2026/08/01 10:13:39 [MAB] event=execution_timing ts=1785572019350 policy=UCB1 function=mab_decision_1785571995 arm=x86 node_name=6qtyLnSEhPd2fAKT9Aacjh1785571996228650346 execution_node=6qtyLnSEhPd2fAKT9Aacjh1785571996228650346 warm_start=true response_time_ms=4004.315764 duration_ms=4004.115500 init_time_ms=0.175688 queueing_time_ms=0.000000 offload_latency_ms=0.000000 response_minus_duration_ms=0.200264
2026/08/01 10:13:39 [MAB] event=in_flight_changed ts=1785572019350 policy=UCB1 function=mab_decision_1785571995 arm=x86 action=resolved in_flight=3 total_in_flight=5
2026/08/01 10:13:39 [MAB] event=reward_breakdown ts=1785572019350 policy=UCB1 function=mab_decision_1785571995 arm=x86 base_tag=x86 architecture=x86 specialization=default capabilities=[] duration_ms=4004.115500 latency_reward=-8.295078 cost_weight=0.000000 cost_factor=1.000000 cost_term=0.000000 energy_weight=0.000000 energy_factor=1.000000 energy_term=0.000000 final_reward=-8.295078
2026/08/01 10:13:39 [MAB] event=cold_start_stats ts=1785572019350 policy=UCB1 function=mab_decision_1785571995 arm=x86 total_invocations=3 cold_observed=1 warm_observed=2 cold_accepted=0 cold_skipped=1 invalid_feedback=0 cold_duration_samples=1 warm_duration_samples=2 cold_init_time_samples=1 avg_cold_duration_ms=1007.015113 avg_warm_duration_ms=2504.083201 avg_cold_init_time_ms=467.998788
2026/08/01 10:13:39 [MAB] event=update_reward ts=1785572019350 policy=UCB1 function=mab_decision_1785571995 arm=x86 duration_ms=4004.115500 warm_start=true reward=-8.295078 count=2 avg_reward=-7.603438 total_counts=4
2026/08/01 10:13:39 [MAB] event=decision_resolved ts=1785572019350 request_id=froZtABbCZNqqgx2auxmy9 function=mab_decision_1785571995 selected_arm=x86 execution_arm=x86 fallback=false fallback_reason= direct_executions=6 fallback_executions=0 cancelled_decisions=5
2026/08/01 10:13:39 [LB-Update] Node 6qtyLnSEhPd2fAKT9Aacjh1785571996228650346 reported 256 MB free
2026/08/01 10:13:39 [MAB] event=execution_timing ts=1785572019840 policy=UCB1 function=mab_decision_1785571995 arm=x86 node_name=6qtyLnSEhPd2fAKT9Aacjh1785571996228650346 execution_node=6qtyLnSEhPd2fAKT9Aacjh1785571996228650346 warm_start=false response_time_ms=4493.362339 duration_ms=4007.298136 init_time_ms=486.041866 queueing_time_ms=0.000000 offload_latency_ms=0.000000 response_minus_duration_ms=486.064203
2026/08/01 10:13:39 [MAB] event=in_flight_changed ts=1785572019840 policy=UCB1 function=mab_decision_1785571995 arm=x86 action=resolved in_flight=2 total_in_flight=4
2026/08/01 10:13:39 [MAB] event=skip_cold_start ts=1785572019840 policy=UCB1 function=mab_decision_1785571995 arm=x86 duration_ms=4007.298136 reason=cold_start
2026/08/01 10:13:39 [MAB] event=cold_start_stats ts=1785572019840 policy=UCB1 function=mab_decision_1785571995 arm=x86 total_invocations=4 cold_observed=2 warm_observed=2 cold_accepted=0 cold_skipped=2 invalid_feedback=0 cold_duration_samples=2 warm_duration_samples=2 cold_init_time_samples=2 avg_cold_duration_ms=2507.156625 avg_warm_duration_ms=2504.083201 avg_cold_init_time_ms=477.020327
2026/08/01 10:13:39 [MAB] event=decision_resolved ts=1785572019840 request_id=2v4zPVxfLSUQGhAv8P6EfT function=mab_decision_1785571995 selected_arm=x86 execution_arm=x86 fallback=false fallback_reason= direct_executions=7 fallback_executions=0 cancelled_decisions=5
2026/08/01 10:13:39 [LB-Update] Node 6qtyLnSEhPd2fAKT9Aacjh1785571996228650346 reported 384 MB free
2026/08/01 10:13:39 [MAB] event=execution_timing ts=1785572019854 policy=UCB1 function=mab_decision_1785571995 arm=x86 node_name=6qtyLnSEhPd2fAKT9Aacjh1785571996228650346 execution_node=6qtyLnSEhPd2fAKT9Aacjh1785571996228650346 warm_start=false response_time_ms=4507.138911 duration_ms=4007.539413 init_time_ms=499.587214 queueing_time_ms=0.000000 offload_latency_ms=0.000000 response_minus_duration_ms=499.599498
2026/08/01 10:13:39 [MAB] event=in_flight_changed ts=1785572019854 policy=UCB1 function=mab_decision_1785571995 arm=x86 action=resolved in_flight=1 total_in_flight=3
2026/08/01 10:13:39 [MAB] event=skip_cold_start ts=1785572019854 policy=UCB1 function=mab_decision_1785571995 arm=x86 duration_ms=4007.539413 reason=cold_start
2026/08/01 10:13:39 [MAB] event=cold_start_stats ts=1785572019854 policy=UCB1 function=mab_decision_1785571995 arm=x86 total_invocations=5 cold_observed=3 warm_observed=2 cold_accepted=0 cold_skipped=3 invalid_feedback=0 cold_duration_samples=3 warm_duration_samples=2 cold_init_time_samples=3 avg_cold_duration_ms=3007.284221 avg_warm_duration_ms=2504.083201 avg_cold_init_time_ms=484.542623
2026/08/01 10:13:39 [MAB] event=decision_resolved ts=1785572019854 request_id=RfkAYBzqGf9oxSgZ79BzNZ function=mab_decision_1785571995 selected_arm=x86 execution_arm=x86 fallback=false fallback_reason= direct_executions=8 fallback_executions=0 cancelled_decisions=5
2026/08/01 10:13:39 [LB-Update] Node y27DAP67mh7HXHvep44BgV1785571996229472002 reported 128 MB free
2026/08/01 10:13:39 [MAB] event=execution_timing ts=1785572019872 policy=UCB1 function=mab_decision_1785571995 arm=arm node_name=y27DAP67mh7HXHvep44BgV1785571996229472002 execution_node=y27DAP67mh7HXHvep44BgV1785571996229472002 warm_start=false response_time_ms=4524.886656 duration_ms=4007.374083 init_time_ms=517.497219 queueing_time_ms=0.000000 offload_latency_ms=0.000000 response_minus_duration_ms=517.512573
2026/08/01 10:13:39 [MAB] event=in_flight_changed ts=1785572019872 policy=UCB1 function=mab_decision_1785571995 arm=arm action=resolved in_flight=1 total_in_flight=2
2026/08/01 10:13:39 [MAB] event=skip_cold_start ts=1785572019872 policy=UCB1 function=mab_decision_1785571995 arm=arm duration_ms=4007.374083 reason=cold_start
2026/08/01 10:13:39 [MAB] event=cold_start_stats ts=1785572019872 policy=UCB1 function=mab_decision_1785571995 arm=arm total_invocations=4 cold_observed=2 warm_observed=2 cold_accepted=0 cold_skipped=2 invalid_feedback=0 cold_duration_samples=2 warm_duration_samples=2 cold_init_time_samples=2 avg_cold_duration_ms=2506.608614 avg_warm_duration_ms=2503.915563 avg_cold_init_time_ms=506.326527
2026/08/01 10:13:39 [MAB] event=decision_resolved ts=1785572019872 request_id=TLcs5uQUdyXSUFcdCGgZhf function=mab_decision_1785571995 selected_arm=arm execution_arm=arm fallback=false fallback_reason= direct_executions=9 fallback_executions=0 cancelled_decisions=5
2026/08/01 10:13:39 [LB-Update] Node y27DAP67mh7HXHvep44BgV1785571996229472002 reported 256 MB free
2026/08/01 10:13:39 [MAB] event=execution_timing ts=1785572019887 policy=UCB1 function=mab_decision_1785571995 arm=arm node_name=y27DAP67mh7HXHvep44BgV1785571996229472002 execution_node=y27DAP67mh7HXHvep44BgV1785571996229472002 warm_start=false response_time_ms=4537.470719 duration_ms=4008.516493 init_time_ms=528.941688 queueing_time_ms=0.000000 offload_latency_ms=0.000000 response_minus_duration_ms=528.954226
2026/08/01 10:13:39 [MAB] event=in_flight_changed ts=1785572019887 policy=UCB1 function=mab_decision_1785571995 arm=x86 action=resolved in_flight=0 total_in_flight=1
2026/08/01 10:13:39 [MAB] event=skip_cold_start ts=1785572019887 policy=UCB1 function=mab_decision_1785571995 arm=arm duration_ms=4008.516493 reason=cold_start
2026/08/01 10:13:39 [MAB] event=cold_start_stats ts=1785572019887 policy=UCB1 function=mab_decision_1785571995 arm=arm total_invocations=5 cold_observed=3 warm_observed=2 cold_accepted=0 cold_skipped=3 invalid_feedback=0 cold_duration_samples=3 warm_duration_samples=2 cold_init_time_samples=3 avg_cold_duration_ms=3007.244573 avg_warm_duration_ms=2503.915563 avg_cold_init_time_ms=513.864914
2026/08/01 10:13:39 [MAB] event=decision_resolved ts=1785572019887 request_id=6ER7HBvsJ4zjknfXoEvk4U function=mab_decision_1785571995 selected_arm=x86 execution_arm=arm fallback=true fallback_reason=selected_arm_no_candidate direct_executions=9 fallback_executions=1 cancelled_decisions=5
2026/08/01 10:13:39 [LB-Update] Node y27DAP67mh7HXHvep44BgV1785571996229472002 reported 384 MB free
2026/08/01 10:13:39 [MAB] event=execution_timing ts=1785572019891 policy=UCB1 function=mab_decision_1785571995 arm=arm node_name=y27DAP67mh7HXHvep44BgV1785571996229472002 execution_node=y27DAP67mh7HXHvep44BgV1785571996229472002 warm_start=false response_time_ms=4543.513262 duration_ms=4006.229436 init_time_ms=537.273461 queueing_time_ms=0.000000 offload_latency_ms=0.000000 response_minus_duration_ms=537.283826
2026/08/01 10:13:39 [MAB] event=in_flight_changed ts=1785572019891 policy=UCB1 function=mab_decision_1785571995 arm=arm action=resolved in_flight=0 total_in_flight=0
2026/08/01 10:13:39 [MAB] event=skip_cold_start ts=1785572019891 policy=UCB1 function=mab_decision_1785571995 arm=arm duration_ms=4006.229436 reason=cold_start
2026/08/01 10:13:39 [MAB] event=cold_start_stats ts=1785572019891 policy=UCB1 function=mab_decision_1785571995 arm=arm total_invocations=6 cold_observed=4 warm_observed=2 cold_accepted=0 cold_skipped=4 invalid_feedback=0 cold_duration_samples=4 warm_duration_samples=2 cold_init_time_samples=4 avg_cold_duration_ms=3256.990789 avg_warm_duration_ms=2503.915563 avg_cold_init_time_ms=519.717051
2026/08/01 10:13:39 [MAB] event=decision_resolved ts=1785572019891 request_id=XwnUTikcQKgkkwoZoX7b6U function=mab_decision_1785571995 selected_arm=arm execution_arm=arm fallback=false fallback_reason= direct_executions=10 fallback_executions=1 cancelled_decisions=5
2026/08/01 10:13:42 [LB]: Periodic targets update
2026/08/01 10:13:42 Found target: y27DAP67mh7HXHvep44BgV1785571996229472002
2026/08/01 10:13:42 Found target: 6qtyLnSEhPd2fAKT9Aacjh1785571996228650346
2026/08/01 10:13:42 Found 2 targets
