2026/08/01 10:13:16 Local node id: (ROME)y27DAP67mh7HXHvep44BgV1785571996229472002 - arm (arch: amd64)
2026/08/01 10:13:16 Registration for node: (ROME)y27DAP67mh7HXHvep44BgV1785571996229472002 - arm
2026/08/01 10:13:16 Connecting to etcd
2026/08/01 10:13:16 Connected to etcd
2026/08/01 10:13:17 etcd connection state: READY
2026/08/01 10:13:17 etcd: connected and ready
2026/08/01 10:13:17 Registering to etcd: registry/ROME/arm/y27DAP67mh7HXHvep44BgV1785571996229472002
2026/08/01 10:13:17 Configured scheduling policy: default
2026/08/01 10:13:17 Configured offloading policy: disable
2026/08/01 10:13:17 Current resources: [CPUs: 0.000000/32.000000 - Mem: 0(+0 warm)/512]
2026/08/01 10:13:17 Scheduler started.
2026/08/01 10:13:17 No remote area is configured; vertical offloading disabled
2026/08/01 10:13:17 UDP server up and listening on port 9876
⇨ http server started on [::]:1323
2026/08/01 10:13:26 Container a401cb75e21d12f9030abce49a186a9694f155fb9f6a7172db951539502550f8 has name /sharp_carson
2026/08/01 10:13:26 [mab_decision_1785571995] Executing on container: a401cb75e21d12f9030abce49a186a9694f155fb9f6a7172db951539502550f8
2026/08/01 10:13:28 Using warm a401cb75e21d12f9030abce49a186a9694f155fb9f6a7172db951539502550f8 for mab_decision_1785571995. Now: [CPUs: 0.000000/32.000000 - Mem: 128(+0 warm)/512]
2026/08/01 10:13:28 [mab_decision_1785571995] Executing on container: a401cb75e21d12f9030abce49a186a9694f155fb9f6a7172db951539502550f8
2026/08/01 10:13:35 Using warm a401cb75e21d12f9030abce49a186a9694f155fb9f6a7172db951539502550f8 for mab_decision_1785571995. Now: [CPUs: 0.000000/32.000000 - Mem: 128(+0 warm)/512]
2026/08/01 10:13:35 [mab_decision_1785571995] Executing on container: a401cb75e21d12f9030abce49a186a9694f155fb9f6a7172db951539502550f8
2026/08/01 10:13:35 Container a2d159ff7832d842c021befd65c11b4044fee1d2f769da91d8a68d0919275ae4 has name /keen_shannon
2026/08/01 10:13:35 Container 05bb6884310c19906665da49f3a5ee704728f5613f6f846e39ed15c796f19bf0 has name /wonderful_carson
2026/08/01 10:13:35 Container ebb546cd3081dbf000d5cad2f4ec530659655e2075b4f011a20c40b29ee3ba01 has name /epic_chaplygin
2026/08/01 10:13:35 [mab_decision_1785571995] Executing on container: 05bb6884310c19906665da49f3a5ee704728f5613f6f846e39ed15c796f19bf0
2026/08/01 10:13:35 [mab_decision_1785571995] Executing on container: ebb546cd3081dbf000d5cad2f4ec530659655e2075b4f011a20c40b29ee3ba01
2026/08/01 10:13:35 [mab_decision_1785571995] Executing on container: a2d159ff7832d842c021befd65c11b4044fee1d2f769da91d8a68d0919275ae4
2026/08/01 10:13:37 Periodic nearby Monitoring
2026/08/01 10:13:37 Requesting status information for 192.168.0.46:9877
