2026/07/06 18:40:42 Local node id: (ROME)UNXLpUWWE3khyij6SooQyj1783356042057271658 - x86-tiny/gpu/nvidia (arch: amd64)
2026/07/06 18:40:42 Registration for node: (ROME)UNXLpUWWE3khyij6SooQyj1783356042057271658 - x86-tiny/gpu/nvidia
2026/07/06 18:40:42 Connecting to etcd
2026/07/06 18:40:42 Connected to etcd
2026/07/06 18:40:42 etcd connection state: TRANSIENT_FAILURE
2026/07/06 18:40:42 etcd: transient failure, triggering reconnect
2026/07/06 18:40:43 etcd connection state: READY
2026/07/06 18:40:43 etcd: connected and ready
2026/07/06 18:40:43 Registering to etcd: registry/ROME/x86-tiny/gpu/nvidia/UNXLpUWWE3khyij6SooQyj1783356042057271658
2026/07/06 18:40:43 Configured scheduling policy: default
2026/07/06 18:40:43 Configured offloading policy: disable
2026/07/06 18:40:43 Current resources: [CPUs: 0.000000/32.000000 - Mem: 0(+0 warm)/512]
2026/07/06 18:40:43 Scheduler started.
2026/07/06 18:40:43 No remote area is configured; vertical offloading disabled
2026/07/06 18:40:43 UDP server up and listening on port 9879
⇨ http server started on [::]:1326
2026/07/06 18:40:52 Container 00cdf73ac4576cabfc13b793a6846b5d68211205889cf6e1c0e578f8114a5a74 has name /affectionate_jackson
2026/07/06 18:40:52 [mab_cost_aware_1783356041] Executing on container: 00cdf73ac4576cabfc13b793a6846b5d68211205889cf6e1c0e578f8114a5a74
2026/07/06 18:40:52 Using warm 00cdf73ac4576cabfc13b793a6846b5d68211205889cf6e1c0e578f8114a5a74 for mab_cost_aware_1783356041. Now: [CPUs: 0.000000/32.000000 - Mem: 128(+0 warm)/512]
2026/07/06 18:40:52 [mab_cost_aware_1783356041] Executing on container: 00cdf73ac4576cabfc13b793a6846b5d68211205889cf6e1c0e578f8114a5a74
2026/07/06 18:40:53 Using warm 00cdf73ac4576cabfc13b793a6846b5d68211205889cf6e1c0e578f8114a5a74 for mab_cost_aware_1783356041. Now: [CPUs: 0.000000/32.000000 - Mem: 128(+0 warm)/512]
2026/07/06 18:40:53 [mab_cost_aware_1783356041] Executing on container: 00cdf73ac4576cabfc13b793a6846b5d68211205889cf6e1c0e578f8114a5a74
2026/07/06 18:40:53 Using warm 00cdf73ac4576cabfc13b793a6846b5d68211205889cf6e1c0e578f8114a5a74 for mab_cost_aware_1783356041. Now: [CPUs: 0.000000/32.000000 - Mem: 128(+0 warm)/512]
2026/07/06 18:40:53 [mab_cost_aware_1783356041] Executing on container: 00cdf73ac4576cabfc13b793a6846b5d68211205889cf6e1c0e578f8114a5a74
2026/07/06 18:40:53 Using warm 00cdf73ac4576cabfc13b793a6846b5d68211205889cf6e1c0e578f8114a5a74 for mab_cost_aware_1783356041. Now: [CPUs: 0.000000/32.000000 - Mem: 128(+0 warm)/512]
2026/07/06 18:40:53 [mab_cost_aware_1783356041] Executing on container: 00cdf73ac4576cabfc13b793a6846b5d68211205889cf6e1c0e578f8114a5a74
2026/07/06 18:40:53 Using warm 00cdf73ac4576cabfc13b793a6846b5d68211205889cf6e1c0e578f8114a5a74 for mab_cost_aware_1783356041. Now: [CPUs: 0.000000/32.000000 - Mem: 128(+0 warm)/512]
2026/07/06 18:40:53 [mab_cost_aware_1783356041] Executing on container: 00cdf73ac4576cabfc13b793a6846b5d68211205889cf6e1c0e578f8114a5a74
2026/07/06 18:40:53 Using warm 00cdf73ac4576cabfc13b793a6846b5d68211205889cf6e1c0e578f8114a5a74 for mab_cost_aware_1783356041. Now: [CPUs: 0.000000/32.000000 - Mem: 128(+0 warm)/512]
2026/07/06 18:40:53 [mab_cost_aware_1783356041] Executing on container: 00cdf73ac4576cabfc13b793a6846b5d68211205889cf6e1c0e578f8114a5a74
2026/07/06 18:40:54 Using warm 00cdf73ac4576cabfc13b793a6846b5d68211205889cf6e1c0e578f8114a5a74 for mab_cost_aware_1783356041. Now: [CPUs: 0.000000/32.000000 - Mem: 128(+0 warm)/512]
2026/07/06 18:40:54 [mab_cost_aware_1783356041] Executing on container: 00cdf73ac4576cabfc13b793a6846b5d68211205889cf6e1c0e578f8114a5a74
2026/07/06 18:40:54 Using warm 00cdf73ac4576cabfc13b793a6846b5d68211205889cf6e1c0e578f8114a5a74 for mab_cost_aware_1783356041. Now: [CPUs: 0.000000/32.000000 - Mem: 128(+0 warm)/512]
2026/07/06 18:40:54 [mab_cost_aware_1783356041] Executing on container: 00cdf73ac4576cabfc13b793a6846b5d68211205889cf6e1c0e578f8114a5a74
2026/07/06 18:40:54 Using warm 00cdf73ac4576cabfc13b793a6846b5d68211205889cf6e1c0e578f8114a5a74 for mab_cost_aware_1783356041. Now: [CPUs: 0.000000/32.000000 - Mem: 128(+0 warm)/512]
2026/07/06 18:40:54 [mab_cost_aware_1783356041] Executing on container: 00cdf73ac4576cabfc13b793a6846b5d68211205889cf6e1c0e578f8114a5a74
2026/07/06 18:40:54 Using warm 00cdf73ac4576cabfc13b793a6846b5d68211205889cf6e1c0e578f8114a5a74 for mab_cost_aware_1783356041. Now: [CPUs: 0.000000/32.000000 - Mem: 128(+0 warm)/512]
2026/07/06 18:40:54 [mab_cost_aware_1783356041] Executing on container: 00cdf73ac4576cabfc13b793a6846b5d68211205889cf6e1c0e578f8114a5a74
2026/07/06 18:40:55 Using warm 00cdf73ac4576cabfc13b793a6846b5d68211205889cf6e1c0e578f8114a5a74 for mab_cost_aware_1783356041. Now: [CPUs: 0.000000/32.000000 - Mem: 128(+0 warm)/512]
2026/07/06 18:40:55 [mab_cost_aware_1783356041] Executing on container: 00cdf73ac4576cabfc13b793a6846b5d68211205889cf6e1c0e578f8114a5a74
2026/07/06 18:40:55 Using warm 00cdf73ac4576cabfc13b793a6846b5d68211205889cf6e1c0e578f8114a5a74 for mab_cost_aware_1783356041. Now: [CPUs: 0.000000/32.000000 - Mem: 128(+0 warm)/512]
2026/07/06 18:40:55 [mab_cost_aware_1783356041] Executing on container: 00cdf73ac4576cabfc13b793a6846b5d68211205889cf6e1c0e578f8114a5a74
2026/07/06 18:40:55 Using warm 00cdf73ac4576cabfc13b793a6846b5d68211205889cf6e1c0e578f8114a5a74 for mab_cost_aware_1783356041. Now: [CPUs: 0.000000/32.000000 - Mem: 128(+0 warm)/512]
2026/07/06 18:40:55 [mab_cost_aware_1783356041] Executing on container: 00cdf73ac4576cabfc13b793a6846b5d68211205889cf6e1c0e578f8114a5a74
2026/07/06 18:40:55 Using warm 00cdf73ac4576cabfc13b793a6846b5d68211205889cf6e1c0e578f8114a5a74 for mab_cost_aware_1783356041. Now: [CPUs: 0.000000/32.000000 - Mem: 128(+0 warm)/512]
2026/07/06 18:40:55 [mab_cost_aware_1783356041] Executing on container: 00cdf73ac4576cabfc13b793a6846b5d68211205889cf6e1c0e578f8114a5a74
2026/07/06 18:40:55 Using warm 00cdf73ac4576cabfc13b793a6846b5d68211205889cf6e1c0e578f8114a5a74 for mab_cost_aware_1783356041. Now: [CPUs: 0.000000/32.000000 - Mem: 128(+0 warm)/512]
2026/07/06 18:40:55 [mab_cost_aware_1783356041] Executing on container: 00cdf73ac4576cabfc13b793a6846b5d68211205889cf6e1c0e578f8114a5a74
2026/07/06 18:40:56 Using warm 00cdf73ac4576cabfc13b793a6846b5d68211205889cf6e1c0e578f8114a5a74 for mab_cost_aware_1783356041. Now: [CPUs: 0.000000/32.000000 - Mem: 128(+0 warm)/512]
2026/07/06 18:40:56 [mab_cost_aware_1783356041] Executing on container: 00cdf73ac4576cabfc13b793a6846b5d68211205889cf6e1c0e578f8114a5a74
2026/07/06 18:40:56 Using warm 00cdf73ac4576cabfc13b793a6846b5d68211205889cf6e1c0e578f8114a5a74 for mab_cost_aware_1783356041. Now: [CPUs: 0.000000/32.000000 - Mem: 128(+0 warm)/512]
2026/07/06 18:40:56 [mab_cost_aware_1783356041] Executing on container: 00cdf73ac4576cabfc13b793a6846b5d68211205889cf6e1c0e578f8114a5a74
2026/07/06 18:40:56 Using warm 00cdf73ac4576cabfc13b793a6846b5d68211205889cf6e1c0e578f8114a5a74 for mab_cost_aware_1783356041. Now: [CPUs: 0.000000/32.000000 - Mem: 128(+0 warm)/512]
2026/07/06 18:40:56 [mab_cost_aware_1783356041] Executing on container: 00cdf73ac4576cabfc13b793a6846b5d68211205889cf6e1c0e578f8114a5a74
2026/07/06 18:40:56 Using warm 00cdf73ac4576cabfc13b793a6846b5d68211205889cf6e1c0e578f8114a5a74 for mab_cost_aware_1783356041. Now: [CPUs: 0.000000/32.000000 - Mem: 128(+0 warm)/512]
2026/07/06 18:40:56 [mab_cost_aware_1783356041] Executing on container: 00cdf73ac4576cabfc13b793a6846b5d68211205889cf6e1c0e578f8114a5a74
2026/07/06 18:40:57 Using warm 00cdf73ac4576cabfc13b793a6846b5d68211205889cf6e1c0e578f8114a5a74 for mab_cost_aware_1783356041. Now: [CPUs: 0.000000/32.000000 - Mem: 128(+0 warm)/512]
2026/07/06 18:40:57 [mab_cost_aware_1783356041] Executing on container: 00cdf73ac4576cabfc13b793a6846b5d68211205889cf6e1c0e578f8114a5a74
2026/07/06 18:40:57 Using warm 00cdf73ac4576cabfc13b793a6846b5d68211205889cf6e1c0e578f8114a5a74 for mab_cost_aware_1783356041. Now: [CPUs: 0.000000/32.000000 - Mem: 128(+0 warm)/512]
2026/07/06 18:40:57 [mab_cost_aware_1783356041] Executing on container: 00cdf73ac4576cabfc13b793a6846b5d68211205889cf6e1c0e578f8114a5a74
2026/07/06 18:40:57 Using warm 00cdf73ac4576cabfc13b793a6846b5d68211205889cf6e1c0e578f8114a5a74 for mab_cost_aware_1783356041. Now: [CPUs: 0.000000/32.000000 - Mem: 128(+0 warm)/512]
2026/07/06 18:40:57 [mab_cost_aware_1783356041] Executing on container: 00cdf73ac4576cabfc13b793a6846b5d68211205889cf6e1c0e578f8114a5a74
2026/07/06 18:40:57 Using warm 00cdf73ac4576cabfc13b793a6846b5d68211205889cf6e1c0e578f8114a5a74 for mab_cost_aware_1783356041. Now: [CPUs: 0.000000/32.000000 - Mem: 128(+0 warm)/512]
2026/07/06 18:40:57 [mab_cost_aware_1783356041] Executing on container: 00cdf73ac4576cabfc13b793a6846b5d68211205889cf6e1c0e578f8114a5a74
2026/07/06 18:40:57 Using warm 00cdf73ac4576cabfc13b793a6846b5d68211205889cf6e1c0e578f8114a5a74 for mab_cost_aware_1783356041. Now: [CPUs: 0.000000/32.000000 - Mem: 128(+0 warm)/512]
2026/07/06 18:40:57 [mab_cost_aware_1783356041] Executing on container: 00cdf73ac4576cabfc13b793a6846b5d68211205889cf6e1c0e578f8114a5a74
2026/07/06 18:40:58 Using warm 00cdf73ac4576cabfc13b793a6846b5d68211205889cf6e1c0e578f8114a5a74 for mab_cost_aware_1783356041. Now: [CPUs: 0.000000/32.000000 - Mem: 128(+0 warm)/512]
2026/07/06 18:40:58 [mab_cost_aware_1783356041] Executing on container: 00cdf73ac4576cabfc13b793a6846b5d68211205889cf6e1c0e578f8114a5a74
2026/07/06 18:40:58 Using warm 00cdf73ac4576cabfc13b793a6846b5d68211205889cf6e1c0e578f8114a5a74 for mab_cost_aware_1783356041. Now: [CPUs: 0.000000/32.000000 - Mem: 128(+0 warm)/512]
2026/07/06 18:40:58 [mab_cost_aware_1783356041] Executing on container: 00cdf73ac4576cabfc13b793a6846b5d68211205889cf6e1c0e578f8114a5a74
2026/07/06 18:40:58 Using warm 00cdf73ac4576cabfc13b793a6846b5d68211205889cf6e1c0e578f8114a5a74 for mab_cost_aware_1783356041. Now: [CPUs: 0.000000/32.000000 - Mem: 128(+0 warm)/512]
2026/07/06 18:40:58 [mab_cost_aware_1783356041] Executing on container: 00cdf73ac4576cabfc13b793a6846b5d68211205889cf6e1c0e578f8114a5a74
2026/07/06 18:40:58 Using warm 00cdf73ac4576cabfc13b793a6846b5d68211205889cf6e1c0e578f8114a5a74 for mab_cost_aware_1783356041. Now: [CPUs: 0.000000/32.000000 - Mem: 128(+0 warm)/512]
2026/07/06 18:40:58 [mab_cost_aware_1783356041] Executing on container: 00cdf73ac4576cabfc13b793a6846b5d68211205889cf6e1c0e578f8114a5a74
2026/07/06 18:40:59 Using warm 00cdf73ac4576cabfc13b793a6846b5d68211205889cf6e1c0e578f8114a5a74 for mab_cost_aware_1783356041. Now: [CPUs: 0.000000/32.000000 - Mem: 128(+0 warm)/512]
2026/07/06 18:40:59 [mab_cost_aware_1783356041] Executing on container: 00cdf73ac4576cabfc13b793a6846b5d68211205889cf6e1c0e578f8114a5a74
2026/07/06 18:40:59 Using warm 00cdf73ac4576cabfc13b793a6846b5d68211205889cf6e1c0e578f8114a5a74 for mab_cost_aware_1783356041. Now: [CPUs: 0.000000/32.000000 - Mem: 128(+0 warm)/512]
2026/07/06 18:40:59 [mab_cost_aware_1783356041] Executing on container: 00cdf73ac4576cabfc13b793a6846b5d68211205889cf6e1c0e578f8114a5a74
2026/07/06 18:40:59 Using warm 00cdf73ac4576cabfc13b793a6846b5d68211205889cf6e1c0e578f8114a5a74 for mab_cost_aware_1783356041. Now: [CPUs: 0.000000/32.000000 - Mem: 128(+0 warm)/512]
2026/07/06 18:40:59 [mab_cost_aware_1783356041] Executing on container: 00cdf73ac4576cabfc13b793a6846b5d68211205889cf6e1c0e578f8114a5a74
2026/07/06 18:40:59 Using warm 00cdf73ac4576cabfc13b793a6846b5d68211205889cf6e1c0e578f8114a5a74 for mab_cost_aware_1783356041. Now: [CPUs: 0.000000/32.000000 - Mem: 128(+0 warm)/512]
2026/07/06 18:40:59 [mab_cost_aware_1783356041] Executing on container: 00cdf73ac4576cabfc13b793a6846b5d68211205889cf6e1c0e578f8114a5a74
2026/07/06 18:40:59 Using warm 00cdf73ac4576cabfc13b793a6846b5d68211205889cf6e1c0e578f8114a5a74 for mab_cost_aware_1783356041. Now: [CPUs: 0.000000/32.000000 - Mem: 128(+0 warm)/512]
2026/07/06 18:40:59 [mab_cost_aware_1783356041] Executing on container: 00cdf73ac4576cabfc13b793a6846b5d68211205889cf6e1c0e578f8114a5a74
2026/07/06 18:41:00 Using warm 00cdf73ac4576cabfc13b793a6846b5d68211205889cf6e1c0e578f8114a5a74 for mab_cost_aware_1783356041. Now: [CPUs: 0.000000/32.000000 - Mem: 128(+0 warm)/512]
2026/07/06 18:41:00 [mab_cost_aware_1783356041] Executing on container: 00cdf73ac4576cabfc13b793a6846b5d68211205889cf6e1c0e578f8114a5a74
2026/07/06 18:41:00 Using warm 00cdf73ac4576cabfc13b793a6846b5d68211205889cf6e1c0e578f8114a5a74 for mab_cost_aware_1783356041. Now: [CPUs: 0.000000/32.000000 - Mem: 128(+0 warm)/512]
2026/07/06 18:41:00 [mab_cost_aware_1783356041] Executing on container: 00cdf73ac4576cabfc13b793a6846b5d68211205889cf6e1c0e578f8114a5a74
2026/07/06 18:41:00 Using warm 00cdf73ac4576cabfc13b793a6846b5d68211205889cf6e1c0e578f8114a5a74 for mab_cost_aware_1783356041. Now: [CPUs: 0.000000/32.000000 - Mem: 128(+0 warm)/512]
2026/07/06 18:41:00 [mab_cost_aware_1783356041] Executing on container: 00cdf73ac4576cabfc13b793a6846b5d68211205889cf6e1c0e578f8114a5a74
2026/07/06 18:41:00 Using warm 00cdf73ac4576cabfc13b793a6846b5d68211205889cf6e1c0e578f8114a5a74 for mab_cost_aware_1783356041. Now: [CPUs: 0.000000/32.000000 - Mem: 128(+0 warm)/512]
2026/07/06 18:41:00 [mab_cost_aware_1783356041] Executing on container: 00cdf73ac4576cabfc13b793a6846b5d68211205889cf6e1c0e578f8114a5a74
2026/07/06 18:41:01 Using warm 00cdf73ac4576cabfc13b793a6846b5d68211205889cf6e1c0e578f8114a5a74 for mab_cost_aware_1783356041. Now: [CPUs: 0.000000/32.000000 - Mem: 128(+0 warm)/512]
2026/07/06 18:41:01 [mab_cost_aware_1783356041] Executing on container: 00cdf73ac4576cabfc13b793a6846b5d68211205889cf6e1c0e578f8114a5a74
2026/07/06 18:41:01 Using warm 00cdf73ac4576cabfc13b793a6846b5d68211205889cf6e1c0e578f8114a5a74 for mab_cost_aware_1783356041. Now: [CPUs: 0.000000/32.000000 - Mem: 128(+0 warm)/512]
2026/07/06 18:41:01 [mab_cost_aware_1783356041] Executing on container: 00cdf73ac4576cabfc13b793a6846b5d68211205889cf6e1c0e578f8114a5a74
